         /\      Grafana   /‾‾/  
    /\  /  \     |\  __   /  /   
   /  \/    \    | |/ /  /   ‾‾\ 
  /          \   |   (  |  (‾)  |
 / __________ \  |_|\_\  \_____/ 
     execution: local
        script: traffic.js
        output: -
     scenarios: (100.00%) 1 scenario, 2000 max VUs, 10m10s max duration (incl. graceful stop):
              * traffic: Up to 1497.00 iterations/s for 10m0s over 40 stages (maxVUs: 250-2000, gracefulStop: 10s)
Run       [ 100% ] setup()
Run       [ 100% ] setup()
Run       [ 100% ] setup()
Run       [ 100% ] setup()
Run       [ 100% ] setup()
Run       [ 100% ] setup()
Run       [ 100% ] setup()
Run       [ 100% ] setup()
Run       [ 100% ] setup()
Run       [ 100% ] setup()
Run       [ 100% ] setup()
Run       [ 100% ] setup()
Run       [ 100% ] setup()
Run       [ 100% ] setup()
Run       [ 100% ] setup()
Run       [ 100% ] setup()
Run       [ 100% ] setup()
Run       [ 100% ] setup()
Run       [ 100% ] setup()
Run       [ 100% ] setup()
Run       [ 100% ] setup()
Run       [ 100% ] setup()
time="2026-09-20T02:26:37Z" level=info msg="setup: 세션 300/300 준비" source=console
running (00m22.9s), 0008/0250 VUs, 0 complete and 0 interrupted iterations
running (00m23.9s), 0448/0448 VUs, 190 complete and 0 interrupted iterations
running (00m24.9s), 0728/0728 VUs, 397 complete and 0 interrupted iterations
running (00m25.9s), 1032/1032 VUs, 577 complete and 0 interrupted iterations
running (00m26.9s), 1372/1372 VUs, 697 complete and 0 interrupted iterations
running (00m27.9s), 1624/1625 VUs, 905 complete and 0 interrupted iterations
running (00m28.9s), 1910/1910 VUs, 1102 complete and 0 interrupted iterations
time="2026-09-20T02:26:43Z" level=warning msg="Insufficient VUs, reached 2000 active VUs and cannot initialize more" executor=ramping-arrival-rate scenario=traffic
running (00m29.9s), 2000/2000 VUs, 1277 complete and 0 interrupted iterations
running (00m30.9s), 2000/2000 VUs, 1458 complete and 0 interrupted iterations
running (00m31.9s), 2000/2000 VUs, 1677 complete and 0 interrupted iterations
running (00m32.9s), 2000/2000 VUs, 1871 complete and 0 interrupted iterations
running (00m33.9s), 2000/2000 VUs, 2090 complete and 0 interrupted iterations
running (00m34.9s), 2000/2000 VUs, 2279 complete and 0 interrupted iterations
running (00m35.9s), 2000/2000 VUs, 2495 complete and 0 interrupted iterations
running (00m36.9s), 2000/2000 VUs, 2711 complete and 0 interrupted iterations
running (00m37.9s), 1997/2000 VUs, 2951 complete and 0 interrupted iterations
running (00m38.9s), 2000/2000 VUs, 3156 complete and 0 interrupted iterations
running (00m39.9s), 1998/2000 VUs, 3381 complete and 0 interrupted iterations
running (00m40.9s), 2000/2000 VUs, 3623 complete and 0 interrupted iterations
running (00m41.9s), 2000/2000 VUs, 3835 complete and 0 interrupted iterations
running (00m42.9s), 2000/2000 VUs, 4032 complete and 0 interrupted iterations
running (00m43.9s), 2000/2000 VUs, 4262 complete and 0 interrupted iterations
running (00m44.9s), 2000/2000 VUs, 4412 complete and 0 interrupted iterations
running (00m45.9s), 2000/2000 VUs, 4616 complete and 0 interrupted iterations
running (00m46.9s), 2000/2000 VUs, 4775 complete and 0 interrupted iterations
running (00m47.9s), 2000/2000 VUs, 5023 complete and 0 interrupted iterations
running (00m48.9s), 2000/2000 VUs, 5210 complete and 0 interrupted iterations
running (00m49.9s), 2000/2000 VUs, 5440 complete and 0 interrupted iterations
running (00m50.9s), 2000/2000 VUs, 5646 complete and 0 interrupted iterations
running (00m51.9s), 2000/2000 VUs, 5847 complete and 0 interrupted iterations
running (00m52.9s), 2000/2000 VUs, 6033 complete and 0 interrupted iterations
running (00m53.9s), 2000/2000 VUs, 6276 complete and 0 interrupted iterations
running (00m54.9s), 2000/2000 VUs, 6525 complete and 0 interrupted iterations
running (00m55.9s), 2000/2000 VUs, 6754 complete and 0 interrupted iterations
running (00m56.9s), 2000/2000 VUs, 6968 complete and 0 interrupted iterations
running (00m57.9s), 2000/2000 VUs, 7210 complete and 0 interrupted iterations
running (00m58.9s), 2000/2000 VUs, 7434 complete and 0 interrupted iterations
running (00m59.9s), 2000/2000 VUs, 7664 complete and 0 interrupted iterations
running (01m00.9s), 2000/2000 VUs, 7870 complete and 0 interrupted iterations
running (01m01.9s), 2000/2000 VUs, 8086 complete and 0 interrupted iterations
running (01m02.9s), 2000/2000 VUs, 8269 complete and 0 interrupted iterations
running (01m03.9s), 2000/2000 VUs, 8491 complete and 0 interrupted iterations
running (01m04.9s), 2000/2000 VUs, 8723 complete and 0 interrupted iterations
running (01m05.9s), 2000/2000 VUs, 8962 complete and 0 interrupted iterations
running (01m06.9s), 2000/2000 VUs, 9184 complete and 0 interrupted iterations
running (01m07.9s), 2000/2000 VUs, 9411 complete and 0 interrupted iterations
running (01m08.9s), 2000/2000 VUs, 9647 complete and 0 interrupted iterations
running (01m09.9s), 2000/2000 VUs, 9868 complete and 0 interrupted iterations
running (01m10.9s), 2000/2000 VUs, 10093 complete and 0 interrupted iterations
running (01m11.9s), 2000/2000 VUs, 10333 complete and 0 interrupted iterations
running (01m12.9s), 2000/2000 VUs, 10558 complete and 0 interrupted iterations
running (01m13.9s), 2000/2000 VUs, 10787 complete and 0 interrupted iterations
running (01m14.9s), 2000/2000 VUs, 11017 complete and 0 interrupted iterations
running (01m15.9s), 2000/2000 VUs, 11242 complete and 0 interrupted iterations
running (01m16.9s), 2000/2000 VUs, 11487 complete and 0 interrupted iterations
running (01m17.9s), 2000/2000 VUs, 11693 complete and 0 interrupted iterations
running (01m18.9s), 2000/2000 VUs, 11885 complete and 0 interrupted iterations
running (01m19.9s), 2000/2000 VUs, 12133 complete and 0 interrupted iterations
running (01m20.9s), 2000/2000 VUs, 12393 complete and 0 interrupted iterations
running (01m21.9s), 2000/2000 VUs, 12665 complete and 0 interrupted iterations
running (01m22.9s), 2000/2000 VUs, 12919 complete and 0 interrupted iterations
running (01m23.9s), 2000/2000 VUs, 13179 complete and 0 interrupted iterations
running (01m24.9s), 2000/2000 VUs, 13428 complete and 0 interrupted iterations
running (01m25.9s), 2000/2000 VUs, 13684 complete and 0 interrupted iterations
running (01m26.9s), 2000/2000 VUs, 13957 complete and 0 interrupted iterations
running (01m27.9s), 2000/2000 VUs, 14218 complete and 0 interrupted iterations
running (01m28.9s), 2000/2000 VUs, 14468 complete and 0 interrupted iterations
running (01m29.9s), 2000/2000 VUs, 14750 complete and 0 interrupted iterations
running (01m30.9s), 2000/2000 VUs, 15023 complete and 0 interrupted iterations
running (01m31.9s), 2000/2000 VUs, 15259 complete and 0 interrupted iterations
running (01m32.9s), 2000/2000 VUs, 15509 complete and 0 interrupted iterations
running (01m33.9s), 2000/2000 VUs, 15765 complete and 0 interrupted iterations
running (01m34.9s), 2000/2000 VUs, 16032 complete and 0 interrupted iterations
running (01m35.9s), 2000/2000 VUs, 16273 complete and 0 interrupted iterations
running (01m36.9s), 2000/2000 VUs, 16542 complete and 0 interrupted iterations
running (01m37.9s), 2000/2000 VUs, 16789 complete and 0 interrupted iterations
running (01m38.9s), 2000/2000 VUs, 17053 complete and 0 interrupted iterations
running (01m39.9s), 2000/2000 VUs, 17294 complete and 0 interrupted iterations
running (01m40.9s), 2000/2000 VUs, 17548 complete and 0 interrupted iterations
running (01m41.9s), 2000/2000 VUs, 17771 complete and 0 interrupted iterations
running (01m42.9s), 2000/2000 VUs, 18009 complete and 0 interrupted iterations
running (01m43.9s), 2000/2000 VUs, 18285 complete and 0 interrupted iterations
running (01m44.9s), 2000/2000 VUs, 18516 complete and 0 interrupted iterations
running (01m45.9s), 2000/2000 VUs, 18748 complete and 0 interrupted iterations
running (01m46.9s), 2000/2000 VUs, 19026 complete and 0 interrupted iterations
running (01m47.9s), 2000/2000 VUs, 19271 complete and 0 interrupted iterations
running (01m48.9s), 2000/2000 VUs, 19527 complete and 0 interrupted iterations
running (01m49.9s), 2000/2000 VUs, 19740 complete and 0 interrupted iterations
running (01m50.9s), 2000/2000 VUs, 19923 complete and 0 interrupted iterations
running (01m51.9s), 2000/2000 VUs, 20101 complete and 0 interrupted iterations
running (01m52.9s), 2000/2000 VUs, 20336 complete and 0 interrupted iterations
running (01m53.9s), 2000/2000 VUs, 20599 complete and 0 interrupted iterations
running (01m54.9s), 2000/2000 VUs, 20869 complete and 0 interrupted iterations
running (01m55.9s), 2000/2000 VUs, 21118 complete and 0 interrupted iterations
running (01m56.9s), 2000/2000 VUs, 21292 complete and 0 interrupted iterations
running (01m57.9s), 2000/2000 VUs, 21557 complete and 0 interrupted iterations
running (01m58.9s), 2000/2000 VUs, 21835 complete and 0 interrupted iterations
running (01m59.9s), 2000/2000 VUs, 22102 complete and 0 interrupted iterations
running (02m00.9s), 2000/2000 VUs, 22369 complete and 0 interrupted iterations
running (02m01.9s), 2000/2000 VUs, 22630 complete and 0 interrupted iterations
running (02m02.9s), 2000/2000 VUs, 22895 complete and 0 interrupted iterations
running (02m03.9s), 1997/2000 VUs, 23147 complete and 0 interrupted iterations
running (02m04.9s), 2000/2000 VUs, 23405 complete and 0 interrupted iterations
running (02m05.9s), 1998/2000 VUs, 23613 complete and 0 interrupted iterations
running (02m06.9s), 2000/2000 VUs, 23743 complete and 0 interrupted iterations
running (02m07.9s), 1999/2000 VUs, 23929 complete and 0 interrupted iterations
running (02m08.9s), 2000/2000 VUs, 24119 complete and 0 interrupted iterations
running (02m09.9s), 2000/2000 VUs, 24300 complete and 0 interrupted iterations
running (02m10.9s), 2000/2000 VUs, 24567 complete and 0 interrupted iterations
running (02m11.9s), 2000/2000 VUs, 24803 complete and 0 interrupted iterations
running (02m12.9s), 2000/2000 VUs, 25046 complete and 0 interrupted iterations
running (02m13.9s), 2000/2000 VUs, 25282 complete and 0 interrupted iterations
running (02m14.9s), 2000/2000 VUs, 25509 complete and 0 interrupted iterations
running (02m15.9s), 1997/2000 VUs, 25777 complete and 0 interrupted iterations
running (02m16.9s), 2000/2000 VUs, 26035 complete and 0 interrupted iterations
running (02m17.9s), 2000/2000 VUs, 26288 complete and 0 interrupted iterations
running (02m18.9s), 2000/2000 VUs, 26524 complete and 0 interrupted iterations
running (02m19.9s), 2000/2000 VUs, 26771 complete and 0 interrupted iterations
running (02m20.9s), 2000/2000 VUs, 27023 complete and 0 interrupted iterations
running (02m21.9s), 2000/2000 VUs, 27232 complete and 0 interrupted iterations
running (02m22.9s), 2000/2000 VUs, 27413 complete and 0 interrupted iterations
running (02m23.9s), 2000/2000 VUs, 27617 complete and 0 interrupted iterations
running (02m24.9s), 2000/2000 VUs, 27813 complete and 0 interrupted iterations
running (02m25.9s), 2000/2000 VUs, 28075 complete and 0 interrupted iterations
running (02m26.9s), 2000/2000 VUs, 28349 complete and 0 interrupted iterations
running (02m27.9s), 2000/2000 VUs, 28610 complete and 0 interrupted iterations
running (02m28.9s), 2000/2000 VUs, 28876 complete and 0 interrupted iterations
running (02m29.9s), 2000/2000 VUs, 29160 complete and 0 interrupted iterations
running (02m30.9s), 2000/2000 VUs, 29422 complete and 0 interrupted iterations
running (02m31.9s), 2000/2000 VUs, 29697 complete and 0 interrupted iterations
running (02m32.9s), 2000/2000 VUs, 29927 complete and 0 interrupted iterations
running (02m33.9s), 2000/2000 VUs, 30219 complete and 0 interrupted iterations
running (02m34.9s), 2000/2000 VUs, 30454 complete and 0 interrupted iterations
running (02m35.9s), 2000/2000 VUs, 30685 complete and 0 interrupted iterations
running (02m36.9s), 2000/2000 VUs, 30948 complete and 0 interrupted iterations
running (02m37.9s), 2000/2000 VUs, 31137 complete and 0 interrupted iterations
running (02m38.9s), 2000/2000 VUs, 31411 complete and 0 interrupted iterations
running (02m39.9s), 2000/2000 VUs, 31635 complete and 0 interrupted iterations
running (02m40.9s), 2000/2000 VUs, 31859 complete and 0 interrupted iterations
running (02m41.9s), 2000/2000 VUs, 32084 complete and 0 interrupted iterations
running (02m42.9s), 2000/2000 VUs, 32301 complete and 0 interrupted iterations
running (02m43.9s), 2000/2000 VUs, 32542 complete and 0 interrupted iterations
running (02m44.9s), 2000/2000 VUs, 32778 complete and 0 interrupted iterations
running (02m45.9s), 2000/2000 VUs, 33013 complete and 0 interrupted iterations
running (02m46.9s), 2000/2000 VUs, 33268 complete and 0 interrupted iterations
running (02m47.9s), 2000/2000 VUs, 33486 complete and 0 interrupted iterations
running (02m48.9s), 2000/2000 VUs, 33763 complete and 0 interrupted iterations
running (02m49.9s), 2000/2000 VUs, 34039 complete and 0 interrupted iterations
running (02m50.9s), 2000/2000 VUs, 34281 complete and 0 interrupted iterations
running (02m51.9s), 2000/2000 VUs, 34532 complete and 0 interrupted iterations
running (02m52.9s), 2000/2000 VUs, 34696 complete and 0 interrupted iterations
running (02m53.9s), 2000/2000 VUs, 34936 complete and 0 interrupted iterations
running (02m54.9s), 2000/2000 VUs, 35232 complete and 0 interrupted iterations
running (02m55.9s), 2000/2000 VUs, 35458 complete and 0 interrupted iterations
running (02m56.9s), 2000/2000 VUs, 35684 complete and 0 interrupted iterations
running (02m57.9s), 2000/2000 VUs, 35867 complete and 0 interrupted iterations
running (02m58.9s), 2000/2000 VUs, 36173 complete and 0 interrupted iterations
running (02m59.9s), 2000/2000 VUs, 36431 complete and 0 interrupted iterations
running (03m00.9s), 2000/2000 VUs, 36623 complete and 0 interrupted iterations
running (03m01.9s), 2000/2000 VUs, 36823 complete and 0 interrupted iterations
running (03m02.9s), 2000/2000 VUs, 37096 complete and 0 interrupted iterations
running (03m03.9s), 2000/2000 VUs, 37375 complete and 0 interrupted iterations
running (03m04.9s), 2000/2000 VUs, 37656 complete and 0 interrupted iterations
running (03m05.9s), 2000/2000 VUs, 37918 complete and 0 interrupted iterations
running (03m06.9s), 2000/2000 VUs, 38191 complete and 0 interrupted iterations
running (03m07.9s), 2000/2000 VUs, 38441 complete and 0 interrupted iterations
running (03m08.9s), 2000/2000 VUs, 38658 complete and 0 interrupted iterations
running (03m09.9s), 2000/2000 VUs, 38850 complete and 0 interrupted iterations
running (03m10.9s), 2000/2000 VUs, 39105 complete and 0 interrupted iterations
running (03m11.9s), 2000/2000 VUs, 39355 complete and 0 interrupted iterations
running (03m12.9s), 2000/2000 VUs, 39594 complete and 0 interrupted iterations
running (03m13.9s), 2000/2000 VUs, 39874 complete and 0 interrupted iterations
running (03m14.9s), 2000/2000 VUs, 40153 complete and 0 interrupted iterations
running (03m15.9s), 2000/2000 VUs, 40437 complete and 0 interrupted iterations
running (03m16.9s), 2000/2000 VUs, 40731 complete and 0 interrupted iterations
running (03m17.9s), 2000/2000 VUs, 40989 complete and 0 interrupted iterations
running (03m18.9s), 2000/2000 VUs, 41253 complete and 0 interrupted iterations
running (03m19.9s), 2000/2000 VUs, 41523 complete and 0 interrupted iterations
running (03m20.9s), 2000/2000 VUs, 41760 complete and 0 interrupted iterations
running (03m21.9s), 2000/2000 VUs, 41979 complete and 0 interrupted iterations
running (03m22.9s), 2000/2000 VUs, 42194 complete and 0 interrupted iterations
running (03m23.9s), 2000/2000 VUs, 42458 complete and 0 interrupted iterations
running (03m24.9s), 2000/2000 VUs, 42632 complete and 0 interrupted iterations
running (03m25.9s), 2000/2000 VUs, 42869 complete and 0 interrupted iterations
running (03m26.9s), 2000/2000 VUs, 43118 complete and 0 interrupted iterations
running (03m27.9s), 2000/2000 VUs, 43366 complete and 0 interrupted iterations
running (03m28.9s), 2000/2000 VUs, 43604 complete and 0 interrupted iterations
running (03m29.9s), 2000/2000 VUs, 43876 complete and 0 interrupted iterations
running (03m30.9s), 2000/2000 VUs, 44116 complete and 0 interrupted iterations
running (03m31.9s), 2000/2000 VUs, 44388 complete and 0 interrupted iterations
running (03m32.9s), 2000/2000 VUs, 44656 complete and 0 interrupted iterations
running (03m33.9s), 2000/2000 VUs, 44896 complete and 0 interrupted iterations
running (03m34.9s), 2000/2000 VUs, 45173 complete and 0 interrupted iterations
running (03m35.9s), 2000/2000 VUs, 45419 complete and 0 interrupted iterations
running (03m36.9s), 2000/2000 VUs, 45704 complete and 0 interrupted iterations
running (03m37.9s), 2000/2000 VUs, 45962 complete and 0 interrupted iterations
running (03m38.9s), 2000/2000 VUs, 46210 complete and 0 interrupted iterations
running (03m39.9s), 2000/2000 VUs, 46487 complete and 0 interrupted iterations
running (03m40.9s), 2000/2000 VUs, 46729 complete and 0 interrupted iterations
running (03m41.9s), 2000/2000 VUs, 46967 complete and 0 interrupted iterations
running (03m42.9s), 2000/2000 VUs, 47216 complete and 0 interrupted iterations
running (03m43.9s), 2000/2000 VUs, 47474 complete and 0 interrupted iterations
running (03m44.9s), 2000/2000 VUs, 47736 complete and 0 interrupted iterations
running (03m45.9s), 2000/2000 VUs, 47945 complete and 0 interrupted iterations
running (03m46.9s), 2000/2000 VUs, 48220 complete and 0 interrupted iterations
running (03m47.9s), 2000/2000 VUs, 48449 complete and 0 interrupted iterations
running (03m48.9s), 2000/2000 VUs, 48711 complete and 0 interrupted iterations
running (03m49.9s), 2000/2000 VUs, 48966 complete and 0 interrupted iterations
running (03m50.9s), 1997/2000 VUs, 49233 complete and 0 interrupted iterations
running (03m51.9s), 2000/2000 VUs, 49481 complete and 0 interrupted iterations
running (03m52.9s), 2000/2000 VUs, 49748 complete and 0 interrupted iterations
running (03m53.9s), 1993/2000 VUs, 49965 complete and 0 interrupted iterations
running (03m54.9s), 2000/2000 VUs, 50186 complete and 0 interrupted iterations
running (03m55.9s), 1995/2000 VUs, 50447 complete and 0 interrupted iterations
running (03m56.9s), 2000/2000 VUs, 50658 complete and 0 interrupted iterations
running (03m57.9s), 1995/2000 VUs, 50903 complete and 0 interrupted iterations
running (03m58.9s), 2000/2000 VUs, 51172 complete and 0 interrupted iterations
running (03m59.9s), 2000/2000 VUs, 51439 complete and 0 interrupted iterations
running (04m00.9s), 1997/2000 VUs, 51691 complete and 0 interrupted iterations
running (04m01.9s), 2000/2000 VUs, 51977 complete and 0 interrupted iterations
running (04m02.9s), 2000/2000 VUs, 52176 complete and 0 interrupted iterations
running (04m03.9s), 2000/2000 VUs, 52365 complete and 0 interrupted iterations
running (04m04.9s), 2000/2000 VUs, 52587 complete and 0 interrupted iterations
running (04m05.9s), 2000/2000 VUs, 52780 complete and 0 interrupted iterations
running (04m06.9s), 1994/2000 VUs, 53041 complete and 0 interrupted iterations
running (04m07.9s), 2000/2000 VUs, 53296 complete and 0 interrupted iterations
running (04m08.9s), 2000/2000 VUs, 53502 complete and 0 interrupted iterations
running (04m09.9s), 2000/2000 VUs, 53743 complete and 0 interrupted iterations
running (04m10.9s), 2000/2000 VUs, 53995 complete and 0 interrupted iterations
running (04m11.9s), 2000/2000 VUs, 54219 complete and 0 interrupted iterations
running (04m12.9s), 2000/2000 VUs, 54469 complete and 0 interrupted iterations
running (04m13.9s), 2000/2000 VUs, 54748 complete and 0 interrupted iterations
running (04m14.9s), 2000/2000 VUs, 54980 complete and 0 interrupted iterations
running (04m15.9s), 1997/2000 VUs, 55244 complete and 0 interrupted iterations
running (04m16.9s), 2000/2000 VUs, 55516 complete and 0 interrupted iterations
running (04m17.9s), 2000/2000 VUs, 55758 complete and 0 interrupted iterations
running (04m18.9s), 2000/2000 VUs, 56017 complete and 0 interrupted iterations
running (04m19.9s), 2000/2000 VUs, 56255 complete and 0 interrupted iterations
running (04m20.9s), 2000/2000 VUs, 56514 complete and 0 interrupted iterations
running (04m21.9s), 1998/2000 VUs, 56772 complete and 0 interrupted iterations
running (04m22.9s), 2000/2000 VUs, 57026 complete and 0 interrupted iterations
running (04m23.9s), 2000/2000 VUs, 57317 complete and 0 interrupted iterations
running (04m24.9s), 2000/2000 VUs, 57513 complete and 0 interrupted iterations
running (04m25.9s), 2000/2000 VUs, 57765 complete and 0 interrupted iterations
running (04m26.9s), 2000/2000 VUs, 57999 complete and 0 interrupted iterations
running (04m27.9s), 2000/2000 VUs, 58206 complete and 0 interrupted iterations
running (04m28.9s), 2000/2000 VUs, 58425 complete and 0 interrupted iterations
running (04m29.9s), 2000/2000 VUs, 58654 complete and 0 interrupted iterations
running (04m30.9s), 2000/2000 VUs, 58951 complete and 0 interrupted iterations
running (04m31.9s), 2000/2000 VUs, 59147 complete and 0 interrupted iterations
running (04m32.9s), 2000/2000 VUs, 59334 complete and 0 interrupted iterations
running (04m33.9s), 2000/2000 VUs, 59593 complete and 0 interrupted iterations
running (04m34.9s), 2000/2000 VUs, 59849 complete and 0 interrupted iterations
running (04m35.9s), 2000/2000 VUs, 60069 complete and 0 interrupted iterations
running (04m36.9s), 2000/2000 VUs, 60331 complete and 0 interrupted iterations
running (04m37.9s), 2000/2000 VUs, 60531 complete and 0 interrupted iterations
running (04m38.9s), 2000/2000 VUs, 60798 complete and 0 interrupted iterations
running (04m39.9s), 2000/2000 VUs, 61033 complete and 0 interrupted iterations
running (04m40.9s), 2000/2000 VUs, 61296 complete and 0 interrupted iterations
running (04m41.9s), 2000/2000 VUs, 61554 complete and 0 interrupted iterations
running (04m42.9s), 2000/2000 VUs, 61855 complete and 0 interrupted iterations
running (04m43.9s), 2000/2000 VUs, 62087 complete and 0 interrupted iterations
running (04m44.9s), 2000/2000 VUs, 62275 complete and 0 interrupted iterations
running (04m45.9s), 2000/2000 VUs, 62522 complete and 0 interrupted iterations
running (04m46.9s), 2000/2000 VUs, 62801 complete and 0 interrupted iterations
running (04m47.9s), 2000/2000 VUs, 63088 complete and 0 interrupted iterations
running (04m48.9s), 1999/2000 VUs, 63284 complete and 0 interrupted iterations
running (04m49.9s), 2000/2000 VUs, 63514 complete and 0 interrupted iterations
running (04m50.9s), 2000/2000 VUs, 63782 complete and 0 interrupted iterations
running (04m51.9s), 2000/2000 VUs, 63971 complete and 0 interrupted iterations
running (04m52.9s), 2000/2000 VUs, 64199 complete and 0 interrupted iterations
running (04m53.9s), 1999/2000 VUs, 64488 complete and 0 interrupted iterations
running (04m54.9s), 1991/2000 VUs, 64743 complete and 0 interrupted iterations
running (04m55.9s), 2000/2000 VUs, 65023 complete and 0 interrupted iterations
running (04m56.9s), 2000/2000 VUs, 65292 complete and 0 interrupted iterations
running (04m57.9s), 1996/2000 VUs, 65556 complete and 0 interrupted iterations
running (04m58.9s), 2000/2000 VUs, 65825 complete and 0 interrupted iterations
running (04m59.9s), 2000/2000 VUs, 66109 complete and 0 interrupted iterations
running (05m00.9s), 2000/2000 VUs, 66394 complete and 0 interrupted iterations
running (05m01.9s), 2000/2000 VUs, 66607 complete and 0 interrupted iterations
running (05m02.9s), 2000/2000 VUs, 66840 complete and 0 interrupted iterations
running (05m03.9s), 2000/2000 VUs, 67080 complete and 0 interrupted iterations
running (05m04.9s), 2000/2000 VUs, 67328 complete and 0 interrupted iterations
running (05m05.9s), 2000/2000 VUs, 67524 complete and 0 interrupted iterations
running (05m06.9s), 2000/2000 VUs, 67751 complete and 0 interrupted iterations
running (05m07.9s), 2000/2000 VUs, 67990 complete and 0 interrupted iterations
running (05m08.9s), 2000/2000 VUs, 68274 complete and 0 interrupted iterations
running (05m09.9s), 2000/2000 VUs, 68473 complete and 0 interrupted iterations
running (05m10.9s), 2000/2000 VUs, 68717 complete and 0 interrupted iterations
running (05m11.9s), 2000/2000 VUs, 68974 complete and 0 interrupted iterations
running (05m12.9s), 2000/2000 VUs, 69270 complete and 0 interrupted iterations
running (05m13.9s), 2000/2000 VUs, 69557 complete and 0 interrupted iterations
running (05m14.9s), 2000/2000 VUs, 69779 complete and 0 interrupted iterations
running (05m15.9s), 2000/2000 VUs, 70023 complete and 0 interrupted iterations
running (05m16.9s), 2000/2000 VUs, 70267 complete and 0 interrupted iterations
running (05m17.9s), 2000/2000 VUs, 70473 complete and 0 interrupted iterations
running (05m18.9s), 2000/2000 VUs, 70707 complete and 0 interrupted iterations
running (05m19.9s), 2000/2000 VUs, 70882 complete and 0 interrupted iterations
running (05m20.9s), 2000/2000 VUs, 71190 complete and 0 interrupted iterations
running (05m21.9s), 2000/2000 VUs, 71469 complete and 0 interrupted iterations
running (05m22.9s), 2000/2000 VUs, 71723 complete and 0 interrupted iterations
running (05m23.9s), 2000/2000 VUs, 71941 complete and 0 interrupted iterations
running (05m24.9s), 2000/2000 VUs, 72168 complete and 0 interrupted iterations
running (05m25.9s), 2000/2000 VUs, 72451 complete and 0 interrupted iterations
running (05m26.9s), 2000/2000 VUs, 72693 complete and 0 interrupted iterations
running (05m27.9s), 2000/2000 VUs, 72988 complete and 0 interrupted iterations
running (05m28.9s), 2000/2000 VUs, 73200 complete and 0 interrupted iterations
running (05m29.9s), 2000/2000 VUs, 73444 complete and 0 interrupted iterations
running (05m30.9s), 2000/2000 VUs, 73728 complete and 0 interrupted iterations
running (05m31.9s), 2000/2000 VUs, 74002 complete and 0 interrupted iterations
running (05m32.9s), 2000/2000 VUs, 74271 complete and 0 interrupted iterations
running (05m33.9s), 1988/2000 VUs, 74506 complete and 0 interrupted iterations
running (05m34.9s), 2000/2000 VUs, 74762 complete and 0 interrupted iterations
running (05m35.9s), 1996/2000 VUs, 74993 complete and 0 interrupted iterations
running (05m36.9s), 1996/2000 VUs, 75214 complete and 0 interrupted iterations
running (05m37.9s), 2000/2000 VUs, 75463 complete and 0 interrupted iterations
running (05m38.9s), 1997/2000 VUs, 75701 complete and 0 interrupted iterations
running (05m39.9s), 2000/2000 VUs, 75935 complete and 0 interrupted iterations
running (05m40.9s), 2000/2000 VUs, 76210 complete and 0 interrupted iterations
running (05m41.9s), 2000/2000 VUs, 76463 complete and 0 interrupted iterations
running (05m42.9s), 1999/2000 VUs, 76720 complete and 0 interrupted iterations
running (05m43.9s), 2000/2000 VUs, 76976 complete and 0 interrupted iterations
running (05m44.9s), 2000/2000 VUs, 77256 complete and 0 interrupted iterations
running (05m45.9s), 1997/2000 VUs, 77554 complete and 0 interrupted iterations
running (05m46.9s), 2000/2000 VUs, 77816 complete and 0 interrupted iterations
running (05m47.9s), 2000/2000 VUs, 78067 complete and 0 interrupted iterations
running (05m48.9s), 2000/2000 VUs, 78345 complete and 0 interrupted iterations
running (05m49.9s), 2000/2000 VUs, 78554 complete and 0 interrupted iterations
running (05m50.9s), 2000/2000 VUs, 78786 complete and 0 interrupted iterations
running (05m51.9s), 2000/2000 VUs, 79033 complete and 0 interrupted iterations
running (05m52.9s), 2000/2000 VUs, 79295 complete and 0 interrupted iterations
running (05m53.9s), 2000/2000 VUs, 79559 complete and 0 interrupted iterations
running (05m54.9s), 2000/2000 VUs, 79827 complete and 0 interrupted iterations
running (05m55.9s), 2000/2000 VUs, 80054 complete and 0 interrupted iterations
running (05m56.9s), 2000/2000 VUs, 80316 complete and 0 interrupted iterations
running (05m57.9s), 2000/2000 VUs, 80607 complete and 0 interrupted iterations
running (05m58.9s), 2000/2000 VUs, 80885 complete and 0 interrupted iterations
running (05m59.9s), 2000/2000 VUs, 81176 complete and 0 interrupted iterations
running (06m00.9s), 2000/2000 VUs, 81461 complete and 0 interrupted iterations
running (06m01.9s), 2000/2000 VUs, 81742 complete and 0 interrupted iterations
running (06m02.9s), 2000/2000 VUs, 82004 complete and 0 interrupted iterations
running (06m03.9s), 2000/2000 VUs, 82247 complete and 0 interrupted iterations
running (06m04.9s), 2000/2000 VUs, 82508 complete and 0 interrupted iterations
running (06m05.9s), 2000/2000 VUs, 82733 complete and 0 interrupted iterations
running (06m06.9s), 2000/2000 VUs, 82982 complete and 0 interrupted iterations
running (06m07.9s), 2000/2000 VUs, 83224 complete and 0 interrupted iterations
running (06m08.9s), 2000/2000 VUs, 83511 complete and 0 interrupted iterations
running (06m09.9s), 2000/2000 VUs, 83754 complete and 0 interrupted iterations
running (06m10.9s), 2000/2000 VUs, 83996 complete and 0 interrupted iterations
running (06m11.9s), 2000/2000 VUs, 84190 complete and 0 interrupted iterations
running (06m12.9s), 2000/2000 VUs, 84503 complete and 0 interrupted iterations
running (06m13.9s), 2000/2000 VUs, 84674 complete and 0 interrupted iterations
running (06m14.9s), 2000/2000 VUs, 84932 complete and 0 interrupted iterations
running (06m15.9s), 2000/2000 VUs, 85152 complete and 0 interrupted iterations
running (06m16.9s), 2000/2000 VUs, 85444 complete and 0 interrupted iterations
running (06m17.9s), 2000/2000 VUs, 85669 complete and 0 interrupted iterations
running (06m18.9s), 2000/2000 VUs, 85930 complete and 0 interrupted iterations
running (06m19.9s), 2000/2000 VUs, 86201 complete and 0 interrupted iterations
running (06m20.9s), 2000/2000 VUs, 86496 complete and 0 interrupted iterations
running (06m21.9s), 2000/2000 VUs, 86717 complete and 0 interrupted iterations
running (06m22.9s), 1998/2000 VUs, 86970 complete and 0 interrupted iterations
running (06m23.9s), 2000/2000 VUs, 87264 complete and 0 interrupted iterations
running (06m24.9s), 2000/2000 VUs, 87500 complete and 0 interrupted iterations
running (06m25.9s), 2000/2000 VUs, 87803 complete and 0 interrupted iterations
running (06m26.9s), 2000/2000 VUs, 88058 complete and 0 interrupted iterations
running (06m27.9s), 2000/2000 VUs, 88347 complete and 0 interrupted iterations
running (06m28.9s), 1994/2000 VUs, 88594 complete and 0 interrupted iterations
running (06m29.9s), 2000/2000 VUs, 88855 complete and 0 interrupted iterations
running (06m30.9s), 2000/2000 VUs, 89142 complete and 0 interrupted iterations
running (06m31.9s), 2000/2000 VUs, 89433 complete and 0 interrupted iterations
running (06m32.9s), 2000/2000 VUs, 89727 complete and 0 interrupted iterations
running (06m33.9s), 2000/2000 VUs, 90002 complete and 0 interrupted iterations
running (06m34.9s), 2000/2000 VUs, 90191 complete and 0 interrupted iterations
running (06m35.9s), 2000/2000 VUs, 90434 complete and 0 interrupted iterations
running (06m36.9s), 2000/2000 VUs, 90709 complete and 0 interrupted iterations
running (06m37.9s), 2000/2000 VUs, 90961 complete and 0 interrupted iterations
running (06m38.9s), 2000/2000 VUs, 91226 complete and 0 interrupted iterations
running (06m39.9s), 2000/2000 VUs, 91476 complete and 0 interrupted iterations
running (06m40.9s), 2000/2000 VUs, 91750 complete and 0 interrupted iterations
running (06m41.9s), 2000/2000 VUs, 92017 complete and 0 interrupted iterations
running (06m42.9s), 2000/2000 VUs, 92327 complete and 0 interrupted iterations
running (06m43.9s), 2000/2000 VUs, 92593 complete and 0 interrupted iterations
running (06m44.9s), 2000/2000 VUs, 92886 complete and 0 interrupted iterations
running (06m45.9s), 2000/2000 VUs, 93151 complete and 0 interrupted iterations
running (06m46.9s), 2000/2000 VUs, 93376 complete and 0 interrupted iterations
running (06m47.9s), 1985/2000 VUs, 93606 complete and 0 interrupted iterations
running (06m48.9s), 1998/2000 VUs, 93907 complete and 0 interrupted iterations
running (06m49.9s), 2000/2000 VUs, 94178 complete and 0 interrupted iterations
running (06m50.9s), 1993/2000 VUs, 94443 complete and 0 interrupted iterations
running (06m51.9s), 1999/2000 VUs, 94726 complete and 0 interrupted iterations
running (06m52.9s), 1999/2000 VUs, 95008 complete and 0 interrupted iterations
running (06m53.9s), 2000/2000 VUs, 95284 complete and 0 interrupted iterations
running (06m54.9s), 1997/2000 VUs, 95593 complete and 0 interrupted iterations
running (06m55.9s), 1997/2000 VUs, 95865 complete and 0 interrupted iterations
running (06m56.9s), 1994/2000 VUs, 96101 complete and 0 interrupted iterations
running (06m57.9s), 2000/2000 VUs, 96317 complete and 0 interrupted iterations
running (06m58.9s), 2000/2000 VUs, 96618 complete and 0 interrupted iterations
running (06m59.9s), 2000/2000 VUs, 96897 complete and 0 interrupted iterations
running (07m00.9s), 2000/2000 VUs, 97129 complete and 0 interrupted iterations
running (07m01.9s), 2000/2000 VUs, 97431 complete and 0 interrupted iterations
running (07m02.9s), 2000/2000 VUs, 97688 complete and 0 interrupted iterations
running (07m03.9s), 2000/2000 VUs, 97950 complete and 0 interrupted iterations
running (07m04.9s), 2000/2000 VUs, 98215 complete and 0 interrupted iterations
running (07m05.9s), 2000/2000 VUs, 98504 complete and 0 interrupted iterations
running (07m06.9s), 2000/2000 VUs, 98718 complete and 0 interrupted iterations
running (07m07.9s), 2000/2000 VUs, 99045 complete and 0 interrupted iterations
running (07m08.9s), 2000/2000 VUs, 99319 complete and 0 interrupted iterations
running (07m09.9s), 2000/2000 VUs, 99566 complete and 0 interrupted iterations
running (07m10.9s), 2000/2000 VUs, 99806 complete and 0 interrupted iterations
running (07m11.9s), 2000/2000 VUs, 100053 complete and 0 interrupted iterations
running (07m12.9s), 2000/2000 VUs, 100330 complete and 0 interrupted iterations
running (07m13.9s), 2000/2000 VUs, 100612 complete and 0 interrupted iterations
running (07m14.9s), 2000/2000 VUs, 100915 complete and 0 interrupted iterations
running (07m15.9s), 2000/2000 VUs, 101170 complete and 0 interrupted iterations
running (07m16.9s), 2000/2000 VUs, 101426 complete and 0 interrupted iterations
running (07m17.9s), 2000/2000 VUs, 101684 complete and 0 interrupted iterations
running (07m18.9s), 2000/2000 VUs, 101943 complete and 0 interrupted iterations
running (07m19.9s), 1999/2000 VUs, 102179 complete and 0 interrupted iterations
running (07m20.9s), 2000/2000 VUs, 102472 complete and 0 interrupted iterations
running (07m21.9s), 2000/2000 VUs, 102743 complete and 0 interrupted iterations
running (07m22.9s), 1994/2000 VUs, 102992 complete and 0 interrupted iterations
running (07m23.9s), 2000/2000 VUs, 103174 complete and 0 interrupted iterations
running (07m24.9s), 2000/2000 VUs, 103417 complete and 0 interrupted iterations
running (07m25.9s), 2000/2000 VUs, 103675 complete and 0 interrupted iterations
running (07m26.9s), 2000/2000 VUs, 103954 complete and 0 interrupted iterations
running (07m27.9s), 2000/2000 VUs, 104197 complete and 0 interrupted iterations
running (07m28.9s), 2000/2000 VUs, 104489 complete and 0 interrupted iterations
running (07m29.9s), 2000/2000 VUs, 104749 complete and 0 interrupted iterations
running (07m30.9s), 2000/2000 VUs, 105018 complete and 0 interrupted iterations
running (07m31.9s), 2000/2000 VUs, 105309 complete and 0 interrupted iterations
running (07m32.9s), 2000/2000 VUs, 105585 complete and 0 interrupted iterations
running (07m33.9s), 2000/2000 VUs, 105867 complete and 0 interrupted iterations
running (07m34.9s), 2000/2000 VUs, 106140 complete and 0 interrupted iterations
running (07m35.9s), 2000/2000 VUs, 106428 complete and 0 interrupted iterations
running (07m36.9s), 2000/2000 VUs, 106706 complete and 0 interrupted iterations
running (07m37.9s), 2000/2000 VUs, 106984 complete and 0 interrupted iterations
running (07m38.9s), 2000/2000 VUs, 107256 complete and 0 interrupted iterations
running (07m39.9s), 2000/2000 VUs, 107532 complete and 0 interrupted iterations
running (07m40.9s), 2000/2000 VUs, 107789 complete and 0 interrupted iterations
running (07m41.9s), 2000/2000 VUs, 108026 complete and 0 interrupted iterations
running (07m42.9s), 2000/2000 VUs, 108318 complete and 0 interrupted iterations
running (07m43.9s), 2000/2000 VUs, 108622 complete and 0 interrupted iterations
running (07m44.9s), 2000/2000 VUs, 108929 complete and 0 interrupted iterations
running (07m45.9s), 2000/2000 VUs, 109229 complete and 0 interrupted iterations
running (07m46.9s), 2000/2000 VUs, 109506 complete and 0 interrupted iterations
running (07m47.9s), 2000/2000 VUs, 109778 complete and 0 interrupted iterations
running (07m48.9s), 2000/2000 VUs, 110069 complete and 0 interrupted iterations
running (07m49.9s), 2000/2000 VUs, 110345 complete and 0 interrupted iterations
running (07m50.9s), 2000/2000 VUs, 110597 complete and 0 interrupted iterations
running (07m51.9s), 1991/2000 VUs, 110886 complete and 0 interrupted iterations
running (07m52.9s), 2000/2000 VUs, 111147 complete and 0 interrupted iterations
running (07m53.9s), 2000/2000 VUs, 111424 complete and 0 interrupted iterations
running (07m54.9s), 2000/2000 VUs, 111687 complete and 0 interrupted iterations
running (07m55.9s), 2000/2000 VUs, 111976 complete and 0 interrupted iterations
running (07m56.9s), 2000/2000 VUs, 112278 complete and 0 interrupted iterations
running (07m57.9s), 2000/2000 VUs, 112538 complete and 0 interrupted iterations
running (07m58.9s), 2000/2000 VUs, 112830 complete and 0 interrupted iterations
running (07m59.9s), 2000/2000 VUs, 113151 complete and 0 interrupted iterations
running (08m00.9s), 2000/2000 VUs, 113386 complete and 0 interrupted iterations
running (08m01.9s), 2000/2000 VUs, 113661 complete and 0 interrupted iterations
running (08m02.9s), 2000/2000 VUs, 113872 complete and 0 interrupted iterations
running (08m03.9s), 2000/2000 VUs, 114185 complete and 0 interrupted iterations
running (08m04.9s), 2000/2000 VUs, 114453 complete and 0 interrupted iterations
running (08m05.9s), 2000/2000 VUs, 114710 complete and 0 interrupted iterations
running (08m06.9s), 2000/2000 VUs, 115004 complete and 0 interrupted iterations
running (08m07.9s), 2000/2000 VUs, 115265 complete and 0 interrupted iterations
running (08m08.9s), 2000/2000 VUs, 115558 complete and 0 interrupted iterations
running (08m09.9s), 2000/2000 VUs, 115835 complete and 0 interrupted iterations
running (08m10.9s), 2000/2000 VUs, 116077 complete and 0 interrupted iterations
running (08m11.9s), 2000/2000 VUs, 116340 complete and 0 interrupted iterations
running (08m12.9s), 2000/2000 VUs, 116606 complete and 0 interrupted iterations
running (08m13.9s), 2000/2000 VUs, 116804 complete and 0 interrupted iterations
running (08m14.9s), 2000/2000 VUs, 117086 complete and 0 interrupted iterations
running (08m15.9s), 2000/2000 VUs, 117324 complete and 0 interrupted iterations
running (08m16.9s), 2000/2000 VUs, 117542 complete and 0 interrupted iterations
running (08m17.9s), 2000/2000 VUs, 117801 complete and 0 interrupted iterations
running (08m18.9s), 2000/2000 VUs, 118091 complete and 0 interrupted iterations
running (08m19.9s), 2000/2000 VUs, 118366 complete and 0 interrupted iterations
running (08m20.9s), 2000/2000 VUs, 118596 complete and 0 interrupted iterations
running (08m21.9s), 2000/2000 VUs, 118863 complete and 0 interrupted iterations
running (08m22.9s), 1998/2000 VUs, 119140 complete and 0 interrupted iterations
running (08m23.9s), 2000/2000 VUs, 119390 complete and 0 interrupted iterations
running (08m24.9s), 2000/2000 VUs, 119657 complete and 0 interrupted iterations
running (08m25.9s), 2000/2000 VUs, 119963 complete and 0 interrupted iterations
running (08m26.9s), 2000/2000 VUs, 120244 complete and 0 interrupted iterations
running (08m27.9s), 2000/2000 VUs, 120517 complete and 0 interrupted iterations
running (08m28.9s), 2000/2000 VUs, 120797 complete and 0 interrupted iterations
running (08m29.9s), 2000/2000 VUs, 121069 complete and 0 interrupted iterations
running (08m30.9s), 2000/2000 VUs, 121282 complete and 0 interrupted iterations
running (08m31.9s), 2000/2000 VUs, 121533 complete and 0 interrupted iterations
running (08m32.9s), 2000/2000 VUs, 121796 complete and 0 interrupted iterations
running (08m33.9s), 2000/2000 VUs, 121998 complete and 0 interrupted iterations
running (08m34.9s), 2000/2000 VUs, 122273 complete and 0 interrupted iterations
running (08m35.9s), 2000/2000 VUs, 122524 complete and 0 interrupted iterations
running (08m36.9s), 2000/2000 VUs, 122807 complete and 0 interrupted iterations
running (08m37.9s), 2000/2000 VUs, 123082 complete and 0 interrupted iterations
running (08m38.9s), 2000/2000 VUs, 123296 complete and 0 interrupted iterations
running (08m39.9s), 2000/2000 VUs, 123547 complete and 0 interrupted iterations
running (08m40.9s), 1997/2000 VUs, 123802 complete and 0 interrupted iterations
running (08m41.9s), 2000/2000 VUs, 124014 complete and 0 interrupted iterations
running (08m42.9s), 2000/2000 VUs, 124264 complete and 0 interrupted iterations
running (08m43.9s), 2000/2000 VUs, 124524 complete and 0 interrupted iterations
running (08m44.9s), 2000/2000 VUs, 124736 complete and 0 interrupted iterations
running (08m45.9s), 2000/2000 VUs, 124988 complete and 0 interrupted iterations
running (08m46.9s), 2000/2000 VUs, 125252 complete and 0 interrupted iterations
running (08m47.9s), 2000/2000 VUs, 125495 complete and 0 interrupted iterations
running (08m48.9s), 2000/2000 VUs, 125667 complete and 0 interrupted iterations
running (08m49.9s), 2000/2000 VUs, 125981 complete and 0 interrupted iterations
running (08m50.9s), 2000/2000 VUs, 126279 complete and 0 interrupted iterations
running (08m51.9s), 2000/2000 VUs, 126530 complete and 0 interrupted iterations
running (08m52.9s), 2000/2000 VUs, 126801 complete and 0 interrupted iterations
running (08m53.9s), 2000/2000 VUs, 127056 complete and 0 interrupted iterations
running (08m54.9s), 2000/2000 VUs, 127316 complete and 0 interrupted iterations
running (08m55.9s), 2000/2000 VUs, 127605 complete and 0 interrupted iterations
running (08m56.9s), 2000/2000 VUs, 127865 complete and 0 interrupted iterations
running (08m57.9s), 2000/2000 VUs, 128117 complete and 0 interrupted iterations
running (08m58.9s), 2000/2000 VUs, 128335 complete and 0 interrupted iterations
running (08m59.9s), 2000/2000 VUs, 128555 complete and 0 interrupted iterations
running (09m00.9s), 2000/2000 VUs, 128845 complete and 0 interrupted iterations
running (09m01.9s), 2000/2000 VUs, 129083 complete and 0 interrupted iterations
running (09m02.9s), 2000/2000 VUs, 129335 complete and 0 interrupted iterations
running (09m03.9s), 2000/2000 VUs, 129593 complete and 0 interrupted iterations
running (09m04.9s), 2000/2000 VUs, 129880 complete and 0 interrupted iterations
running (09m05.9s), 1999/2000 VUs, 130167 complete and 0 interrupted iterations
running (09m06.9s), 2000/2000 VUs, 130470 complete and 0 interrupted iterations
running (09m07.9s), 2000/2000 VUs, 130727 complete and 0 interrupted iterations
running (09m08.9s), 2000/2000 VUs, 130981 complete and 0 interrupted iterations
running (09m09.9s), 2000/2000 VUs, 131276 complete and 0 interrupted iterations
running (09m10.9s), 2000/2000 VUs, 131522 complete and 0 interrupted iterations
running (09m11.9s), 2000/2000 VUs, 131804 complete and 0 interrupted iterations
running (09m12.9s), 2000/2000 VUs, 132062 complete and 0 interrupted iterations
running (09m13.9s), 2000/2000 VUs, 132336 complete and 0 interrupted iterations
running (09m14.9s), 2000/2000 VUs, 132596 complete and 0 interrupted iterations
running (09m15.9s), 2000/2000 VUs, 132848 complete and 0 interrupted iterations
running (09m16.9s), 2000/2000 VUs, 133080 complete and 0 interrupted iterations
running (09m17.9s), 2000/2000 VUs, 133323 complete and 0 interrupted iterations
running (09m18.9s), 2000/2000 VUs, 133611 complete and 0 interrupted iterations
running (09m19.9s), 2000/2000 VUs, 133900 complete and 0 interrupted iterations
running (09m20.9s), 2000/2000 VUs, 134169 complete and 0 interrupted iterations
running (09m21.9s), 2000/2000 VUs, 134421 complete and 0 interrupted iterations
running (09m22.9s), 2000/2000 VUs, 134710 complete and 0 interrupted iterations
running (09m23.9s), 2000/2000 VUs, 134920 complete and 0 interrupted iterations
running (09m24.9s), 2000/2000 VUs, 135159 complete and 0 interrupted iterations
running (09m25.9s), 2000/2000 VUs, 135427 complete and 0 interrupted iterations
running (09m26.9s), 2000/2000 VUs, 135702 complete and 0 interrupted iterations
running (09m27.9s), 2000/2000 VUs, 135984 complete and 0 interrupted iterations
running (09m28.9s), 2000/2000 VUs, 136262 complete and 0 interrupted iterations
running (09m29.9s), 2000/2000 VUs, 136554 complete and 0 interrupted iterations
running (09m30.9s), 2000/2000 VUs, 136815 complete and 0 interrupted iterations
running (09m31.9s), 2000/2000 VUs, 137090 complete and 0 interrupted iterations
running (09m32.9s), 2000/2000 VUs, 137322 complete and 0 interrupted iterations
running (09m33.9s), 2000/2000 VUs, 137578 complete and 0 interrupted iterations
running (09m34.9s), 2000/2000 VUs, 137829 complete and 0 interrupted iterations
running (09m35.9s), 2000/2000 VUs, 138088 complete and 0 interrupted iterations
running (09m36.9s), 2000/2000 VUs, 138343 complete and 0 interrupted iterations
running (09m37.9s), 2000/2000 VUs, 138582 complete and 0 interrupted iterations
running (09m38.9s), 2000/2000 VUs, 138842 complete and 0 interrupted iterations
running (09m39.9s), 2000/2000 VUs, 139111 complete and 0 interrupted iterations
running (09m40.9s), 2000/2000 VUs, 139403 complete and 0 interrupted iterations
running (09m41.9s), 2000/2000 VUs, 139684 complete and 0 interrupted iterations
running (09m42.9s), 2000/2000 VUs, 139982 complete and 0 interrupted iterations
running (09m43.9s), 2000/2000 VUs, 140278 complete and 0 interrupted iterations
running (09m44.9s), 2000/2000 VUs, 140576 complete and 0 interrupted iterations
running (09m45.9s), 2000/2000 VUs, 140847 complete and 0 interrupted iterations
running (09m46.9s), 2000/2000 VUs, 141054 complete and 0 interrupted iterations
running (09m47.9s), 2000/2000 VUs, 141314 complete and 0 interrupted iterations
running (09m48.9s), 2000/2000 VUs, 141582 complete and 0 interrupted iterations
running (09m49.9s), 2000/2000 VUs, 141827 complete and 0 interrupted iterations
running (09m50.9s), 2000/2000 VUs, 142123 complete and 0 interrupted iterations
running (09m51.9s), 2000/2000 VUs, 142378 complete and 0 interrupted iterations
running (09m52.9s), 2000/2000 VUs, 142677 complete and 0 interrupted iterations
running (09m53.9s), 2000/2000 VUs, 142975 complete and 0 interrupted iterations
running (09m54.9s), 2000/2000 VUs, 143301 complete and 0 interrupted iterations
running (09m55.9s), 2000/2000 VUs, 143558 complete and 0 interrupted iterations
running (09m56.9s), 2000/2000 VUs, 143844 complete and 0 interrupted iterations
running (09m57.9s), 2000/2000 VUs, 144135 complete and 0 interrupted iterations
running (09m58.9s), 2000/2000 VUs, 144434 complete and 0 interrupted iterations
running (09m59.9s), 2000/2000 VUs, 144742 complete and 0 interrupted iterations
running (10m00.9s), 2000/2000 VUs, 145015 complete and 0 interrupted iterations
running (10m01.9s), 2000/2000 VUs, 145301 complete and 0 interrupted iterations
running (10m02.9s), 2000/2000 VUs, 145572 complete and 0 interrupted iterations
running (10m03.9s), 2000/2000 VUs, 145834 complete and 0 interrupted iterations
running (10m04.9s), 2000/2000 VUs, 146119 complete and 0 interrupted iterations
running (10m05.9s), 2000/2000 VUs, 146411 complete and 0 interrupted iterations
running (10m06.9s), 2000/2000 VUs, 146700 complete and 0 interrupted iterations
running (10m07.9s), 2000/2000 VUs, 146992 complete and 0 interrupted iterations
running (10m08.9s), 2000/2000 VUs, 147252 complete and 0 interrupted iterations
running (10m09.9s), 2000/2000 VUs, 147547 complete and 0 interrupted iterations
running (10m10.9s), 2000/2000 VUs, 147834 complete and 0 interrupted iterations
running (10m11.9s), 2000/2000 VUs, 148072 complete and 0 interrupted iterations
running (10m12.9s), 2000/2000 VUs, 148347 complete and 0 interrupted iterations
running (10m13.9s), 2000/2000 VUs, 148614 complete and 0 interrupted iterations
running (10m14.9s), 2000/2000 VUs, 148788 complete and 0 interrupted iterations
running (10m15.9s), 2000/2000 VUs, 149085 complete and 0 interrupted iterations
running (10m16.9s), 2000/2000 VUs, 149372 complete and 0 interrupted iterations
running (10m17.9s), 2000/2000 VUs, 149639 complete and 0 interrupted iterations
running (10m18.9s), 2000/2000 VUs, 149880 complete and 0 interrupted iterations
running (10m19.9s), 1994/2000 VUs, 150111 complete and 0 interrupted iterations
running (10m20.9s), 1993/2000 VUs, 150391 complete and 0 interrupted iterations
running (10m21.9s), 2000/2000 VUs, 150627 complete and 0 interrupted iterations
running (10m22.9s), 1992/2000 VUs, 150888 complete and 0 interrupted iterations
traffic ↓ [ 100% ] 1992/2000 VUs  10m0s  0620.09 iters/s
running (10m23.9s), 1758/2000 VUs, 151122 complete and 0 interrupted iterations
traffic ↓ [ 100% ] 1992/2000 VUs  10m0s  0620.09 iters/s
running (10m24.9s), 1484/2000 VUs, 151396 complete and 0 interrupted iterations
traffic ↓ [ 100% ] 1992/2000 VUs  10m0s  0620.09 iters/s
running (10m25.9s), 1258/2000 VUs, 151622 complete and 0 interrupted iterations
traffic ↓ [ 100% ] 1992/2000 VUs  10m0s  0620.09 iters/s
running (10m26.9s), 1000/2000 VUs, 151880 complete and 0 interrupted iterations
traffic ↓ [ 100% ] 1992/2000 VUs  10m0s  0620.09 iters/s
running (10m27.9s), 0716/2000 VUs, 152164 complete and 0 interrupted iterations
traffic ↓ [ 100% ] 1992/2000 VUs  10m0s  0620.09 iters/s
running (10m28.9s), 0482/2000 VUs, 152398 complete and 0 interrupted iterations
traffic ↓ [ 100% ] 1992/2000 VUs  10m0s  0620.09 iters/s
running (10m29.9s), 0232/2000 VUs, 152648 complete and 0 interrupted iterations
traffic ↓ [ 100% ] 1992/2000 VUs  10m0s  0620.09 iters/s
running (10m30.9s), 0092/2000 VUs, 152788 complete and 0 interrupted iterations
traffic ↓ [ 100% ] 1992/2000 VUs  10m0s  0620.09 iters/s
== traffic random rate=1000/s(±50%) seed=1789871805625 600s → reqs=156182 rps=247.5 fail=0.38% p95=9302.6ms dropped=492988 maxVUs=2000
   4xx=3868 5xx=0 login_fail=0 refresh_fail=596 relogin_401=0 attendance_dup=2832
name                    n      rps     p50     p95     p99     max   fail%
worklogs               23070    36.6  7730.9  9338.8 10189.2   13664       0
attendance_list        21792    34.5  7699.6  9305.7   10181   12469       0
chat_rooms             20557    32.6  7720.7  9366.8 10206.7   12668       0
chat_messages          15744    24.9  7707.1  9315.3 10133.7   13203       0
worklog_search         12316    19.5  7708.9  9328.2 10244.2   13878       0
safety_courses          9194    14.6    7692  9336.8 10180.4   13317       0
worklog_comments        7233    11.5  7692.2  9300.3 10234.2   13210       0
absence_list            6251     9.9  7707.4  9312.2   10110   12391       0
calendar                6249     9.9  7673.9  9267.1 10103.3   12661       0
worklogs_others         6026     9.5  7735.4    9323 10150.2   12115       0
worklogs_page2          5632     8.9  7698.2  9301.8 10196.8   13576       0
health                  4765     7.6  7062.9  7934.1  8445.1    9029       0
safety_uncompleted      4639     7.4  7708.1  9326.3 10114.9   13956       0
safety_search           4597     7.3    7699  9321.3   10170   11871       0
clockin                 3014     4.8    7751    9360 10167.7   12486       0
clockout                1533     2.4  7747.9  9407.5 10156.9   11874       0
refresh                 1491     2.4  7575.2  9120.7 10017.7   12004   39.97
login                   1373     2.2  7699.4  8715.5  9272.7   10230       0
chat_room_create         406     0.6  7695.6  9309.9 10002.3   10886       0
setup_login              300     0.5   290.1   380.8   394.8     400       0
running (10m31.1s), 0000/2000 VUs, 152880 complete and 0 interrupted iterations
traffic ✓ [ 100% ] 0000/2000 VUs  10m0s  0620.09 iters/s
time="2026-09-20T02:36:45Z" level=error msg="thresholds on metrics 'http_req_duration{name:absence_list}, http_req_duration{name:attendance_list}, http_req_duration{name:calendar}, http_req_duration{name:chat_messages}, http_req_duration{name:chat_room_create}, http_req_duration{name:chat_rooms}, http_req_duration{name:clockin}, http_req_duration{name:clockout}, http_req_duration{name:health}, http_req_duration{name:login}, http_req_duration{name:refresh}, http_req_duration{name:safety_courses}, http_req_duration{name:safety_search}, http_req_duration{name:safety_uncompleted}, http_req_duration{name:worklog_comments}, http_req_duration{name:worklog_search}, http_req_duration{name:worklogs_others}, http_req_duration{name:worklogs_page2}, http_req_duration{name:worklogs}, http_req_failed{name:refresh}' have been crossed"
