13:45:17  E8 샘플러 시작 — 20초 간격, 출력 measure/e8cause-20260917T134514/e8-20260917T134517/e8-samples.csv
13:45:17  색인을 멈춘 뒤 Ctrl-C(또는 kill)로 종료하면 요약을 찍는다.
13:45:58  청크 360 / 구간 원본 +300 → 원본당 66.7ms (TEI 2.00)
13:46:19  청크 718 / 구간 원본 +300 → 원본당 66.7ms (TEI 2.00)
13:46:39  청크 1197 / 구간 원본 +400 → 원본당 52.5ms (TEI 2.00)
13:46:59  청크 1572 / 구간 원본 +300 → 원본당 66.7ms (TEI 2.00)
13:47:20  청크 1922 / 구간 원본 +300 → 원본당 66.7ms (TEI 2.00)
13:47:40  청크 2283 / 구간 원본 +300 → 원본당 70.0ms (TEI 2.00)
13:48:21  청크 2525 / 구간 원본 +200 → 원본당 105.0ms (TEI 2.00)
13:48:41  청크 2895 / 구간 원본 +300 → 원본당 66.7ms (TEI 2.00)
13:49:02  청크 3158 / 구간 원본 +200 → 원본당 100.0ms (TEI 2.00)
13:49:42  청크 3505 / 구간 원본 +300 → 원본당 66.7ms (TEI 2.00)
13:50:03  청크 3652 / 구간 원본 +121 → 원본당 165.3ms (TEI 2.00)

13:50:23  샘플러 종료 — measure/e8cause-20260917T134514/e8-20260917T134517/e8-samples.csv

## E8 구간별 처리량 — 20260917T134517

| 코퍼스(청크) | 구간 원본 | 원본당 ms | TEI | 앱 |
|---|---|---|---|---|
| 360 | 300 | 66.7 | 2.00 | yes |
| 718 | 300 | 66.7 | 2.00 | yes |
| 1197 | 400 | 52.5 | 2.00 | yes |
| 1572 | 300 | 66.7 | 2.00 | yes |
| 1922 | 300 | 66.7 | 2.00 | yes |
| 2283 | 300 | 70.0 | 2.00 | yes |
| 2525 | 200 | 105.0 | 2.00 | yes |
| 2895 | 300 | 66.7 | 2.00 | yes |
| 3158 | 200 | 100.0 | 2.00 | no |
| 3505 | 300 | 66.7 | 2.00 | yes |
| 3652 | 121 | 165.3 | 2.00 | yes |

구간이 비어 있는(원본 0) 표본은 건너뛰기 구간이거나 앱이 내려가 있던 때다. CSV에는 남아 있다.
