The files belonging to this database system will be owned by user "postgres".
This user must also own the server process.

The database cluster will be initialized with locale "en_US.utf8".
The default database encoding has accordingly been set to "UTF8".
The default text search configuration will be set to "english".

Data page checksums are disabled.

fixing permissions on existing directory /var/lib/postgresql/data ... ok
creating subdirectories ... ok
selecting dynamic shared memory implementation ... posix
selecting default "max_connections" ... 100
selecting default "shared_buffers" ... 128MB
selecting default time zone ... Etc/UTC
creating configuration files ... ok
running bootstrap script ... ok
performing post-bootstrap initialization ... ok
syncing data to disk ... ok

initdb: warning: enabling "trust" authentication for local connections
initdb: hint: You can change this by editing pg_hba.conf or using the option -A, or --auth-local and --auth-host, the next time you run initdb.

Success. You can now start the database server using:

    pg_ctl -D /var/lib/postgresql/data -l logfile start

waiting for server to start....2026-09-15 07:40:25.438 UTC [48] LOG:  starting PostgreSQL 17.11 (Debian 17.11-1.pgdg12+2) on x86_64-pc-linux-gnu, compiled by gcc (Debian 12.2.0-14+deb12u1) 12.2.0, 64-bit
2026-09-15 07:40:25.466 UTC [48] LOG:  listening on Unix socket "/var/run/postgresql/.s.PGSQL.5432"
2026-09-15 07:40:25.573 UTC [51] LOG:  database system was shut down at 2026-09-15 07:40:13 UTC
2026-09-15 07:40:25.735 UTC [48] LOG:  database system is ready to accept connections
 done
server started
CREATE DATABASE


/usr/local/bin/docker-entrypoint.sh: ignoring /docker-entrypoint-initdb.d/*

waiting for server to shut down....2026-09-15 07:40:27.515 UTC [48] LOG:  received fast shutdown request
2026-09-15 07:40:27.697 UTC [48] LOG:  aborting any active transactions
2026-09-15 07:40:27.713 UTC [48] LOG:  background worker "logical replication launcher" (PID 54) exited with exit code 1
2026-09-15 07:40:27.719 UTC [49] LOG:  shutting down
2026-09-15 07:40:27.798 UTC [49] LOG:  checkpoint starting: shutdown immediate
....2026-09-15 07:40:31.935 UTC [49] LOG:  checkpoint complete: wrote 921 buffers (5.6%); 0 WAL file(s) added, 0 removed, 0 recycled; write=0.445 s, sync=3.406 s, total=4.216 s; sync files=301, longest=0.097 s, average=0.012 s; distance=4238 kB, estimate=4238 kB; lsn=0/190A9F8, redo lsn=0/190A9F8
2026-09-15 07:40:31.957 UTC [48] LOG:  database system is shut down
 done
server stopped

PostgreSQL init process complete; ready for start up.

2026-09-15 07:40:32.194 UTC [1] LOG:  starting PostgreSQL 17.11 (Debian 17.11-1.pgdg12+2) on x86_64-pc-linux-gnu, compiled by gcc (Debian 12.2.0-14+deb12u1) 12.2.0, 64-bit
2026-09-15 07:40:32.200 UTC [1] LOG:  listening on IPv4 address "0.0.0.0", port 5432
2026-09-15 07:40:32.200 UTC [1] LOG:  listening on IPv6 address "::", port 5432
2026-09-15 07:40:32.257 UTC [1] LOG:  listening on Unix socket "/var/run/postgresql/.s.PGSQL.5432"
2026-09-15 07:40:32.381 UTC [64] LOG:  database system was shut down at 2026-09-15 07:40:31 UTC
2026-09-15 07:40:32.458 UTC [1] LOG:  database system is ready to accept connections
2026-09-15 07:41:00.656 UTC [1] LOG:  received SIGHUP, reloading configuration files
2026-09-15 07:41:08.596 UTC [62] LOG:  checkpoint starting: immediate force wait
2026-09-15 07:41:15.969 UTC [62] LOG:  checkpoint complete: wrote 14396 buffers (87.9%); 0 WAL file(s) added, 0 removed, 13 recycled; write=0.916 s, sync=3.993 s, total=7.373 s; sync files=67, longest=2.030 s, average=0.060 s; distance=203733 kB, estimate=203733 kB; lsn=0/E000080, redo lsn=0/E000028
2026-09-15 07:46:08.481 UTC [62] LOG:  checkpoint starting: time
