The files belonging to this database system will be owned by user "postgres".
This user must also own the server process.

The database cluster will be initialized with locale "en_US.utf8".
The default database encoding has accordingly been set to "UTF8".
The default text search configuration will be set to "english".

Data page checksums are disabled.

fixing permissions on existing directory /var/lib/postgresql/data ... ok
creating subdirectories ... ok
selecting dynamic shared memory implementation ... posix
selecting default "max_connections" ... 100
selecting default "shared_buffers" ... 128MB
selecting default time zone ... Etc/UTC
creating configuration files ... ok
running bootstrap script ... ok
performing post-bootstrap initialization ... ok
syncing data to disk ... ok

initdb: warning: enabling "trust" authentication for local connections
initdb: hint: You can change this by editing pg_hba.conf or using the option -A, or --auth-local and --auth-host, the next time you run initdb.

Success. You can now start the database server using:

    pg_ctl -D /var/lib/postgresql/data -l logfile start

waiting for server to start....2026-09-15 06:04:51.874 UTC [49] LOG:  starting PostgreSQL 17.11 (Debian 17.11-1.pgdg12+2) on x86_64-pc-linux-gnu, compiled by gcc (Debian 12.2.0-14+deb12u1) 12.2.0, 64-bit
2026-09-15 06:04:51.960 UTC [49] LOG:  listening on Unix socket "/var/run/postgresql/.s.PGSQL.5432"
2026-09-15 06:04:52.084 UTC [52] LOG:  database system was shut down at 2026-09-15 06:04:45 UTC
2026-09-15 06:04:52.113 UTC [49] LOG:  database system is ready to accept connections
 done
server started
CREATE DATABASE


/usr/local/bin/docker-entrypoint.sh: ignoring /docker-entrypoint-initdb.d/*

2026-09-15 06:04:52.667 UTC [49] LOG:  received fast shutdown request
waiting for server to shut down....2026-09-15 06:04:52.698 UTC [49] LOG:  aborting any active transactions
2026-09-15 06:04:52.712 UTC [49] LOG:  background worker "logical replication launcher" (PID 55) exited with exit code 1
2026-09-15 06:04:52.730 UTC [50] LOG:  shutting down
2026-09-15 06:04:52.757 UTC [50] LOG:  checkpoint starting: shutdown immediate
.2026-09-15 06:04:54.097 UTC [50] LOG:  checkpoint complete: wrote 921 buffers (5.6%); 0 WAL file(s) added, 0 removed, 0 recycled; write=0.101 s, sync=1.112 s, total=1.368 s; sync files=301, longest=0.088 s, average=0.004 s; distance=4238 kB, estimate=4238 kB; lsn=0/190A9C0, redo lsn=0/190A9C0
2026-09-15 06:04:54.109 UTC [49] LOG:  database system is shut down
 done
server stopped

PostgreSQL init process complete; ready for start up.

2026-09-15 06:04:54.259 UTC [1] LOG:  starting PostgreSQL 17.11 (Debian 17.11-1.pgdg12+2) on x86_64-pc-linux-gnu, compiled by gcc (Debian 12.2.0-14+deb12u1) 12.2.0, 64-bit
2026-09-15 06:04:54.259 UTC [1] LOG:  listening on IPv4 address "0.0.0.0", port 5432
2026-09-15 06:04:54.259 UTC [1] LOG:  listening on IPv6 address "::", port 5432
2026-09-15 06:04:54.296 UTC [1] LOG:  listening on Unix socket "/var/run/postgresql/.s.PGSQL.5432"
2026-09-15 06:04:54.339 UTC [65] LOG:  database system was shut down at 2026-09-15 06:04:54 UTC
2026-09-15 06:04:54.377 UTC [1] LOG:  database system is ready to accept connections
2026-09-15 06:05:24.398 UTC [84] LOG:  skipping vacuum of "work_logs" --- lock not available
2026-09-15 06:05:44.448 UTC [99] LOG:  automatic analyze of table "template1.pg_catalog.pg_type"
	avg read rate: 16.493 MB/s, avg write rate: 2.604 MB/s
	buffer usage: 1021 hits, 57 misses, 9 dirtied
	system usage: CPU: user: 0.01 s, system: 0.01 s, elapsed: 0.02 s
2026-09-15 06:05:44.511 UTC [99] LOG:  automatic analyze of table "template1.pg_catalog.pg_attribute"
	avg read rate: 7.512 MB/s, avg write rate: 1.803 MB/s
	buffer usage: 483 hits, 25 misses, 6 dirtied
	system usage: CPU: user: 0.02 s, system: 0.00 s, elapsed: 0.02 s
2026-09-15 06:05:44.542 UTC [99] LOG:  automatic analyze of table "template1.pg_catalog.pg_class"
	avg read rate: 3.418 MB/s, avg write rate: 2.441 MB/s
	buffer usage: 544 hits, 7 misses, 5 dirtied
	system usage: CPU: user: 0.00 s, system: 0.00 s, elapsed: 0.01 s
2026-09-15 06:05:44.560 UTC [99] LOG:  automatic analyze of table "template1.pg_catalog.pg_rewrite"
	avg read rate: 70.312 MB/s, avg write rate: 19.531 MB/s
	buffer usage: 118 hits, 18 misses, 5 dirtied
	system usage: CPU: user: 0.00 s, system: 0.00 s, elapsed: 0.00 s
2026-09-15 06:05:44.581 UTC [99] LOG:  automatic analyze of table "template1.pg_catalog.pg_depend"
	avg read rate: 27.344 MB/s, avg write rate: 1.953 MB/s
	buffer usage: 127 hits, 14 misses, 1 dirtied
	system usage: CPU: user: 0.00 s, system: 0.00 s, elapsed: 0.00 s
2026-09-15 06:05:44.604 UTC [99] LOG:  automatic analyze of table "template1.information_schema.sql_features"
	avg read rate: 17.188 MB/s, avg write rate: 9.375 MB/s
	buffer usage: 190 hits, 11 misses, 6 dirtied
	system usage: CPU: user: 0.00 s, system: 0.00 s, elapsed: 0.00 s
2026-09-15 06:06:28.336 UTC [101] LOG:  automatic vacuum of table "dockindb.public.work_logs": index scans: 0
	pages: 0 removed, 35715 remain, 35715 scanned (100.00% of total)
	tuples: 0 removed, 500000 remain, 0 are dead but not yet removable
	removable cutoff: 751, which was 0 XIDs old when operation ended
	new relfrozenxid: 741, which is 1 XIDs ahead of previous value
	frozen: 0 pages from table (0.00% of total) had 0 tuples frozen
	index scan not needed: 0 pages from table (0.00% of total) had 0 dead item identifiers removed
	avg read rate: 40.499 MB/s, avg write rate: 55.896 MB/s
	buffer usage: 51121 hits, 20382 misses, 28131 dirtied
	WAL usage: 35691 records, 2 full page images, 2122292 bytes
	system usage: CPU: user: 0.57 s, system: 0.72 s, elapsed: 3.93 s
2026-09-15 06:07:32.657 UTC [139] LOG:  automatic vacuum of table "dockindb.public.work_logs": index scans: 1
	pages: 0 removed, 35715 remain, 32144 scanned (90.00% of total)
	tuples: 450000 removed, 49999 remain, 0 are dead but not yet removable
	removable cutoff: 752, which was 0 XIDs old when operation ended
	frozen: 0 pages from table (0.00% of total) had 0 tuples frozen
	index scan needed: 32143 pages from table (90.00% of total) had 450000 dead item identifiers removed
	index "work_logs_pkey": pages: 1374 in total, 1233 newly deleted, 1233 currently deleted, 0 reusable
	index "idx_work_logs_user": pages: 450 in total, 0 newly deleted, 0 currently deleted, 0 reusable
	avg read rate: 33.826 MB/s, avg write rate: 39.101 MB/s
	buffer usage: 70057 hits, 35672 misses, 41235 dirtied
	WAL usage: 100570 records, 0 full page images, 8341679 bytes
	system usage: CPU: user: 0.56 s, system: 0.53 s, elapsed: 8.23 s
2026-09-15 06:07:33.804 UTC [139] LOG:  automatic analyze of table "dockindb.public.work_logs"
	avg read rate: 121.029 MB/s, avg write rate: 0.027 MB/s
	buffer usage: 12599 hits, 17769 misses, 4 dirtied
	system usage: CPU: user: 0.43 s, system: 0.32 s, elapsed: 1.14 s
