10:26:19  E1 스윕 시작 — run=20260813T102619
10:26:20  호스트 8 vCPU / TEI 외 컨테이너 상한 합 3.00
10:26:20  → 포화 경계: TEI 5.0 이상은 스케줄러가 실효 상한을 정한다 (계획 2-1)
10:26:21  환경 기록 → measure/e1-20260813T102619/env.md
10:26:21  ───── 조건 1: TEI cpus=0.5
10:26:24    P = 26049 청크 (마커 2026-08-13 19:26:16.504013)
10:26:24    적용된 상한(cgroup): 0.50
10:26:25    건너뛰기 구간 대기 중 (임베딩 시작을 기다린다)
10:27:26    임베딩 시작 확인 (60초 소요) — 창을 연다
10:32:26    창 300s — 청크 +1085 / 원본 +900 → 청크당 276.5ms / 원본당 333.3ms
10:32:27    스로틀: TEI 99.6% / app 0.1% / db 0.0%
10:33:36    슬라이스 1202행 삭제 → 코퍼스 26049 청크
10:33:36  ───── 조건 2: TEI cpus=1.0
10:33:37    P = 26049 청크 (마커 2026-08-13 19:26:16.504013)
10:33:37    적용된 상한(cgroup): 1.00
10:33:38    건너뛰기 구간 대기 중 (임베딩 시작을 기다린다)
10:34:29    임베딩 시작 확인 (50초 소요) — 창을 연다
10:39:29    창 300s — 청크 +2764 / 원본 +2300 → 청크당 108.5ms / 원본당 130.4ms
10:39:29    스로틀: TEI 98.7% / app 0.1% / db 0.0%
10:40:44    슬라이스 2881행 삭제 → 코퍼스 26049 청크
10:40:44  ───── 조건 3: TEI cpus=1.5
10:40:44    P = 26049 청크 (마커 2026-08-13 19:26:16.504013)
10:40:44    적용된 상한(cgroup): 1.50
10:40:45    건너뛰기 구간 대기 중 (임베딩 시작을 기다린다)
10:41:27    임베딩 시작 확인 (40초 소요) — 창을 연다
10:46:27    창 300s — 청크 +4192 / 원본 +3500 → 청크당 71.6ms / 원본당 85.7ms
10:46:27    스로틀: TEI 97.4% / app 0.1% / db 0.9%
10:47:44    슬라이스 4309행 삭제 → 코퍼스 26049 청크
10:47:44  ───── 조건 4: TEI cpus=2.0
10:47:44    P = 26049 청크 (마커 2026-08-13 19:26:16.504013)
10:47:44    적용된 상한(cgroup): 2.00
10:47:46    건너뛰기 구간 대기 중 (임베딩 시작을 기다린다)
10:48:26    임베딩 시작 확인 (40초 소요) — 창을 연다
10:53:27    창 300s — 청크 +5765 / 원본 +4800 → 청크당 52.0ms / 원본당 62.5ms
10:53:27    스로틀: TEI 53.3% / app 0.1% / db 1.3%
10:54:45    슬라이스 5882행 삭제 → 코퍼스 26049 청크
10:54:45  ───── 조건 5: TEI cpus=1.0
10:54:45    P = 26049 청크 (마커 2026-08-13 19:26:16.504013)
10:54:45    적용된 상한(cgroup): 1.00
10:54:46    건너뛰기 구간 대기 중 (임베딩 시작을 기다린다)
10:55:37    임베딩 시작 확인 (50초 소요) — 창을 연다
11:00:38    창 300s — 청크 +2764 / 원본 +2300 → 청크당 108.5ms / 원본당 130.4ms
11:00:38    스로틀: TEI 98.7% / app 0.1% / db 0.3%
11:01:53    슬라이스 2881행 삭제 → 코퍼스 26049 청크
11:01:53  TEI 상한을 2.0 로 복원 (cgroup: 2.00)

## E1 결과 — 20260813T102619

| # | 요청 | 적용 | 초과 | 청크 | 원본 | 청크당 ms | 원본당 ms | TEI 막힘 | app | db |
|---|---|---|---|---|---|---|---|---|---|---|
| 1 | 0.5 | 0.50 | no | 1085 | 900 | 276.5 | 333.3 | 99.6% | 0.1% | 0.0% |
| 2 | 1.0 | 1.00 | no | 2764 | 2300 | 108.5 | 130.4 | 98.7% | 0.1% | 0.0% |
| 3 | 1.5 | 1.50 | no | 4192 | 3500 | 71.6 | 85.7 | 97.4% | 0.1% | 0.9% |
| 4 | 2.0 | 2.00 | no | 5765 | 4800 | 52.0 | 62.5 | 53.3% | 0.1% | 1.3% |
| 5 | 1.0 | 1.00 | no | 2764 | 2300 | 108.5 | 130.4 | 98.7% | 0.1% | 0.3% |

통제군 — 첫 2.0과 마지막 2.0의 원본당 ms가 다르면 스윕이 드리프트한 것이다.
11:01:53  완료. CSV=measure/e1-20260813T102619/e1-sweep.csv  환경=measure/e1-20260813T102619/env.md
