         /\      Grafana   /‾‾/  
    /\  /  \     |\  __   /  /   
   /  \/    \    | |/ /  /   ‾‾\ 
  /          \   |   (  |  (‾)  |
 / __________ \  |_|\_\  \_____/ 
     execution: local
        script: journey.js
        output: -
     scenarios: (100.00%) 1 scenario, 500 max VUs, 2m30s max duration (incl. graceful stop):
              * vus: Up to 500 looping VUs for 2m20s over 3 stages (gracefulRampDown: 10s, gracefulStop: 30s)
vus  ↓ [ 100% ] 065/500 VUs  2m20s
vus  ↓ [ 100% ] 065/500 VUs  2m20s
vus  ↓ [ 100% ] 065/500 VUs  2m20s
== vus rate=1/s vus=500 reqs=47860 rps=334.3 fail=0% p95=16.2ms dropped=0 maxVUs=500 login_fail=0 dup=0 journey_p95=89ms
name             n      rps     p50     p95     p99     max   fail%
login              500     3.5    71.4    76.3    77.4      91       0
clockin            500     3.5     5.3     8.1    10.3      20       0
attendance_list  11715    81.8     6.4      15    19.5      40       0
worklogs         11715    81.8     8.5    17.1    22.1      40       0
chat_rooms       11715    81.8     6.3    14.9    19.9      36       0
safety_courses   11715    81.8     6.3    14.6    19.9      40       0
vus  ✓ [ 100% ] 000/500 VUs  2m20s
