16:42:56  E1 스윕 시작 — run=20260812T164256
16:42:57  호스트 8 vCPU / TEI 외 컨테이너 상한 합 3.00
16:42:57  → 포화 경계: TEI 5.0 이상은 스케줄러가 실효 상한을 정한다 (계획 2-1)
16:42:58  환경 기록 → measure/e1-20260812T164256/env.md
16:42:58  ───── 조건 1: TEI cpus=2.0
16:43:02    P = 3273 청크 (마커 2026-08-13 01:42:52.736867)
16:43:02    적용된 상한(cgroup): 2.00
16:43:03    건너뛰기 구간 대기 중 (임베딩 시작을 기다린다)
16:43:44    임베딩 시작 확인 (40초 소요) — 창을 연다
16:44:44    창 60s — 청크 +967 / 원본 +800 → 청크당 62.0ms / 원본당 75.0ms
16:44:44    스로틀: TEI 7.0% / app 1.4% / db 0.0%
16:44:55    슬라이스 1199행 삭제 → 코퍼스 3273 청크
16:44:55  ───── 조건 2: TEI cpus=3.0
16:44:55    P = 3273 청크 (마커 2026-08-13 01:42:52.736867)
16:44:55    적용된 상한(cgroup): 3.00
16:44:56    건너뛰기 구간 대기 중 (임베딩 시작을 기다린다)
16:45:37    임베딩 시작 확인 (40초 소요) — 창을 연다
16:46:38    창 60s — 청크 +967 / 원본 +800 → 청크당 62.0ms / 원본당 75.0ms
16:46:38    스로틀: TEI 0.0% / app 0.0% / db 0.0%
16:46:48    슬라이스 1199행 삭제 → 코퍼스 3273 청크
16:46:48  TEI 상한을 2.0 로 복원 (cgroup: 2.00)

## E1 결과 — 20260812T164256

| # | 요청 | 적용 | 초과 | 청크 | 원본 | 청크당 ms | 원본당 ms | TEI 막힘 | app | db |
|---|---|---|---|---|---|---|---|---|---|---|
| 1 | 2.0 | 2.00 | no | 967 | 800 | 62.0 | 75.0 | 7.0% | 1.4% | 0.0% |
| 2 | 3.0 | 3.00 | no | 967 | 800 | 62.0 | 75.0 | 0.0% | 0.0% | 0.0% |

통제군 — 첫 2.0과 마지막 2.0의 원본당 ms가 다르면 스윕이 드리프트한 것이다.
16:46:48  완료. CSV=measure/e1-20260812T164256/e1-sweep.csv  환경=measure/e1-20260812T164256/env.md
