
         /\      Grafana   /‾‾/  
    /\  /  \     |\  __   /  /   
   /  \/    \    | |/ /  /   ‾‾\ 
  /          \   |   (  |  (‾)  |
 / __________ \  |_|\_\  \_____/ 


     execution: local
        script: journey.js
        output: -

     scenarios: (100.00%) 1 scenario, 320 max VUs, 2m0s max duration (incl. graceful stop):
              * rate: 32.00 iterations/s for 1m30s (maxVUs: 64-320, gracefulStop: 30s)


running (0m01.0s), 003/064 VUs, 29 complete and 0 interrupted iterations
rate   [   1% ] 003/064 VUs  0m01.0s/1m30s  32.00 iters/s

running (0m02.0s), 003/064 VUs, 61 complete and 0 interrupted iterations
rate   [   2% ] 003/064 VUs  0m02.0s/1m30s  32.00 iters/s

running (0m03.0s), 003/064 VUs, 93 complete and 0 interrupted iterations
rate   [   3% ] 003/064 VUs  0m03.0s/1m30s  32.00 iters/s

running (0m04.0s), 003/064 VUs, 125 complete and 0 interrupted iterations
rate   [   4% ] 003/064 VUs  0m04.0s/1m30s  32.00 iters/s

running (0m05.0s), 003/064 VUs, 157 complete and 0 interrupted iterations
rate   [   6% ] 003/064 VUs  0m05.0s/1m30s  32.00 iters/s

running (0m06.0s), 003/064 VUs, 189 complete and 0 interrupted iterations
rate   [   7% ] 003/064 VUs  0m06.0s/1m30s  32.00 iters/s

running (0m07.0s), 003/064 VUs, 221 complete and 0 interrupted iterations
rate   [   8% ] 003/064 VUs  0m07.0s/1m30s  32.00 iters/s

running (0m08.0s), 003/064 VUs, 253 complete and 0 interrupted iterations
rate   [   9% ] 003/064 VUs  0m08.0s/1m30s  32.00 iters/s

running (0m09.0s), 003/064 VUs, 285 complete and 0 interrupted iterations
rate   [  10% ] 003/064 VUs  0m09.0s/1m30s  32.00 iters/s

running (0m10.0s), 003/064 VUs, 317 complete and 0 interrupted iterations
rate   [  11% ] 003/064 VUs  0m10.0s/1m30s  32.00 iters/s

running (0m11.0s), 003/064 VUs, 349 complete and 0 interrupted iterations
rate   [  12% ] 003/064 VUs  0m11.0s/1m30s  32.00 iters/s

running (0m12.0s), 003/064 VUs, 381 complete and 0 interrupted iterations
rate   [  13% ] 003/064 VUs  0m12.0s/1m30s  32.00 iters/s

running (0m13.0s), 003/064 VUs, 413 complete and 0 interrupted iterations
rate   [  14% ] 003/064 VUs  0m13.0s/1m30s  32.00 iters/s

running (0m14.0s), 003/064 VUs, 445 complete and 0 interrupted iterations
rate   [  16% ] 003/064 VUs  0m14.0s/1m30s  32.00 iters/s

running (0m15.0s), 003/064 VUs, 477 complete and 0 interrupted iterations
rate   [  17% ] 003/064 VUs  0m15.0s/1m30s  32.00 iters/s

running (0m16.0s), 003/064 VUs, 509 complete and 0 interrupted iterations
rate   [  18% ] 003/064 VUs  0m16.0s/1m30s  32.00 iters/s

running (0m17.0s), 003/064 VUs, 541 complete and 0 interrupted iterations
rate   [  19% ] 003/064 VUs  0m17.0s/1m30s  32.00 iters/s

running (0m18.0s), 003/064 VUs, 573 complete and 0 interrupted iterations
rate   [  20% ] 003/064 VUs  0m18.0s/1m30s  32.00 iters/s

running (0m19.0s), 003/064 VUs, 605 complete and 0 interrupted iterations
rate   [  21% ] 003/064 VUs  0m19.0s/1m30s  32.00 iters/s

running (0m20.0s), 003/064 VUs, 637 complete and 0 interrupted iterations
rate   [  22% ] 003/064 VUs  0m20.0s/1m30s  32.00 iters/s

running (0m21.0s), 003/064 VUs, 669 complete and 0 interrupted iterations
rate   [  23% ] 003/064 VUs  0m21.0s/1m30s  32.00 iters/s

running (0m22.0s), 003/064 VUs, 701 complete and 0 interrupted iterations
rate   [  24% ] 003/064 VUs  0m22.0s/1m30s  32.00 iters/s

running (0m23.0s), 003/064 VUs, 733 complete and 0 interrupted iterations
rate   [  26% ] 003/064 VUs  0m23.0s/1m30s  32.00 iters/s

running (0m24.0s), 003/064 VUs, 765 complete and 0 interrupted iterations
rate   [  27% ] 003/064 VUs  0m24.0s/1m30s  32.00 iters/s

running (0m25.0s), 003/064 VUs, 797 complete and 0 interrupted iterations
rate   [  28% ] 003/064 VUs  0m25.0s/1m30s  32.00 iters/s

running (0m26.0s), 003/064 VUs, 829 complete and 0 interrupted iterations
rate   [  29% ] 003/064 VUs  0m26.0s/1m30s  32.00 iters/s

running (0m27.0s), 003/064 VUs, 861 complete and 0 interrupted iterations
rate   [  30% ] 003/064 VUs  0m27.0s/1m30s  32.00 iters/s

running (0m28.0s), 003/064 VUs, 893 complete and 0 interrupted iterations
rate   [  31% ] 003/064 VUs  0m28.0s/1m30s  32.00 iters/s

running (0m29.0s), 003/064 VUs, 925 complete and 0 interrupted iterations
rate   [  32% ] 003/064 VUs  0m29.0s/1m30s  32.00 iters/s

running (0m30.0s), 003/064 VUs, 957 complete and 0 interrupted iterations
rate   [  33% ] 003/064 VUs  0m30.0s/1m30s  32.00 iters/s

running (0m31.0s), 003/064 VUs, 989 complete and 0 interrupted iterations
rate   [  34% ] 003/064 VUs  0m31.0s/1m30s  32.00 iters/s

running (0m32.0s), 003/064 VUs, 1021 complete and 0 interrupted iterations
rate   [  36% ] 003/064 VUs  0m32.0s/1m30s  32.00 iters/s

running (0m33.0s), 003/064 VUs, 1053 complete and 0 interrupted iterations
rate   [  37% ] 003/064 VUs  0m33.0s/1m30s  32.00 iters/s

running (0m34.0s), 003/064 VUs, 1085 complete and 0 interrupted iterations
rate   [  38% ] 003/064 VUs  0m34.0s/1m30s  32.00 iters/s

running (0m35.0s), 003/064 VUs, 1117 complete and 0 interrupted iterations
rate   [  39% ] 003/064 VUs  0m35.0s/1m30s  32.00 iters/s

running (0m36.0s), 003/064 VUs, 1149 complete and 0 interrupted iterations
rate   [  40% ] 003/064 VUs  0m36.0s/1m30s  32.00 iters/s

running (0m37.0s), 003/064 VUs, 1181 complete and 0 interrupted iterations
rate   [  41% ] 003/064 VUs  0m37.0s/1m30s  32.00 iters/s

running (0m38.0s), 003/064 VUs, 1213 complete and 0 interrupted iterations
rate   [  42% ] 003/064 VUs  0m38.0s/1m30s  32.00 iters/s

running (0m39.0s), 003/064 VUs, 1245 complete and 0 interrupted iterations
rate   [  43% ] 003/064 VUs  0m39.0s/1m30s  32.00 iters/s

running (0m40.0s), 003/064 VUs, 1277 complete and 0 interrupted iterations
rate   [  44% ] 003/064 VUs  0m40.0s/1m30s  32.00 iters/s

running (0m41.0s), 003/064 VUs, 1309 complete and 0 interrupted iterations
rate   [  46% ] 003/064 VUs  0m41.0s/1m30s  32.00 iters/s

running (0m42.0s), 003/064 VUs, 1341 complete and 0 interrupted iterations
rate   [  47% ] 003/064 VUs  0m42.0s/1m30s  32.00 iters/s

running (0m43.0s), 003/064 VUs, 1373 complete and 0 interrupted iterations
rate   [  48% ] 003/064 VUs  0m43.0s/1m30s  32.00 iters/s

running (0m44.0s), 003/064 VUs, 1405 complete and 0 interrupted iterations
rate   [  49% ] 003/064 VUs  0m44.0s/1m30s  32.00 iters/s

running (0m45.0s), 003/064 VUs, 1437 complete and 0 interrupted iterations
rate   [  50% ] 003/064 VUs  0m45.0s/1m30s  32.00 iters/s

running (0m46.0s), 003/064 VUs, 1469 complete and 0 interrupted iterations
rate   [  51% ] 003/064 VUs  0m46.0s/1m30s  32.00 iters/s

running (0m47.0s), 003/064 VUs, 1501 complete and 0 interrupted iterations
rate   [  52% ] 003/064 VUs  0m47.0s/1m30s  32.00 iters/s

running (0m48.0s), 003/064 VUs, 1533 complete and 0 interrupted iterations
rate   [  53% ] 003/064 VUs  0m48.0s/1m30s  32.00 iters/s

running (0m49.0s), 003/064 VUs, 1565 complete and 0 interrupted iterations
rate   [  54% ] 003/064 VUs  0m49.0s/1m30s  32.00 iters/s

running (0m50.0s), 003/064 VUs, 1597 complete and 0 interrupted iterations
rate   [  56% ] 003/064 VUs  0m50.0s/1m30s  32.00 iters/s

running (0m51.0s), 003/064 VUs, 1629 complete and 0 interrupted iterations
rate   [  57% ] 003/064 VUs  0m51.0s/1m30s  32.00 iters/s

running (0m52.0s), 003/064 VUs, 1661 complete and 0 interrupted iterations
rate   [  58% ] 003/064 VUs  0m52.0s/1m30s  32.00 iters/s

running (0m53.0s), 003/064 VUs, 1693 complete and 0 interrupted iterations
rate   [  59% ] 003/064 VUs  0m53.0s/1m30s  32.00 iters/s

running (0m54.0s), 003/064 VUs, 1725 complete and 0 interrupted iterations
rate   [  60% ] 003/064 VUs  0m54.0s/1m30s  32.00 iters/s

running (0m55.0s), 003/064 VUs, 1757 complete and 0 interrupted iterations
rate   [  61% ] 003/064 VUs  0m55.0s/1m30s  32.00 iters/s

running (0m56.0s), 003/064 VUs, 1789 complete and 0 interrupted iterations
rate   [  62% ] 003/064 VUs  0m56.0s/1m30s  32.00 iters/s

running (0m57.0s), 003/064 VUs, 1821 complete and 0 interrupted iterations
rate   [  63% ] 003/064 VUs  0m57.0s/1m30s  32.00 iters/s

running (0m58.0s), 003/064 VUs, 1853 complete and 0 interrupted iterations
rate   [  64% ] 003/064 VUs  0m58.0s/1m30s  32.00 iters/s

running (0m59.0s), 003/064 VUs, 1885 complete and 0 interrupted iterations
rate   [  66% ] 003/064 VUs  0m59.0s/1m30s  32.00 iters/s

running (1m00.0s), 003/064 VUs, 1917 complete and 0 interrupted iterations
rate   [  67% ] 003/064 VUs  1m00.0s/1m30s  32.00 iters/s

running (1m01.0s), 003/064 VUs, 1949 complete and 0 interrupted iterations
rate   [  68% ] 003/064 VUs  1m01.0s/1m30s  32.00 iters/s

running (1m02.0s), 003/064 VUs, 1981 complete and 0 interrupted iterations
rate   [  69% ] 003/064 VUs  1m02.0s/1m30s  32.00 iters/s

running (1m03.0s), 003/064 VUs, 2013 complete and 0 interrupted iterations
rate   [  70% ] 003/064 VUs  1m03.0s/1m30s  32.00 iters/s

running (1m04.0s), 003/064 VUs, 2045 complete and 0 interrupted iterations
rate   [  71% ] 003/064 VUs  1m04.0s/1m30s  32.00 iters/s

running (1m05.0s), 003/064 VUs, 2077 complete and 0 interrupted iterations
rate   [  72% ] 003/064 VUs  1m05.0s/1m30s  32.00 iters/s

running (1m06.0s), 003/064 VUs, 2109 complete and 0 interrupted iterations
rate   [  73% ] 003/064 VUs  1m06.0s/1m30s  32.00 iters/s

running (1m07.0s), 003/064 VUs, 2141 complete and 0 interrupted iterations
rate   [  74% ] 003/064 VUs  1m07.0s/1m30s  32.00 iters/s

running (1m08.0s), 003/064 VUs, 2173 complete and 0 interrupted iterations
rate   [  76% ] 003/064 VUs  1m08.0s/1m30s  32.00 iters/s

running (1m09.0s), 003/064 VUs, 2205 complete and 0 interrupted iterations
rate   [  77% ] 003/064 VUs  1m09.0s/1m30s  32.00 iters/s

running (1m10.0s), 003/064 VUs, 2237 complete and 0 interrupted iterations
rate   [  78% ] 003/064 VUs  1m10.0s/1m30s  32.00 iters/s

running (1m11.0s), 003/064 VUs, 2269 complete and 0 interrupted iterations
rate   [  79% ] 003/064 VUs  1m11.0s/1m30s  32.00 iters/s

running (1m12.0s), 003/064 VUs, 2301 complete and 0 interrupted iterations
rate   [  80% ] 003/064 VUs  1m12.0s/1m30s  32.00 iters/s

running (1m13.0s), 003/064 VUs, 2333 complete and 0 interrupted iterations
rate   [  81% ] 003/064 VUs  1m13.0s/1m30s  32.00 iters/s

running (1m14.0s), 003/064 VUs, 2365 complete and 0 interrupted iterations
rate   [  82% ] 003/064 VUs  1m14.0s/1m30s  32.00 iters/s

running (1m15.0s), 003/064 VUs, 2397 complete and 0 interrupted iterations
rate   [  83% ] 003/064 VUs  1m15.0s/1m30s  32.00 iters/s

running (1m16.0s), 003/064 VUs, 2429 complete and 0 interrupted iterations
rate   [  84% ] 003/064 VUs  1m16.0s/1m30s  32.00 iters/s

running (1m17.0s), 003/064 VUs, 2461 complete and 0 interrupted iterations
rate   [  86% ] 003/064 VUs  1m17.0s/1m30s  32.00 iters/s

running (1m18.0s), 003/064 VUs, 2493 complete and 0 interrupted iterations
rate   [  87% ] 003/064 VUs  1m18.0s/1m30s  32.00 iters/s

running (1m19.0s), 003/064 VUs, 2525 complete and 0 interrupted iterations
rate   [  88% ] 003/064 VUs  1m19.0s/1m30s  32.00 iters/s

running (1m20.0s), 003/064 VUs, 2557 complete and 0 interrupted iterations
rate   [  89% ] 003/064 VUs  1m20.0s/1m30s  32.00 iters/s

running (1m21.0s), 003/064 VUs, 2589 complete and 0 interrupted iterations
rate   [  90% ] 003/064 VUs  1m21.0s/1m30s  32.00 iters/s

running (1m22.0s), 003/064 VUs, 2621 complete and 0 interrupted iterations
rate   [  91% ] 003/064 VUs  1m22.0s/1m30s  32.00 iters/s

running (1m23.0s), 003/064 VUs, 2653 complete and 0 interrupted iterations
rate   [  92% ] 003/064 VUs  1m23.0s/1m30s  32.00 iters/s

running (1m24.0s), 003/064 VUs, 2685 complete and 0 interrupted iterations
rate   [  93% ] 003/064 VUs  1m24.0s/1m30s  32.00 iters/s

running (1m25.0s), 003/064 VUs, 2717 complete and 0 interrupted iterations
rate   [  94% ] 003/064 VUs  1m25.0s/1m30s  32.00 iters/s

running (1m26.0s), 003/064 VUs, 2749 complete and 0 interrupted iterations
rate   [  96% ] 003/064 VUs  1m26.0s/1m30s  32.00 iters/s

running (1m27.0s), 003/064 VUs, 2781 complete and 0 interrupted iterations
rate   [  97% ] 003/064 VUs  1m27.0s/1m30s  32.00 iters/s

running (1m28.0s), 003/064 VUs, 2813 complete and 0 interrupted iterations
rate   [  98% ] 003/064 VUs  1m28.0s/1m30s  32.00 iters/s

running (1m29.0s), 003/064 VUs, 2845 complete and 0 interrupted iterations
rate   [  99% ] 003/064 VUs  1m29.0s/1m30s  32.00 iters/s

running (1m30.0s), 003/064 VUs, 2877 complete and 0 interrupted iterations
rate   [ 100% ] 003/064 VUs  1m30.0s/1m30s  32.00 iters/s

== rate rate=32/s vus=1000 reqs=17286 rps=191.9 fail=0% p95=69.6ms dropped=0 maxVUs=64 login_fail=0 dup=0 journey_p95=85ms
name             n      rps     p50     p95     p99     max   fail%
login             2881      32    67.4    72.5    75.1     305       0
clockin           2881      32     4.9     6.9     8.3      11       0
attendance_list   2881      32     3.4     6.9     7.7      51       0
worklogs          2881      32     5.5       9     9.8      17       0
chat_rooms        2881      32     3.3     6.8     7.6      20       0
safety_courses    2881      32     3.4     6.9     7.7      18       0

running (1m30.1s), 000/064 VUs, 2881 complete and 0 interrupted iterations
rate ✓ [ 100% ] 000/064 VUs  1m30s  32.00 iters/s
