dockin-app-1  | 2026-09-20T11:52:18.944+09:00  INFO [] 1 --- [DOCKin-spring] [boundChannel-10] com.DOCKin.chat.service.ChatService      : ### [1] 방 시퀀스 발급 7503
dockin-app-1  | 2026-09-20T11:52:18.944+09:00  INFO [] 1 --- [DOCKin-spring] [nboundChannel-9] c.DOCKin.chat.controller.ChatController  : 메시지 수신: 방번호=1031, 보낸이=k6u00306, 내용=ts=1789872717177 팬아웃 측정
dockin-app-1  | 2026-09-20T11:52:18.944+09:00  INFO [] 1 --- [DOCKin-spring] [boundChannel-14] c.DOCKin.chat.controller.ChatController  : 메시지 수신: 방번호=1007, 보낸이=k6u00061, 내용=ts=1789872717177 팬아웃 측정
dockin-app-1  | 2026-09-20T11:52:18.944+09:00  INFO [] 1 --- [DOCKin-spring] [nboundChannel-6] com.DOCKin.chat.service.ChatService      : ### [1] 방 시퀀스 발급 7032
dockin-app-1  | 2026-09-20T11:52:18.944+09:00  INFO [] 1 --- [DOCKin-spring] [nboundChannel-5] com.DOCKin.chat.service.ChatService      : ### [1] 방 시퀀스 발급 7455
--
dockin-app-1  | 2026-09-20T11:52:28.944+09:00  WARN [] 1 --- [DOCKin-spring] [MessageBroker-4] c.DOCKin.global.config.HikariPoolWatch   : HikariPool 대기 pending=6 active=9 idle=1 total=10 max=10 — 풀 고갈이면 '누가 잡고 있나'부터 (ADR-0008 7-1)
dockin-app-1  | 2026-09-20T11:52:28.944+09:00  INFO [] 1 --- [DOCKin-spring] [nboundChannel-5] com.DOCKin.chat.service.ChatService      : ### [3] 발신자 읽음 위치 7329 (JDBC) 완료
dockin-app-1  | 2026-09-20T11:52:28.944+09:00  INFO [] 1 --- [DOCKin-spring] [boundChannel-12] com.DOCKin.chat.service.ChatService      : ### [2] 메시지 저장 완료 id=780180
dockin-app-1  | 2026-09-20T11:52:28.944+09:00  INFO [] 1 --- [DOCKin-spring] [nboundChannel-9] c.DOCKin.chat.controller.ChatController  : 메시지 수신: 방번호=1014, 보낸이=k6u00131, 내용=ts=1789872724580 팬아웃 측정
dockin-app-1  | 2026-09-20T11:52:28.944+09:00  INFO [] 1 --- [DOCKin-spring] [boundChannel-12] com.DOCKin.chat.service.ChatService      : ### [3] 발신자 읽음 위치 7600 (JDBC) 완료
dockin-app-1  | 2026-09-20T11:52:28.944+09:00  INFO [] 1 --- [DOCKin-spring] [nboundChannel-2] com.DOCKin.chat.service.ChatService      : ### [1] 방 시퀀스 발급 7701
--
dockin-app-1  | 2026-09-20T11:52:38.944+09:00  WARN [] 1 --- [DOCKin-spring] [MessageBroker-1] c.DOCKin.global.config.HikariPoolWatch   : HikariPool 대기 pending=5 active=10 idle=0 total=10 max=10 — 풀 고갈이면 '누가 잡고 있나'부터 (ADR-0008 7-1)
dockin-app-1  | 2026-09-20T11:52:38.945+09:00  INFO [] 1 --- [DOCKin-spring] [nboundChannel-7] com.DOCKin.chat.service.ChatService      : ### [1] 방 시퀀스 발급 7781
dockin-app-1  | 2026-09-20T11:52:38.945+09:00  INFO [] 1 --- [DOCKin-spring] [boundChannel-15] com.DOCKin.chat.service.ChatService      : ### [1] 방 시퀀스 발급 7053
dockin-app-1  | 2026-09-20T11:52:38.945+09:00  INFO [] 1 --- [DOCKin-spring] [boundChannel-16] com.DOCKin.chat.service.ChatService      : ### [1] 방 시퀀스 발급 7305
dockin-app-1  | 2026-09-20T11:52:38.945+09:00  INFO [] 1 --- [DOCKin-spring] [nboundChannel-7] com.DOCKin.chat.service.ChatService      : ### [2] 메시지 저장 완료 id=794459
dockin-app-1  | 2026-09-20T11:52:38.945+09:00  INFO [] 1 --- [DOCKin-spring] [nboundChannel-6] com.DOCKin.chat.service.ChatService      : ### [2] 메시지 저장 완료 id=794460
--
dockin-app-1  | 2026-09-20T11:52:48.945+09:00  WARN [] 1 --- [DOCKin-spring] [MessageBroker-6] c.DOCKin.global.config.HikariPoolWatch   : HikariPool 대기 pending=6 active=8 idle=2 total=10 max=10 — 풀 고갈이면 '누가 잡고 있나'부터 (ADR-0008 7-1)
dockin-app-1  | 2026-09-20T11:52:48.945+09:00  INFO [] 1 --- [DOCKin-spring] [nboundChannel-9] com.DOCKin.chat.service.ChatService      : ### [3] 발신자 읽음 위치 7835 (JDBC) 완료
dockin-app-1  | 2026-09-20T11:52:48.945+09:00  INFO [] 1 --- [DOCKin-spring] [nboundChannel-1] c.DOCKin.chat.controller.ChatController  : 메시지 수신: 방번호=1038, 보낸이=k6u00376, 내용=ts=1789872738573 팬아웃 측정
dockin-app-1  | 2026-09-20T11:52:48.945+09:00  INFO [] 1 --- [DOCKin-spring] [nboundChannel-3] c.DOCKin.chat.controller.ChatController  : 메시지 수신: 방번호=1040, 보낸이=k6u00392, 내용=ts=1789872738575 팬아웃 측정
dockin-app-1  | 2026-09-20T11:52:48.945+09:00  INFO [] 1 --- [DOCKin-spring] [nboundChannel-4] com.DOCKin.chat.service.ChatService      : ### [1] 방 시퀀스 발급 7885
dockin-app-1  | 2026-09-20T11:52:48.946+09:00  INFO [] 1 --- [DOCKin-spring] [boundChannel-15] com.DOCKin.chat.service.ChatService      : ### [1] 방 시퀀스 발급 7193
--
dockin-app-1  | 2026-09-20T11:52:58.195+09:00 ERROR [] 1 --- [DOCKin-spring] [io-8080-exec-69] o.s.w.s.m.StompSubProtocolHandler        : Failed to send message to MessageChannel in session 7c0373b1-a6ce-475b-4bee-e36f26e72297:Unknown session: 7c0373b1-a6ce-475b-4bee-e36f26e72297
dockin-app-1  | 2026-09-20T11:52:58.170+09:00  INFO [] 1 --- [DOCKin-spring] [boundChannel-12] com.DOCKin.chat.service.ChatService      : ### [1] 방 시퀀스 발급 8071
dockin-app-1  | 2026-09-20T11:52:58.170+09:00  INFO [] 1 --- [DOCKin-spring] [tboundChannel-1] com.DOCKin.chat.presence.Presence        : WebSocket 연결 종료 - userId: k6u00636
dockin-app-1  | 2026-09-20T11:52:58.195+09:00  INFO [] 1 --- [DOCKin-spring] [o-8080-exec-124] com.DOCKin.chat.presence.Presence        : WebSocket 연결 종료 - userId: k6u00327
dockin-app-1  | 2026-09-20T11:52:58.170+09:00  INFO [] 1 --- [DOCKin-spring] [io-8080-exec-66] com.DOCKin.chat.presence.Presence        : WebSocket 연결 종료 - userId: k6u00658
dockin-app-1  | 2026-09-20T11:52:58.195+09:00  INFO [] 1 --- [DOCKin-spring] [io-8080-exec-78] com.DOCKin.chat.presence.Presence        : WebSocket 연결 종료 - userId: k6u00535
--
dockin-app-1  | 2026-09-20T11:52:58.945+09:00  WARN [] 1 --- [DOCKin-spring] [MessageBroker-8] c.DOCKin.global.config.HikariPoolWatch   : HikariPool 대기 pending=6 active=10 idle=0 total=10 max=10 — 풀 고갈이면 '누가 잡고 있나'부터 (ADR-0008 7-1)
dockin-app-1  | 2026-09-20T11:52:58.982+09:00  INFO [] 1 --- [DOCKin-spring] [nboundChannel-8] com.DOCKin.chat.service.ChatService      : ### [3] 발신자 읽음 위치 7373 (JDBC) 완료
dockin-app-1  | 2026-09-20T11:52:58.982+09:00  INFO [] 1 --- [DOCKin-spring] [nboundChannel-9] com.DOCKin.chat.service.ChatService      : ### [1] 방 시퀀스 발급 8128
dockin-app-1  | 2026-09-20T11:52:58.982+09:00  INFO [] 1 --- [DOCKin-spring] [nboundChannel-6] com.DOCKin.chat.service.ChatService      : ### [1] 방 시퀀스 발급 8056
dockin-app-1  | 2026-09-20T11:52:58.983+09:00  INFO [] 1 --- [DOCKin-spring] [boundChannel-13] com.DOCKin.chat.service.ChatService      : ### [2] 메시지 저장 완료 id=822888
dockin-app-1  | 2026-09-20T11:52:58.983+09:00  INFO [] 1 --- [DOCKin-spring] [nboundChannel-4] com.DOCKin.chat.service.ChatService      : ### [1] 방 시퀀스 발급 7715
--
dockin-app-1  | 2026-09-20T11:53:08.945+09:00  WARN [] 1 --- [DOCKin-spring] [MessageBroker-2] c.DOCKin.global.config.HikariPoolWatch   : HikariPool 대기 pending=6 active=10 idle=0 total=10 max=10 — 풀 고갈이면 '누가 잡고 있나'부터 (ADR-0008 7-1)
dockin-app-1  | 2026-09-20T11:53:08.982+09:00  INFO [] 1 --- [DOCKin-spring] [boundChannel-15] com.DOCKin.chat.service.ChatService      : ### [1] 방 시퀀스 발급 7812
dockin-app-1  | 2026-09-20T11:53:08.982+09:00  INFO [] 1 --- [DOCKin-spring] [boundChannel-16] com.DOCKin.chat.service.ChatService      : ### [1] 방 시퀀스 발급 7894
dockin-app-1  | 2026-09-20T11:53:08.982+09:00  INFO [] 1 --- [DOCKin-spring] [nboundChannel-1] com.DOCKin.chat.service.ChatService      : ### [1] 방 시퀀스 발급 8194
dockin-app-1  | 2026-09-20T11:53:08.983+09:00  INFO [] 1 --- [DOCKin-spring] [nboundChannel-2] com.DOCKin.chat.service.ChatService      : ### [2] 메시지 저장 완료 id=839146
dockin-app-1  | 2026-09-20T11:53:08.983+09:00  INFO [] 1 --- [DOCKin-spring] [boundChannel-12] com.DOCKin.chat.service.ChatService      : ### [2] 메시지 저장 완료 id=839147
--
dockin-app-1  | 2026-09-20T11:53:18.946+09:00  WARN [] 1 --- [DOCKin-spring] [MessageBroker-6] c.DOCKin.global.config.HikariPoolWatch   : HikariPool 대기 pending=6 active=10 idle=0 total=10 max=10 — 풀 고갈이면 '누가 잡고 있나'부터 (ADR-0008 7-1)
dockin-app-1  | 2026-09-20T11:53:18.982+09:00  INFO [] 1 --- [DOCKin-spring] [boundChannel-16] com.DOCKin.chat.service.ChatService      : ### [3] 발신자 읽음 위치 7757 (JDBC) 완료
dockin-app-1  | 2026-09-20T11:53:18.982+09:00  INFO [] 1 --- [DOCKin-spring] [boundChannel-11] com.DOCKin.chat.service.ChatService      : ### [2] 메시지 저장 완료 id=855943
dockin-app-1  | 2026-09-20T11:53:18.983+09:00  INFO [] 1 --- [DOCKin-spring] [nboundChannel-3] com.DOCKin.chat.service.ChatService      : ### [2] 메시지 저장 완료 id=855944
dockin-app-1  | 2026-09-20T11:53:18.983+09:00  INFO [] 1 --- [DOCKin-spring] [boundChannel-10] com.DOCKin.chat.service.ChatService      : ### [1] 방 시퀀스 발급 8430
dockin-app-1  | 2026-09-20T11:53:18.983+09:00  INFO [] 1 --- [DOCKin-spring] [nboundChannel-4] com.DOCKin.chat.service.ChatService      : ### [1] 방 시퀀스 발급 8630
--
dockin-app-1  | 2026-09-20T11:53:28.946+09:00  WARN [] 1 --- [DOCKin-spring] [MessageBroker-4] c.DOCKin.global.config.HikariPoolWatch   : HikariPool 대기 pending=6 active=10 idle=0 total=10 max=10 — 풀 고갈이면 '누가 잡고 있나'부터 (ADR-0008 7-1)
dockin-app-1  | 2026-09-20T11:53:28.982+09:00  INFO [] 1 --- [DOCKin-spring] [nboundChannel-8] com.DOCKin.chat.service.ChatService      : ### [1] 방 시퀀스 발급 8044
dockin-app-1  | 2026-09-20T11:53:28.983+09:00  INFO [] 1 --- [DOCKin-spring] [boundChannel-13] com.DOCKin.chat.service.ChatService      : ### [1] 방 시퀀스 발급 8230
dockin-app-1  | 2026-09-20T11:53:28.983+09:00  INFO [] 1 --- [DOCKin-spring] [nboundChannel-1] com.DOCKin.chat.service.ChatService      : ### [1] 방 시퀀스 발급 7926
dockin-app-1  | 2026-09-20T11:53:28.983+09:00  INFO [] 1 --- [DOCKin-spring] [boundChannel-15] com.DOCKin.chat.service.ChatService      : ### [1] 방 시퀀스 발급 8203
dockin-app-1  | 2026-09-20T11:53:28.983+09:00  INFO [] 1 --- [DOCKin-spring] [boundChannel-14] com.DOCKin.chat.service.ChatService      : ### [1] 방 시퀀스 발급 8509
--
dockin-app-1  | 2026-09-20T11:54:29.413+09:00  WARN [] 1 --- [DOCKin-spring] [           main] JpaBaseConfiguration$JpaWebConfiguration : spring.jpa.open-in-view is enabled by default. Therefore, database queries may be performed during view rendering. Explicitly configure spring.jpa.open-in-view to disable this warning
dockin-app-1  | 2026-09-20T11:54:29.701+09:00  INFO [] 1 --- [DOCKin-spring] [           main] r$InitializeUserDetailsManagerConfigurer : Global AuthenticationManager configured with UserDetailsService bean with name customUserDetailsService
dockin-app-1  | 2026-09-20T11:54:30.506+09:00  INFO [] 1 --- [DOCKin-spring] [           main] o.s.b.a.e.web.EndpointLinksResolver      : Exposing 3 endpoints beneath base path '/actuator'
dockin-app-1  | 2026-09-20T11:54:31.283+09:00  INFO [] 1 --- [DOCKin-spring] [           main] o.s.m.s.b.SimpleBrokerMessageHandler     : Starting...
dockin-app-1  | 2026-09-20T11:54:31.283+09:00  INFO [] 1 --- [DOCKin-spring] [           main] o.s.m.s.b.SimpleBrokerMessageHandler     : BrokerAvailabilityEvent[available=true, SimpleBrokerMessageHandler [org.springframework.messaging.simp.broker.DefaultSubscriptionRegistry@2de3b7dd]]
dockin-app-1  | 2026-09-20T11:54:31.285+09:00  INFO [] 1 --- [DOCKin-spring] [           main] o.s.m.s.b.SimpleBrokerMessageHandler     : Started.
--
dockin-app-1  | 2026-09-20T11:54:31.321+09:00  WARN [] 1 --- [DOCKin-spring] [           main] o.s.core.events.SpringDocAppInitializer  : SpringDoc /v3/api-docs endpoint is enabled by default. To disable it in production, set the property 'springdoc.api-docs.enabled=false'
dockin-app-1  | 2026-09-20T11:54:31.321+09:00  WARN [] 1 --- [DOCKin-spring] [           main] o.s.core.events.SpringDocAppInitializer  : SpringDoc /swagger-ui.html endpoint is enabled by default. To disable it in production, set the property 'springdoc.swagger-ui.enabled=false'
dockin-app-1  | 2026-09-20T11:54:40.371+09:00  INFO [] 1 --- [DOCKin-spring] [nio-8080-exec-1] o.a.c.c.C.[Tomcat].[localhost].[/]       : Initializing Spring DispatcherServlet 'dispatcherServlet'
dockin-app-1  | 2026-09-20T11:54:40.371+09:00  INFO [] 1 --- [DOCKin-spring] [nio-8080-exec-1] o.s.web.servlet.DispatcherServlet        : Initializing Servlet 'dispatcherServlet'
dockin-app-1  | 2026-09-20T11:54:40.373+09:00  INFO [] 1 --- [DOCKin-spring] [nio-8080-exec-1] o.s.web.servlet.DispatcherServlet        : Completed initialization in 2 ms
dockin-app-1  | 2026-09-20T11:54:40.397+09:00  WARN [cf3e9df9653f4e13] 1 --- [DOCKin-spring] [nio-8080-exec-1] o.s.w.s.h.HandlerMappingIntrospector     : Cache miss for REQUEST dispatch to '/actuator/health' (previous null). Performing CorsConfiguration lookup. This is logged once only at WARN level, and every time at TRACE.
dockin-app-1  | 2026-09-20T11:54:44.335+09:00  INFO [9f60bc245d6e4332] 1 --- [DOCKin-spring] [nio-8080-exec-2] com.DOCKin.global.security.jwt.JwtUtil   : @@@ Generating Token for User: admin01
dockin-app-1  | 2026-09-20T11:54:44.394+09:00  INFO [9f60bc245d6e4332] 1 --- [DOCKin-spring] [nio-8080-exec-2] com.DOCKin.global.security.jwt.JwtUtil   : @@@ Generating Token for User: admin01
dockin-app-1  | 2026-09-20T11:54:45.188+09:00  INFO [4eea2ad923cf45ec] 1 --- [DOCKin-spring] [nio-8080-exec-6] com.DOCKin.global.security.jwt.JwtUtil   : @@@ Generating Token for User: admin01
dockin-app-1  | 2026-09-20T11:54:45.189+09:00  INFO [4eea2ad923cf45ec] 1 --- [DOCKin-spring] [nio-8080-exec-6] com.DOCKin.global.security.jwt.JwtUtil   : @@@ Generating Token for User: admin01
dockin-app-1  | 2026-09-20T11:54:47.594+09:00  INFO [18a6ff434b00474b] 1 --- [DOCKin-spring] [nio-8080-exec-8] com.DOCKin.global.security.jwt.JwtUtil   : @@@ Generating Token for User: k6u00002
