         /\      Grafana   /‾‾/  
    /\  /  \     |\  __   /  /   
   /  \/    \    | |/ /  /   ‾‾\ 
  /          \   |   (  |  (‾)  |
 / __________ \  |_|\_\  \_____/ 
     execution: local
        script: traffic.js
        output: -
     scenarios: (100.00%) 1 scenario, 2000 max VUs, 10m10s max duration (incl. graceful stop):
              * traffic: Up to 1497.00 iterations/s for 10m0s over 40 stages (maxVUs: 250-2000, gracefulStop: 10s)
Run       [ 100% ] setup()
Run       [ 100% ] setup()
Run       [ 100% ] setup()
Run       [ 100% ] setup()
Run       [ 100% ] setup()
Run       [ 100% ] setup()
Run       [ 100% ] setup()
Run       [ 100% ] setup()
Run       [ 100% ] setup()
Run       [ 100% ] setup()
Run       [ 100% ] setup()
Run       [ 100% ] setup()
Run       [ 100% ] setup()
Run       [ 100% ] setup()
Run       [ 100% ] setup()
Run       [ 100% ] setup()
Run       [ 100% ] setup()
Run       [ 100% ] setup()
Run       [ 100% ] setup()
Run       [ 100% ] setup()
Run       [ 100% ] setup()
Run       [ 100% ] setup()
Run       [ 100% ] setup()
Run       [ 100% ] setup()
time="2026-09-20T02:45:37Z" level=info msg="setup: 세션 300/300 준비" source=console
running (00m24.9s), 0146/0250 VUs, 70 complete and 0 interrupted iterations
running (00m25.9s), 0495/0498 VUs, 367 complete and 0 interrupted iterations
running (00m26.9s), 0735/0737 VUs, 685 complete and 0 interrupted iterations
running (00m27.9s), 0977/0981 VUs, 1002 complete and 0 interrupted iterations
running (00m28.9s), 1214/1215 VUs, 1319 complete and 0 interrupted iterations
running (00m29.9s), 1410/1410 VUs, 1663 complete and 0 interrupted iterations
running (00m30.9s), 1680/1681 VUs, 1895 complete and 0 interrupted iterations
running (00m31.9s), 1887/1888 VUs, 2223 complete and 0 interrupted iterations
time="2026-09-20T02:45:45Z" level=warning msg="Insufficient VUs, reached 2000 active VUs and cannot initialize more" executor=ramping-arrival-rate scenario=traffic
running (00m32.9s), 1999/2000 VUs, 2580 complete and 0 interrupted iterations
running (00m33.9s), 1999/2000 VUs, 2869 complete and 0 interrupted iterations
running (00m34.9s), 2000/2000 VUs, 3159 complete and 0 interrupted iterations
running (00m35.9s), 1998/2000 VUs, 3442 complete and 0 interrupted iterations
running (00m36.9s), 1997/2000 VUs, 3768 complete and 0 interrupted iterations
running (00m37.9s), 2000/2000 VUs, 4067 complete and 0 interrupted iterations
running (00m38.9s), 1997/2000 VUs, 4425 complete and 0 interrupted iterations
running (00m39.9s), 1999/2000 VUs, 4713 complete and 0 interrupted iterations
running (00m40.9s), 2000/2000 VUs, 5106 complete and 0 interrupted iterations
running (00m41.9s), 1993/2000 VUs, 5423 complete and 0 interrupted iterations
running (00m42.9s), 1996/2000 VUs, 5804 complete and 0 interrupted iterations
running (00m43.9s), 1996/2000 VUs, 6174 complete and 0 interrupted iterations
running (00m44.9s), 1997/2000 VUs, 6567 complete and 0 interrupted iterations
running (00m45.9s), 1998/2000 VUs, 6900 complete and 0 interrupted iterations
running (00m46.9s), 2000/2000 VUs, 7244 complete and 0 interrupted iterations
running (00m47.9s), 1997/2000 VUs, 7579 complete and 0 interrupted iterations
running (00m48.9s), 1996/2000 VUs, 7994 complete and 0 interrupted iterations
running (00m49.9s), 2000/2000 VUs, 8320 complete and 0 interrupted iterations
running (00m50.9s), 1995/2000 VUs, 8655 complete and 0 interrupted iterations
running (00m51.9s), 1997/2000 VUs, 9051 complete and 0 interrupted iterations
running (00m52.9s), 1997/2000 VUs, 9447 complete and 0 interrupted iterations
running (00m53.9s), 1997/2000 VUs, 9850 complete and 0 interrupted iterations
running (00m54.9s), 1998/2000 VUs, 10141 complete and 0 interrupted iterations
running (00m55.9s), 1999/2000 VUs, 10549 complete and 0 interrupted iterations
running (00m56.9s), 1996/2000 VUs, 10951 complete and 0 interrupted iterations
running (00m57.9s), 1996/2000 VUs, 11289 complete and 0 interrupted iterations
running (00m58.9s), 1996/2000 VUs, 11704 complete and 0 interrupted iterations
running (00m59.9s), 1999/2000 VUs, 12128 complete and 0 interrupted iterations
running (01m00.9s), 1995/2000 VUs, 12495 complete and 0 interrupted iterations
running (01m01.9s), 2000/2000 VUs, 12924 complete and 0 interrupted iterations
running (01m02.9s), 1997/2000 VUs, 13270 complete and 0 interrupted iterations
running (01m03.9s), 1998/2000 VUs, 13619 complete and 0 interrupted iterations
running (01m04.9s), 1997/2000 VUs, 14071 complete and 0 interrupted iterations
running (01m05.9s), 1996/2000 VUs, 14416 complete and 0 interrupted iterations
running (01m06.9s), 1997/2000 VUs, 14788 complete and 0 interrupted iterations
running (01m07.9s), 1997/2000 VUs, 15126 complete and 0 interrupted iterations
running (01m08.9s), 1994/2000 VUs, 15548 complete and 0 interrupted iterations
running (01m09.9s), 1998/2000 VUs, 15874 complete and 0 interrupted iterations
running (01m10.9s), 1995/2000 VUs, 16294 complete and 0 interrupted iterations
running (01m11.9s), 1998/2000 VUs, 16719 complete and 0 interrupted iterations
running (01m12.9s), 2000/2000 VUs, 17095 complete and 0 interrupted iterations
running (01m13.9s), 1996/2000 VUs, 17527 complete and 0 interrupted iterations
running (01m14.9s), 1995/2000 VUs, 17899 complete and 0 interrupted iterations
running (01m15.9s), 1996/2000 VUs, 18344 complete and 0 interrupted iterations
running (01m16.9s), 1998/2000 VUs, 18669 complete and 0 interrupted iterations
running (01m17.9s), 1994/2000 VUs, 19219 complete and 0 interrupted iterations
running (01m18.9s), 1993/2000 VUs, 19655 complete and 0 interrupted iterations
running (01m19.9s), 1994/2000 VUs, 20075 complete and 0 interrupted iterations
running (01m20.9s), 1998/2000 VUs, 20434 complete and 0 interrupted iterations
running (01m21.9s), 1999/2000 VUs, 20666 complete and 0 interrupted iterations
running (01m22.9s), 1999/2000 VUs, 21047 complete and 0 interrupted iterations
running (01m23.9s), 1998/2000 VUs, 21493 complete and 0 interrupted iterations
running (01m24.9s), 1999/2000 VUs, 21941 complete and 0 interrupted iterations
running (01m25.9s), 1996/2000 VUs, 22372 complete and 0 interrupted iterations
running (01m26.9s), 2000/2000 VUs, 22794 complete and 0 interrupted iterations
running (01m27.9s), 1996/2000 VUs, 23169 complete and 0 interrupted iterations
running (01m28.9s), 1997/2000 VUs, 23625 complete and 0 interrupted iterations
running (01m29.9s), 1995/2000 VUs, 24063 complete and 0 interrupted iterations
running (01m30.9s), 1997/2000 VUs, 24537 complete and 0 interrupted iterations
running (01m31.9s), 1997/2000 VUs, 24915 complete and 0 interrupted iterations
running (01m32.9s), 1996/2000 VUs, 25408 complete and 0 interrupted iterations
running (01m33.9s), 1996/2000 VUs, 25871 complete and 0 interrupted iterations
running (01m34.9s), 1994/2000 VUs, 26355 complete and 0 interrupted iterations
running (01m35.9s), 1999/2000 VUs, 26857 complete and 0 interrupted iterations
running (01m36.9s), 1993/2000 VUs, 27361 complete and 0 interrupted iterations
running (01m37.9s), 1997/2000 VUs, 27786 complete and 0 interrupted iterations
running (01m38.9s), 1998/2000 VUs, 28338 complete and 0 interrupted iterations
running (01m39.9s), 1997/2000 VUs, 28895 complete and 0 interrupted iterations
running (01m40.9s), 1994/2000 VUs, 29406 complete and 0 interrupted iterations
running (01m41.9s), 1996/2000 VUs, 29816 complete and 0 interrupted iterations
running (01m42.9s), 1994/2000 VUs, 30328 complete and 0 interrupted iterations
running (01m43.9s), 1994/2000 VUs, 30811 complete and 0 interrupted iterations
running (01m44.9s), 1997/2000 VUs, 31328 complete and 0 interrupted iterations
running (01m45.9s), 1996/2000 VUs, 31719 complete and 0 interrupted iterations
running (01m46.9s), 1993/2000 VUs, 32261 complete and 0 interrupted iterations
running (01m47.9s), 1996/2000 VUs, 32793 complete and 0 interrupted iterations
running (01m48.9s), 1994/2000 VUs, 33208 complete and 0 interrupted iterations
running (01m49.9s), 1997/2000 VUs, 33800 complete and 0 interrupted iterations
running (01m50.9s), 1997/2000 VUs, 34300 complete and 0 interrupted iterations
running (01m51.9s), 1993/2000 VUs, 34943 complete and 0 interrupted iterations
running (01m52.9s), 1996/2000 VUs, 35430 complete and 0 interrupted iterations
running (01m53.9s), 1998/2000 VUs, 35900 complete and 0 interrupted iterations
running (01m54.9s), 1997/2000 VUs, 36288 complete and 0 interrupted iterations
running (01m55.9s), 1997/2000 VUs, 36829 complete and 0 interrupted iterations
running (01m56.9s), 1994/2000 VUs, 37373 complete and 0 interrupted iterations
running (01m57.9s), 1996/2000 VUs, 37864 complete and 0 interrupted iterations
running (01m58.9s), 1996/2000 VUs, 38368 complete and 0 interrupted iterations
running (01m59.9s), 1995/2000 VUs, 38863 complete and 0 interrupted iterations
running (02m00.9s), 1998/2000 VUs, 39279 complete and 0 interrupted iterations
running (02m01.9s), 1994/2000 VUs, 39784 complete and 0 interrupted iterations
running (02m02.9s), 1996/2000 VUs, 40366 complete and 0 interrupted iterations
running (02m03.9s), 1998/2000 VUs, 40873 complete and 0 interrupted iterations
running (02m04.9s), 1996/2000 VUs, 41371 complete and 0 interrupted iterations
running (02m05.9s), 1996/2000 VUs, 41783 complete and 0 interrupted iterations
running (02m06.9s), 1993/2000 VUs, 42326 complete and 0 interrupted iterations
running (02m07.9s), 1998/2000 VUs, 42882 complete and 0 interrupted iterations
running (02m08.9s), 1999/2000 VUs, 43497 complete and 0 interrupted iterations
running (02m09.9s), 1993/2000 VUs, 43952 complete and 0 interrupted iterations
running (02m10.9s), 1992/2000 VUs, 44531 complete and 0 interrupted iterations
running (02m11.9s), 1997/2000 VUs, 45019 complete and 0 interrupted iterations
running (02m12.9s), 1990/2000 VUs, 45621 complete and 0 interrupted iterations
running (02m13.9s), 1992/2000 VUs, 46017 complete and 0 interrupted iterations
running (02m14.9s), 1994/2000 VUs, 46627 complete and 0 interrupted iterations
running (02m15.9s), 1991/2000 VUs, 47189 complete and 0 interrupted iterations
running (02m16.9s), 1995/2000 VUs, 47823 complete and 0 interrupted iterations
running (02m17.9s), 1994/2000 VUs, 48176 complete and 0 interrupted iterations
running (02m18.9s), 1993/2000 VUs, 48715 complete and 0 interrupted iterations
running (02m19.9s), 1994/2000 VUs, 49164 complete and 0 interrupted iterations
running (02m20.9s), 1993/2000 VUs, 49814 complete and 0 interrupted iterations
running (02m21.9s), 1996/2000 VUs, 50426 complete and 0 interrupted iterations
running (02m22.9s), 1995/2000 VUs, 50966 complete and 0 interrupted iterations
running (02m23.9s), 1998/2000 VUs, 51533 complete and 0 interrupted iterations
running (02m24.9s), 1991/2000 VUs, 51973 complete and 0 interrupted iterations
running (02m25.9s), 1995/2000 VUs, 52458 complete and 0 interrupted iterations
running (02m26.9s), 1993/2000 VUs, 53053 complete and 0 interrupted iterations
running (02m27.9s), 1997/2000 VUs, 53576 complete and 0 interrupted iterations
running (02m28.9s), 1997/2000 VUs, 54018 complete and 0 interrupted iterations
running (02m29.9s), 1994/2000 VUs, 54483 complete and 0 interrupted iterations
running (02m30.9s), 1995/2000 VUs, 55147 complete and 0 interrupted iterations
running (02m31.9s), 1993/2000 VUs, 55706 complete and 0 interrupted iterations
running (02m32.9s), 1997/2000 VUs, 56226 complete and 0 interrupted iterations
running (02m33.9s), 1997/2000 VUs, 56650 complete and 0 interrupted iterations
running (02m34.9s), 1994/2000 VUs, 57122 complete and 0 interrupted iterations
running (02m35.9s), 1995/2000 VUs, 57719 complete and 0 interrupted iterations
running (02m36.9s), 1996/2000 VUs, 58290 complete and 0 interrupted iterations
running (02m37.9s), 1997/2000 VUs, 58802 complete and 0 interrupted iterations
running (02m38.9s), 2000/2000 VUs, 59080 complete and 0 interrupted iterations
running (02m39.9s), 1997/2000 VUs, 59446 complete and 0 interrupted iterations
running (02m40.9s), 1998/2000 VUs, 59790 complete and 0 interrupted iterations
running (02m41.9s), 1998/2000 VUs, 60377 complete and 0 interrupted iterations
running (02m42.9s), 1995/2000 VUs, 61034 complete and 0 interrupted iterations
running (02m43.9s), 1997/2000 VUs, 61555 complete and 0 interrupted iterations
running (02m44.9s), 1996/2000 VUs, 61965 complete and 0 interrupted iterations
running (02m45.9s), 1997/2000 VUs, 62515 complete and 0 interrupted iterations
running (02m46.9s), 1998/2000 VUs, 62897 complete and 0 interrupted iterations
running (02m47.9s), 1997/2000 VUs, 63338 complete and 0 interrupted iterations
running (02m48.9s), 1998/2000 VUs, 63892 complete and 0 interrupted iterations
running (02m49.9s), 1995/2000 VUs, 64409 complete and 0 interrupted iterations
running (02m50.9s), 1998/2000 VUs, 64907 complete and 0 interrupted iterations
running (02m51.9s), 1999/2000 VUs, 65357 complete and 0 interrupted iterations
running (02m52.9s), 1995/2000 VUs, 65897 complete and 0 interrupted iterations
running (02m53.9s), 1999/2000 VUs, 66494 complete and 0 interrupted iterations
running (02m54.9s), 1996/2000 VUs, 67047 complete and 0 interrupted iterations
running (02m55.9s), 1998/2000 VUs, 67392 complete and 0 interrupted iterations
running (02m56.9s), 1995/2000 VUs, 67770 complete and 0 interrupted iterations
running (02m57.9s), 1997/2000 VUs, 68243 complete and 0 interrupted iterations
running (02m58.9s), 1997/2000 VUs, 68769 complete and 0 interrupted iterations
running (02m59.9s), 1998/2000 VUs, 69255 complete and 0 interrupted iterations
running (03m00.9s), 1995/2000 VUs, 69741 complete and 0 interrupted iterations
running (03m01.9s), 1998/2000 VUs, 70225 complete and 0 interrupted iterations
running (03m02.9s), 1994/2000 VUs, 70825 complete and 0 interrupted iterations
running (03m03.9s), 1996/2000 VUs, 71287 complete and 0 interrupted iterations
running (03m04.9s), 1997/2000 VUs, 71917 complete and 0 interrupted iterations
running (03m05.9s), 1992/2000 VUs, 72367 complete and 0 interrupted iterations
running (03m06.9s), 1995/2000 VUs, 72944 complete and 0 interrupted iterations
running (03m07.9s), 1991/2000 VUs, 73473 complete and 0 interrupted iterations
running (03m08.9s), 1996/2000 VUs, 73936 complete and 0 interrupted iterations
running (03m09.9s), 1993/2000 VUs, 74465 complete and 0 interrupted iterations
running (03m10.9s), 1998/2000 VUs, 75031 complete and 0 interrupted iterations
running (03m11.9s), 1994/2000 VUs, 75541 complete and 0 interrupted iterations
running (03m12.9s), 1994/2000 VUs, 76125 complete and 0 interrupted iterations
running (03m13.9s), 1995/2000 VUs, 76684 complete and 0 interrupted iterations
running (03m14.9s), 1997/2000 VUs, 77328 complete and 0 interrupted iterations
running (03m15.9s), 1994/2000 VUs, 77672 complete and 0 interrupted iterations
running (03m16.9s), 1991/2000 VUs, 78254 complete and 0 interrupted iterations
running (03m17.9s), 1995/2000 VUs, 78765 complete and 0 interrupted iterations
running (03m18.9s), 1997/2000 VUs, 79309 complete and 0 interrupted iterations
running (03m19.9s), 1997/2000 VUs, 79838 complete and 0 interrupted iterations
running (03m20.9s), 1992/2000 VUs, 80400 complete and 0 interrupted iterations
running (03m21.9s), 1993/2000 VUs, 81012 complete and 0 interrupted iterations
running (03m22.9s), 1991/2000 VUs, 81642 complete and 0 interrupted iterations
running (03m23.9s), 1997/2000 VUs, 82123 complete and 0 interrupted iterations
running (03m24.9s), 1996/2000 VUs, 82637 complete and 0 interrupted iterations
running (03m25.9s), 1992/2000 VUs, 83131 complete and 0 interrupted iterations
running (03m26.9s), 1994/2000 VUs, 83684 complete and 0 interrupted iterations
running (03m27.9s), 1993/2000 VUs, 84317 complete and 0 interrupted iterations
running (03m28.9s), 1993/2000 VUs, 84812 complete and 0 interrupted iterations
running (03m29.9s), 1995/2000 VUs, 85489 complete and 0 interrupted iterations
running (03m30.9s), 1993/2000 VUs, 86012 complete and 0 interrupted iterations
running (03m31.9s), 1996/2000 VUs, 86530 complete and 0 interrupted iterations
running (03m32.9s), 1999/2000 VUs, 87003 complete and 0 interrupted iterations
running (03m33.9s), 1998/2000 VUs, 87649 complete and 0 interrupted iterations
running (03m34.9s), 1995/2000 VUs, 88081 complete and 0 interrupted iterations
running (03m35.9s), 1993/2000 VUs, 88700 complete and 0 interrupted iterations
running (03m36.9s), 1994/2000 VUs, 89301 complete and 0 interrupted iterations
running (03m37.9s), 1993/2000 VUs, 89978 complete and 0 interrupted iterations
running (03m38.9s), 1993/2000 VUs, 90630 complete and 0 interrupted iterations
running (03m39.9s), 1996/2000 VUs, 91145 complete and 0 interrupted iterations
running (03m40.9s), 1999/2000 VUs, 91722 complete and 0 interrupted iterations
running (03m41.9s), 1995/2000 VUs, 92140 complete and 0 interrupted iterations
running (03m42.9s), 1995/2000 VUs, 92765 complete and 0 interrupted iterations
running (03m43.9s), 2000/2000 VUs, 93267 complete and 0 interrupted iterations
running (03m44.9s), 1994/2000 VUs, 93883 complete and 0 interrupted iterations
running (03m45.9s), 1998/2000 VUs, 94486 complete and 0 interrupted iterations
running (03m46.9s), 1991/2000 VUs, 95135 complete and 0 interrupted iterations
running (03m47.9s), 1995/2000 VUs, 95834 complete and 0 interrupted iterations
running (03m48.9s), 1995/2000 VUs, 96389 complete and 0 interrupted iterations
running (03m49.9s), 1997/2000 VUs, 97028 complete and 0 interrupted iterations
running (03m50.9s), 1998/2000 VUs, 97529 complete and 0 interrupted iterations
running (03m51.9s), 1993/2000 VUs, 98174 complete and 0 interrupted iterations
running (03m52.9s), 1998/2000 VUs, 98713 complete and 0 interrupted iterations
running (03m53.9s), 1992/2000 VUs, 99238 complete and 0 interrupted iterations
running (03m54.9s), 2000/2000 VUs, 99823 complete and 0 interrupted iterations
running (03m55.9s), 1993/2000 VUs, 100470 complete and 0 interrupted iterations
running (03m56.9s), 1994/2000 VUs, 101101 complete and 0 interrupted iterations
running (03m57.9s), 1997/2000 VUs, 101599 complete and 0 interrupted iterations
running (03m58.9s), 1994/2000 VUs, 102141 complete and 0 interrupted iterations
running (03m59.9s), 1995/2000 VUs, 102617 complete and 0 interrupted iterations
running (04m00.9s), 1994/2000 VUs, 103268 complete and 0 interrupted iterations
running (04m01.9s), 1998/2000 VUs, 103833 complete and 0 interrupted iterations
running (04m02.9s), 1997/2000 VUs, 104266 complete and 0 interrupted iterations
running (04m03.9s), 1994/2000 VUs, 104896 complete and 0 interrupted iterations
running (04m04.9s), 1993/2000 VUs, 105474 complete and 0 interrupted iterations
running (04m05.9s), 1997/2000 VUs, 106126 complete and 0 interrupted iterations
running (04m06.9s), 1992/2000 VUs, 106562 complete and 0 interrupted iterations
running (04m07.9s), 1998/2000 VUs, 107194 complete and 0 interrupted iterations
running (04m08.9s), 1998/2000 VUs, 107748 complete and 0 interrupted iterations
running (04m09.9s), 1995/2000 VUs, 108222 complete and 0 interrupted iterations
running (04m10.9s), 1996/2000 VUs, 108888 complete and 0 interrupted iterations
running (04m11.9s), 1994/2000 VUs, 109452 complete and 0 interrupted iterations
running (04m12.9s), 1996/2000 VUs, 109963 complete and 0 interrupted iterations
running (04m13.9s), 1995/2000 VUs, 110504 complete and 0 interrupted iterations
running (04m14.9s), 1994/2000 VUs, 111022 complete and 0 interrupted iterations
running (04m15.9s), 1993/2000 VUs, 111635 complete and 0 interrupted iterations
running (04m16.9s), 1995/2000 VUs, 112135 complete and 0 interrupted iterations
running (04m17.9s), 1992/2000 VUs, 112599 complete and 0 interrupted iterations
running (04m18.9s), 1997/2000 VUs, 113099 complete and 0 interrupted iterations
running (04m19.9s), 1990/2000 VUs, 113648 complete and 0 interrupted iterations
running (04m20.9s), 1998/2000 VUs, 114161 complete and 0 interrupted iterations
running (04m21.9s), 1997/2000 VUs, 114714 complete and 0 interrupted iterations
running (04m22.9s), 1991/2000 VUs, 115267 complete and 0 interrupted iterations
running (04m23.9s), 1995/2000 VUs, 115890 complete and 0 interrupted iterations
running (04m24.9s), 1993/2000 VUs, 116544 complete and 0 interrupted iterations
running (04m25.9s), 1996/2000 VUs, 117030 complete and 0 interrupted iterations
running (04m26.9s), 1995/2000 VUs, 117475 complete and 0 interrupted iterations
running (04m27.9s), 1999/2000 VUs, 117973 complete and 0 interrupted iterations
running (04m28.9s), 1994/2000 VUs, 118650 complete and 0 interrupted iterations
running (04m29.9s), 1995/2000 VUs, 119183 complete and 0 interrupted iterations
running (04m30.9s), 1996/2000 VUs, 119713 complete and 0 interrupted iterations
running (04m31.9s), 1997/2000 VUs, 120216 complete and 0 interrupted iterations
running (04m32.9s), 1994/2000 VUs, 120911 complete and 0 interrupted iterations
running (04m33.9s), 1995/2000 VUs, 121412 complete and 0 interrupted iterations
running (04m34.9s), 1995/2000 VUs, 121844 complete and 0 interrupted iterations
running (04m35.9s), 1998/2000 VUs, 122289 complete and 0 interrupted iterations
running (04m36.9s), 1996/2000 VUs, 122885 complete and 0 interrupted iterations
running (04m37.9s), 1993/2000 VUs, 123454 complete and 0 interrupted iterations
running (04m38.9s), 1997/2000 VUs, 124071 complete and 0 interrupted iterations
running (04m39.9s), 1995/2000 VUs, 124678 complete and 0 interrupted iterations
running (04m40.9s), 1994/2000 VUs, 125365 complete and 0 interrupted iterations
running (04m41.9s), 1993/2000 VUs, 125964 complete and 0 interrupted iterations
running (04m42.9s), 1994/2000 VUs, 126599 complete and 0 interrupted iterations
running (04m43.9s), 1993/2000 VUs, 127175 complete and 0 interrupted iterations
running (04m44.9s), 1998/2000 VUs, 127775 complete and 0 interrupted iterations
running (04m45.9s), 1996/2000 VUs, 128300 complete and 0 interrupted iterations
running (04m46.9s), 1998/2000 VUs, 128867 complete and 0 interrupted iterations
running (04m47.9s), 1986/2000 VUs, 129560 complete and 0 interrupted iterations
running (04m48.9s), 1997/2000 VUs, 130112 complete and 0 interrupted iterations
running (04m49.9s), 1998/2000 VUs, 130573 complete and 0 interrupted iterations
running (04m50.9s), 1992/2000 VUs, 131129 complete and 0 interrupted iterations
running (04m51.9s), 1992/2000 VUs, 131652 complete and 0 interrupted iterations
running (04m52.9s), 1989/2000 VUs, 132274 complete and 0 interrupted iterations
running (04m53.9s), 1991/2000 VUs, 132904 complete and 0 interrupted iterations
running (04m54.9s), 1997/2000 VUs, 133493 complete and 0 interrupted iterations
running (04m55.9s), 1993/2000 VUs, 134053 complete and 0 interrupted iterations
running (04m56.9s), 1994/2000 VUs, 134620 complete and 0 interrupted iterations
running (04m57.9s), 1995/2000 VUs, 135320 complete and 0 interrupted iterations
running (04m58.9s), 1994/2000 VUs, 135717 complete and 0 interrupted iterations
running (04m59.9s), 1996/2000 VUs, 136244 complete and 0 interrupted iterations
running (05m00.9s), 1993/2000 VUs, 136847 complete and 0 interrupted iterations
running (05m01.9s), 1995/2000 VUs, 137431 complete and 0 interrupted iterations
running (05m02.9s), 1992/2000 VUs, 138039 complete and 0 interrupted iterations
running (05m03.9s), 1998/2000 VUs, 138562 complete and 0 interrupted iterations
running (05m04.9s), 1994/2000 VUs, 139046 complete and 0 interrupted iterations
running (05m05.9s), 1994/2000 VUs, 139716 complete and 0 interrupted iterations
running (05m06.9s), 1996/2000 VUs, 140250 complete and 0 interrupted iterations
running (05m07.9s), 1996/2000 VUs, 140829 complete and 0 interrupted iterations
running (05m08.9s), 1997/2000 VUs, 141340 complete and 0 interrupted iterations
running (05m09.9s), 1990/2000 VUs, 141909 complete and 0 interrupted iterations
running (05m10.9s), 1996/2000 VUs, 142603 complete and 0 interrupted iterations
running (05m11.9s), 1995/2000 VUs, 143148 complete and 0 interrupted iterations
running (05m12.9s), 1995/2000 VUs, 143786 complete and 0 interrupted iterations
running (05m13.9s), 1996/2000 VUs, 144412 complete and 0 interrupted iterations
running (05m14.9s), 2000/2000 VUs, 144997 complete and 0 interrupted iterations
running (05m15.9s), 1995/2000 VUs, 145659 complete and 0 interrupted iterations
running (05m16.9s), 1993/2000 VUs, 146367 complete and 0 interrupted iterations
running (05m17.9s), 1997/2000 VUs, 146984 complete and 0 interrupted iterations
running (05m18.9s), 1996/2000 VUs, 147426 complete and 0 interrupted iterations
running (05m19.9s), 1994/2000 VUs, 147892 complete and 0 interrupted iterations
running (05m20.9s), 1998/2000 VUs, 148462 complete and 0 interrupted iterations
running (05m21.9s), 1994/2000 VUs, 149058 complete and 0 interrupted iterations
running (05m22.9s), 1994/2000 VUs, 149636 complete and 0 interrupted iterations
running (05m23.9s), 1995/2000 VUs, 150235 complete and 0 interrupted iterations
running (05m24.9s), 1992/2000 VUs, 150898 complete and 0 interrupted iterations
running (05m25.9s), 1994/2000 VUs, 151402 complete and 0 interrupted iterations
running (05m26.9s), 1995/2000 VUs, 152062 complete and 0 interrupted iterations
running (05m27.9s), 1999/2000 VUs, 152551 complete and 0 interrupted iterations
running (05m28.9s), 1994/2000 VUs, 153099 complete and 0 interrupted iterations
running (05m29.9s), 1995/2000 VUs, 153737 complete and 0 interrupted iterations
running (05m30.9s), 1998/2000 VUs, 154261 complete and 0 interrupted iterations
running (05m31.9s), 1994/2000 VUs, 154921 complete and 0 interrupted iterations
running (05m32.9s), 1995/2000 VUs, 155573 complete and 0 interrupted iterations
running (05m33.9s), 1993/2000 VUs, 156005 complete and 0 interrupted iterations
running (05m34.9s), 1994/2000 VUs, 156469 complete and 0 interrupted iterations
running (05m35.9s), 1992/2000 VUs, 157030 complete and 0 interrupted iterations
running (05m36.9s), 1996/2000 VUs, 157670 complete and 0 interrupted iterations
running (05m37.9s), 1989/2000 VUs, 158336 complete and 0 interrupted iterations
running (05m38.9s), 1988/2000 VUs, 158920 complete and 0 interrupted iterations
running (05m39.9s), 1923/2000 VUs, 159606 complete and 0 interrupted iterations
running (05m40.9s), 1914/2000 VUs, 160231 complete and 0 interrupted iterations
running (05m41.9s), 1941/2000 VUs, 160825 complete and 0 interrupted iterations
running (05m42.9s), 1919/2000 VUs, 161472 complete and 0 interrupted iterations
running (05m43.9s), 1999/2000 VUs, 161998 complete and 0 interrupted iterations
running (05m44.9s), 1992/2000 VUs, 162588 complete and 0 interrupted iterations
running (05m45.9s), 1994/2000 VUs, 163150 complete and 0 interrupted iterations
running (05m46.9s), 1937/2000 VUs, 163844 complete and 0 interrupted iterations
running (05m47.9s), 1975/2000 VUs, 164402 complete and 0 interrupted iterations
running (05m48.9s), 1996/2000 VUs, 164931 complete and 0 interrupted iterations
running (05m49.9s), 1975/2000 VUs, 165600 complete and 0 interrupted iterations
running (05m50.9s), 1998/2000 VUs, 166173 complete and 0 interrupted iterations
running (05m51.9s), 1996/2000 VUs, 166765 complete and 0 interrupted iterations
running (05m52.9s), 1994/2000 VUs, 167329 complete and 0 interrupted iterations
running (05m53.9s), 1995/2000 VUs, 167794 complete and 0 interrupted iterations
running (05m54.9s), 1991/2000 VUs, 168372 complete and 0 interrupted iterations
running (05m55.9s), 1996/2000 VUs, 168938 complete and 0 interrupted iterations
running (05m56.9s), 1980/2000 VUs, 169565 complete and 0 interrupted iterations
running (05m57.9s), 1996/2000 VUs, 170031 complete and 0 interrupted iterations
running (05m58.9s), 1995/2000 VUs, 170612 complete and 0 interrupted iterations
running (05m59.9s), 1997/2000 VUs, 171133 complete and 0 interrupted iterations
running (06m00.9s), 1995/2000 VUs, 171791 complete and 0 interrupted iterations
running (06m01.9s), 1991/2000 VUs, 172355 complete and 0 interrupted iterations
running (06m02.9s), 1995/2000 VUs, 172785 complete and 0 interrupted iterations
running (06m03.9s), 1993/2000 VUs, 173243 complete and 0 interrupted iterations
running (06m04.9s), 1997/2000 VUs, 173759 complete and 0 interrupted iterations
running (06m05.9s), 1993/2000 VUs, 174356 complete and 0 interrupted iterations
running (06m06.9s), 1996/2000 VUs, 174763 complete and 0 interrupted iterations
running (06m07.9s), 1996/2000 VUs, 175262 complete and 0 interrupted iterations
running (06m08.9s), 1992/2000 VUs, 175710 complete and 0 interrupted iterations
running (06m09.9s), 1995/2000 VUs, 176106 complete and 0 interrupted iterations
running (06m10.9s), 1993/2000 VUs, 176554 complete and 0 interrupted iterations
running (06m11.9s), 1993/2000 VUs, 177132 complete and 0 interrupted iterations
running (06m12.9s), 1996/2000 VUs, 177593 complete and 0 interrupted iterations
running (06m13.9s), 1995/2000 VUs, 178187 complete and 0 interrupted iterations
running (06m14.9s), 1995/2000 VUs, 178766 complete and 0 interrupted iterations
running (06m15.9s), 1997/2000 VUs, 179273 complete and 0 interrupted iterations
running (06m16.9s), 1995/2000 VUs, 179886 complete and 0 interrupted iterations
running (06m17.9s), 1995/2000 VUs, 180376 complete and 0 interrupted iterations
running (06m18.9s), 1994/2000 VUs, 180949 complete and 0 interrupted iterations
running (06m19.9s), 1993/2000 VUs, 181552 complete and 0 interrupted iterations
running (06m20.9s), 1993/2000 VUs, 182152 complete and 0 interrupted iterations
running (06m21.9s), 1987/2000 VUs, 182696 complete and 0 interrupted iterations
running (06m22.9s), 1996/2000 VUs, 183259 complete and 0 interrupted iterations
running (06m23.9s), 1992/2000 VUs, 183893 complete and 0 interrupted iterations
running (06m24.9s), 2000/2000 VUs, 184475 complete and 0 interrupted iterations
running (06m25.9s), 1994/2000 VUs, 185020 complete and 0 interrupted iterations
running (06m26.9s), 2000/2000 VUs, 185622 complete and 0 interrupted iterations
running (06m27.9s), 1997/2000 VUs, 186345 complete and 0 interrupted iterations
running (06m28.9s), 1994/2000 VUs, 187018 complete and 0 interrupted iterations
running (06m29.9s), 1997/2000 VUs, 187589 complete and 0 interrupted iterations
running (06m30.9s), 1995/2000 VUs, 188196 complete and 0 interrupted iterations
running (06m31.9s), 1991/2000 VUs, 188864 complete and 0 interrupted iterations
running (06m32.9s), 1992/2000 VUs, 189468 complete and 0 interrupted iterations
running (06m33.9s), 1998/2000 VUs, 190117 complete and 0 interrupted iterations
running (06m34.9s), 1997/2000 VUs, 190602 complete and 0 interrupted iterations
running (06m35.9s), 1994/2000 VUs, 191149 complete and 0 interrupted iterations
running (06m36.9s), 1994/2000 VUs, 191662 complete and 0 interrupted iterations
running (06m37.9s), 1996/2000 VUs, 192334 complete and 0 interrupted iterations
running (06m38.9s), 1995/2000 VUs, 192779 complete and 0 interrupted iterations
running (06m39.9s), 1996/2000 VUs, 193188 complete and 0 interrupted iterations
running (06m40.9s), 1993/2000 VUs, 193651 complete and 0 interrupted iterations
running (06m41.9s), 1979/2000 VUs, 194401 complete and 0 interrupted iterations
running (06m42.9s), 1998/2000 VUs, 194981 complete and 0 interrupted iterations
running (06m43.9s), 1994/2000 VUs, 195549 complete and 0 interrupted iterations
running (06m44.9s), 1994/2000 VUs, 196202 complete and 0 interrupted iterations
running (06m45.9s), 1998/2000 VUs, 196711 complete and 0 interrupted iterations
running (06m46.9s), 1994/2000 VUs, 197321 complete and 0 interrupted iterations
running (06m47.9s), 1994/2000 VUs, 197858 complete and 0 interrupted iterations
running (06m48.9s), 1972/2000 VUs, 198499 complete and 0 interrupted iterations
running (06m49.9s), 1998/2000 VUs, 198897 complete and 0 interrupted iterations
running (06m50.9s), 1993/2000 VUs, 199356 complete and 0 interrupted iterations
running (06m51.9s), 1986/2000 VUs, 199875 complete and 0 interrupted iterations
running (06m52.9s), 1982/2000 VUs, 200420 complete and 0 interrupted iterations
running (06m53.9s), 2000/2000 VUs, 200963 complete and 0 interrupted iterations
running (06m54.9s), 1977/2000 VUs, 201470 complete and 0 interrupted iterations
running (06m55.9s), 1997/2000 VUs, 201917 complete and 0 interrupted iterations
running (06m56.9s), 1996/2000 VUs, 202294 complete and 0 interrupted iterations
running (06m57.9s), 1993/2000 VUs, 202833 complete and 0 interrupted iterations
running (06m58.9s), 1995/2000 VUs, 203417 complete and 0 interrupted iterations
running (06m59.9s), 1999/2000 VUs, 203932 complete and 0 interrupted iterations
running (07m00.9s), 1999/2000 VUs, 204252 complete and 0 interrupted iterations
running (07m01.9s), 1996/2000 VUs, 204668 complete and 0 interrupted iterations
running (07m02.9s), 1994/2000 VUs, 205283 complete and 0 interrupted iterations
running (07m03.9s), 1996/2000 VUs, 205890 complete and 0 interrupted iterations
running (07m04.9s), 1995/2000 VUs, 206427 complete and 0 interrupted iterations
running (07m05.9s), 1996/2000 VUs, 206942 complete and 0 interrupted iterations
running (07m06.9s), 1995/2000 VUs, 207522 complete and 0 interrupted iterations
running (07m07.9s), 1992/2000 VUs, 208068 complete and 0 interrupted iterations
running (07m08.9s), 1993/2000 VUs, 208743 complete and 0 interrupted iterations
running (07m09.9s), 1993/2000 VUs, 209374 complete and 0 interrupted iterations
running (07m10.9s), 1993/2000 VUs, 209957 complete and 0 interrupted iterations
running (07m11.9s), 1993/2000 VUs, 210598 complete and 0 interrupted iterations
running (07m12.9s), 1997/2000 VUs, 211118 complete and 0 interrupted iterations
running (07m13.9s), 1995/2000 VUs, 211675 complete and 0 interrupted iterations
running (07m14.9s), 1998/2000 VUs, 212290 complete and 0 interrupted iterations
running (07m15.9s), 1994/2000 VUs, 212898 complete and 0 interrupted iterations
running (07m16.9s), 1992/2000 VUs, 213469 complete and 0 interrupted iterations
running (07m17.9s), 2000/2000 VUs, 214033 complete and 0 interrupted iterations
running (07m18.9s), 1994/2000 VUs, 214719 complete and 0 interrupted iterations
running (07m19.9s), 1994/2000 VUs, 215240 complete and 0 interrupted iterations
running (07m20.9s), 1997/2000 VUs, 215889 complete and 0 interrupted iterations
running (07m21.9s), 1995/2000 VUs, 216676 complete and 0 interrupted iterations
running (07m22.9s), 1997/2000 VUs, 217228 complete and 0 interrupted iterations
running (07m23.9s), 1998/2000 VUs, 217743 complete and 0 interrupted iterations
running (07m24.9s), 1993/2000 VUs, 218235 complete and 0 interrupted iterations
running (07m25.9s), 1999/2000 VUs, 218915 complete and 0 interrupted iterations
running (07m26.9s), 1995/2000 VUs, 219377 complete and 0 interrupted iterations
running (07m27.9s), 1998/2000 VUs, 219945 complete and 0 interrupted iterations
running (07m28.9s), 1997/2000 VUs, 220503 complete and 0 interrupted iterations
running (07m29.9s), 1990/2000 VUs, 221089 complete and 0 interrupted iterations
running (07m30.9s), 1992/2000 VUs, 221726 complete and 0 interrupted iterations
running (07m31.9s), 1995/2000 VUs, 222272 complete and 0 interrupted iterations
running (07m32.9s), 1993/2000 VUs, 222819 complete and 0 interrupted iterations
running (07m33.9s), 1993/2000 VUs, 223347 complete and 0 interrupted iterations
running (07m34.9s), 1997/2000 VUs, 224016 complete and 0 interrupted iterations
running (07m35.9s), 1996/2000 VUs, 224660 complete and 0 interrupted iterations
running (07m36.9s), 1993/2000 VUs, 225044 complete and 0 interrupted iterations
running (07m37.9s), 1991/2000 VUs, 225624 complete and 0 interrupted iterations
running (07m38.9s), 1969/2000 VUs, 226220 complete and 0 interrupted iterations
running (07m39.9s), 1935/2000 VUs, 226790 complete and 0 interrupted iterations
running (07m40.9s), 1819/2000 VUs, 227454 complete and 0 interrupted iterations
running (07m41.9s), 1833/2000 VUs, 228024 complete and 0 interrupted iterations
running (07m42.9s), 1845/2000 VUs, 228634 complete and 0 interrupted iterations
running (07m43.9s), 1939/2000 VUs, 229199 complete and 0 interrupted iterations
running (07m44.9s), 1998/2000 VUs, 229731 complete and 0 interrupted iterations
running (07m45.9s), 1993/2000 VUs, 230277 complete and 0 interrupted iterations
running (07m46.9s), 1995/2000 VUs, 230782 complete and 0 interrupted iterations
running (07m47.9s), 1994/2000 VUs, 231435 complete and 0 interrupted iterations
running (07m48.9s), 1995/2000 VUs, 231913 complete and 0 interrupted iterations
running (07m49.9s), 1994/2000 VUs, 232422 complete and 0 interrupted iterations
running (07m50.9s), 2000/2000 VUs, 232822 complete and 0 interrupted iterations
running (07m51.9s), 1994/2000 VUs, 233414 complete and 0 interrupted iterations
running (07m52.9s), 1997/2000 VUs, 234095 complete and 0 interrupted iterations
running (07m53.9s), 1994/2000 VUs, 234635 complete and 0 interrupted iterations
running (07m54.9s), 1995/2000 VUs, 235171 complete and 0 interrupted iterations
running (07m55.9s), 1994/2000 VUs, 235815 complete and 0 interrupted iterations
running (07m56.9s), 1996/2000 VUs, 236418 complete and 0 interrupted iterations
running (07m57.9s), 1993/2000 VUs, 236886 complete and 0 interrupted iterations
running (07m58.9s), 1990/2000 VUs, 237539 complete and 0 interrupted iterations
running (07m59.9s), 1998/2000 VUs, 238053 complete and 0 interrupted iterations
running (08m00.9s), 1995/2000 VUs, 238694 complete and 0 interrupted iterations
running (08m01.9s), 1997/2000 VUs, 239306 complete and 0 interrupted iterations
running (08m02.9s), 1993/2000 VUs, 239923 complete and 0 interrupted iterations
running (08m03.9s), 1998/2000 VUs, 240593 complete and 0 interrupted iterations
running (08m04.9s), 1998/2000 VUs, 241043 complete and 0 interrupted iterations
running (08m05.9s), 1995/2000 VUs, 241517 complete and 0 interrupted iterations
running (08m06.9s), 1994/2000 VUs, 242109 complete and 0 interrupted iterations
running (08m07.9s), 1995/2000 VUs, 242736 complete and 0 interrupted iterations
running (08m08.9s), 1992/2000 VUs, 243351 complete and 0 interrupted iterations
running (08m09.9s), 1993/2000 VUs, 243804 complete and 0 interrupted iterations
running (08m10.9s), 1994/2000 VUs, 244384 complete and 0 interrupted iterations
running (08m11.9s), 1995/2000 VUs, 245052 complete and 0 interrupted iterations
running (08m12.9s), 1994/2000 VUs, 245642 complete and 0 interrupted iterations
running (08m13.9s), 1997/2000 VUs, 246132 complete and 0 interrupted iterations
running (08m14.9s), 1996/2000 VUs, 246659 complete and 0 interrupted iterations
running (08m15.9s), 1993/2000 VUs, 247265 complete and 0 interrupted iterations
running (08m16.9s), 1995/2000 VUs, 248029 complete and 0 interrupted iterations
running (08m17.9s), 1996/2000 VUs, 248673 complete and 0 interrupted iterations
running (08m18.9s), 1996/2000 VUs, 249336 complete and 0 interrupted iterations
running (08m19.9s), 1994/2000 VUs, 249942 complete and 0 interrupted iterations
running (08m20.9s), 1995/2000 VUs, 250462 complete and 0 interrupted iterations
running (08m21.9s), 1994/2000 VUs, 251191 complete and 0 interrupted iterations
running (08m22.9s), 1995/2000 VUs, 251795 complete and 0 interrupted iterations
running (08m23.9s), 1994/2000 VUs, 252445 complete and 0 interrupted iterations
running (08m24.9s), 1994/2000 VUs, 252975 complete and 0 interrupted iterations
running (08m25.9s), 1995/2000 VUs, 253585 complete and 0 interrupted iterations
running (08m26.9s), 1998/2000 VUs, 254192 complete and 0 interrupted iterations
running (08m27.9s), 1996/2000 VUs, 254722 complete and 0 interrupted iterations
running (08m28.9s), 1995/2000 VUs, 255367 complete and 0 interrupted iterations
running (08m29.9s), 1997/2000 VUs, 255934 complete and 0 interrupted iterations
running (08m30.9s), 1996/2000 VUs, 256451 complete and 0 interrupted iterations
running (08m31.9s), 1994/2000 VUs, 256944 complete and 0 interrupted iterations
running (08m32.9s), 1998/2000 VUs, 257429 complete and 0 interrupted iterations
running (08m33.9s), 1994/2000 VUs, 258030 complete and 0 interrupted iterations
running (08m34.9s), 1993/2000 VUs, 258581 complete and 0 interrupted iterations
running (08m35.9s), 1998/2000 VUs, 259139 complete and 0 interrupted iterations
running (08m36.9s), 1995/2000 VUs, 259807 complete and 0 interrupted iterations
running (08m37.9s), 1993/2000 VUs, 260375 complete and 0 interrupted iterations
running (08m38.9s), 1995/2000 VUs, 260991 complete and 0 interrupted iterations
running (08m39.9s), 1993/2000 VUs, 261620 complete and 0 interrupted iterations
running (08m40.9s), 1993/2000 VUs, 262158 complete and 0 interrupted iterations
running (08m41.9s), 1994/2000 VUs, 262832 complete and 0 interrupted iterations
running (08m42.9s), 1995/2000 VUs, 263403 complete and 0 interrupted iterations
running (08m43.9s), 1991/2000 VUs, 263867 complete and 0 interrupted iterations
running (08m44.9s), 1994/2000 VUs, 264451 complete and 0 interrupted iterations
running (08m45.9s), 1994/2000 VUs, 264945 complete and 0 interrupted iterations
running (08m46.9s), 1995/2000 VUs, 265525 complete and 0 interrupted iterations
running (08m47.9s), 1995/2000 VUs, 266111 complete and 0 interrupted iterations
running (08m48.9s), 1996/2000 VUs, 266749 complete and 0 interrupted iterations
running (08m49.9s), 1995/2000 VUs, 267391 complete and 0 interrupted iterations
running (08m50.9s), 1997/2000 VUs, 267939 complete and 0 interrupted iterations
running (08m51.9s), 1997/2000 VUs, 268601 complete and 0 interrupted iterations
running (08m52.9s), 2000/2000 VUs, 269155 complete and 0 interrupted iterations
running (08m53.9s), 1993/2000 VUs, 269889 complete and 0 interrupted iterations
running (08m54.9s), 1996/2000 VUs, 270404 complete and 0 interrupted iterations
running (08m55.9s), 1991/2000 VUs, 270924 complete and 0 interrupted iterations
running (08m56.9s), 1994/2000 VUs, 271458 complete and 0 interrupted iterations
running (08m57.9s), 1995/2000 VUs, 271982 complete and 0 interrupted iterations
running (08m58.9s), 1993/2000 VUs, 272454 complete and 0 interrupted iterations
running (08m59.9s), 1993/2000 VUs, 272929 complete and 0 interrupted iterations
running (09m00.9s), 1990/2000 VUs, 273563 complete and 0 interrupted iterations
running (09m01.9s), 1992/2000 VUs, 274244 complete and 0 interrupted iterations
running (09m02.9s), 1993/2000 VUs, 274830 complete and 0 interrupted iterations
running (09m03.9s), 1993/2000 VUs, 275398 complete and 0 interrupted iterations
running (09m04.9s), 1996/2000 VUs, 276086 complete and 0 interrupted iterations
running (09m05.9s), 1995/2000 VUs, 276795 complete and 0 interrupted iterations
running (09m06.9s), 1997/2000 VUs, 277365 complete and 0 interrupted iterations
running (09m07.9s), 1997/2000 VUs, 277740 complete and 0 interrupted iterations
running (09m08.9s), 1996/2000 VUs, 278343 complete and 0 interrupted iterations
running (09m09.9s), 1997/2000 VUs, 278847 complete and 0 interrupted iterations
running (09m10.9s), 1993/2000 VUs, 279427 complete and 0 interrupted iterations
running (09m11.9s), 1996/2000 VUs, 280029 complete and 0 interrupted iterations
running (09m12.9s), 1995/2000 VUs, 280450 complete and 0 interrupted iterations
running (09m13.9s), 1994/2000 VUs, 281095 complete and 0 interrupted iterations
running (09m14.9s), 1991/2000 VUs, 281546 complete and 0 interrupted iterations
running (09m15.9s), 1991/2000 VUs, 282171 complete and 0 interrupted iterations
running (09m16.9s), 1995/2000 VUs, 282717 complete and 0 interrupted iterations
running (09m17.9s), 1993/2000 VUs, 283286 complete and 0 interrupted iterations
running (09m18.9s), 1992/2000 VUs, 283853 complete and 0 interrupted iterations
running (09m19.9s), 1995/2000 VUs, 284565 complete and 0 interrupted iterations
running (09m20.9s), 1991/2000 VUs, 285169 complete and 0 interrupted iterations
running (09m21.9s), 1997/2000 VUs, 285715 complete and 0 interrupted iterations
running (09m22.9s), 1997/2000 VUs, 286031 complete and 0 interrupted iterations
running (09m23.9s), 1994/2000 VUs, 286540 complete and 0 interrupted iterations
running (09m24.9s), 1994/2000 VUs, 287022 complete and 0 interrupted iterations
running (09m25.9s), 1998/2000 VUs, 287579 complete and 0 interrupted iterations
running (09m26.9s), 1995/2000 VUs, 288133 complete and 0 interrupted iterations
running (09m27.9s), 1997/2000 VUs, 288707 complete and 0 interrupted iterations
running (09m28.9s), 1996/2000 VUs, 289293 complete and 0 interrupted iterations
running (09m29.9s), 1994/2000 VUs, 289923 complete and 0 interrupted iterations
running (09m30.9s), 1994/2000 VUs, 290455 complete and 0 interrupted iterations
running (09m31.9s), 1997/2000 VUs, 290925 complete and 0 interrupted iterations
running (09m32.9s), 1995/2000 VUs, 291563 complete and 0 interrupted iterations
running (09m33.9s), 1995/2000 VUs, 292241 complete and 0 interrupted iterations
running (09m34.9s), 1996/2000 VUs, 292822 complete and 0 interrupted iterations
running (09m35.9s), 1996/2000 VUs, 293432 complete and 0 interrupted iterations
running (09m36.9s), 1993/2000 VUs, 294064 complete and 0 interrupted iterations
running (09m37.9s), 1996/2000 VUs, 294801 complete and 0 interrupted iterations
running (09m38.9s), 1994/2000 VUs, 295403 complete and 0 interrupted iterations
running (09m39.9s), 1996/2000 VUs, 295860 complete and 0 interrupted iterations
running (09m40.9s), 1996/2000 VUs, 296470 complete and 0 interrupted iterations
running (09m41.9s), 1997/2000 VUs, 297026 complete and 0 interrupted iterations
running (09m42.9s), 1996/2000 VUs, 297429 complete and 0 interrupted iterations
running (09m43.9s), 1996/2000 VUs, 297989 complete and 0 interrupted iterations
running (09m44.9s), 1992/2000 VUs, 298565 complete and 0 interrupted iterations
running (09m45.9s), 1993/2000 VUs, 299277 complete and 0 interrupted iterations
running (09m46.9s), 1994/2000 VUs, 299792 complete and 0 interrupted iterations
running (09m47.9s), 1996/2000 VUs, 300350 complete and 0 interrupted iterations
running (09m48.9s), 1997/2000 VUs, 300908 complete and 0 interrupted iterations
running (09m49.9s), 1995/2000 VUs, 301495 complete and 0 interrupted iterations
running (09m50.9s), 1996/2000 VUs, 302015 complete and 0 interrupted iterations
running (09m51.9s), 1996/2000 VUs, 302597 complete and 0 interrupted iterations
running (09m52.9s), 1995/2000 VUs, 303158 complete and 0 interrupted iterations
running (09m53.9s), 1998/2000 VUs, 303688 complete and 0 interrupted iterations
running (09m54.9s), 1996/2000 VUs, 304230 complete and 0 interrupted iterations
running (09m55.9s), 1994/2000 VUs, 304787 complete and 0 interrupted iterations
running (09m56.9s), 1996/2000 VUs, 305295 complete and 0 interrupted iterations
running (09m57.9s), 1995/2000 VUs, 305841 complete and 0 interrupted iterations
running (09m58.9s), 1992/2000 VUs, 306452 complete and 0 interrupted iterations
running (09m59.9s), 1989/2000 VUs, 307105 complete and 0 interrupted iterations
running (10m00.9s), 1993/2000 VUs, 307877 complete and 0 interrupted iterations
running (10m01.9s), 1993/2000 VUs, 308447 complete and 0 interrupted iterations
running (10m02.9s), 1998/2000 VUs, 309036 complete and 0 interrupted iterations
running (10m03.9s), 1998/2000 VUs, 309656 complete and 0 interrupted iterations
running (10m04.9s), 1996/2000 VUs, 310297 complete and 0 interrupted iterations
running (10m05.9s), 1996/2000 VUs, 311059 complete and 0 interrupted iterations
running (10m06.9s), 1995/2000 VUs, 311643 complete and 0 interrupted iterations
running (10m07.9s), 1995/2000 VUs, 312233 complete and 0 interrupted iterations
running (10m08.9s), 1996/2000 VUs, 312842 complete and 0 interrupted iterations
running (10m09.9s), 1996/2000 VUs, 313471 complete and 0 interrupted iterations
running (10m10.9s), 1992/2000 VUs, 313994 complete and 0 interrupted iterations
running (10m11.9s), 1998/2000 VUs, 314640 complete and 0 interrupted iterations
running (10m12.9s), 1994/2000 VUs, 315104 complete and 0 interrupted iterations
running (10m13.9s), 1998/2000 VUs, 315693 complete and 0 interrupted iterations
running (10m14.9s), 1998/2000 VUs, 316170 complete and 0 interrupted iterations
running (10m15.9s), 1996/2000 VUs, 316707 complete and 0 interrupted iterations
running (10m16.9s), 1996/2000 VUs, 317152 complete and 0 interrupted iterations
running (10m17.9s), 1994/2000 VUs, 317798 complete and 0 interrupted iterations
running (10m18.9s), 1995/2000 VUs, 318378 complete and 0 interrupted iterations
running (10m19.9s), 1996/2000 VUs, 319047 complete and 0 interrupted iterations
running (10m20.9s), 1995/2000 VUs, 319663 complete and 0 interrupted iterations
running (10m21.9s), 1991/2000 VUs, 320303 complete and 0 interrupted iterations
running (10m22.9s), 1994/2000 VUs, 320901 complete and 0 interrupted iterations
running (10m23.9s), 1996/2000 VUs, 321483 complete and 0 interrupted iterations
running (10m24.9s), 1802/2000 VUs, 322118 complete and 0 interrupted iterations
traffic ↓ [ 100% ] 1956/2000 VUs  10m0s  0855.07 iters/s
running (10m25.9s), 1349/2000 VUs, 322571 complete and 0 interrupted iterations
traffic ↓ [ 100% ] 1956/2000 VUs  10m0s  0855.07 iters/s
running (10m26.9s), 0960/2000 VUs, 322960 complete and 0 interrupted iterations
traffic ↓ [ 100% ] 1956/2000 VUs  10m0s  0855.07 iters/s
running (10m27.9s), 0357/2000 VUs, 323563 complete and 0 interrupted iterations
traffic ↓ [ 100% ] 1956/2000 VUs  10m0s  0855.07 iters/s
== traffic random rate=1000/s(±50%) seed=1789872941609 600s → reqs=326602 rps=519.7 fail=0% p95=4895.5ms dropped=282970 maxVUs=2000
   4xx=7847 5xx=0 login_fail=0 refresh_fail=8 relogin_401=0 attendance_dup=7235
name                    n      rps     p50     p95     p99     max   fail%
worklogs               47251    75.2  3542.1  4932.8  5671.9    7997       0
attendance_list        45938    73.1  3516.9  4877.4  5619.9    8088       0
chat_rooms             43811    69.7  3539.7  4992.4  5701.9    7604       0
chat_messages          33112    52.7  3529.9  4883.8    5650    7315       0
worklog_search         26203    41.7  3546.4  4914.9  5625.8    9359       0
safety_courses         19905    31.7  3520.5  4857.6  5657.8    7734       0
worklog_comments       15685      25  3515.2    4751  5458.2    7267       0
calendar               13264    21.1  3519.7    4840  5574.3    7414       0
worklogs_others        13170      21  3543.3  4879.1  5624.9    6881       0
absence_list           13094    20.8  3521.6  4895.7  5586.7    8371       0
worklogs_page2         12535    19.9    3541  4821.4  5550.9    8102       0
health                  9828    15.6  3393.5  4691.3  5323.3    7000       0
safety_search           9817    15.6  3525.7  4854.7  5642.6    7259       0
safety_uncompleted      9755    15.5  3518.3  4835.1  5549.7    7511       0
clockin                 6596    10.5    3640  5052.6  5770.6    8598       0
clockout                3214     5.1  3525.2    4849  5586.3    7742       0
login                   1707     2.7  3840.2  5207.3  5761.9    8040       0
refresh                 1043     1.7  3260.3  4107.7  4749.9    5243    0.77
chat_room_create         374     0.6  4306.6  6202.3  6564.1    7494       0
setup_login              300     0.5     298   389.5   395.8     400       0
running (10m28.4s), 0000/2000 VUs, 323920 complete and 0 interrupted iterations
traffic ✓ [ 100% ] 0000/2000 VUs  10m0s  0855.07 iters/s
time="2026-09-20T02:55:41Z" level=error msg="thresholds on metrics 'http_req_duration{name:absence_list}, http_req_duration{name:attendance_list}, http_req_duration{name:calendar}, http_req_duration{name:chat_messages}, http_req_duration{name:chat_room_create}, http_req_duration{name:chat_rooms}, http_req_duration{name:clockin}, http_req_duration{name:clockout}, http_req_duration{name:health}, http_req_duration{name:login}, http_req_duration{name:refresh}, http_req_duration{name:safety_courses}, http_req_duration{name:safety_search}, http_req_duration{name:safety_uncompleted}, http_req_duration{name:worklog_comments}, http_req_duration{name:worklog_search}, http_req_duration{name:worklogs_others}, http_req_duration{name:worklogs_page2}, http_req_duration{name:worklogs}' have been crossed"
