05:13:43  E8 샘플러 시작 — 60초 간격, 출력 measure/e8cause-20260919T051340/e8-20260919T051343/e8-samples.csv
05:13:43  색인을 멈춘 뒤 Ctrl-C(또는 kill)로 종료하면 요약을 찍는다.
05:14:44  청크 599 / 구간 원본 +500 → 원본당 122.0ms (TEI 2.00)
05:15:44  청크 1572 / 구간 원본 +800 → 원본당 75.0ms (TEI 2.00)
05:16:45  청크 2525 / 구간 원본 +800 → 원본당 75.0ms (TEI 2.00)
05:17:45  청크 3505 / 구간 원본 +800 → 원본당 76.2ms (TEI 2.00)
05:18:46  청크 4472 / 구간 원본 +800 → 원본당 75.0ms (TEI 2.00)
05:19:46  청크 5534 / 구간 원본 +900 → 원본당 67.8ms (TEI 2.00)
05:20:47  청크 6493 / 구간 원본 +800 → 원본당 75.0ms (TEI 2.00)
05:21:47  청크 7446 / 구간 원본 +800 → 원본당 76.2ms (TEI 2.00)
05:22:47  청크 8391 / 구간 원본 +800 → 원본당 75.0ms (TEI 2.00)
05:23:48  청크 9469 / 구간 원본 +900 → 원본당 66.7ms (TEI 2.00)
05:24:48  청크 10436 / 구간 원본 +800 → 원본당 76.2ms (TEI 2.00)
05:25:49  청크 11388 / 구간 원본 +800 → 원본당 75.0ms (TEI 2.00)
05:26:49  청크 12452 / 구간 원본 +900 → 원본당 67.8ms (TEI 2.00)
05:27:50  청크 13408 / 구간 원본 +800 → 원본당 75.0ms (TEI 2.00)
05:28:50  청크 14371 / 구간 원본 +800 → 원본당 76.2ms (TEI 2.00)
05:29:51  청크 15333 / 구간 원본 +800 → 원본당 75.0ms (TEI 2.00)
05:30:51  청크 16404 / 구간 원본 +900 → 원본당 67.8ms (TEI 2.00)
05:31:51  청크 17347 / 구간 원본 +800 → 원본당 75.0ms (TEI 2.00)
05:32:52  청크 18295 / 구간 원본 +800 → 원본당 75.0ms (TEI 2.00)
05:33:52  청크 19258 / 구간 원본 +800 → 원본당 76.2ms (TEI 2.00)
05:34:53  청크 20232 / 구간 원본 +800 → 원본당 75.0ms (TEI 2.00)
05:35:53  청크 21302 / 구간 원본 +900 → 원본당 67.8ms (TEI 2.00)
05:36:54  청크 22253 / 구간 원본 +800 → 원본당 75.0ms (TEI 2.00)
05:37:54  청크 23208 / 구간 원본 +800 → 원본당 76.2ms (TEI 2.00)
05:38:54  청크 24266 / 구간 원본 +900 → 원본당 66.7ms (TEI 2.00)
05:39:55  청크 25218 / 구간 원본 +800 → 원본당 75.0ms (TEI 2.00)
05:40:55  청크 26166 / 구간 원본 +800 → 원본당 76.2ms (TEI 2.00)
05:41:56  청크 27134 / 구간 원본 +800 → 원본당 75.0ms (TEI 2.00)
05:42:56  청크 28202 / 구간 원본 +900 → 원본당 67.8ms (TEI 2.00)
05:43:57  청크 29166 / 구간 원본 +800 → 원본당 75.0ms (TEI 2.00)
05:44:57  청크 30120 / 구간 원본 +800 → 원본당 76.2ms (TEI 2.00)
05:45:58  청크 30964 / 구간 원본 +700 → 원본당 85.7ms (TEI 2.00)
05:46:58  청크 32049 / 구간 원본 +900 → 원본당 67.8ms (TEI 2.00)
05:47:58  청크 33019 / 구간 원본 +800 → 원본당 75.0ms (TEI 2.00)
05:48:59  청크 33961 / 구간 원본 +800 → 원본당 75.0ms (TEI 2.00)
05:49:59  청크 34923 / 구간 원본 +800 → 원본당 76.2ms (TEI 2.00)
05:51:00  청크 35884 / 구간 원본 +800 → 원본당 75.0ms (TEI 2.00)
05:52:00  청크 36842 / 구간 원본 +800 → 원본당 76.2ms (TEI 2.00)
05:53:01  청크 37807 / 구간 원본 +800 → 원본당 75.0ms (TEI 2.00)
05:54:01  청크 38767 / 구간 원본 +800 → 원본당 76.2ms (TEI 2.00)
05:55:02  청크 39741 / 구간 원본 +800 → 원본당 75.0ms (TEI 2.00)
05:56:02  청크 40695 / 구간 원본 +800 → 원본당 76.2ms (TEI 2.00)
05:57:03  청크 41648 / 구간 원본 +800 → 원본당 75.0ms (TEI 2.00)
05:58:03  청크 42611 / 구간 원본 +800 → 원본당 76.2ms (TEI 2.00)
05:59:03  청크 43685 / 구간 원본 +900 → 원본당 66.7ms (TEI 2.00)
06:00:04  청크 44649 / 구간 원본 +800 → 원본당 75.0ms (TEI 2.00)
06:01:04  청크 45486 / 구간 원본 +700 → 원본당 87.1ms (TEI 2.00)
06:02:05  청크 46567 / 구간 원본 +900 → 원본당 66.7ms (TEI 2.00)
06:03:05  청크 47520 / 구간 원본 +800 → 원본당 76.2ms (TEI 2.00)
06:04:06  청크 48488 / 구간 원본 +800 → 원본당 75.0ms (TEI 2.00)
06:05:06  청크 49547 / 구간 원본 +900 → 원본당 67.8ms (TEI 2.00)
06:06:07  청크 50600 / 구간 원본 +900 → 원본당 66.7ms (TEI 2.00)
06:07:07  청크 51564 / 구간 원본 +800 → 원본당 76.2ms (TEI 2.00)
06:08:08  청크 52525 / 구간 원본 +800 → 원본당 75.0ms (TEI 2.00)
06:09:08  청크 53476 / 구간 원본 +800 → 원본당 76.2ms (TEI 2.00)
06:10:09  청크 54456 / 구간 원본 +800 → 원본당 75.0ms (TEI 2.00)
06:11:09  청크 55391 / 구간 원본 +800 → 원본당 76.2ms (TEI 2.00)
06:12:10  청크 56364 / 구간 원본 +800 → 원본당 75.0ms (TEI 2.00)
06:13:10  청크 57330 / 구간 원본 +800 → 원본당 76.2ms (TEI 2.00)
06:14:11  청크 58288 / 구간 원본 +800 → 원본당 75.0ms (TEI 2.00)
06:15:11  청크 59247 / 구간 원본 +800 → 원본당 76.2ms (TEI 2.00)
06:16:12  청크 60214 / 구간 원본 +800 → 원본당 75.0ms (TEI 2.00)
06:17:12  청크 61315 / 구간 원본 +900 → 원본당 67.8ms (TEI 2.00)
06:18:13  청크 62284 / 구간 원본 +800 → 원본당 75.0ms (TEI 2.00)
06:19:13  청크 63254 / 구간 원본 +800 → 원본당 76.2ms (TEI 2.00)
06:20:14  청크 64218 / 구간 원본 +800 → 원본당 75.0ms (TEI 2.00)
06:21:14  청크 65059 / 구간 원본 +700 → 원본당 87.1ms (TEI 2.00)
06:22:15  청크 66037 / 구간 원본 +800 → 원본당 75.0ms (TEI 2.00)
06:23:15  청크 67008 / 구간 원본 +800 → 원본당 76.2ms (TEI 2.00)
06:24:16  청크 68057 / 구간 원본 +900 → 원본당 66.7ms (TEI 2.00)
06:25:16  청크 69023 / 구간 원본 +800 → 원본당 76.2ms (TEI 2.00)
06:26:17  청크 69988 / 구간 원본 +800 → 원본당 75.0ms (TEI 2.00)
06:27:17  청크 70927 / 구간 원본 +800 → 원본당 76.2ms (TEI 2.00)
06:28:18  청크 71911 / 구간 원본 +800 → 원본당 75.0ms (TEI 2.00)
06:29:18  청크 72871 / 구간 원본 +800 → 원본당 76.2ms (TEI 2.00)
06:30:19  청크 73860 / 구간 원본 +800 → 원본당 75.0ms (TEI 2.00)
06:31:19  청크 74707 / 구간 원본 +700 → 원본당 87.1ms (TEI 2.00)
06:32:20  청크 75680 / 구간 원본 +800 → 원본당 75.0ms (TEI 2.00)
06:33:20  청크 76629 / 구간 원본 +800 → 원본당 76.2ms (TEI 2.00)
06:34:21  청크 77598 / 구간 원본 +800 → 원본당 75.0ms (TEI 2.00)
06:35:21  청크 78665 / 구간 원본 +900 → 원본당 67.8ms (TEI 2.00)
06:36:22  청크 79616 / 구간 원본 +800 → 원본당 75.0ms (TEI 2.00)
06:37:22  청크 80586 / 구간 원본 +800 → 원본당 76.2ms (TEI 2.00)
06:38:23  청크 81561 / 구간 원본 +800 → 원본당 75.0ms (TEI 2.00)
06:39:23  청크 82521 / 구간 원본 +800 → 원본당 76.2ms (TEI 2.00)
06:40:24  청크 83502 / 구간 원본 +800 → 원본당 75.0ms (TEI 2.00)
06:41:24  청크 84458 / 구간 원본 +800 → 원본당 76.2ms (TEI 2.00)
06:42:25  청크 85419 / 구간 원본 +800 → 원본당 75.0ms (TEI 2.00)
06:43:25  청크 86378 / 구간 원본 +800 → 원본당 76.2ms (TEI 2.00)
06:44:26  청크 87324 / 구간 원본 +800 → 원본당 75.0ms (TEI 2.00)
06:45:26  청크 88402 / 구간 원본 +900 → 원본당 67.8ms (TEI 2.00)
06:46:27  청크 89355 / 구간 원본 +800 → 원본당 75.0ms (TEI 2.00)
06:47:27  청크 90321 / 구간 원본 +800 → 원본당 76.2ms (TEI 2.00)
06:48:28  청크 91297 / 구간 원본 +800 → 원본당 75.0ms (TEI 2.00)
06:49:28  청크 92364 / 구간 원본 +900 → 원본당 67.8ms (TEI 2.00)
06:50:29  청크 93332 / 구간 원본 +800 → 원본당 75.0ms (TEI 2.00)
06:51:29  청크 94173 / 구간 원본 +700 → 원본당 87.1ms (TEI 2.00)
06:52:30  청크 95149 / 구간 원본 +800 → 원본당 75.0ms (TEI 2.00)
06:53:30  청크 96213 / 구간 원본 +900 → 원본당 67.8ms (TEI 2.00)
06:54:31  청크 97175 / 구간 원본 +800 → 원본당 75.0ms (TEI 2.00)
06:55:32  청크 98148 / 구간 원본 +800 → 원본당 76.2ms (TEI 2.00)
06:56:32  청크 99134 / 구간 원본 +800 → 원본당 76.2ms (TEI 2.00)
06:57:33  청크 100096 / 구간 원본 +800 → 원본당 75.0ms (TEI 2.00)
06:58:33  청크 101054 / 구간 원본 +800 → 원본당 76.2ms (TEI 2.00)
06:59:34  청크 102017 / 구간 원본 +800 → 원본당 75.0ms (TEI 2.00)
07:00:34  청크 102975 / 구간 원본 +800 → 원본당 76.2ms (TEI 2.00)
07:01:35  청크 103935 / 구간 원본 +800 → 원본당 75.0ms (TEI 2.00)
07:02:35  청크 104889 / 구간 원본 +800 → 원본당 76.2ms (TEI 2.00)
07:03:36  청크 105848 / 구간 원본 +800 → 원본당 75.0ms (TEI 2.00)
07:04:37  청크 106784 / 구간 원본 +800 → 원본당 76.2ms (TEI 2.00)
07:05:37  청크 107762 / 구간 원본 +800 → 원본당 76.2ms (TEI 2.00)
07:06:38  청크 108725 / 구간 원본 +800 → 원본당 75.0ms (TEI 2.00)
07:07:38  청크 109692 / 구간 원본 +800 → 원본당 76.2ms (TEI 2.00)
07:08:39  청크 110540 / 구간 원본 +700 → 원본당 85.7ms (TEI 2.00)
07:09:39  청크 111489 / 구간 원본 +800 → 원본당 76.2ms (TEI 2.00)
07:10:40  청크 112469 / 구간 원본 +800 → 원본당 75.0ms (TEI 2.00)
07:11:40  청크 113435 / 구간 원본 +800 → 원본당 76.2ms (TEI 2.00)
07:12:41  청크 114290 / 구간 원본 +700 → 원본당 85.7ms (TEI 2.00)
07:13:41  청크 115367 / 구간 원본 +900 → 원본당 67.8ms (TEI 2.00)
07:14:42  청크 116330 / 구간 원본 +800 → 원본당 75.0ms (TEI 2.00)
07:15:43  청크 117285 / 구간 원본 +800 → 원본당 76.2ms (TEI 2.00)
07:16:43  청크 118348 / 구간 원본 +900 → 원본당 67.8ms (TEI 2.00)
07:17:44  청크 119195 / 구간 원본 +700 → 원본당 85.7ms (TEI 2.00)
07:18:44  청크 120161 / 구간 원본 +800 → 원본당 76.2ms (TEI 2.00)
07:19:45  청크 121228 / 구간 원본 +900 → 원본당 66.7ms (TEI 2.00)
07:20:45  청크 122174 / 구간 원본 +800 → 원본당 76.2ms (TEI 2.00)
07:21:46  청크 123133 / 구간 원본 +800 → 원본당 75.0ms (TEI 2.00)
07:22:46  청크 124089 / 구간 원본 +800 → 원본당 76.2ms (TEI 2.00)
07:23:47  청크 125040 / 구간 원본 +800 → 원본당 75.0ms (TEI 2.00)
07:24:48  청크 126102 / 구간 원본 +900 → 원본당 67.8ms (TEI 2.00)
07:25:48  청크 126952 / 구간 원본 +700 → 원본당 87.1ms (TEI 2.00)
07:26:49  청크 127917 / 구간 원본 +800 → 원본당 75.0ms (TEI 2.00)
07:27:49  청크 128866 / 구간 원본 +800 → 원본당 76.2ms (TEI 2.00)
07:28:50  청크 129847 / 구간 원본 +800 → 원본당 75.0ms (TEI 2.00)
07:29:50  청크 130805 / 구간 원본 +800 → 원본당 76.2ms (TEI 2.00)
07:30:51  청크 131755 / 구간 원본 +800 → 원본당 75.0ms (TEI 2.00)
07:31:52  청크 132713 / 구간 원본 +800 → 원본당 76.2ms (TEI 2.00)
07:32:52  청크 133677 / 구간 원본 +800 → 원본당 76.2ms (TEI 2.00)
07:33:53  청크 134642 / 구간 원본 +800 → 원본당 75.0ms (TEI 2.00)
07:34:53  청크 135616 / 구간 원본 +800 → 원본당 76.2ms (TEI 2.00)
07:35:54  청크 136469 / 구간 원본 +700 → 원본당 85.7ms (TEI 2.00)
07:36:55  청크 137426 / 구간 원본 +800 → 원본당 76.2ms (TEI 2.00)
07:37:55  청크 138471 / 구간 원본 +900 → 원본당 67.8ms (TEI 2.00)
07:38:56  청크 139430 / 구간 원본 +800 → 원본당 75.0ms (TEI 2.00)
07:39:56  청크 140393 / 구간 원본 +800 → 원본당 76.2ms (TEI 2.00)
07:40:57  청크 141238 / 구간 원본 +700 → 원본당 85.7ms (TEI 2.00)
07:41:57  청크 142199 / 구간 원본 +800 → 원본당 76.2ms (TEI 2.00)
07:42:58  청크 143176 / 구간 원본 +800 → 원본당 75.0ms (TEI 2.00)
07:43:59  청크 144137 / 구간 원본 +800 → 원본당 76.2ms (TEI 2.00)
07:44:59  청크 145071 / 구간 원본 +800 → 원본당 76.2ms (TEI 2.00)
07:46:00  청크 146025 / 구간 원본 +800 → 원본당 75.0ms (TEI 2.00)
07:47:00  청크 146979 / 구간 원본 +800 → 원본당 76.2ms (TEI 2.00)
07:48:01  청크 147941 / 구간 원본 +800 → 원본당 75.0ms (TEI 2.00)
07:49:02  청크 148905 / 구간 원본 +800 → 원본당 76.2ms (TEI 2.00)
07:50:02  청크 149863 / 구간 원본 +800 → 원본당 76.2ms (TEI 2.00)
07:51:03  청크 150720 / 구간 원본 +700 → 원본당 85.7ms (TEI 2.00)
07:52:03  청크 151668 / 구간 원본 +800 → 원본당 76.2ms (TEI 2.00)
07:53:04  청크 152632 / 구간 원본 +800 → 원본당 75.0ms (TEI 2.00)
07:54:05  청크 153601 / 구간 원본 +800 → 원본당 76.2ms (TEI 2.00)
07:55:05  청크 154653 / 구간 원본 +900 → 원본당 67.8ms (TEI 2.00)
07:56:06  청크 155532 / 구간 원본 +700 → 원본당 85.7ms (TEI 2.00)
07:57:06  청크 156478 / 구간 원본 +800 → 원본당 76.2ms (TEI 2.00)
07:58:07  청크 157445 / 구간 원본 +800 → 원본당 75.0ms (TEI 2.00)
07:59:08  청크 158509 / 구간 원본 +900 → 원본당 67.8ms (TEI 2.00)
08:00:08  청크 159372 / 구간 원본 +700 → 원본당 87.1ms (TEI 2.00)
08:01:09  청크 160346 / 구간 원본 +800 → 원본당 75.0ms (TEI 2.00)
08:02:09  청크 161300 / 구간 원본 +800 → 원본당 76.2ms (TEI 2.00)
08:03:10  청크 162269 / 구간 원본 +800 → 원본당 75.0ms (TEI 2.00)
08:04:11  청크 163234 / 구간 원본 +800 → 원본당 76.2ms (TEI 2.00)
08:05:11  청크 164197 / 구간 원본 +800 → 원본당 76.2ms (TEI 2.00)
08:06:12  청크 165044 / 구간 원본 +700 → 원본당 85.7ms (TEI 2.00)
08:07:13  청크 165891 / 구간 원본 +700 → 원본당 87.1ms (TEI 2.00)
08:08:13  청크 166830 / 구간 원본 +800 → 원본당 76.2ms (TEI 2.00)
08:09:14  청크 167798 / 구간 원본 +800 → 원본당 75.0ms (TEI 2.00)
08:10:14  청크 168765 / 구간 원본 +800 → 원본당 76.2ms (TEI 2.00)
08:11:15  청크 169710 / 구간 원본 +800 → 원본당 75.0ms (TEI 2.00)
08:12:16  청크 170676 / 구간 원본 +800 → 원본당 76.2ms (TEI 2.00)
08:13:16  청크 171656 / 구간 원본 +800 → 원본당 76.2ms (TEI 2.00)
08:14:17  청크 172495 / 구간 원본 +700 → 원본당 85.7ms (TEI 2.00)
08:15:18  청크 173453 / 구간 원본 +800 → 원본당 76.2ms (TEI 2.00)
08:16:18  청크 174421 / 구간 원본 +800 → 원본당 76.2ms (TEI 2.00)
08:17:19  청크 175382 / 구간 원본 +800 → 원본당 75.0ms (TEI 2.00)
08:18:19  청크 176334 / 구간 원본 +800 → 원본당 76.2ms (TEI 2.00)
08:19:20  청크 177301 / 구간 원본 +800 → 원본당 75.0ms (TEI 2.00)
08:20:21  청크 178169 / 구간 원본 +700 → 원본당 87.1ms (TEI 2.00)
08:21:21  청크 179232 / 구간 원본 +900 → 원본당 67.8ms (TEI 2.00)
08:22:22  청크 180168 / 구간 원본 +800 → 원본당 75.0ms (TEI 2.00)
08:23:23  청크 181135 / 구간 원본 +800 → 원본당 76.2ms (TEI 2.00)
08:24:23  청크 182089 / 구간 원본 +800 → 원본당 76.2ms (TEI 2.00)
08:25:24  청크 183035 / 구간 원본 +800 → 원본당 75.0ms (TEI 2.00)
08:26:25  청크 183875 / 구간 원본 +700 → 원본당 87.1ms (TEI 2.00)
08:27:26  청크 184482 / 구간 원본 +500 → 원본당 122.0ms (TEI 2.00)
08:28:26  청크 185427 / 구간 원본 +800 → 원본당 76.2ms (TEI 2.00)
08:29:27  청크 186276 / 구간 원본 +700 → 원본당 85.7ms (TEI 2.00)
08:30:28  청크 187225 / 구간 원본 +800 → 원본당 76.2ms (TEI 2.00)
08:31:28  청크 188180 / 구간 원본 +800 → 원본당 76.2ms (TEI 2.00)
08:32:29  청크 189024 / 구간 원본 +700 → 원본당 85.7ms (TEI 2.00)
08:33:30  청크 189880 / 구간 원본 +700 → 원본당 87.1ms (TEI 2.00)
08:34:30  청크 190703 / 구간 원본 +700 → 원본당 87.1ms (TEI 2.00)
08:35:31  청크 191528 / 구간 원본 +700 → 원본당 85.7ms (TEI 2.00)
08:36:32  청크 192372 / 구간 원본 +700 → 원본당 87.1ms (TEI 2.00)
08:37:32  청크 193325 / 구간 원본 +800 → 원본당 76.2ms (TEI 2.00)
08:38:33  청크 194041 / 구간 원본 +600 → 원본당 100.0ms (TEI 2.00)
08:39:34  청크 194889 / 구간 원본 +700 → 원본당 87.1ms (TEI 2.00)
08:40:34  청크 195742 / 구간 원본 +700 → 원본당 87.1ms (TEI 2.00)
08:41:35  청크 196595 / 구간 원본 +700 → 원본당 85.7ms (TEI 2.00)
08:42:36  청크 197555 / 구간 원본 +800 → 원본당 76.2ms (TEI 2.00)
08:43:37  청크 198285 / 구간 원본 +600 → 원본당 101.7ms (TEI 2.00)
08:44:37  청크 199022 / 구간 원본 +600 → 원본당 101.7ms (TEI 2.00)
08:45:38  청크 199838 / 구간 원본 +700 → 원본당 85.7ms (TEI 2.00)
08:46:39  청크 200556 / 구간 원본 +600 → 원본당 101.7ms (TEI 2.00)
08:47:40  청크 201390 / 구간 원본 +700 → 원본당 87.1ms (TEI 2.00)
08:48:40  청크 202104 / 구간 원본 +600 → 원본당 101.7ms (TEI 2.00)
08:49:41  청크 202717 / 구간 원본 +500 → 원본당 120.0ms (TEI 2.00)
08:50:42  청크 203572 / 구간 원본 +700 → 원본당 87.1ms (TEI 2.00)
08:51:42  청크 204448 / 구간 원본 +700 → 원본당 87.1ms (TEI 2.00)
08:52:43  청크 205402 / 구간 원본 +800 → 원본당 75.0ms (TEI 2.00)
08:53:44  청크 206385 / 구간 원본 +800 → 원본당 76.2ms (TEI 2.00)
08:54:44  청크 207355 / 구간 원본 +800 → 원본당 76.2ms (TEI 2.00)
08:55:45  청크 208311 / 구간 원본 +800 → 원본당 75.0ms (TEI 2.00)
08:56:46  청크 209272 / 구간 원본 +800 → 원본당 76.2ms (TEI 2.00)
08:57:46  청크 210230 / 구간 원본 +800 → 원본당 76.2ms (TEI 2.00)
08:58:47  청크 211185 / 구간 원본 +800 → 원본당 75.0ms (TEI 2.00)
08:59:48  청크 212127 / 구간 원본 +800 → 원본당 76.2ms (TEI 2.00)
09:00:48  청크 213098 / 구간 원본 +800 → 원본당 76.2ms (TEI 2.00)
09:01:49  청크 214065 / 구간 원본 +800 → 원본당 75.0ms (TEI 2.00)
09:02:50  청크 215036 / 구간 원본 +800 → 원본당 76.2ms (TEI 2.00)
09:03:50  청크 215994 / 구간 원본 +800 → 원본당 76.2ms (TEI 2.00)
09:04:51  청크 216947 / 구간 원본 +800 → 원본당 75.0ms (TEI 2.00)
09:05:52  청크 217928 / 구간 원본 +800 → 원본당 76.2ms (TEI 2.00)
09:06:52  청크 218880 / 구간 원본 +800 → 원본당 76.2ms (TEI 2.00)
09:07:53  청크 219843 / 구간 원본 +800 → 원본당 75.0ms (TEI 2.00)
09:08:53  청크 220698 / 구간 원본 +700 → 원본당 87.1ms (TEI 2.00)
09:09:54  청크 221769 / 구간 원본 +900 → 원본당 66.7ms (TEI 2.00)
09:10:55  청크 222724 / 구간 원본 +800 → 원본당 76.2ms (TEI 2.00)
09:11:55  청크 223669 / 구간 원본 +800 → 원본당 76.2ms (TEI 2.00)
09:12:56  청크 224620 / 구간 원본 +800 → 원본당 75.0ms (TEI 2.00)
09:13:57  청크 225588 / 구간 원본 +800 → 원본당 76.2ms (TEI 2.00)
09:14:57  청크 226538 / 구간 원본 +800 → 원본당 76.2ms (TEI 2.00)
09:15:58  청크 227474 / 구간 원본 +800 → 원본당 75.0ms (TEI 2.00)
09:16:59  청크 228545 / 구간 원본 +900 → 원본당 67.8ms (TEI 2.00)
09:17:59  청크 229390 / 구간 원본 +700 → 원본당 87.1ms (TEI 2.00)
09:19:00  청크 230344 / 구간 원본 +800 → 원본당 75.0ms (TEI 2.00)
09:20:01  청크 231407 / 구간 원본 +900 → 원본당 67.8ms (TEI 2.00)
09:21:01  청크 232373 / 구간 원본 +800 → 원본당 76.2ms (TEI 2.00)
09:22:02  청크 233221 / 구간 원본 +700 → 원본당 85.7ms (TEI 2.00)
09:23:03  청크 234193 / 구간 원본 +800 → 원본당 76.2ms (TEI 2.00)
09:24:03  청크 235150 / 구간 원본 +800 → 원본당 76.2ms (TEI 2.00)
09:25:04  청크 236114 / 구간 원본 +800 → 원본당 75.0ms (TEI 2.00)
09:26:05  청크 237198 / 구간 원본 +900 → 원본당 67.8ms (TEI 2.00)
09:27:05  청크 238048 / 구간 원본 +700 → 원본당 87.1ms (TEI 2.00)
09:28:06  청크 238986 / 구간 원본 +800 → 원본당 75.0ms (TEI 2.00)
09:29:07  청크 239959 / 구간 원본 +800 → 원본당 76.2ms (TEI 2.00)

09:30:07  샘플러 종료 — measure/e8cause-20260919T051340/e8-20260919T051343/e8-samples.csv

## E8 구간별 처리량 — 20260919T051343

| 코퍼스(청크) | 구간 원본 | 원본당 ms | TEI | 앱 |
|---|---|---|---|---|
| 599 | 500 | 122.0 | 2.00 | yes |
| 1572 | 800 | 75.0 | 2.00 | yes |
| 2525 | 800 | 75.0 | 2.00 | yes |
| 3505 | 800 | 76.2 | 2.00 | yes |
| 4472 | 800 | 75.0 | 2.00 | yes |
| 5534 | 900 | 67.8 | 2.00 | yes |
| 6493 | 800 | 75.0 | 2.00 | yes |
| 7446 | 800 | 76.2 | 2.00 | yes |
| 8391 | 800 | 75.0 | 2.00 | yes |
| 9469 | 900 | 66.7 | 2.00 | yes |
| 10436 | 800 | 76.2 | 2.00 | yes |
| 11388 | 800 | 75.0 | 2.00 | yes |
| 12452 | 900 | 67.8 | 2.00 | yes |
| 13408 | 800 | 75.0 | 2.00 | yes |
| 14371 | 800 | 76.2 | 2.00 | yes |
| 15333 | 800 | 75.0 | 2.00 | yes |
| 16404 | 900 | 67.8 | 2.00 | yes |
| 17347 | 800 | 75.0 | 2.00 | yes |
| 18295 | 800 | 75.0 | 2.00 | yes |
| 19258 | 800 | 76.2 | 2.00 | yes |
| 20232 | 800 | 75.0 | 2.00 | yes |
| 21302 | 900 | 67.8 | 2.00 | yes |
| 22253 | 800 | 75.0 | 2.00 | yes |
| 23208 | 800 | 76.2 | 2.00 | yes |
| 24266 | 900 | 66.7 | 2.00 | yes |
| 25218 | 800 | 75.0 | 2.00 | yes |
| 26166 | 800 | 76.2 | 2.00 | yes |
| 27134 | 800 | 75.0 | 2.00 | yes |
| 28202 | 900 | 67.8 | 2.00 | yes |
| 29166 | 800 | 75.0 | 2.00 | yes |
| 30120 | 800 | 76.2 | 2.00 | yes |
| 30964 | 700 | 85.7 | 2.00 | yes |
| 32049 | 900 | 67.8 | 2.00 | yes |
| 33019 | 800 | 75.0 | 2.00 | yes |
| 33961 | 800 | 75.0 | 2.00 | yes |
| 34923 | 800 | 76.2 | 2.00 | yes |
| 35884 | 800 | 75.0 | 2.00 | yes |
| 36842 | 800 | 76.2 | 2.00 | yes |
| 37807 | 800 | 75.0 | 2.00 | yes |
| 38767 | 800 | 76.2 | 2.00 | yes |
| 39741 | 800 | 75.0 | 2.00 | yes |
| 40695 | 800 | 76.2 | 2.00 | yes |
| 41648 | 800 | 75.0 | 2.00 | yes |
| 42611 | 800 | 76.2 | 2.00 | yes |
| 43685 | 900 | 66.7 | 2.00 | yes |
| 44649 | 800 | 75.0 | 2.00 | yes |
| 45486 | 700 | 87.1 | 2.00 | yes |
| 46567 | 900 | 66.7 | 2.00 | yes |
| 47520 | 800 | 76.2 | 2.00 | yes |
| 48488 | 800 | 75.0 | 2.00 | yes |
| 49547 | 900 | 67.8 | 2.00 | yes |
| 50600 | 900 | 66.7 | 2.00 | yes |
| 51564 | 800 | 76.2 | 2.00 | yes |
| 52525 | 800 | 75.0 | 2.00 | yes |
| 53476 | 800 | 76.2 | 2.00 | yes |
| 54456 | 800 | 75.0 | 2.00 | yes |
| 55391 | 800 | 76.2 | 2.00 | yes |
| 56364 | 800 | 75.0 | 2.00 | yes |
| 57330 | 800 | 76.2 | 2.00 | yes |
| 58288 | 800 | 75.0 | 2.00 | yes |
| 59247 | 800 | 76.2 | 2.00 | yes |
| 60214 | 800 | 75.0 | 2.00 | yes |
| 61315 | 900 | 67.8 | 2.00 | yes |
| 62284 | 800 | 75.0 | 2.00 | yes |
| 63254 | 800 | 76.2 | 2.00 | yes |
| 64218 | 800 | 75.0 | 2.00 | yes |
| 65059 | 700 | 87.1 | 2.00 | yes |
| 66037 | 800 | 75.0 | 2.00 | yes |
| 67008 | 800 | 76.2 | 2.00 | yes |
| 68057 | 900 | 66.7 | 2.00 | yes |
| 69023 | 800 | 76.2 | 2.00 | yes |
| 69988 | 800 | 75.0 | 2.00 | yes |
| 70927 | 800 | 76.2 | 2.00 | yes |
| 71911 | 800 | 75.0 | 2.00 | yes |
| 72871 | 800 | 76.2 | 2.00 | yes |
| 73860 | 800 | 75.0 | 2.00 | yes |
| 74707 | 700 | 87.1 | 2.00 | yes |
| 75680 | 800 | 75.0 | 2.00 | yes |
| 76629 | 800 | 76.2 | 2.00 | yes |
| 77598 | 800 | 75.0 | 2.00 | yes |
| 78665 | 900 | 67.8 | 2.00 | yes |
| 79616 | 800 | 75.0 | 2.00 | yes |
| 80586 | 800 | 76.2 | 2.00 | yes |
| 81561 | 800 | 75.0 | 2.00 | yes |
| 82521 | 800 | 76.2 | 2.00 | yes |
| 83502 | 800 | 75.0 | 2.00 | yes |
| 84458 | 800 | 76.2 | 2.00 | yes |
| 85419 | 800 | 75.0 | 2.00 | yes |
| 86378 | 800 | 76.2 | 2.00 | yes |
| 87324 | 800 | 75.0 | 2.00 | yes |
| 88402 | 900 | 67.8 | 2.00 | yes |
| 89355 | 800 | 75.0 | 2.00 | yes |
| 90321 | 800 | 76.2 | 2.00 | yes |
| 91297 | 800 | 75.0 | 2.00 | yes |
| 92364 | 900 | 67.8 | 2.00 | yes |
| 93332 | 800 | 75.0 | 2.00 | yes |
| 94173 | 700 | 87.1 | 2.00 | yes |
| 95149 | 800 | 75.0 | 2.00 | yes |
| 96213 | 900 | 67.8 | 2.00 | yes |
| 97175 | 800 | 75.0 | 2.00 | yes |
| 98148 | 800 | 76.2 | 2.00 | yes |
| 99134 | 800 | 76.2 | 2.00 | yes |
| 100096 | 800 | 75.0 | 2.00 | yes |
| 101054 | 800 | 76.2 | 2.00 | yes |
| 102017 | 800 | 75.0 | 2.00 | yes |
| 102975 | 800 | 76.2 | 2.00 | yes |
| 103935 | 800 | 75.0 | 2.00 | yes |
| 104889 | 800 | 76.2 | 2.00 | yes |
| 105848 | 800 | 75.0 | 2.00 | yes |
| 106784 | 800 | 76.2 | 2.00 | yes |
| 107762 | 800 | 76.2 | 2.00 | yes |
| 108725 | 800 | 75.0 | 2.00 | yes |
| 109692 | 800 | 76.2 | 2.00 | yes |
| 110540 | 700 | 85.7 | 2.00 | yes |
| 111489 | 800 | 76.2 | 2.00 | yes |
| 112469 | 800 | 75.0 | 2.00 | yes |
| 113435 | 800 | 76.2 | 2.00 | yes |
| 114290 | 700 | 85.7 | 2.00 | yes |
| 115367 | 900 | 67.8 | 2.00 | yes |
| 116330 | 800 | 75.0 | 2.00 | yes |
| 117285 | 800 | 76.2 | 2.00 | yes |
| 118348 | 900 | 67.8 | 2.00 | yes |
| 119195 | 700 | 85.7 | 2.00 | yes |
| 120161 | 800 | 76.2 | 2.00 | yes |
| 121228 | 900 | 66.7 | 2.00 | yes |
| 122174 | 800 | 76.2 | 2.00 | yes |
| 123133 | 800 | 75.0 | 2.00 | yes |
| 124089 | 800 | 76.2 | 2.00 | yes |
| 125040 | 800 | 75.0 | 2.00 | yes |
| 126102 | 900 | 67.8 | 2.00 | yes |
| 126952 | 700 | 87.1 | 2.00 | yes |
| 127917 | 800 | 75.0 | 2.00 | yes |
| 128866 | 800 | 76.2 | 2.00 | yes |
| 129847 | 800 | 75.0 | 2.00 | yes |
| 130805 | 800 | 76.2 | 2.00 | yes |
| 131755 | 800 | 75.0 | 2.00 | yes |
| 132713 | 800 | 76.2 | 2.00 | yes |
| 133677 | 800 | 76.2 | 2.00 | yes |
| 134642 | 800 | 75.0 | 2.00 | yes |
| 135616 | 800 | 76.2 | 2.00 | yes |
| 136469 | 700 | 85.7 | 2.00 | yes |
| 137426 | 800 | 76.2 | 2.00 | yes |
| 138471 | 900 | 67.8 | 2.00 | yes |
| 139430 | 800 | 75.0 | 2.00 | yes |
| 140393 | 800 | 76.2 | 2.00 | yes |
| 141238 | 700 | 85.7 | 2.00 | yes |
| 142199 | 800 | 76.2 | 2.00 | yes |
| 143176 | 800 | 75.0 | 2.00 | yes |
| 144137 | 800 | 76.2 | 2.00 | yes |
| 145071 | 800 | 76.2 | 2.00 | yes |
| 146025 | 800 | 75.0 | 2.00 | yes |
| 146979 | 800 | 76.2 | 2.00 | yes |
| 147941 | 800 | 75.0 | 2.00 | yes |
| 148905 | 800 | 76.2 | 2.00 | yes |
| 149863 | 800 | 76.2 | 2.00 | yes |
| 150720 | 700 | 85.7 | 2.00 | yes |
| 151668 | 800 | 76.2 | 2.00 | yes |
| 152632 | 800 | 75.0 | 2.00 | yes |
| 153601 | 800 | 76.2 | 2.00 | yes |
| 154653 | 900 | 67.8 | 2.00 | yes |
| 155532 | 700 | 85.7 | 2.00 | yes |
| 156478 | 800 | 76.2 | 2.00 | yes |
| 157445 | 800 | 75.0 | 2.00 | yes |
| 158509 | 900 | 67.8 | 2.00 | yes |
| 159372 | 700 | 87.1 | 2.00 | yes |
| 160346 | 800 | 75.0 | 2.00 | yes |
| 161300 | 800 | 76.2 | 2.00 | yes |
| 162269 | 800 | 75.0 | 2.00 | yes |
| 163234 | 800 | 76.2 | 2.00 | yes |
| 164197 | 800 | 76.2 | 2.00 | yes |
| 165044 | 700 | 85.7 | 2.00 | yes |
| 165891 | 700 | 87.1 | 2.00 | yes |
| 166830 | 800 | 76.2 | 2.00 | yes |
| 167798 | 800 | 75.0 | 2.00 | yes |
| 168765 | 800 | 76.2 | 2.00 | yes |
| 169710 | 800 | 75.0 | 2.00 | yes |
| 170676 | 800 | 76.2 | 2.00 | yes |
| 171656 | 800 | 76.2 | 2.00 | yes |
| 172495 | 700 | 85.7 | 2.00 | yes |
| 173453 | 800 | 76.2 | 2.00 | yes |
| 174421 | 800 | 76.2 | 2.00 | yes |
| 175382 | 800 | 75.0 | 2.00 | yes |
| 176334 | 800 | 76.2 | 2.00 | yes |
| 177301 | 800 | 75.0 | 2.00 | yes |
| 178169 | 700 | 87.1 | 2.00 | yes |
| 179232 | 900 | 67.8 | 2.00 | yes |
| 180168 | 800 | 75.0 | 2.00 | yes |
| 181135 | 800 | 76.2 | 2.00 | yes |
| 182089 | 800 | 76.2 | 2.00 | yes |
| 183035 | 800 | 75.0 | 2.00 | yes |
| 183875 | 700 | 87.1 | 2.00 | yes |
| 184482 | 500 | 122.0 | 2.00 | yes |
| 185427 | 800 | 76.2 | 2.00 | yes |
| 186276 | 700 | 85.7 | 2.00 | yes |
| 187225 | 800 | 76.2 | 2.00 | yes |
| 188180 | 800 | 76.2 | 2.00 | yes |
| 189024 | 700 | 85.7 | 2.00 | yes |
| 189880 | 700 | 87.1 | 2.00 | yes |
| 190703 | 700 | 87.1 | 2.00 | yes |
| 191528 | 700 | 85.7 | 2.00 | yes |
| 192372 | 700 | 87.1 | 2.00 | yes |
| 193325 | 800 | 76.2 | 2.00 | yes |
| 194041 | 600 | 100.0 | 2.00 | yes |
| 194889 | 700 | 87.1 | 2.00 | yes |
| 195742 | 700 | 87.1 | 2.00 | yes |
| 196595 | 700 | 85.7 | 2.00 | yes |
| 197555 | 800 | 76.2 | 2.00 | yes |
| 198285 | 600 | 101.7 | 2.00 | yes |
| 199022 | 600 | 101.7 | 2.00 | yes |
| 199838 | 700 | 85.7 | 2.00 | yes |
| 200556 | 600 | 101.7 | 2.00 | yes |
| 201390 | 700 | 87.1 | 2.00 | yes |
| 202104 | 600 | 101.7 | 2.00 | yes |
| 202717 | 500 | 120.0 | 2.00 | yes |
| 203572 | 700 | 87.1 | 2.00 | yes |
| 204448 | 700 | 87.1 | 2.00 | yes |
| 205402 | 800 | 75.0 | 2.00 | yes |
| 206385 | 800 | 76.2 | 2.00 | yes |
| 207355 | 800 | 76.2 | 2.00 | yes |
| 208311 | 800 | 75.0 | 2.00 | yes |
| 209272 | 800 | 76.2 | 2.00 | yes |
| 210230 | 800 | 76.2 | 2.00 | yes |
| 211185 | 800 | 75.0 | 2.00 | yes |
| 212127 | 800 | 76.2 | 2.00 | yes |
| 213098 | 800 | 76.2 | 2.00 | yes |
| 214065 | 800 | 75.0 | 2.00 | yes |
| 215036 | 800 | 76.2 | 2.00 | yes |
| 215994 | 800 | 76.2 | 2.00 | yes |
| 216947 | 800 | 75.0 | 2.00 | yes |
| 217928 | 800 | 76.2 | 2.00 | yes |
| 218880 | 800 | 76.2 | 2.00 | yes |
| 219843 | 800 | 75.0 | 2.00 | yes |
| 220698 | 700 | 87.1 | 2.00 | yes |
| 221769 | 900 | 66.7 | 2.00 | yes |
| 222724 | 800 | 76.2 | 2.00 | yes |
| 223669 | 800 | 76.2 | 2.00 | yes |
| 224620 | 800 | 75.0 | 2.00 | yes |
| 225588 | 800 | 76.2 | 2.00 | yes |
| 226538 | 800 | 76.2 | 2.00 | yes |
| 227474 | 800 | 75.0 | 2.00 | yes |
| 228545 | 900 | 67.8 | 2.00 | yes |
| 229390 | 700 | 87.1 | 2.00 | yes |
| 230344 | 800 | 75.0 | 2.00 | yes |
| 231407 | 900 | 67.8 | 2.00 | yes |
| 232373 | 800 | 76.2 | 2.00 | yes |
| 233221 | 700 | 85.7 | 2.00 | yes |
| 234193 | 800 | 76.2 | 2.00 | yes |
| 235150 | 800 | 76.2 | 2.00 | yes |
| 236114 | 800 | 75.0 | 2.00 | yes |
| 237198 | 900 | 67.8 | 2.00 | yes |
| 238048 | 700 | 87.1 | 2.00 | yes |
| 238986 | 800 | 75.0 | 2.00 | yes |
| 239959 | 800 | 76.2 | 2.00 | yes |

구간이 비어 있는(원본 0) 표본은 건너뛰기 구간이거나 앱이 내려가 있던 때다. CSV에는 남아 있다.
