
  .   ____          _            __ _ _
 /\\ / ___'_ __ _ _(_)_ __  __ _ \ \ \ \
( ( )\___ | '_ | '_| | '_ \/ _` | \ \ \ \
 \\/  ___)| |_)| | | | | || (_| |  ) ) ) )
  '  |____| .__|_| |_|_| |_\__, | / / / /
 =========|_|==============|___/=/_/_/_/

 :: Spring Boot ::                (v4.0.1)

2026-09-17T22:40:52.841+09:00  INFO [] 1 --- [DOCKin-spring] [           main] com.DOCKin.DocKinSpringApplication       : Starting DocKinSpringApplication v0.0.1-SNAPSHOT using Java 21.0.12.1 with PID 1 (/app.jar started by root in /)
2026-09-17T22:40:52.845+09:00  INFO [] 1 --- [DOCKin-spring] [           main] com.DOCKin.DocKinSpringApplication       : The following 2 profiles are active: "secret", "seed"
2026-09-17T22:40:55.112+09:00  INFO [] 1 --- [DOCKin-spring] [           main] .s.d.r.c.RepositoryConfigurationDelegate : Bootstrapping Spring Data JPA repositories in DEFAULT mode.
2026-09-17T22:40:55.521+09:00  INFO [] 1 --- [DOCKin-spring] [           main] .s.d.r.c.RepositoryConfigurationDelegate : Finished Spring Data repository scanning in 402 ms. Found 20 JPA repository interfaces.
2026-09-17T22:40:57.227+09:00  INFO [] 1 --- [DOCKin-spring] [           main] o.s.boot.tomcat.TomcatWebServer          : Tomcat initialized with port 8080 (http)
2026-09-17T22:40:57.240+09:00  INFO [] 1 --- [DOCKin-spring] [           main] o.apache.catalina.core.StandardService   : Starting service [Tomcat]
2026-09-17T22:40:57.240+09:00  INFO [] 1 --- [DOCKin-spring] [           main] o.apache.catalina.core.StandardEngine    : Starting Servlet engine: [Apache Tomcat/11.0.15]
2026-09-17T22:40:57.413+09:00  INFO [] 1 --- [DOCKin-spring] [           main] b.w.c.s.WebApplicationContextInitializer : Root WebApplicationContext: initialization completed in 4403 ms
2026-09-17T22:40:58.704+09:00  INFO [] 1 --- [DOCKin-spring] [           main] com.zaxxer.hikari.HikariDataSource       : HikariPool-1 - Starting...
2026-09-17T22:40:58.997+09:00  INFO [] 1 --- [DOCKin-spring] [           main] com.zaxxer.hikari.pool.HikariPool        : HikariPool-1 - Added connection org.postgresql.jdbc.PgConnection@598f1faf
2026-09-17T22:40:58.998+09:00  INFO [] 1 --- [DOCKin-spring] [           main] com.zaxxer.hikari.HikariDataSource       : HikariPool-1 - Start completed.
2026-09-17T22:40:59.022+09:00  INFO [] 1 --- [DOCKin-spring] [           main] org.flywaydb.core.FlywayExecutor         : Database: jdbc:postgresql://DOCKin-DB:5432/dockindb (PostgreSQL 17.11)
2026-09-17T22:40:59.131+09:00  INFO [] 1 --- [DOCKin-spring] [           main] o.f.c.i.s.JdbcTableSchemaHistory         : Schema history table "public"."flyway_schema_history" does not exist yet
2026-09-17T22:40:59.198+09:00  INFO [] 1 --- [DOCKin-spring] [           main] o.f.core.internal.command.DbValidate     : Successfully validated 8 migrations (execution time 00:00.157s)
2026-09-17T22:40:59.206+09:00  INFO [] 1 --- [DOCKin-spring] [           main] org.flywaydb.core.Flyway                 : All configured schemas are empty; baseline operation skipped. A baseline or migration script with a lower version than the baseline version may execute if available. Check the Schemas parameter if this is not intended.
2026-09-17T22:40:59.209+09:00  INFO [] 1 --- [DOCKin-spring] [           main] o.f.c.i.s.JdbcTableSchemaHistory         : Creating Schema History table "public"."flyway_schema_history" ...
2026-09-17T22:40:59.234+09:00  INFO [] 1 --- [DOCKin-spring] [           main] o.f.core.internal.command.DbMigrate      : Current version of schema "public": << Empty Schema >>
2026-09-17T22:40:59.303+09:00  INFO [] 1 --- [DOCKin-spring] [           main] o.f.core.internal.command.DbMigrate      : Migrating schema "public" to version "1 - pgvector and document chunks"
2026-09-17T22:40:59.412+09:00  INFO [] 1 --- [DOCKin-spring] [           main] o.f.core.internal.command.DbMigrate      : Migrating schema "public" to version "2 - baseline existing tables"
2026-09-17T22:40:59.523+09:00  INFO [] 1 --- [DOCKin-spring] [           main] o.f.core.internal.command.DbMigrate      : Migrating schema "public" to version "3 - work log child fk indexes"
2026-09-17T22:40:59.525+09:00  INFO [] 1 --- [DOCKin-spring] [           main] o.f.c.i.s.DefaultSqlScriptExecutor       : DB: index "cleanup_idx_work_log_images_log" does not exist, skipping
2026-09-17T22:40:59.526+09:00  INFO [] 1 --- [DOCKin-spring] [           main] o.f.c.i.s.DefaultSqlScriptExecutor       : DB: index "cleanup_idx_work_log_comments_log" does not exist, skipping
2026-09-17T22:40:59.526+09:00  INFO [] 1 --- [DOCKin-spring] [           main] o.f.c.i.s.DefaultSqlScriptExecutor       : DB: index "cleanup_idx_log_images_log" does not exist, skipping
2026-09-17T22:40:59.539+09:00  INFO [] 1 --- [DOCKin-spring] [           main] o.f.core.internal.command.DbMigrate      : Migrating schema "public" to version "4 - users child fk indexes"
2026-09-17T22:40:59.599+09:00  INFO [] 1 --- [DOCKin-spring] [           main] o.f.core.internal.command.DbMigrate      : Migrating schema "public" to version "5 - work logs user id not null"
2026-09-17T22:40:59.608+09:00  INFO [] 1 --- [DOCKin-spring] [           main] o.f.core.internal.command.DbMigrate      : Migrating schema "public" to version "6 - chat room seq and translations"
2026-09-17T22:40:59.621+09:00  INFO [] 1 --- [DOCKin-spring] [           main] o.f.core.internal.command.DbMigrate      : Migrating schema "public" to version "7 - drop chat members last read time"
2026-09-17T22:40:59.633+09:00  INFO [] 1 --- [DOCKin-spring] [           main] o.f.core.internal.command.DbMigrate      : Migrating schema "public" with repeatable migration "seed sample"
2026-09-17T22:40:59.698+09:00  INFO [] 1 --- [DOCKin-spring] [           main] o.f.c.i.s.DefaultSqlScriptExecutor       : +--------+
| setval |
+--------+
| 5      |
+--------+

2026-09-17T22:40:59.699+09:00  INFO [] 1 --- [DOCKin-spring] [           main] o.f.c.i.s.DefaultSqlScriptExecutor       : +--------+
| setval |
+--------+
| 5      |
+--------+

2026-09-17T22:40:59.700+09:00  INFO [] 1 --- [DOCKin-spring] [           main] o.f.c.i.s.DefaultSqlScriptExecutor       : +--------+
| setval |
+--------+
| 16     |
+--------+

2026-09-17T22:40:59.700+09:00  INFO [] 1 --- [DOCKin-spring] [           main] o.f.c.i.s.DefaultSqlScriptExecutor       : +--------+
| setval |
+--------+
| 7      |
+--------+

2026-09-17T22:40:59.701+09:00  INFO [] 1 --- [DOCKin-spring] [           main] o.f.c.i.s.DefaultSqlScriptExecutor       : +--------+
| setval |
+--------+
| 3      |
+--------+

2026-09-17T22:40:59.701+09:00  INFO [] 1 --- [DOCKin-spring] [           main] o.f.c.i.s.DefaultSqlScriptExecutor       : +--------+
| setval |
+--------+
| 1000   |
+--------+

2026-09-17T22:40:59.710+09:00  INFO [] 1 --- [DOCKin-spring] [           main] o.f.core.internal.command.DbMigrate      : Successfully applied 8 migrations to schema "public", now at version v7 (execution time 00:00.213s)
2026-09-17T22:40:59.834+09:00  INFO [] 1 --- [DOCKin-spring] [           main] org.hibernate.orm.jpa                    : HHH008540: Processing PersistenceUnitInfo [name: default]
2026-09-17T22:40:59.997+09:00  INFO [] 1 --- [DOCKin-spring] [           main] org.hibernate.orm.core                   : HHH000001: Hibernate ORM core version 7.2.0.Final
2026-09-17T22:41:00.604+09:00  INFO [] 1 --- [DOCKin-spring] [           main] org.hibernate.orm.connections.pooling    : HHH10001005: Database info:
	Database JDBC URL [jdbc:postgresql://DOCKin-DB:5432/dockindb]
	Database driver: PostgreSQL JDBC Driver
	Database dialect: PostgreSQLDialect
	Database version: 17.11
	Default catalog/schema: dockindb/public
	Autocommit mode: undefined/unknown
	Isolation level: READ_COMMITTED [default READ_COMMITTED]
	JDBC fetch size: none
	Pool: DataSourceConnectionProvider
	Minimum pool size: undefined/unknown
	Maximum pool size: undefined/unknown
2026-09-17T22:41:01.008+09:00  INFO [] 1 --- [DOCKin-spring] [           main] o.s.o.j.p.SpringPersistenceUnitInfo      : No LoadTimeWeaver setup: ignoring JPA class transformer
2026-09-17T22:41:03.311+09:00  INFO [] 1 --- [DOCKin-spring] [           main] org.hibernate.orm.core                   : HHH000489: No JTA platform available (set 'hibernate.transaction.jta.platform' to enable JTA platform integration)
2026-09-17T22:41:03.315+09:00  INFO [] 1 --- [DOCKin-spring] [           main] org.hibernate.orm.jdbc.batch             : HHH100501: Automatic JDBC statement batching enabled (maximum batch size 100)
2026-09-17T22:41:03.346+09:00  INFO [] 1 --- [DOCKin-spring] [           main] j.LocalContainerEntityManagerFactoryBean : Initialized JPA EntityManagerFactory for persistence unit 'default'
2026-09-17T22:41:03.529+09:00  INFO [] 1 --- [DOCKin-spring] [           main] o.s.d.j.r.query.QueryEnhancerFactories   : Hibernate is in classpath; If applicable, HQL parser will be used.
2026-09-17T22:41:07.039+09:00  INFO [] 1 --- [DOCKin-spring] [           main] org.redisson.Version                     : Redisson 3.37.0
2026-09-17T22:41:07.596+09:00  INFO [] 1 --- [DOCKin-spring] [isson-netty-1-5] o.redisson.connection.ConnectionsHolder  : 1 connections initialized for dockin-redis/172.18.0.2:6379
2026-09-17T22:41:07.598+09:00  INFO [] 1 --- [DOCKin-spring] [isson-netty-1-6] o.redisson.connection.ConnectionsHolder  : 1 connections initialized for dockin-redis/172.18.0.2:6379
2026-09-17T22:41:08.929+09:00  WARN [] 1 --- [DOCKin-spring] [           main] JpaBaseConfiguration$JpaWebConfiguration : spring.jpa.open-in-view is enabled by default. Therefore, database queries may be performed during view rendering. Explicitly configure spring.jpa.open-in-view to disable this warning
2026-09-17T22:41:09.215+09:00  INFO [] 1 --- [DOCKin-spring] [           main] r$InitializeUserDetailsManagerConfigurer : Global AuthenticationManager configured with UserDetailsService bean with name customUserDetailsService
2026-09-17T22:41:09.897+09:00  INFO [] 1 --- [DOCKin-spring] [           main] o.s.b.a.e.web.EndpointLinksResolver      : Exposing 3 endpoints beneath base path '/actuator'
2026-09-17T22:41:10.528+09:00  INFO [] 1 --- [DOCKin-spring] [           main] o.s.m.s.b.SimpleBrokerMessageHandler     : Starting...
2026-09-17T22:41:10.528+09:00  INFO [] 1 --- [DOCKin-spring] [           main] o.s.m.s.b.SimpleBrokerMessageHandler     : BrokerAvailabilityEvent[available=true, SimpleBrokerMessageHandler [org.springframework.messaging.simp.broker.DefaultSubscriptionRegistry@1f5770b5]]
2026-09-17T22:41:10.529+09:00  INFO [] 1 --- [DOCKin-spring] [           main] o.s.m.s.b.SimpleBrokerMessageHandler     : Started.
2026-09-17T22:41:10.544+09:00  INFO [] 1 --- [DOCKin-spring] [           main] o.s.boot.tomcat.TomcatWebServer          : Tomcat started on port 8080 (http) with context path '/'
2026-09-17T22:41:10.605+09:00  INFO [] 1 --- [DOCKin-spring] [           main] com.DOCKin.DocKinSpringApplication       : Started DocKinSpringApplication in 18.57 seconds (process running for 19.579)
2026-09-17T22:41:10.612+09:00  INFO [] 1 --- [DOCKin-spring] [           main] c.DOCKin.rag.service.SeedIndexingRunner  : [RAG] seed 프로파일 - 기동 직후 색인을 시작합니다. (rag.indexing.on-startup=true)
2026-09-17T22:41:11.223+09:00 ERROR [] 1 --- [DOCKin-spring] [           main] com.DOCKin.rag.service.EmbeddingClient   : 임베딩 서버 호출 실패 [WebClientRequestException]: finishConnect(..) failed with error(-111): Connection refused: dockin-embedding/172.18.0.3:80
2026-09-17T22:41:11.298+09:00 ERROR [] 1 --- [DOCKin-spring] [           main] com.DOCKin.rag.service.IndexingService   : [RAG] 인덱싱 중단 - 신규 임베딩 0건까지 반영됨: 임베딩 서버 호출에 실패했습니다.

com.DOCKin.global.error.BusinessException: 임베딩 서버 호출에 실패했습니다.
	at com.DOCKin.rag.service.EmbeddingClient.call(EmbeddingClient.java:119) ~[!/:0.0.1-SNAPSHOT]
	at com.DOCKin.rag.service.EmbeddingClient.embedPassages(EmbeddingClient.java:82) ~[!/:0.0.1-SNAPSHOT]
	at com.DOCKin.rag.service.ChunkIndexWriter.flush(ChunkIndexWriter.java:96) ~[!/:0.0.1-SNAPSHOT]
	at com.DOCKin.rag.service.ChunkIndexWriter.writePage(ChunkIndexWriter.java:56) ~[!/:0.0.1-SNAPSHOT]
	at java.base/jdk.internal.reflect.DirectMethodHandleAccessor.invoke(DirectMethodHandleAccessor.java:103) ~[na:na]
	at java.base/java.lang.reflect.Method.invoke(Method.java:580) ~[na:na]
	at org.springframework.aop.support.AopUtils.invokeJoinpointUsingReflection(AopUtils.java:359) ~[spring-aop-7.0.2.jar!/:7.0.2]
	at org.springframework.aop.framework.ReflectiveMethodInvocation.invokeJoinpoint(ReflectiveMethodInvocation.java:190) ~[spring-aop-7.0.2.jar!/:7.0.2]
	at org.springframework.aop.framework.ReflectiveMethodInvocation.proceed(ReflectiveMethodInvocation.java:158) ~[spring-aop-7.0.2.jar!/:7.0.2]
	at org.springframework.transaction.interceptor.TransactionAspectSupport.invokeWithinTransaction(TransactionAspectSupport.java:370) ~[spring-tx-7.0.2.jar!/:7.0.2]
	at org.springframework.transaction.interceptor.TransactionInterceptor.invoke(TransactionInterceptor.java:118) ~[spring-tx-7.0.2.jar!/:7.0.2]
	at org.springframework.aop.framework.ReflectiveMethodInvocation.proceed(ReflectiveMethodInvocation.java:179) ~[spring-aop-7.0.2.jar!/:7.0.2]
	at org.springframework.aop.framework.CglibAopProxy$DynamicAdvisedInterceptor.intercept(CglibAopProxy.java:719) ~[spring-aop-7.0.2.jar!/:7.0.2]
	at com.DOCKin.rag.service.ChunkIndexWriter$$SpringCGLIB$$0.writePage(<generated>) ~[!/:0.0.1-SNAPSHOT]
	at com.DOCKin.rag.service.IndexingService.indexWorkLogs(IndexingService.java:238) ~[!/:0.0.1-SNAPSHOT]
	at com.DOCKin.rag.service.IndexingService.runIndexing(IndexingService.java:191) ~[!/:0.0.1-SNAPSHOT]
	at com.DOCKin.rag.service.IndexingService.indexAll(IndexingService.java:165) ~[!/:0.0.1-SNAPSHOT]
	at com.DOCKin.rag.service.SeedIndexingRunner.run(SeedIndexingRunner.java:53) ~[!/:0.0.1-SNAPSHOT]
	at org.springframework.boot.SpringApplication.lambda$callRunner$0(SpringApplication.java:788) ~[spring-boot-4.0.1.jar!/:4.0.1]
	at org.springframework.util.function.ThrowingConsumer$1.acceptWithException(ThrowingConsumer.java:82) ~[spring-core-7.0.2.jar!/:7.0.2]
	at org.springframework.util.function.ThrowingConsumer.accept(ThrowingConsumer.java:60) ~[spring-core-7.0.2.jar!/:7.0.2]
	at org.springframework.util.function.ThrowingConsumer$1.accept(ThrowingConsumer.java:86) ~[spring-core-7.0.2.jar!/:7.0.2]
	at org.springframework.boot.SpringApplication.callRunner(SpringApplication.java:800) ~[spring-boot-4.0.1.jar!/:4.0.1]
	at org.springframework.boot.SpringApplication.callRunner(SpringApplication.java:788) ~[spring-boot-4.0.1.jar!/:4.0.1]
	at org.springframework.boot.SpringApplication.lambda$callRunners$0(SpringApplication.java:776) ~[spring-boot-4.0.1.jar!/:4.0.1]
	at java.base/java.util.stream.ForEachOps$ForEachOp$OfRef.accept(ForEachOps.java:184) ~[na:na]
	at java.base/java.util.stream.SortedOps$SizedRefSortingSink.end(SortedOps.java:357) ~[na:na]
	at java.base/java.util.stream.AbstractPipeline.copyInto(AbstractPipeline.java:510) ~[na:na]
	at java.base/java.util.stream.AbstractPipeline.wrapAndCopyInto(AbstractPipeline.java:499) ~[na:na]
	at java.base/java.util.stream.ForEachOps$ForEachOp.evaluateSequential(ForEachOps.java:151) ~[na:na]
	at java.base/java.util.stream.ForEachOps$ForEachOp$OfRef.evaluateSequential(ForEachOps.java:174) ~[na:na]
	at java.base/java.util.stream.AbstractPipeline.evaluate(AbstractPipeline.java:234) ~[na:na]
	at java.base/java.util.stream.ReferencePipeline.forEach(ReferencePipeline.java:596) ~[na:na]
	at org.springframework.boot.SpringApplication.callRunners(SpringApplication.java:776) ~[spring-boot-4.0.1.jar!/:4.0.1]
	at org.springframework.boot.SpringApplication.run(SpringApplication.java:328) ~[spring-boot-4.0.1.jar!/:4.0.1]
	at org.springframework.boot.SpringApplication.run(SpringApplication.java:1365) ~[spring-boot-4.0.1.jar!/:4.0.1]
	at org.springframework.boot.SpringApplication.run(SpringApplication.java:1354) ~[spring-boot-4.0.1.jar!/:4.0.1]
	at com.DOCKin.DocKinSpringApplication.main(DocKinSpringApplication.java:23) ~[!/:0.0.1-SNAPSHOT]
	at java.base/jdk.internal.reflect.DirectMethodHandleAccessor.invoke(DirectMethodHandleAccessor.java:103) ~[na:na]
	at java.base/java.lang.reflect.Method.invoke(Method.java:580) ~[na:na]
	at org.springframework.boot.loader.launch.Launcher.launch(Launcher.java:106) ~[app.jar:0.0.1-SNAPSHOT]
	at org.springframework.boot.loader.launch.Launcher.launch(Launcher.java:64) ~[app.jar:0.0.1-SNAPSHOT]
	at org.springframework.boot.loader.launch.JarLauncher.main(JarLauncher.java:40) ~[app.jar:0.0.1-SNAPSHOT]

2026-09-17T22:41:11.308+09:00 ERROR [] 1 --- [DOCKin-spring] [           main] com.DOCKin.rag.service.IndexingService   : [RAG] 인덱싱 중단 종료 - 신규 임베딩 0건 / 전체 청크 0건 / 696ms / 사유: 임베딩 서버 호출에 실패했습니다.
2026-09-17T22:41:11.316+09:00 ERROR [] 1 --- [DOCKin-spring] [           main] c.DOCKin.rag.service.SeedIndexingRunner  : [RAG] 기동 직후 색인 중단 - 신규 임베딩 0건까지 반영됨: 임베딩 서버 호출에 실패했습니다.
2026-09-17T22:41:11.317+09:00  WARN [] 1 --- [DOCKin-spring] [           main] o.s.core.events.SpringDocAppInitializer  : SpringDoc /v3/api-docs endpoint is enabled by default. To disable it in production, set the property 'springdoc.api-docs.enabled=false'
2026-09-17T22:41:11.318+09:00  WARN [] 1 --- [DOCKin-spring] [           main] o.s.core.events.SpringDocAppInitializer  : SpringDoc /swagger-ui.html endpoint is enabled by default. To disable it in production, set the property 'springdoc.swagger-ui.enabled=false'
2026-09-17T22:41:11.337+09:00  INFO [] 1 --- [DOCKin-spring] [nio-8080-exec-3] o.a.c.c.C.[Tomcat].[localhost].[/]       : Initializing Spring DispatcherServlet 'dispatcherServlet'
2026-09-17T22:41:11.337+09:00  INFO [] 1 --- [DOCKin-spring] [nio-8080-exec-3] o.s.web.servlet.DispatcherServlet        : Initializing Servlet 'dispatcherServlet'
2026-09-17T22:41:11.339+09:00  INFO [] 1 --- [DOCKin-spring] [nio-8080-exec-3] o.s.web.servlet.DispatcherServlet        : Completed initialization in 2 ms
2026-09-17T22:41:11.421+09:00  WARN [3ac0a4641f314c6c] 1 --- [DOCKin-spring] [nio-8080-exec-3] o.s.w.s.h.HandlerMappingIntrospector     : Cache miss for REQUEST dispatch to '/actuator/health' (previous null). Performing CorsConfiguration lookup. This is logged once only at WARN level, and every time at TRACE.
2026-09-17T22:41:12.420+09:00  INFO [] 1 --- [DOCKin-spring] [ionShutdownHook] o.s.boot.tomcat.GracefulShutdown         : Commencing graceful shutdown. Waiting for active requests to complete
2026-09-17T22:41:12.422+09:00  INFO [] 1 --- [DOCKin-spring] [tomcat-shutdown] o.s.boot.tomcat.GracefulShutdown         : Graceful shutdown complete
2026-09-17T22:41:12.424+09:00  INFO [] 1 --- [DOCKin-spring] [ionShutdownHook] o.s.m.s.b.SimpleBrokerMessageHandler     : Stopping...
2026-09-17T22:41:12.424+09:00  INFO [] 1 --- [DOCKin-spring] [ionShutdownHook] o.s.m.s.b.SimpleBrokerMessageHandler     : BrokerAvailabilityEvent[available=false, SimpleBrokerMessageHandler [org.springframework.messaging.simp.broker.DefaultSubscriptionRegistry@1f5770b5]]
2026-09-17T22:41:12.424+09:00  INFO [] 1 --- [DOCKin-spring] [ionShutdownHook] o.s.m.s.b.SimpleBrokerMessageHandler     : Stopped.
2026-09-17T22:41:14.449+09:00  INFO [] 1 --- [DOCKin-spring] [ionShutdownHook] j.LocalContainerEntityManagerFactoryBean : Closing JPA EntityManagerFactory for persistence unit 'default'
2026-09-17T22:41:14.451+09:00  INFO [] 1 --- [DOCKin-spring] [ionShutdownHook] com.zaxxer.hikari.HikariDataSource       : HikariPool-1 - Shutdown initiated...
2026-09-17T22:41:14.454+09:00  INFO [] 1 --- [DOCKin-spring] [ionShutdownHook] com.zaxxer.hikari.HikariDataSource       : HikariPool-1 - Shutdown completed.

  .   ____          _            __ _ _
 /\\ / ___'_ __ _ _(_)_ __  __ _ \ \ \ \
( ( )\___ | '_ | '_| | '_ \/ _` | \ \ \ \
 \\/  ___)| |_)| | | | | || (_| |  ) ) ) )
  '  |____| .__|_| |_|_| |_\__, | / / / /
 =========|_|==============|___/=/_/_/_/

 :: Spring Boot ::                (v4.0.1)

2026-09-17T22:42:13.221+09:00  INFO [] 1 --- [DOCKin-spring] [           main] com.DOCKin.DocKinSpringApplication       : Starting DocKinSpringApplication v0.0.1-SNAPSHOT using Java 21.0.12.1 with PID 1 (/app.jar started by root in /)
2026-09-17T22:42:13.224+09:00  INFO [] 1 --- [DOCKin-spring] [           main] com.DOCKin.DocKinSpringApplication       : The following 2 profiles are active: "secret", "seed"
2026-09-17T22:42:15.426+09:00  INFO [] 1 --- [DOCKin-spring] [           main] .s.d.r.c.RepositoryConfigurationDelegate : Bootstrapping Spring Data JPA repositories in DEFAULT mode.
2026-09-17T22:42:15.920+09:00  INFO [] 1 --- [DOCKin-spring] [           main] .s.d.r.c.RepositoryConfigurationDelegate : Finished Spring Data repository scanning in 487 ms. Found 20 JPA repository interfaces.
2026-09-17T22:42:17.699+09:00  INFO [] 1 --- [DOCKin-spring] [           main] o.s.boot.tomcat.TomcatWebServer          : Tomcat initialized with port 8080 (http)
2026-09-17T22:42:17.712+09:00  INFO [] 1 --- [DOCKin-spring] [           main] o.apache.catalina.core.StandardService   : Starting service [Tomcat]
2026-09-17T22:42:17.713+09:00  INFO [] 1 --- [DOCKin-spring] [           main] o.apache.catalina.core.StandardEngine    : Starting Servlet engine: [Apache Tomcat/11.0.15]
2026-09-17T22:42:17.826+09:00  INFO [] 1 --- [DOCKin-spring] [           main] b.w.c.s.WebApplicationContextInitializer : Root WebApplicationContext: initialization completed in 4508 ms
2026-09-17T22:42:19.116+09:00  INFO [] 1 --- [DOCKin-spring] [           main] com.zaxxer.hikari.HikariDataSource       : HikariPool-1 - Starting...
2026-09-17T22:42:19.421+09:00  INFO [] 1 --- [DOCKin-spring] [           main] com.zaxxer.hikari.pool.HikariPool        : HikariPool-1 - Added connection org.postgresql.jdbc.PgConnection@1af78e37
2026-09-17T22:42:19.422+09:00  INFO [] 1 --- [DOCKin-spring] [           main] com.zaxxer.hikari.HikariDataSource       : HikariPool-1 - Start completed.
2026-09-17T22:42:19.500+09:00  INFO [] 1 --- [DOCKin-spring] [           main] org.flywaydb.core.FlywayExecutor         : Database: jdbc:postgresql://DOCKin-DB:5432/dockindb (PostgreSQL 17.11)
2026-09-17T22:42:19.627+09:00  INFO [] 1 --- [DOCKin-spring] [           main] o.f.core.internal.command.DbValidate     : Successfully validated 8 migrations (execution time 00:00.108s)
2026-09-17T22:42:19.704+09:00  INFO [] 1 --- [DOCKin-spring] [           main] o.f.core.internal.command.DbMigrate      : Current version of schema "public": 7
2026-09-17T22:42:19.706+09:00  INFO [] 1 --- [DOCKin-spring] [           main] o.f.core.internal.command.DbMigrate      : Schema "public" is up to date. No migration necessary.
2026-09-17T22:42:19.826+09:00  INFO [] 1 --- [DOCKin-spring] [           main] org.hibernate.orm.jpa                    : HHH008540: Processing PersistenceUnitInfo [name: default]
2026-09-17T22:42:19.921+09:00  INFO [] 1 --- [DOCKin-spring] [           main] org.hibernate.orm.core                   : HHH000001: Hibernate ORM core version 7.2.0.Final
2026-09-17T22:42:20.603+09:00  INFO [] 1 --- [DOCKin-spring] [           main] org.hibernate.orm.connections.pooling    : HHH10001005: Database info:
	Database JDBC URL [jdbc:postgresql://DOCKin-DB:5432/dockindb]
	Database driver: PostgreSQL JDBC Driver
	Database dialect: PostgreSQLDialect
	Database version: 17.11
	Default catalog/schema: dockindb/public
	Autocommit mode: undefined/unknown
	Isolation level: READ_COMMITTED [default READ_COMMITTED]
	JDBC fetch size: none
	Pool: DataSourceConnectionProvider
	Minimum pool size: undefined/unknown
	Maximum pool size: undefined/unknown
2026-09-17T22:42:21.008+09:00  INFO [] 1 --- [DOCKin-spring] [           main] o.s.o.j.p.SpringPersistenceUnitInfo      : No LoadTimeWeaver setup: ignoring JPA class transformer
2026-09-17T22:42:23.512+09:00  INFO [] 1 --- [DOCKin-spring] [           main] org.hibernate.orm.core                   : HHH000489: No JTA platform available (set 'hibernate.transaction.jta.platform' to enable JTA platform integration)
2026-09-17T22:42:23.516+09:00  INFO [] 1 --- [DOCKin-spring] [           main] org.hibernate.orm.jdbc.batch             : HHH100501: Automatic JDBC statement batching enabled (maximum batch size 100)
2026-09-17T22:42:23.597+09:00  INFO [] 1 --- [DOCKin-spring] [           main] j.LocalContainerEntityManagerFactoryBean : Initialized JPA EntityManagerFactory for persistence unit 'default'
2026-09-17T22:42:23.733+09:00  INFO [] 1 --- [DOCKin-spring] [           main] o.s.d.j.r.query.QueryEnhancerFactories   : Hibernate is in classpath; If applicable, HQL parser will be used.
2026-09-17T22:42:27.310+09:00  INFO [] 1 --- [DOCKin-spring] [           main] org.redisson.Version                     : Redisson 3.37.0
2026-09-17T22:42:27.740+09:00  INFO [] 1 --- [DOCKin-spring] [isson-netty-1-6] o.redisson.connection.ConnectionsHolder  : 1 connections initialized for dockin-redis/172.18.0.2:6379
2026-09-17T22:42:27.740+09:00  INFO [] 1 --- [DOCKin-spring] [isson-netty-1-5] o.redisson.connection.ConnectionsHolder  : 1 connections initialized for dockin-redis/172.18.0.2:6379
2026-09-17T22:42:29.012+09:00  WARN [] 1 --- [DOCKin-spring] [           main] JpaBaseConfiguration$JpaWebConfiguration : spring.jpa.open-in-view is enabled by default. Therefore, database queries may be performed during view rendering. Explicitly configure spring.jpa.open-in-view to disable this warning
2026-09-17T22:42:29.298+09:00  INFO [] 1 --- [DOCKin-spring] [           main] r$InitializeUserDetailsManagerConfigurer : Global AuthenticationManager configured with UserDetailsService bean with name customUserDetailsService
2026-09-17T22:42:29.996+09:00  INFO [] 1 --- [DOCKin-spring] [           main] o.s.b.a.e.web.EndpointLinksResolver      : Exposing 3 endpoints beneath base path '/actuator'
2026-09-17T22:42:30.699+09:00  INFO [] 1 --- [DOCKin-spring] [           main] o.s.m.s.b.SimpleBrokerMessageHandler     : Starting...
2026-09-17T22:42:30.700+09:00  INFO [] 1 --- [DOCKin-spring] [           main] o.s.m.s.b.SimpleBrokerMessageHandler     : BrokerAvailabilityEvent[available=true, SimpleBrokerMessageHandler [org.springframework.messaging.simp.broker.DefaultSubscriptionRegistry@3ceb5831]]
2026-09-17T22:42:30.701+09:00  INFO [] 1 --- [DOCKin-spring] [           main] o.s.m.s.b.SimpleBrokerMessageHandler     : Started.
2026-09-17T22:42:30.717+09:00  INFO [] 1 --- [DOCKin-spring] [           main] o.s.boot.tomcat.TomcatWebServer          : Tomcat started on port 8080 (http) with context path '/'
2026-09-17T22:42:30.727+09:00  INFO [] 1 --- [DOCKin-spring] [           main] com.DOCKin.DocKinSpringApplication       : Started DocKinSpringApplication in 18.225 seconds (process running for 19.489)
2026-09-17T22:42:30.733+09:00  INFO [] 1 --- [DOCKin-spring] [           main] c.DOCKin.rag.service.SeedIndexingRunner  : [RAG] seed 프로파일 - 기동 직후 색인을 시작합니다. (rag.indexing.on-startup=true)
2026-09-17T22:42:31.724+09:00  INFO [] 1 --- [DOCKin-spring] [nio-8080-exec-1] o.a.c.c.C.[Tomcat].[localhost].[/]       : Initializing Spring DispatcherServlet 'dispatcherServlet'
2026-09-17T22:42:31.724+09:00  INFO [] 1 --- [DOCKin-spring] [nio-8080-exec-1] o.s.web.servlet.DispatcherServlet        : Initializing Servlet 'dispatcherServlet'
2026-09-17T22:42:31.726+09:00  INFO [] 1 --- [DOCKin-spring] [nio-8080-exec-1] o.s.web.servlet.DispatcherServlet        : Completed initialization in 2 ms
2026-09-17T22:42:31.811+09:00  WARN [35b86356e83645be] 1 --- [DOCKin-spring] [nio-8080-exec-1] o.s.w.s.h.HandlerMappingIntrospector     : Cache miss for REQUEST dispatch to '/actuator/health' (previous null). Performing CorsConfiguration lookup. This is logged once only at WARN level, and every time at TRACE.
2026-09-17T22:43:30.615+09:00  INFO [] 1 --- [DOCKin-spring] [MessageBroker-1] o.s.w.s.c.WebSocketMessageBrokerStats    : WebSocketSession[0 current WS(0)-HttpStream(0)-HttpPoll(0), 0 total, 0 closed abnormally (0 connect failure, 0 send limit, 0 transport error)], stompSubProtocol[processed CONNECT(0)-CONNECTED(0)-DISCONNECT(0)], stompBrokerRelay[null], inboundChannel[pool size = 0, active threads = 0, queued tasks = 0, completed tasks = 0], outboundChannel[pool size = 0, active threads = 0, queued tasks = 0, completed tasks = 0], sockJsScheduler[pool size = 1, active threads = 1, queued tasks = 5, completed tasks = 18]
2026-09-17T22:43:54.616+09:00  INFO [] 1 --- [DOCKin-spring] [ionShutdownHook] o.s.boot.tomcat.GracefulShutdown         : Commencing graceful shutdown. Waiting for active requests to complete
2026-09-17T22:43:54.617+09:00  INFO [] 1 --- [DOCKin-spring] [tomcat-shutdown] o.s.boot.tomcat.GracefulShutdown         : Graceful shutdown complete
2026-09-17T22:43:54.619+09:00  INFO [] 1 --- [DOCKin-spring] [ionShutdownHook] o.s.m.s.b.SimpleBrokerMessageHandler     : Stopping...
2026-09-17T22:43:54.619+09:00  INFO [] 1 --- [DOCKin-spring] [ionShutdownHook] o.s.m.s.b.SimpleBrokerMessageHandler     : BrokerAvailabilityEvent[available=false, SimpleBrokerMessageHandler [org.springframework.messaging.simp.broker.DefaultSubscriptionRegistry@3ceb5831]]
2026-09-17T22:43:54.619+09:00  INFO [] 1 --- [DOCKin-spring] [ionShutdownHook] o.s.m.s.b.SimpleBrokerMessageHandler     : Stopped.
2026-09-17T22:43:54.729+09:00  WARN [] 1 --- [DOCKin-spring] [or-http-epoll-2] r.netty.http.client.HttpClientConnect    : [c2e353e5-27, L:/172.18.0.5:47914 ! R:dockin-embedding/172.18.0.3:80] The connection observed an error

reactor.netty.http.client.PrematureCloseException: Connection prematurely closed BEFORE response

2026-09-17T22:43:54.744+09:00 ERROR [] 1 --- [DOCKin-spring] [           main] com.DOCKin.rag.service.EmbeddingClient   : 임베딩 서버 호출 실패 [WebClientRequestException]: Connection prematurely closed BEFORE response
2026-09-17T22:43:54.746+09:00 ERROR [] 1 --- [DOCKin-spring] [           main] com.DOCKin.rag.service.IndexingService   : [RAG] 인덱싱 중단 - 신규 임베딩 1572건까지 반영됨: 임베딩 서버 호출에 실패했습니다.

com.DOCKin.global.error.BusinessException: 임베딩 서버 호출에 실패했습니다.
	at com.DOCKin.rag.service.EmbeddingClient.call(EmbeddingClient.java:119) ~[!/:0.0.1-SNAPSHOT]
	at com.DOCKin.rag.service.EmbeddingClient.embedPassages(EmbeddingClient.java:82) ~[!/:0.0.1-SNAPSHOT]
	at com.DOCKin.rag.service.ChunkIndexWriter.flush(ChunkIndexWriter.java:96) ~[!/:0.0.1-SNAPSHOT]
	at com.DOCKin.rag.service.ChunkIndexWriter.writePage(ChunkIndexWriter.java:56) ~[!/:0.0.1-SNAPSHOT]
	at java.base/jdk.internal.reflect.DirectMethodHandleAccessor.invoke(DirectMethodHandleAccessor.java:103) ~[na:na]
	at java.base/java.lang.reflect.Method.invoke(Method.java:580) ~[na:na]
	at org.springframework.aop.support.AopUtils.invokeJoinpointUsingReflection(AopUtils.java:359) ~[spring-aop-7.0.2.jar!/:7.0.2]
	at org.springframework.aop.framework.ReflectiveMethodInvocation.invokeJoinpoint(ReflectiveMethodInvocation.java:190) ~[spring-aop-7.0.2.jar!/:7.0.2]
	at org.springframework.aop.framework.ReflectiveMethodInvocation.proceed(ReflectiveMethodInvocation.java:158) ~[spring-aop-7.0.2.jar!/:7.0.2]
	at org.springframework.transaction.interceptor.TransactionAspectSupport.invokeWithinTransaction(TransactionAspectSupport.java:370) ~[spring-tx-7.0.2.jar!/:7.0.2]
	at org.springframework.transaction.interceptor.TransactionInterceptor.invoke(TransactionInterceptor.java:118) ~[spring-tx-7.0.2.jar!/:7.0.2]
	at org.springframework.aop.framework.ReflectiveMethodInvocation.proceed(ReflectiveMethodInvocation.java:179) ~[spring-aop-7.0.2.jar!/:7.0.2]
	at org.springframework.aop.framework.CglibAopProxy$DynamicAdvisedInterceptor.intercept(CglibAopProxy.java:719) ~[spring-aop-7.0.2.jar!/:7.0.2]
	at com.DOCKin.rag.service.ChunkIndexWriter$$SpringCGLIB$$0.writePage(<generated>) ~[!/:0.0.1-SNAPSHOT]
	at com.DOCKin.rag.service.IndexingService.indexWorkLogs(IndexingService.java:238) ~[!/:0.0.1-SNAPSHOT]
	at com.DOCKin.rag.service.IndexingService.runIndexing(IndexingService.java:191) ~[!/:0.0.1-SNAPSHOT]
	at com.DOCKin.rag.service.IndexingService.indexAll(IndexingService.java:165) ~[!/:0.0.1-SNAPSHOT]
	at com.DOCKin.rag.service.SeedIndexingRunner.run(SeedIndexingRunner.java:53) ~[!/:0.0.1-SNAPSHOT]
	at org.springframework.boot.SpringApplication.lambda$callRunner$0(SpringApplication.java:788) ~[spring-boot-4.0.1.jar!/:4.0.1]
	at org.springframework.util.function.ThrowingConsumer$1.acceptWithException(ThrowingConsumer.java:82) ~[spring-core-7.0.2.jar!/:7.0.2]
	at org.springframework.util.function.ThrowingConsumer.accept(ThrowingConsumer.java:60) ~[spring-core-7.0.2.jar!/:7.0.2]
	at org.springframework.util.function.ThrowingConsumer$1.accept(ThrowingConsumer.java:86) ~[spring-core-7.0.2.jar!/:7.0.2]
	at org.springframework.boot.SpringApplication.callRunner(SpringApplication.java:800) ~[spring-boot-4.0.1.jar!/:4.0.1]
	at org.springframework.boot.SpringApplication.callRunner(SpringApplication.java:788) ~[spring-boot-4.0.1.jar!/:4.0.1]
	at org.springframework.boot.SpringApplication.lambda$callRunners$0(SpringApplication.java:776) ~[spring-boot-4.0.1.jar!/:4.0.1]
	at java.base/java.util.stream.ForEachOps$ForEachOp$OfRef.accept(ForEachOps.java:184) ~[na:na]
	at java.base/java.util.stream.SortedOps$SizedRefSortingSink.end(SortedOps.java:357) ~[na:na]
	at java.base/java.util.stream.AbstractPipeline.copyInto(AbstractPipeline.java:510) ~[na:na]
	at java.base/java.util.stream.AbstractPipeline.wrapAndCopyInto(AbstractPipeline.java:499) ~[na:na]
	at java.base/java.util.stream.ForEachOps$ForEachOp.evaluateSequential(ForEachOps.java:151) ~[na:na]
	at java.base/java.util.stream.ForEachOps$ForEachOp$OfRef.evaluateSequential(ForEachOps.java:174) ~[na:na]
	at java.base/java.util.stream.AbstractPipeline.evaluate(AbstractPipeline.java:234) ~[na:na]
	at java.base/java.util.stream.ReferencePipeline.forEach(ReferencePipeline.java:596) ~[na:na]
	at org.springframework.boot.SpringApplication.callRunners(SpringApplication.java:776) ~[spring-boot-4.0.1.jar!/:4.0.1]
	at org.springframework.boot.SpringApplication.run(SpringApplication.java:328) ~[spring-boot-4.0.1.jar!/:4.0.1]
	at org.springframework.boot.SpringApplication.run(SpringApplication.java:1365) ~[spring-boot-4.0.1.jar!/:4.0.1]
	at org.springframework.boot.SpringApplication.run(SpringApplication.java:1354) ~[spring-boot-4.0.1.jar!/:4.0.1]
	at com.DOCKin.DocKinSpringApplication.main(DocKinSpringApplication.java:23) ~[!/:0.0.1-SNAPSHOT]
	at java.base/jdk.internal.reflect.DirectMethodHandleAccessor.invoke(DirectMethodHandleAccessor.java:103) ~[na:na]
	at java.base/java.lang.reflect.Method.invoke(Method.java:580) ~[na:na]
	at org.springframework.boot.loader.launch.Launcher.launch(Launcher.java:106) ~[app.jar:0.0.1-SNAPSHOT]
	at org.springframework.boot.loader.launch.Launcher.launch(Launcher.java:64) ~[app.jar:0.0.1-SNAPSHOT]
	at org.springframework.boot.loader.launch.JarLauncher.main(JarLauncher.java:40) ~[app.jar:0.0.1-SNAPSHOT]

2026-09-17T22:43:54.801+09:00 ERROR [] 1 --- [DOCKin-spring] [           main] com.DOCKin.rag.service.IndexingService   : [RAG] 인덱싱 중단 종료 - 신규 임베딩 1572건 / 전체 청크 1572건 / 84068ms / 사유: 임베딩 서버 호출에 실패했습니다.
2026-09-17T22:43:54.806+09:00 ERROR [] 1 --- [DOCKin-spring] [           main] c.DOCKin.rag.service.SeedIndexingRunner  : [RAG] 기동 직후 색인 중단 - 신규 임베딩 1572건까지 반영됨: 임베딩 서버 호출에 실패했습니다.
2026-09-17T22:43:54.807+09:00  WARN [] 1 --- [DOCKin-spring] [           main] o.s.core.events.SpringDocAppInitializer  : SpringDoc /v3/api-docs endpoint is enabled by default. To disable it in production, set the property 'springdoc.api-docs.enabled=false'
2026-09-17T22:43:54.807+09:00  WARN [] 1 --- [DOCKin-spring] [           main] o.s.core.events.SpringDocAppInitializer  : SpringDoc /swagger-ui.html endpoint is enabled by default. To disable it in production, set the property 'springdoc.swagger-ui.enabled=false'
2026-09-17T22:43:56.761+09:00  INFO [] 1 --- [DOCKin-spring] [ionShutdownHook] j.LocalContainerEntityManagerFactoryBean : Closing JPA EntityManagerFactory for persistence unit 'default'
2026-09-17T22:43:56.763+09:00  INFO [] 1 --- [DOCKin-spring] [ionShutdownHook] com.zaxxer.hikari.HikariDataSource       : HikariPool-1 - Shutdown initiated...
2026-09-17T22:43:56.767+09:00  INFO [] 1 --- [DOCKin-spring] [ionShutdownHook] com.zaxxer.hikari.HikariDataSource       : HikariPool-1 - Shutdown completed.

  .   ____          _            __ _ _
 /\\ / ___'_ __ _ _(_)_ __  __ _ \ \ \ \
( ( )\___ | '_ | '_| | '_ \/ _` | \ \ \ \
 \\/  ___)| |_)| | | | | || (_| |  ) ) ) )
  '  |____| .__|_| |_|_| |_\__, | / / / /
 =========|_|==============|___/=/_/_/_/

 :: Spring Boot ::                (v4.0.1)

2026-09-17T22:45:20.715+09:00  INFO [] 1 --- [DOCKin-spring] [           main] com.DOCKin.DocKinSpringApplication       : Starting DocKinSpringApplication v0.0.1-SNAPSHOT using Java 21.0.12.1 with PID 1 (/app.jar started by root in /)
2026-09-17T22:45:20.719+09:00  INFO [] 1 --- [DOCKin-spring] [           main] com.DOCKin.DocKinSpringApplication       : The following 2 profiles are active: "secret", "seed"
2026-09-17T22:45:22.916+09:00  INFO [] 1 --- [DOCKin-spring] [           main] .s.d.r.c.RepositoryConfigurationDelegate : Bootstrapping Spring Data JPA repositories in DEFAULT mode.
2026-09-17T22:45:23.330+09:00  INFO [] 1 --- [DOCKin-spring] [           main] .s.d.r.c.RepositoryConfigurationDelegate : Finished Spring Data repository scanning in 407 ms. Found 20 JPA repository interfaces.
2026-09-17T22:45:25.037+09:00  INFO [] 1 --- [DOCKin-spring] [           main] o.s.boot.tomcat.TomcatWebServer          : Tomcat initialized with port 8080 (http)
2026-09-17T22:45:25.100+09:00  INFO [] 1 --- [DOCKin-spring] [           main] o.apache.catalina.core.StandardService   : Starting service [Tomcat]
2026-09-17T22:45:25.100+09:00  INFO [] 1 --- [DOCKin-spring] [           main] o.apache.catalina.core.StandardEngine    : Starting Servlet engine: [Apache Tomcat/11.0.15]
2026-09-17T22:45:25.218+09:00  INFO [] 1 --- [DOCKin-spring] [           main] b.w.c.s.WebApplicationContextInitializer : Root WebApplicationContext: initialization completed in 4394 ms
2026-09-17T22:45:26.417+09:00  INFO [] 1 --- [DOCKin-spring] [           main] com.zaxxer.hikari.HikariDataSource       : HikariPool-1 - Starting...
2026-09-17T22:45:26.715+09:00  INFO [] 1 --- [DOCKin-spring] [           main] com.zaxxer.hikari.pool.HikariPool        : HikariPool-1 - Added connection org.postgresql.jdbc.PgConnection@1af78e37
2026-09-17T22:45:26.717+09:00  INFO [] 1 --- [DOCKin-spring] [           main] com.zaxxer.hikari.HikariDataSource       : HikariPool-1 - Start completed.
2026-09-17T22:45:26.738+09:00  INFO [] 1 --- [DOCKin-spring] [           main] org.flywaydb.core.FlywayExecutor         : Database: jdbc:postgresql://DOCKin-DB:5432/dockindb (PostgreSQL 17.11)
2026-09-17T22:45:26.908+09:00  INFO [] 1 --- [DOCKin-spring] [           main] o.f.core.internal.command.DbValidate     : Successfully validated 8 migrations (execution time 00:00.102s)
2026-09-17T22:45:26.916+09:00  INFO [] 1 --- [DOCKin-spring] [           main] o.f.core.internal.command.DbMigrate      : Current version of schema "public": 7
2026-09-17T22:45:26.918+09:00  INFO [] 1 --- [DOCKin-spring] [           main] o.f.core.internal.command.DbMigrate      : Schema "public" is up to date. No migration necessary.
2026-09-17T22:45:27.110+09:00  INFO [] 1 --- [DOCKin-spring] [           main] org.hibernate.orm.jpa                    : HHH008540: Processing PersistenceUnitInfo [name: default]
2026-09-17T22:45:27.214+09:00  INFO [] 1 --- [DOCKin-spring] [           main] org.hibernate.orm.core                   : HHH000001: Hibernate ORM core version 7.2.0.Final
2026-09-17T22:45:27.923+09:00  INFO [] 1 --- [DOCKin-spring] [           main] org.hibernate.orm.connections.pooling    : HHH10001005: Database info:
	Database JDBC URL [jdbc:postgresql://DOCKin-DB:5432/dockindb]
	Database driver: PostgreSQL JDBC Driver
	Database dialect: PostgreSQLDialect
	Database version: 17.11
	Default catalog/schema: dockindb/public
	Autocommit mode: undefined/unknown
	Isolation level: READ_COMMITTED [default READ_COMMITTED]
	JDBC fetch size: none
	Pool: DataSourceConnectionProvider
	Minimum pool size: undefined/unknown
	Maximum pool size: undefined/unknown
2026-09-17T22:45:28.318+09:00  INFO [] 1 --- [DOCKin-spring] [           main] o.s.o.j.p.SpringPersistenceUnitInfo      : No LoadTimeWeaver setup: ignoring JPA class transformer
2026-09-17T22:45:30.709+09:00  INFO [] 1 --- [DOCKin-spring] [           main] org.hibernate.orm.core                   : HHH000489: No JTA platform available (set 'hibernate.transaction.jta.platform' to enable JTA platform integration)
2026-09-17T22:45:30.712+09:00  INFO [] 1 --- [DOCKin-spring] [           main] org.hibernate.orm.jdbc.batch             : HHH100501: Automatic JDBC statement batching enabled (maximum batch size 100)
2026-09-17T22:45:30.799+09:00  INFO [] 1 --- [DOCKin-spring] [           main] j.LocalContainerEntityManagerFactoryBean : Initialized JPA EntityManagerFactory for persistence unit 'default'
2026-09-17T22:45:31.007+09:00  INFO [] 1 --- [DOCKin-spring] [           main] o.s.d.j.r.query.QueryEnhancerFactories   : Hibernate is in classpath; If applicable, HQL parser will be used.
2026-09-17T22:45:34.606+09:00  INFO [] 1 --- [DOCKin-spring] [           main] org.redisson.Version                     : Redisson 3.37.0
2026-09-17T22:45:35.030+09:00  INFO [] 1 --- [DOCKin-spring] [isson-netty-1-6] o.redisson.connection.ConnectionsHolder  : 1 connections initialized for dockin-redis/172.18.0.2:6379
2026-09-17T22:45:35.030+09:00  INFO [] 1 --- [DOCKin-spring] [isson-netty-1-5] o.redisson.connection.ConnectionsHolder  : 1 connections initialized for dockin-redis/172.18.0.2:6379
2026-09-17T22:45:36.337+09:00  WARN [] 1 --- [DOCKin-spring] [           main] JpaBaseConfiguration$JpaWebConfiguration : spring.jpa.open-in-view is enabled by default. Therefore, database queries may be performed during view rendering. Explicitly configure spring.jpa.open-in-view to disable this warning
2026-09-17T22:45:36.607+09:00  INFO [] 1 --- [DOCKin-spring] [           main] r$InitializeUserDetailsManagerConfigurer : Global AuthenticationManager configured with UserDetailsService bean with name customUserDetailsService
2026-09-17T22:45:37.321+09:00  INFO [] 1 --- [DOCKin-spring] [           main] o.s.b.a.e.web.EndpointLinksResolver      : Exposing 3 endpoints beneath base path '/actuator'
2026-09-17T22:45:38.024+09:00  INFO [] 1 --- [DOCKin-spring] [           main] o.s.m.s.b.SimpleBrokerMessageHandler     : Starting...
2026-09-17T22:45:38.024+09:00  INFO [] 1 --- [DOCKin-spring] [           main] o.s.m.s.b.SimpleBrokerMessageHandler     : BrokerAvailabilityEvent[available=true, SimpleBrokerMessageHandler [org.springframework.messaging.simp.broker.DefaultSubscriptionRegistry@3ceb5831]]
2026-09-17T22:45:38.026+09:00  INFO [] 1 --- [DOCKin-spring] [           main] o.s.m.s.b.SimpleBrokerMessageHandler     : Started.
2026-09-17T22:45:38.097+09:00  INFO [] 1 --- [DOCKin-spring] [           main] o.s.boot.tomcat.TomcatWebServer          : Tomcat started on port 8080 (http) with context path '/'
2026-09-17T22:45:38.108+09:00  INFO [] 1 --- [DOCKin-spring] [           main] com.DOCKin.DocKinSpringApplication       : Started DocKinSpringApplication in 18.201 seconds (process running for 19.25)
2026-09-17T22:45:38.115+09:00  INFO [] 1 --- [DOCKin-spring] [           main] c.DOCKin.rag.service.SeedIndexingRunner  : [RAG] seed 프로파일 - 기동 직후 색인을 시작합니다. (rag.indexing.on-startup=true)
2026-09-17T22:45:39.119+09:00  INFO [] 1 --- [DOCKin-spring] [nio-8080-exec-1] o.a.c.c.C.[Tomcat].[localhost].[/]       : Initializing Spring DispatcherServlet 'dispatcherServlet'
2026-09-17T22:45:39.120+09:00  INFO [] 1 --- [DOCKin-spring] [nio-8080-exec-1] o.s.web.servlet.DispatcherServlet        : Initializing Servlet 'dispatcherServlet'
2026-09-17T22:45:39.122+09:00  INFO [] 1 --- [DOCKin-spring] [nio-8080-exec-1] o.s.web.servlet.DispatcherServlet        : Completed initialization in 2 ms
2026-09-17T22:45:39.205+09:00  WARN [77d47a7f85014272] 1 --- [DOCKin-spring] [nio-8080-exec-1] o.s.w.s.h.HandlerMappingIntrospector     : Cache miss for REQUEST dispatch to '/actuator/health' (previous null). Performing CorsConfiguration lookup. This is logged once only at WARN level, and every time at TRACE.
2026-09-17T22:46:38.002+09:00  INFO [] 1 --- [DOCKin-spring] [MessageBroker-1] o.s.w.s.c.WebSocketMessageBrokerStats    : WebSocketSession[0 current WS(0)-HttpStream(0)-HttpPoll(0), 0 total, 0 closed abnormally (0 connect failure, 0 send limit, 0 transport error)], stompSubProtocol[processed CONNECT(0)-CONNECTED(0)-DISCONNECT(0)], stompBrokerRelay[null], inboundChannel[pool size = 0, active threads = 0, queued tasks = 0, completed tasks = 0], outboundChannel[pool size = 0, active threads = 0, queued tasks = 0, completed tasks = 0], sockJsScheduler[pool size = 1, active threads = 1, queued tasks = 5, completed tasks = 18]
