03:55:56  E8 샘플러 시작 — 60초 간격, 출력 measure/e8-20260813T035556/e8-samples.csv
03:55:56  색인을 멈춘 뒤 Ctrl-C(또는 kill)로 종료하면 요약을 찍는다.
03:56:57  청크 474 / 구간 원본 +400 → 원본당 150.0ms (TEI 2.00)
03:57:57  청크 1445 / 구간 원본 +800 → 원본당 76.2ms (TEI 2.00)
03:58:58  청크 2398 / 구간 원본 +800 → 원본당 75.0ms (TEI 2.00)
03:59:58  청크 3273 / 구간 원본 +700 → 원본당 87.1ms (TEI 2.00)
04:00:58  청크 4234 / 구간 원본 +800 → 원본당 75.0ms (TEI 2.00)
04:01:59  청크 5178 / 구간 원본 +800 → 원본당 75.0ms (TEI 2.00)
04:02:59  청크 6135 / 구간 원본 +800 → 원본당 76.2ms (TEI 2.00)
04:04:00  청크 7091 / 구간 원본 +800 → 원본당 75.0ms (TEI 2.00)
04:05:00  청크 8042 / 구간 원본 +800 → 원본당 76.2ms (TEI 2.00)
04:06:01  청크 8991 / 구간 원본 +800 → 원본당 75.0ms (TEI 2.00)
04:07:01  청크 10070 / 구간 원본 +900 → 원본당 67.8ms (TEI 2.00)
04:08:01  청크 10915 / 구간 원본 +700 → 원본당 85.7ms (TEI 2.00)
04:09:02  청크 11966 / 구간 원본 +900 → 원본당 66.7ms (TEI 2.00)
04:10:02  청크 12927 / 구간 원본 +800 → 원본당 76.2ms (TEI 2.00)
04:11:03  청크 13761 / 구간 원본 +700 → 원본당 85.7ms (TEI 2.00)
04:12:03  청크 14747 / 구간 원본 +800 → 원본당 76.2ms (TEI 2.00)
04:13:04  청크 15687 / 구간 원본 +800 → 원본당 75.0ms (TEI 2.00)
04:14:04  청크 16754 / 구간 원본 +900 → 원본당 67.8ms (TEI 2.00)
04:15:05  청크 17694 / 구간 원본 +800 → 원본당 75.0ms (TEI 2.00)
04:16:05  청크 18651 / 구간 원본 +800 → 원본당 76.2ms (TEI 2.00)
04:17:05  청크 19617 / 구간 원본 +800 → 원본당 75.0ms (TEI 2.00)
04:18:06  청크 20589 / 구간 원본 +800 → 원본당 75.0ms (TEI 2.00)
04:19:06  청크 21422 / 구간 원본 +700 → 원본당 87.1ms (TEI 2.00)
04:20:07  청크 22487 / 구간 원본 +900 → 원본당 66.7ms (TEI 2.00)
04:21:07  청크 23442 / 구간 원본 +800 → 원본당 76.2ms (TEI 2.00)
04:22:08  청크 24385 / 구간 원본 +800 → 원본당 75.0ms (TEI 2.00)

04:23:08  샘플러 종료 — measure/e8-20260813T035556/e8-samples.csv

## E8 구간별 처리량 — 20260813T035556

| 코퍼스(청크) | 구간 원본 | 원본당 ms | TEI | 앱 |
|---|---|---|---|---|
| 474 | 400 | 150.0 | 2.00 | yes |
| 1445 | 800 | 76.2 | 2.00 | yes |
| 2398 | 800 | 75.0 | 2.00 | yes |
| 3273 | 700 | 87.1 | 2.00 | yes |
| 4234 | 800 | 75.0 | 2.00 | yes |
| 5178 | 800 | 75.0 | 2.00 | yes |
| 6135 | 800 | 76.2 | 2.00 | yes |
| 7091 | 800 | 75.0 | 2.00 | yes |
| 8042 | 800 | 76.2 | 2.00 | yes |
| 8991 | 800 | 75.0 | 2.00 | yes |
| 10070 | 900 | 67.8 | 2.00 | yes |
| 10915 | 700 | 85.7 | 2.00 | yes |
| 11966 | 900 | 66.7 | 2.00 | yes |
| 12927 | 800 | 76.2 | 2.00 | yes |
| 13761 | 700 | 85.7 | 2.00 | yes |
| 14747 | 800 | 76.2 | 2.00 | yes |
| 15687 | 800 | 75.0 | 2.00 | yes |
| 16754 | 900 | 67.8 | 2.00 | yes |
| 17694 | 800 | 75.0 | 2.00 | yes |
| 18651 | 800 | 76.2 | 2.00 | yes |
| 19617 | 800 | 75.0 | 2.00 | yes |
| 20589 | 800 | 75.0 | 2.00 | yes |
| 21422 | 700 | 87.1 | 2.00 | yes |
| 22487 | 900 | 66.7 | 2.00 | yes |
| 23442 | 800 | 76.2 | 2.00 | yes |
| 24385 | 800 | 75.0 | 2.00 | yes |

구간이 비어 있는(원본 0) 표본은 건너뛰기 구간이거나 앱이 내려가 있던 때다. CSV에는 남아 있다.
