The files belonging to this database system will be owned by user "postgres".
This user must also own the server process.

The database cluster will be initialized with locale "en_US.utf8".
The default database encoding has accordingly been set to "UTF8".
The default text search configuration will be set to "english".

Data page checksums are disabled.

fixing permissions on existing directory /var/lib/postgresql/data ... ok
creating subdirectories ... ok
selecting dynamic shared memory implementation ... posix
selecting default "max_connections" ... 100
selecting default "shared_buffers" ... 128MB
selecting default time zone ... Etc/UTC
creating configuration files ... ok
running bootstrap script ... ok
performing post-bootstrap initialization ... ok
initdb: warning: enabling "trust" authentication for local connections
initdb: hint: You can change this by editing pg_hba.conf or using the option -A, or --auth-local and --auth-host, the next time you run initdb.
syncing data to disk ... ok


Success. You can now start the database server using:

    pg_ctl -D /var/lib/postgresql/data -l logfile start

waiting for server to start....2026-09-16 04:50:57.820 UTC [48] LOG:  starting PostgreSQL 17.11 (Debian 17.11-1.pgdg12+2) on x86_64-pc-linux-gnu, compiled by gcc (Debian 12.2.0-14+deb12u1) 12.2.0, 64-bit
2026-09-16 04:50:57.850 UTC [48] LOG:  listening on Unix socket "/var/run/postgresql/.s.PGSQL.5432"
2026-09-16 04:50:57.952 UTC [51] LOG:  database system was shut down at 2026-09-16 04:50:54 UTC
2026-09-16 04:50:57.996 UTC [48] LOG:  database system is ready to accept connections
 done
server started
CREATE DATABASE


/usr/local/bin/docker-entrypoint.sh: ignoring /docker-entrypoint-initdb.d/*

waiting for server to shut down...2026-09-16 04:50:58.453 UTC [48] LOG:  received fast shutdown request
.2026-09-16 04:50:58.470 UTC [48] LOG:  aborting any active transactions
2026-09-16 04:50:58.473 UTC [48] LOG:  background worker "logical replication launcher" (PID 54) exited with exit code 1
2026-09-16 04:50:58.475 UTC [49] LOG:  shutting down
2026-09-16 04:50:58.498 UTC [49] LOG:  checkpoint starting: shutdown immediate
2026-09-16 04:50:59.143 UTC [49] LOG:  checkpoint complete: wrote 921 buffers (5.6%); 0 WAL file(s) added, 0 removed, 0 recycled; write=0.058 s, sync=0.527 s, total=0.668 s; sync files=301, longest=0.201 s, average=0.002 s; distance=4238 kB, estimate=4238 kB; lsn=0/190A9C0, redo lsn=0/190A9C0
2026-09-16 04:50:59.205 UTC [48] LOG:  database system is shut down
 done
server stopped

PostgreSQL init process complete; ready for start up.

2026-09-16 04:50:59.334 UTC [1] LOG:  starting PostgreSQL 17.11 (Debian 17.11-1.pgdg12+2) on x86_64-pc-linux-gnu, compiled by gcc (Debian 12.2.0-14+deb12u1) 12.2.0, 64-bit
2026-09-16 04:50:59.334 UTC [1] LOG:  listening on IPv4 address "0.0.0.0", port 5432
2026-09-16 04:50:59.334 UTC [1] LOG:  listening on IPv6 address "::", port 5432
2026-09-16 04:50:59.365 UTC [1] LOG:  listening on Unix socket "/var/run/postgresql/.s.PGSQL.5432"
2026-09-16 04:50:59.408 UTC [64] LOG:  database system was shut down at 2026-09-16 04:50:59 UTC
2026-09-16 04:50:59.427 UTC [1] LOG:  database system is ready to accept connections
2026-09-16 04:51:42.689 UTC [62] LOG:  checkpoint starting: wal
2026-09-16 04:52:29.678 UTC [117] LOG:  skipping analyze of "work_logs" --- lock not available
2026-09-16 04:54:29.716 UTC [341] LOG:  skipping analyze of "work_logs" --- lock not available
2026-09-16 04:55:29.731 UTC [358] LOG:  skipping analyze of "work_logs" --- lock not available
2026-09-16 04:56:13.965 UTC [62] LOG:  checkpoint complete: wrote 4666 buffers (28.5%); 0 WAL file(s) added, 0 removed, 33 recycled; write=269.087 s, sync=0.907 s, total=271.353 s; sync files=118, longest=0.381 s, average=0.008 s; distance=535509 kB, estimate=535509 kB; lsn=0/2C75C200, redo lsn=0/22400158
2026-09-16 04:56:29.752 UTC [361] LOG:  skipping analyze of "work_logs" --- lock not available
2026-09-16 04:56:42.189 UTC [62] LOG:  checkpoint starting: time
2026-09-16 04:57:29.851 UTC [364] LOG:  skipping analyze of "work_logs" --- lock not available
2026-09-16 04:58:29.763 UTC [388] LOG:  skipping analyze of "work_logs" --- lock not available
2026-09-16 04:59:33.342 UTC [536] LOG:  process 536 still waiting for ShareUpdateExclusiveLock on relation 16471 of database 16384 after 1000.146 ms
2026-09-16 04:59:33.342 UTC [536] DETAIL:  Process holding the lock: 521. Wait queue: 536.
2026-09-16 04:59:33.342 UTC [536] STATEMENT:  VACUUM work_logs
2026-09-16 04:59:33.342 UTC [521] ERROR:  canceling autovacuum task
2026-09-16 04:59:33.342 UTC [521] CONTEXT:  automatic analyze of table "dockindb.public.work_logs"
2026-09-16 04:59:33.342 UTC [536] LOG:  process 536 acquired ShareUpdateExclusiveLock on relation 16471 of database 16384 after 1020.337 ms
2026-09-16 04:59:33.342 UTC [536] STATEMENT:  VACUUM work_logs
2026-09-16 04:59:45.809 UTC [62] LOG:  checkpoint complete: wrote 1159 buffers (7.1%); 0 WAL file(s) added, 0 removed, 19 recycled; write=179.000 s, sync=0.268 s, total=183.606 s; sync files=27, longest=0.073 s, average=0.010 s; distance=314236 kB, estimate=513382 kB; lsn=0/5345BEB8, redo lsn=0/356DF288
2026-09-16 04:59:47.466 UTC [62] LOG:  checkpoint starting: wal
2026-09-16 05:00:29.782 UTC [581] LOG:  skipping analyze of "work_logs" --- lock not available
2026-09-16 05:01:29.865 UTC [774] LOG:  skipping analyze of "work_logs" --- lock not available
2026-09-16 05:02:29.804 UTC [791] LOG:  skipping analyze of "work_logs" --- lock not available
2026-09-16 05:03:29.900 UTC [816] LOG:  skipping analyze of "work_logs" --- lock not available
2026-09-16 05:04:18.757 UTC [62] LOG:  checkpoint complete: wrote 1509 buffers (9.2%); 0 WAL file(s) added, 0 removed, 33 recycled; write=269.460 s, sync=0.461 s, total=271.288 s; sync files=31, longest=0.265 s, average=0.015 s; distance=533756 kB, estimate=533756 kB; lsn=0/7065B8F0, redo lsn=0/5601E548
2026-09-16 05:04:24.627 UTC [62] LOG:  checkpoint starting: wal
