         /\      Grafana   /‾‾/  
    /\  /  \     |\  __   /  /   
   /  \/    \    | |/ /  /   ‾‾\ 
  /          \   |   (  |  (‾)  |
 / __________ \  |_|\_\  \_____/ 
     execution: local
        script: journey.js
        output: -
     scenarios: (100.00%) 1 scenario, 500 max VUs, 2m30s max duration (incl. graceful stop):
              * vus: Up to 500 looping VUs for 2m20s over 3 stages (gracefulRampDown: 10s, gracefulStop: 30s)
vus  ↓ [ 100% ] 017/500 VUs  2m20s
vus  ↓ [ 100% ] 017/500 VUs  2m20s
vus  ↓ [ 100% ] 017/500 VUs  2m20s
vus  ↓ [ 100% ] 017/500 VUs  2m20s
== vus rate=1/s vus=500 reqs=35224 rps=243.6 fail=0.01% p95=11793.8ms dropped=0 maxVUs=500 login_fail=0 dup=0 journey_p95=90ms
name             n      rps     p50     p95     p99     max   fail%
login              500     3.5    72.2    76.7    77.6      79       0
clockin            500     3.5     5.1     8.1      11      13       0
attendance_list   8556    59.2    19.4 11843.9 13657.7   14890       0
worklogs          8556    59.2      21 11842.8 13697.9   14914    0.01
chat_rooms        8556    59.2    19.6 11823.2 13697.9   14923       0
safety_courses    8556    59.2    18.9 11843.9 13846.1   14908    0.02
vus  ✓ [ 100% ] 000/500 VUs  2m20s
time="2026-09-19T09:18:39Z" level=error msg="thresholds on metrics 'http_req_duration{name:attendance_list}, http_req_duration{name:chat_rooms}, http_req_duration{name:safety_courses}, http_req_duration{name:worklogs}' have been crossed"
