09:54:14  E8 샘플러 시작 — 60초 간격, 출력 measure/e8reopen-20260919T093008/B/e8cause-20260919T095253/e8-20260919T095414/e8-samples.csv
09:54:14  색인을 멈춘 뒤 Ctrl-C(또는 kill)로 종료하면 요약을 찍는다.
09:55:15  청크 226202 / 구간 원본 +400 → 원본당 150.0ms (TEI 2.00)
09:56:16  청크 227300 / 구간 원본 +900 → 원본당 67.8ms (TEI 2.00)
09:57:16  청크 228253 / 구간 원본 +800 → 원본당 76.2ms (TEI 2.00)
09:58:17  청크 229233 / 구간 원본 +800 → 원본당 75.0ms (TEI 2.00)
09:59:18  청크 230200 / 구간 원본 +800 → 원본당 76.2ms (TEI 2.00)
10:00:18  청크 231262 / 구간 원본 +900 → 원본당 67.8ms (TEI 2.00)
10:01:19  청크 232221 / 구간 원본 +800 → 원본당 75.0ms (TEI 2.00)
10:02:19  청크 233294 / 구간 원본 +900 → 원본당 67.8ms (TEI 2.00)
10:03:20  청크 234250 / 구간 원본 +800 → 원본당 75.0ms (TEI 2.00)
10:04:21  청크 235326 / 구간 원본 +900 → 원본당 67.8ms (TEI 2.00)
10:05:21  청크 236401 / 구간 원본 +900 → 원본당 67.8ms (TEI 2.00)
10:06:22  청크 237460 / 구간 원본 +900 → 원본당 66.7ms (TEI 2.00)
10:07:23  청크 238418 / 구간 원본 +800 → 원본당 76.2ms (TEI 2.00)
10:08:23  청크 239374 / 구간 원본 +800 → 원본당 76.2ms (TEI 2.00)
10:09:24  청크 240099 / 구간 원본 +600 → 원본당 100.0ms (TEI 2.00)

10:10:24  샘플러 종료 — measure/e8reopen-20260919T093008/B/e8cause-20260919T095253/e8-20260919T095414/e8-samples.csv

## E8 구간별 처리량 — 20260919T095414

| 코퍼스(청크) | 구간 원본 | 원본당 ms | TEI | 앱 |
|---|---|---|---|---|
| 226202 | 400 | 150.0 | 2.00 | yes |
| 227300 | 900 | 67.8 | 2.00 | yes |
| 228253 | 800 | 76.2 | 2.00 | yes |
| 229233 | 800 | 75.0 | 2.00 | yes |
| 230200 | 800 | 76.2 | 2.00 | yes |
| 231262 | 900 | 67.8 | 2.00 | yes |
| 232221 | 800 | 75.0 | 2.00 | yes |
| 233294 | 900 | 67.8 | 2.00 | yes |
| 234250 | 800 | 75.0 | 2.00 | yes |
| 235326 | 900 | 67.8 | 2.00 | yes |
| 236401 | 900 | 67.8 | 2.00 | yes |
| 237460 | 900 | 66.7 | 2.00 | yes |
| 238418 | 800 | 76.2 | 2.00 | yes |
| 239374 | 800 | 76.2 | 2.00 | yes |
| 240099 | 600 | 100.0 | 2.00 | yes |

구간이 비어 있는(원본 0) 표본은 건너뛰기 구간이거나 앱이 내려가 있던 때다. CSV에는 남아 있다.
