
[1m== 패키지[0m
   docker 25.0.14 / java 21.0.12
   compose 2.32.4

[1m== 저장소[0m
   이미 올라와 있다 (scp/tar) — 클론을 건너뛴다

[1m== .env[0m
   이미 있다 — 건드리지 않는다

[1m== .env 대조[0m
   compose가 요구하는 변수 전부 있음
   번역본 색인 스위치: RAG_INDEXING_TRANSLATIONS_ENABLED=false

[1m== 빌드[0m
   jar: build/libs/DOCKin-spring-0.0.1-SNAPSHOT.jar 111M
time="2026-08-13T04:50:09Z" level=warning msg="/home/ec2-user/DOCKin-spring/compose.yaml: the attribute `version` is obsolete, it will be ignored, please remove it to avoid potential confusion"
#0 building with "default" instance using docker driver

#1 [dockin-app internal] load build definition from Dockerfile
#1 transferring dockerfile: 1.36kB done
#1 DONE 0.0s

#2 [dockin-app internal] load metadata for docker.io/library/amazoncorretto:21-alpine-jdk
#2 DONE 1.0s

#3 [dockin-app internal] load .dockerignore
#3 transferring context: 1.02kB done
#3 DONE 0.0s

#4 [dockin-app 1/3] FROM docker.io/library/amazoncorretto:21-alpine-jdk@sha256:58c1d555f4ff3be0cfe90d3b4d1762bde080b57afbb71d48657b9d22748cad5b
#4 DONE 0.0s

#5 [dockin-app internal] load build context
#5 transferring context: 115.47MB 0.3s done
#5 DONE 0.3s

#6 [dockin-app 2/3] RUN apk add --no-cache ffmpeg
#6 CACHED

#7 [dockin-app 3/3] COPY build/libs/DOCKin-spring-0.0.1-SNAPSHOT.jar app.jar
#7 DONE 0.9s

#8 [dockin-app] exporting to image
#8 exporting layers
#8 exporting layers 0.2s done
#8 writing image sha256:85d203c6b8197b00c9e44b9e93ad391b2b6c69114449b06e4c49e95dffef9303
#8 writing image sha256:85d203c6b8197b00c9e44b9e93ad391b2b6c69114449b06e4c49e95dffef9303 done
#8 naming to docker.io/khyojae/dockin-app:latest done
#8 DONE 0.2s

#9 [dockin-app] resolving provenance for metadata file
#9 DONE 0.0s
 dockin-app  Built
time="2026-08-13T04:50:12Z" level=warning msg="/home/ec2-user/DOCKin-spring/compose.yaml: the attribute `version` is obsolete, it will be ignored, please remove it to avoid potential confusion"
 dockin-embedding Pulling 
 dockin-redis Pulling 
 DOCKin-DB Pulling 
 dockin-nginx Pulling 
 dockin-embedding Pulled 
 DOCKin-DB Pulled 
 dockin-nginx Pulled 
 dockin-redis Pulled 
   이미지 준비 완료 (TEI 모델 가중치는 첫 기동에서 내려받아 embedding_cache에 남는다)

[1m== DB · TEI 기동[0m
time="2026-08-13T04:50:13Z" level=warning msg="/home/ec2-user/DOCKin-spring/compose.yaml: the attribute `version` is obsolete, it will be ignored, please remove it to avoid potential confusion"
 Container dockin-redis  Created
 Container dockin-embedding  Created
 Container dockin-db  Created
 Container dockin-redis  Starting
 Container dockin-db  Starting
 Container dockin-embedding  Starting
 Container dockin-redis  Started
 Container dockin-embedding  Started
 Container dockin-db  Started
   DB 준비됨

[1m== 스키마 (앱을 한 번 띄워 Flyway를 돌린다)[0m
time="2026-08-13T04:50:17Z" level=warning msg="/home/ec2-user/DOCKin-spring/compose.yaml: the attribute `version` is obsolete, it will be ignored, please remove it to avoid potential confusion"
 Container dockin-db  Running
 Container dockin-redis  Running
 Container dockin-app-1  Recreate
 Container dockin-app-1  Recreated
 Container dockin-db  Waiting
 Container dockin-db  Healthy
 Container dockin-app-1  Starting
 Container dockin-app-1  Started

[중단] 앱이 healthy가 되지 않았다. docker compose -f compose.yaml -f compose.gc.yaml logs dockin-app | tail -50
