03:55:55  밤 1 시작 — run=20260813T035555
time="2026-08-13T03:55:55Z" level=warning msg="/home/ec2-user/DOCKin-spring/compose.yaml: the attribute `version` is obsolete, it will be ignored, please remove it to avoid potential confusion"
03:55:55  work_logs 165016 행
time="2026-08-13T03:55:55Z" level=warning msg="/home/ec2-user/DOCKin-spring/compose.yaml: the attribute `version` is obsolete, it will be ignored, please remove it to avoid potential confusion"
03:55:55  청크 27251 개가 남아 있다 — 비우고 시작한다
time="2026-08-13T03:55:55Z" level=warning msg="/home/ec2-user/DOCKin-spring/compose.yaml: the attribute `version` is obsolete, it will be ignored, please remove it to avoid potential confusion"
time="2026-08-13T03:55:56Z" level=warning msg="/home/ec2-user/DOCKin-spring/compose.yaml: the attribute `version` is obsolete, it will be ignored, please remove it to avoid potential confusion"
time="2026-08-13T03:55:56Z" level=warning msg="/home/ec2-user/DOCKin-spring/compose.yaml: the attribute `version` is obsolete, it will be ignored, please remove it to avoid potential confusion"
03:55:56  청크 0 — 출발선 확인
time="2026-08-13T03:55:56Z" level=warning msg="/home/ec2-user/DOCKin-spring/compose.yaml: the attribute `version` is obsolete, it will be ignored, please remove it to avoid potential confusion"
03:55:56  TEI 상한 2.0 고정 (E8 1구간)
03:55:59  샘플러 시작 (pid 10699)
time="2026-08-13T03:55:59Z" level=warning msg="/home/ec2-user/DOCKin-spring/compose.yaml: the attribute `version` is obsolete, it will be ignored, please remove it to avoid potential confusion"
 Container dockin-db  Waiting
 Container dockin-db  Healthy
 Container dockin-app-1  Starting
 Container dockin-app-1  Started
03:56:00  색인 시작 — 위치 P(25000 청크)까지 기다린다
time="2026-08-13T03:56:00Z" level=warning msg="/home/ec2-user/DOCKin-spring/compose.yaml: the attribute `version` is obsolete, it will be ignored, please remove it to avoid potential confusion"
time="2026-08-13T03:57:00Z" level=warning msg="/home/ec2-user/DOCKin-spring/compose.yaml: the attribute `version` is obsolete, it will be ignored, please remove it to avoid potential confusion"
time="2026-08-13T03:58:00Z" level=warning msg="/home/ec2-user/DOCKin-spring/compose.yaml: the attribute `version` is obsolete, it will be ignored, please remove it to avoid potential confusion"
time="2026-08-13T03:59:01Z" level=warning msg="/home/ec2-user/DOCKin-spring/compose.yaml: the attribute `version` is obsolete, it will be ignored, please remove it to avoid potential confusion"
time="2026-08-13T04:00:01Z" level=warning msg="/home/ec2-user/DOCKin-spring/compose.yaml: the attribute `version` is obsolete, it will be ignored, please remove it to avoid potential confusion"
time="2026-08-13T04:01:01Z" level=warning msg="/home/ec2-user/DOCKin-spring/compose.yaml: the attribute `version` is obsolete, it will be ignored, please remove it to avoid potential confusion"
time="2026-08-13T04:02:01Z" level=warning msg="/home/ec2-user/DOCKin-spring/compose.yaml: the attribute `version` is obsolete, it will be ignored, please remove it to avoid potential confusion"
time="2026-08-13T04:03:02Z" level=warning msg="/home/ec2-user/DOCKin-spring/compose.yaml: the attribute `version` is obsolete, it will be ignored, please remove it to avoid potential confusion"
time="2026-08-13T04:04:02Z" level=warning msg="/home/ec2-user/DOCKin-spring/compose.yaml: the attribute `version` is obsolete, it will be ignored, please remove it to avoid potential confusion"
time="2026-08-13T04:05:02Z" level=warning msg="/home/ec2-user/DOCKin-spring/compose.yaml: the attribute `version` is obsolete, it will be ignored, please remove it to avoid potential confusion"
time="2026-08-13T04:06:02Z" level=warning msg="/home/ec2-user/DOCKin-spring/compose.yaml: the attribute `version` is obsolete, it will be ignored, please remove it to avoid potential confusion"
time="2026-08-13T04:07:02Z" level=warning msg="/home/ec2-user/DOCKin-spring/compose.yaml: the attribute `version` is obsolete, it will be ignored, please remove it to avoid potential confusion"
time="2026-08-13T04:08:03Z" level=warning msg="/home/ec2-user/DOCKin-spring/compose.yaml: the attribute `version` is obsolete, it will be ignored, please remove it to avoid potential confusion"
time="2026-08-13T04:09:03Z" level=warning msg="/home/ec2-user/DOCKin-spring/compose.yaml: the attribute `version` is obsolete, it will be ignored, please remove it to avoid potential confusion"
time="2026-08-13T04:10:03Z" level=warning msg="/home/ec2-user/DOCKin-spring/compose.yaml: the attribute `version` is obsolete, it will be ignored, please remove it to avoid potential confusion"
time="2026-08-13T04:11:03Z" level=warning msg="/home/ec2-user/DOCKin-spring/compose.yaml: the attribute `version` is obsolete, it will be ignored, please remove it to avoid potential confusion"
time="2026-08-13T04:12:04Z" level=warning msg="/home/ec2-user/DOCKin-spring/compose.yaml: the attribute `version` is obsolete, it will be ignored, please remove it to avoid potential confusion"
time="2026-08-13T04:13:04Z" level=warning msg="/home/ec2-user/DOCKin-spring/compose.yaml: the attribute `version` is obsolete, it will be ignored, please remove it to avoid potential confusion"
time="2026-08-13T04:14:04Z" level=warning msg="/home/ec2-user/DOCKin-spring/compose.yaml: the attribute `version` is obsolete, it will be ignored, please remove it to avoid potential confusion"
time="2026-08-13T04:15:04Z" level=warning msg="/home/ec2-user/DOCKin-spring/compose.yaml: the attribute `version` is obsolete, it will be ignored, please remove it to avoid potential confusion"
time="2026-08-13T04:16:04Z" level=warning msg="/home/ec2-user/DOCKin-spring/compose.yaml: the attribute `version` is obsolete, it will be ignored, please remove it to avoid potential confusion"
time="2026-08-13T04:17:05Z" level=warning msg="/home/ec2-user/DOCKin-spring/compose.yaml: the attribute `version` is obsolete, it will be ignored, please remove it to avoid potential confusion"
time="2026-08-13T04:18:05Z" level=warning msg="/home/ec2-user/DOCKin-spring/compose.yaml: the attribute `version` is obsolete, it will be ignored, please remove it to avoid potential confusion"
time="2026-08-13T04:19:05Z" level=warning msg="/home/ec2-user/DOCKin-spring/compose.yaml: the attribute `version` is obsolete, it will be ignored, please remove it to avoid potential confusion"
time="2026-08-13T04:20:05Z" level=warning msg="/home/ec2-user/DOCKin-spring/compose.yaml: the attribute `version` is obsolete, it will be ignored, please remove it to avoid potential confusion"
time="2026-08-13T04:21:06Z" level=warning msg="/home/ec2-user/DOCKin-spring/compose.yaml: the attribute `version` is obsolete, it will be ignored, please remove it to avoid potential confusion"
time="2026-08-13T04:22:06Z" level=warning msg="/home/ec2-user/DOCKin-spring/compose.yaml: the attribute `version` is obsolete, it will be ignored, please remove it to avoid potential confusion"
time="2026-08-13T04:23:06Z" level=warning msg="/home/ec2-user/DOCKin-spring/compose.yaml: the attribute `version` is obsolete, it will be ignored, please remove it to avoid potential confusion"
time="2026-08-13T04:23:06Z" level=warning msg="/home/ec2-user/DOCKin-spring/compose.yaml: the attribute `version` is obsolete, it will be ignored, please remove it to avoid potential confusion"
04:23:06  P 도달: 25336 청크
04:23:06  E1 스윕 시작
04:23:07  샘플러 정지(TERM) — 요약을 찍게 둔다
04:23:08  !! 밤 1 실패: E1 스윕이 실패했다 (measure/night1-20260813T035555/sweep.log)
04:23:08  산출물: measure/night1-20260813T035555 · measure/e1-* · measure/e8-*
04:23:08  60초 뒤 인스턴스를 정지한다 (EBS는 남는다)
