10:03:06  밤 1 시작 — run=20260813T100306
10:03:06  앱과 nginx를 뺀 스택을 올린다
time="2026-08-13T10:03:06Z" level=warning msg="/home/ec2-user/DOCKin-spring/compose.yaml: the attribute `version` is obsolete, it will be ignored, please remove it to avoid potential confusion"
10:03:06  work_logs 165016 행
time="2026-08-13T10:03:09Z" level=warning msg="/home/ec2-user/DOCKin-spring/compose.yaml: the attribute `version` is obsolete, it will be ignored, please remove it to avoid potential confusion"
10:03:09  청크 32166 개가 남아 있다 — 비우고 시작한다
time="2026-08-13T10:03:09Z" level=warning msg="/home/ec2-user/DOCKin-spring/compose.yaml: the attribute `version` is obsolete, it will be ignored, please remove it to avoid potential confusion"
time="2026-08-13T10:03:10Z" level=warning msg="/home/ec2-user/DOCKin-spring/compose.yaml: the attribute `version` is obsolete, it will be ignored, please remove it to avoid potential confusion"
time="2026-08-13T10:03:10Z" level=warning msg="/home/ec2-user/DOCKin-spring/compose.yaml: the attribute `version` is obsolete, it will be ignored, please remove it to avoid potential confusion"
10:03:10  청크 0 — 출발선 확인
time="2026-08-13T10:03:10Z" level=warning msg="/home/ec2-user/DOCKin-spring/compose.yaml: the attribute `version` is obsolete, it will be ignored, please remove it to avoid potential confusion"
10:03:10  TEI 상한 2.0 고정 (E8 1구간)
10:03:13  샘플러 시작 (pid 16183)
time="2026-08-13T10:03:13Z" level=warning msg="/home/ec2-user/DOCKin-spring/compose.yaml: the attribute `version` is obsolete, it will be ignored, please remove it to avoid potential confusion"
 Container dockin-db  Waiting
 Container dockin-db  Healthy
 Container dockin-app-1  Starting
 Container dockin-app-1  Started
10:03:14  색인 시작 — 위치 P(25000 청크)까지 기다린다
10:03:14  nginx 기동 (스윕 통제군)
time="2026-08-13T10:03:14Z" level=warning msg="/home/ec2-user/DOCKin-spring/compose.yaml: the attribute `version` is obsolete, it will be ignored, please remove it to avoid potential confusion"
time="2026-08-13T10:04:14Z" level=warning msg="/home/ec2-user/DOCKin-spring/compose.yaml: the attribute `version` is obsolete, it will be ignored, please remove it to avoid potential confusion"
time="2026-08-13T10:05:14Z" level=warning msg="/home/ec2-user/DOCKin-spring/compose.yaml: the attribute `version` is obsolete, it will be ignored, please remove it to avoid potential confusion"
time="2026-08-13T10:06:15Z" level=warning msg="/home/ec2-user/DOCKin-spring/compose.yaml: the attribute `version` is obsolete, it will be ignored, please remove it to avoid potential confusion"
time="2026-08-13T10:07:15Z" level=warning msg="/home/ec2-user/DOCKin-spring/compose.yaml: the attribute `version` is obsolete, it will be ignored, please remove it to avoid potential confusion"
time="2026-08-13T10:08:15Z" level=warning msg="/home/ec2-user/DOCKin-spring/compose.yaml: the attribute `version` is obsolete, it will be ignored, please remove it to avoid potential confusion"
time="2026-08-13T10:09:15Z" level=warning msg="/home/ec2-user/DOCKin-spring/compose.yaml: the attribute `version` is obsolete, it will be ignored, please remove it to avoid potential confusion"
time="2026-08-13T10:10:15Z" level=warning msg="/home/ec2-user/DOCKin-spring/compose.yaml: the attribute `version` is obsolete, it will be ignored, please remove it to avoid potential confusion"
time="2026-08-13T10:11:16Z" level=warning msg="/home/ec2-user/DOCKin-spring/compose.yaml: the attribute `version` is obsolete, it will be ignored, please remove it to avoid potential confusion"
time="2026-08-13T10:12:16Z" level=warning msg="/home/ec2-user/DOCKin-spring/compose.yaml: the attribute `version` is obsolete, it will be ignored, please remove it to avoid potential confusion"
time="2026-08-13T10:13:16Z" level=warning msg="/home/ec2-user/DOCKin-spring/compose.yaml: the attribute `version` is obsolete, it will be ignored, please remove it to avoid potential confusion"
time="2026-08-13T10:14:16Z" level=warning msg="/home/ec2-user/DOCKin-spring/compose.yaml: the attribute `version` is obsolete, it will be ignored, please remove it to avoid potential confusion"
time="2026-08-13T10:15:16Z" level=warning msg="/home/ec2-user/DOCKin-spring/compose.yaml: the attribute `version` is obsolete, it will be ignored, please remove it to avoid potential confusion"
time="2026-08-13T10:16:17Z" level=warning msg="/home/ec2-user/DOCKin-spring/compose.yaml: the attribute `version` is obsolete, it will be ignored, please remove it to avoid potential confusion"
time="2026-08-13T10:17:17Z" level=warning msg="/home/ec2-user/DOCKin-spring/compose.yaml: the attribute `version` is obsolete, it will be ignored, please remove it to avoid potential confusion"
time="2026-08-13T10:18:17Z" level=warning msg="/home/ec2-user/DOCKin-spring/compose.yaml: the attribute `version` is obsolete, it will be ignored, please remove it to avoid potential confusion"
time="2026-08-13T10:19:17Z" level=warning msg="/home/ec2-user/DOCKin-spring/compose.yaml: the attribute `version` is obsolete, it will be ignored, please remove it to avoid potential confusion"
time="2026-08-13T10:20:17Z" level=warning msg="/home/ec2-user/DOCKin-spring/compose.yaml: the attribute `version` is obsolete, it will be ignored, please remove it to avoid potential confusion"
time="2026-08-13T10:21:18Z" level=warning msg="/home/ec2-user/DOCKin-spring/compose.yaml: the attribute `version` is obsolete, it will be ignored, please remove it to avoid potential confusion"
time="2026-08-13T10:22:18Z" level=warning msg="/home/ec2-user/DOCKin-spring/compose.yaml: the attribute `version` is obsolete, it will be ignored, please remove it to avoid potential confusion"
time="2026-08-13T10:23:18Z" level=warning msg="/home/ec2-user/DOCKin-spring/compose.yaml: the attribute `version` is obsolete, it will be ignored, please remove it to avoid potential confusion"
time="2026-08-13T10:24:18Z" level=warning msg="/home/ec2-user/DOCKin-spring/compose.yaml: the attribute `version` is obsolete, it will be ignored, please remove it to avoid potential confusion"
time="2026-08-13T10:25:19Z" level=warning msg="/home/ec2-user/DOCKin-spring/compose.yaml: the attribute `version` is obsolete, it will be ignored, please remove it to avoid potential confusion"
time="2026-08-13T10:26:19Z" level=warning msg="/home/ec2-user/DOCKin-spring/compose.yaml: the attribute `version` is obsolete, it will be ignored, please remove it to avoid potential confusion"
time="2026-08-13T10:26:19Z" level=warning msg="/home/ec2-user/DOCKin-spring/compose.yaml: the attribute `version` is obsolete, it will be ignored, please remove it to avoid potential confusion"
10:26:19  P 도달: 26049 청크
10:26:19  E1 스윕 시작
11:01:53  스윕 완료 — measure/e1-20260813T102619/e1-sweep.csv
11:01:53  이긴 상한: TEI 2.0 — 단독 최고 62.5ms/원본 (최저 333.3ms)
11:01:53  ※ 1구간과 같은 상한이다 — E8 2구간은 조건이 바뀌지 않는다
time="2026-08-13T11:01:53Z" level=warning msg="/home/ec2-user/DOCKin-spring/compose.yaml: the attribute `version` is obsolete, it will be ignored, please remove it to avoid potential confusion"
time="2026-08-13T11:01:53Z" level=warning msg="/home/ec2-user/DOCKin-spring/compose.yaml: the attribute `version` is obsolete, it will be ignored, please remove it to avoid potential confusion"
 Container dockin-db  Waiting
 Container dockin-db  Healthy
 Container dockin-app-1  Starting
 Container dockin-app-1  Started
11:01:54  이긴 상한으로 색인 재개 (E8 2구간)
time="2026-08-13T11:01:54Z" level=warning msg="/home/ec2-user/DOCKin-spring/compose.yaml: the attribute `version` is obsolete, it will be ignored, please remove it to avoid potential confusion"
time="2026-08-13T11:02:54Z" level=warning msg="/home/ec2-user/DOCKin-spring/compose.yaml: the attribute `version` is obsolete, it will be ignored, please remove it to avoid potential confusion"
time="2026-08-13T11:03:55Z" level=warning msg="/home/ec2-user/DOCKin-spring/compose.yaml: the attribute `version` is obsolete, it will be ignored, please remove it to avoid potential confusion"
time="2026-08-13T11:04:55Z" level=warning msg="/home/ec2-user/DOCKin-spring/compose.yaml: the attribute `version` is obsolete, it will be ignored, please remove it to avoid potential confusion"
time="2026-08-13T11:05:55Z" level=warning msg="/home/ec2-user/DOCKin-spring/compose.yaml: the attribute `version` is obsolete, it will be ignored, please remove it to avoid potential confusion"
time="2026-08-13T11:06:55Z" level=warning msg="/home/ec2-user/DOCKin-spring/compose.yaml: the attribute `version` is obsolete, it will be ignored, please remove it to avoid potential confusion"
time="2026-08-13T11:07:55Z" level=warning msg="/home/ec2-user/DOCKin-spring/compose.yaml: the attribute `version` is obsolete, it will be ignored, please remove it to avoid potential confusion"
time="2026-08-13T11:08:56Z" level=warning msg="/home/ec2-user/DOCKin-spring/compose.yaml: the attribute `version` is obsolete, it will be ignored, please remove it to avoid potential confusion"
time="2026-08-13T11:09:56Z" level=warning msg="/home/ec2-user/DOCKin-spring/compose.yaml: the attribute `version` is obsolete, it will be ignored, please remove it to avoid potential confusion"
time="2026-08-13T11:10:56Z" level=warning msg="/home/ec2-user/DOCKin-spring/compose.yaml: the attribute `version` is obsolete, it will be ignored, please remove it to avoid potential confusion"
time="2026-08-13T11:11:56Z" level=warning msg="/home/ec2-user/DOCKin-spring/compose.yaml: the attribute `version` is obsolete, it will be ignored, please remove it to avoid potential confusion"
time="2026-08-13T11:12:57Z" level=warning msg="/home/ec2-user/DOCKin-spring/compose.yaml: the attribute `version` is obsolete, it will be ignored, please remove it to avoid potential confusion"
time="2026-08-13T11:13:57Z" level=warning msg="/home/ec2-user/DOCKin-spring/compose.yaml: the attribute `version` is obsolete, it will be ignored, please remove it to avoid potential confusion"
time="2026-08-13T11:14:57Z" level=warning msg="/home/ec2-user/DOCKin-spring/compose.yaml: the attribute `version` is obsolete, it will be ignored, please remove it to avoid potential confusion"
time="2026-08-13T11:15:57Z" level=warning msg="/home/ec2-user/DOCKin-spring/compose.yaml: the attribute `version` is obsolete, it will be ignored, please remove it to avoid potential confusion"
time="2026-08-13T11:16:57Z" level=warning msg="/home/ec2-user/DOCKin-spring/compose.yaml: the attribute `version` is obsolete, it will be ignored, please remove it to avoid potential confusion"
time="2026-08-13T11:17:58Z" level=warning msg="/home/ec2-user/DOCKin-spring/compose.yaml: the attribute `version` is obsolete, it will be ignored, please remove it to avoid potential confusion"
time="2026-08-13T11:18:58Z" level=warning msg="/home/ec2-user/DOCKin-spring/compose.yaml: the attribute `version` is obsolete, it will be ignored, please remove it to avoid potential confusion"
time="2026-08-13T11:19:58Z" level=warning msg="/home/ec2-user/DOCKin-spring/compose.yaml: the attribute `version` is obsolete, it will be ignored, please remove it to avoid potential confusion"
time="2026-08-13T11:20:58Z" level=warning msg="/home/ec2-user/DOCKin-spring/compose.yaml: the attribute `version` is obsolete, it will be ignored, please remove it to avoid potential confusion"
time="2026-08-13T11:21:58Z" level=warning msg="/home/ec2-user/DOCKin-spring/compose.yaml: the attribute `version` is obsolete, it will be ignored, please remove it to avoid potential confusion"
time="2026-08-13T11:22:59Z" level=warning msg="/home/ec2-user/DOCKin-spring/compose.yaml: the attribute `version` is obsolete, it will be ignored, please remove it to avoid potential confusion"
time="2026-08-13T11:23:59Z" level=warning msg="/home/ec2-user/DOCKin-spring/compose.yaml: the attribute `version` is obsolete, it will be ignored, please remove it to avoid potential confusion"
time="2026-08-13T11:24:59Z" level=warning msg="/home/ec2-user/DOCKin-spring/compose.yaml: the attribute `version` is obsolete, it will be ignored, please remove it to avoid potential confusion"
time="2026-08-13T11:25:59Z" level=warning msg="/home/ec2-user/DOCKin-spring/compose.yaml: the attribute `version` is obsolete, it will be ignored, please remove it to avoid potential confusion"
time="2026-08-13T11:27:00Z" level=warning msg="/home/ec2-user/DOCKin-spring/compose.yaml: the attribute `version` is obsolete, it will be ignored, please remove it to avoid potential confusion"
time="2026-08-13T11:28:00Z" level=warning msg="/home/ec2-user/DOCKin-spring/compose.yaml: the attribute `version` is obsolete, it will be ignored, please remove it to avoid potential confusion"
time="2026-08-13T11:29:00Z" level=warning msg="/home/ec2-user/DOCKin-spring/compose.yaml: the attribute `version` is obsolete, it will be ignored, please remove it to avoid potential confusion"
time="2026-08-13T11:30:00Z" level=warning msg="/home/ec2-user/DOCKin-spring/compose.yaml: the attribute `version` is obsolete, it will be ignored, please remove it to avoid potential confusion"
time="2026-08-13T11:31:00Z" level=warning msg="/home/ec2-user/DOCKin-spring/compose.yaml: the attribute `version` is obsolete, it will be ignored, please remove it to avoid potential confusion"
time="2026-08-13T11:32:01Z" level=warning msg="/home/ec2-user/DOCKin-spring/compose.yaml: the attribute `version` is obsolete, it will be ignored, please remove it to avoid potential confusion"
time="2026-08-13T11:33:01Z" level=warning msg="/home/ec2-user/DOCKin-spring/compose.yaml: the attribute `version` is obsolete, it will be ignored, please remove it to avoid potential confusion"
time="2026-08-13T11:34:01Z" level=warning msg="/home/ec2-user/DOCKin-spring/compose.yaml: the attribute `version` is obsolete, it will be ignored, please remove it to avoid potential confusion"
time="2026-08-13T11:35:01Z" level=warning msg="/home/ec2-user/DOCKin-spring/compose.yaml: the attribute `version` is obsolete, it will be ignored, please remove it to avoid potential confusion"
time="2026-08-13T11:36:01Z" level=warning msg="/home/ec2-user/DOCKin-spring/compose.yaml: the attribute `version` is obsolete, it will be ignored, please remove it to avoid potential confusion"
time="2026-08-13T11:37:02Z" level=warning msg="/home/ec2-user/DOCKin-spring/compose.yaml: the attribute `version` is obsolete, it will be ignored, please remove it to avoid potential confusion"
time="2026-08-13T11:38:02Z" level=warning msg="/home/ec2-user/DOCKin-spring/compose.yaml: the attribute `version` is obsolete, it will be ignored, please remove it to avoid potential confusion"
time="2026-08-13T11:39:02Z" level=warning msg="/home/ec2-user/DOCKin-spring/compose.yaml: the attribute `version` is obsolete, it will be ignored, please remove it to avoid potential confusion"
time="2026-08-13T11:40:02Z" level=warning msg="/home/ec2-user/DOCKin-spring/compose.yaml: the attribute `version` is obsolete, it will be ignored, please remove it to avoid potential confusion"
time="2026-08-13T11:41:03Z" level=warning msg="/home/ec2-user/DOCKin-spring/compose.yaml: the attribute `version` is obsolete, it will be ignored, please remove it to avoid potential confusion"
time="2026-08-13T11:42:03Z" level=warning msg="/home/ec2-user/DOCKin-spring/compose.yaml: the attribute `version` is obsolete, it will be ignored, please remove it to avoid potential confusion"
time="2026-08-13T11:43:03Z" level=warning msg="/home/ec2-user/DOCKin-spring/compose.yaml: the attribute `version` is obsolete, it will be ignored, please remove it to avoid potential confusion"
time="2026-08-13T11:44:03Z" level=warning msg="/home/ec2-user/DOCKin-spring/compose.yaml: the attribute `version` is obsolete, it will be ignored, please remove it to avoid potential confusion"
time="2026-08-13T11:45:03Z" level=warning msg="/home/ec2-user/DOCKin-spring/compose.yaml: the attribute `version` is obsolete, it will be ignored, please remove it to avoid potential confusion"
time="2026-08-13T11:46:04Z" level=warning msg="/home/ec2-user/DOCKin-spring/compose.yaml: the attribute `version` is obsolete, it will be ignored, please remove it to avoid potential confusion"
time="2026-08-13T11:47:04Z" level=warning msg="/home/ec2-user/DOCKin-spring/compose.yaml: the attribute `version` is obsolete, it will be ignored, please remove it to avoid potential confusion"
time="2026-08-13T11:48:04Z" level=warning msg="/home/ec2-user/DOCKin-spring/compose.yaml: the attribute `version` is obsolete, it will be ignored, please remove it to avoid potential confusion"
time="2026-08-13T11:49:04Z" level=warning msg="/home/ec2-user/DOCKin-spring/compose.yaml: the attribute `version` is obsolete, it will be ignored, please remove it to avoid potential confusion"
time="2026-08-13T11:50:05Z" level=warning msg="/home/ec2-user/DOCKin-spring/compose.yaml: the attribute `version` is obsolete, it will be ignored, please remove it to avoid potential confusion"
time="2026-08-13T11:51:05Z" level=warning msg="/home/ec2-user/DOCKin-spring/compose.yaml: the attribute `version` is obsolete, it will be ignored, please remove it to avoid potential confusion"
time="2026-08-13T11:52:05Z" level=warning msg="/home/ec2-user/DOCKin-spring/compose.yaml: the attribute `version` is obsolete, it will be ignored, please remove it to avoid potential confusion"
time="2026-08-13T11:53:05Z" level=warning msg="/home/ec2-user/DOCKin-spring/compose.yaml: the attribute `version` is obsolete, it will be ignored, please remove it to avoid potential confusion"
time="2026-08-13T11:54:05Z" level=warning msg="/home/ec2-user/DOCKin-spring/compose.yaml: the attribute `version` is obsolete, it will be ignored, please remove it to avoid potential confusion"
time="2026-08-13T11:55:06Z" level=warning msg="/home/ec2-user/DOCKin-spring/compose.yaml: the attribute `version` is obsolete, it will be ignored, please remove it to avoid potential confusion"
time="2026-08-13T11:56:06Z" level=warning msg="/home/ec2-user/DOCKin-spring/compose.yaml: the attribute `version` is obsolete, it will be ignored, please remove it to avoid potential confusion"
time="2026-08-13T11:57:06Z" level=warning msg="/home/ec2-user/DOCKin-spring/compose.yaml: the attribute `version` is obsolete, it will be ignored, please remove it to avoid potential confusion"
time="2026-08-13T11:58:06Z" level=warning msg="/home/ec2-user/DOCKin-spring/compose.yaml: the attribute `version` is obsolete, it will be ignored, please remove it to avoid potential confusion"
time="2026-08-13T11:59:07Z" level=warning msg="/home/ec2-user/DOCKin-spring/compose.yaml: the attribute `version` is obsolete, it will be ignored, please remove it to avoid potential confusion"
time="2026-08-13T12:00:07Z" level=warning msg="/home/ec2-user/DOCKin-spring/compose.yaml: the attribute `version` is obsolete, it will be ignored, please remove it to avoid potential confusion"
time="2026-08-13T12:01:07Z" level=warning msg="/home/ec2-user/DOCKin-spring/compose.yaml: the attribute `version` is obsolete, it will be ignored, please remove it to avoid potential confusion"
time="2026-08-13T12:02:07Z" level=warning msg="/home/ec2-user/DOCKin-spring/compose.yaml: the attribute `version` is obsolete, it will be ignored, please remove it to avoid potential confusion"
time="2026-08-13T12:03:07Z" level=warning msg="/home/ec2-user/DOCKin-spring/compose.yaml: the attribute `version` is obsolete, it will be ignored, please remove it to avoid potential confusion"
time="2026-08-13T12:04:08Z" level=warning msg="/home/ec2-user/DOCKin-spring/compose.yaml: the attribute `version` is obsolete, it will be ignored, please remove it to avoid potential confusion"
time="2026-08-13T12:05:08Z" level=warning msg="/home/ec2-user/DOCKin-spring/compose.yaml: the attribute `version` is obsolete, it will be ignored, please remove it to avoid potential confusion"
time="2026-08-13T12:06:08Z" level=warning msg="/home/ec2-user/DOCKin-spring/compose.yaml: the attribute `version` is obsolete, it will be ignored, please remove it to avoid potential confusion"
time="2026-08-13T12:07:08Z" level=warning msg="/home/ec2-user/DOCKin-spring/compose.yaml: the attribute `version` is obsolete, it will be ignored, please remove it to avoid potential confusion"
time="2026-08-13T12:08:09Z" level=warning msg="/home/ec2-user/DOCKin-spring/compose.yaml: the attribute `version` is obsolete, it will be ignored, please remove it to avoid potential confusion"
time="2026-08-13T12:09:09Z" level=warning msg="/home/ec2-user/DOCKin-spring/compose.yaml: the attribute `version` is obsolete, it will be ignored, please remove it to avoid potential confusion"
time="2026-08-13T12:10:09Z" level=warning msg="/home/ec2-user/DOCKin-spring/compose.yaml: the attribute `version` is obsolete, it will be ignored, please remove it to avoid potential confusion"
time="2026-08-13T12:11:09Z" level=warning msg="/home/ec2-user/DOCKin-spring/compose.yaml: the attribute `version` is obsolete, it will be ignored, please remove it to avoid potential confusion"
time="2026-08-13T12:12:09Z" level=warning msg="/home/ec2-user/DOCKin-spring/compose.yaml: the attribute `version` is obsolete, it will be ignored, please remove it to avoid potential confusion"
time="2026-08-13T12:13:10Z" level=warning msg="/home/ec2-user/DOCKin-spring/compose.yaml: the attribute `version` is obsolete, it will be ignored, please remove it to avoid potential confusion"
time="2026-08-13T12:14:10Z" level=warning msg="/home/ec2-user/DOCKin-spring/compose.yaml: the attribute `version` is obsolete, it will be ignored, please remove it to avoid potential confusion"
time="2026-08-13T12:15:10Z" level=warning msg="/home/ec2-user/DOCKin-spring/compose.yaml: the attribute `version` is obsolete, it will be ignored, please remove it to avoid potential confusion"
time="2026-08-13T12:16:10Z" level=warning msg="/home/ec2-user/DOCKin-spring/compose.yaml: the attribute `version` is obsolete, it will be ignored, please remove it to avoid potential confusion"
time="2026-08-13T12:17:11Z" level=warning msg="/home/ec2-user/DOCKin-spring/compose.yaml: the attribute `version` is obsolete, it will be ignored, please remove it to avoid potential confusion"
time="2026-08-13T12:18:11Z" level=warning msg="/home/ec2-user/DOCKin-spring/compose.yaml: the attribute `version` is obsolete, it will be ignored, please remove it to avoid potential confusion"
time="2026-08-13T12:19:11Z" level=warning msg="/home/ec2-user/DOCKin-spring/compose.yaml: the attribute `version` is obsolete, it will be ignored, please remove it to avoid potential confusion"
time="2026-08-13T12:20:11Z" level=warning msg="/home/ec2-user/DOCKin-spring/compose.yaml: the attribute `version` is obsolete, it will be ignored, please remove it to avoid potential confusion"
time="2026-08-13T12:21:12Z" level=warning msg="/home/ec2-user/DOCKin-spring/compose.yaml: the attribute `version` is obsolete, it will be ignored, please remove it to avoid potential confusion"
time="2026-08-13T12:22:12Z" level=warning msg="/home/ec2-user/DOCKin-spring/compose.yaml: the attribute `version` is obsolete, it will be ignored, please remove it to avoid potential confusion"
time="2026-08-13T12:23:12Z" level=warning msg="/home/ec2-user/DOCKin-spring/compose.yaml: the attribute `version` is obsolete, it will be ignored, please remove it to avoid potential confusion"
time="2026-08-13T12:24:12Z" level=warning msg="/home/ec2-user/DOCKin-spring/compose.yaml: the attribute `version` is obsolete, it will be ignored, please remove it to avoid potential confusion"
time="2026-08-13T12:25:12Z" level=warning msg="/home/ec2-user/DOCKin-spring/compose.yaml: the attribute `version` is obsolete, it will be ignored, please remove it to avoid potential confusion"
time="2026-08-13T12:26:13Z" level=warning msg="/home/ec2-user/DOCKin-spring/compose.yaml: the attribute `version` is obsolete, it will be ignored, please remove it to avoid potential confusion"
time="2026-08-13T12:27:13Z" level=warning msg="/home/ec2-user/DOCKin-spring/compose.yaml: the attribute `version` is obsolete, it will be ignored, please remove it to avoid potential confusion"
time="2026-08-13T12:28:13Z" level=warning msg="/home/ec2-user/DOCKin-spring/compose.yaml: the attribute `version` is obsolete, it will be ignored, please remove it to avoid potential confusion"
time="2026-08-13T12:29:13Z" level=warning msg="/home/ec2-user/DOCKin-spring/compose.yaml: the attribute `version` is obsolete, it will be ignored, please remove it to avoid potential confusion"
time="2026-08-13T12:30:13Z" level=warning msg="/home/ec2-user/DOCKin-spring/compose.yaml: the attribute `version` is obsolete, it will be ignored, please remove it to avoid potential confusion"
time="2026-08-13T12:31:14Z" level=warning msg="/home/ec2-user/DOCKin-spring/compose.yaml: the attribute `version` is obsolete, it will be ignored, please remove it to avoid potential confusion"
time="2026-08-13T12:32:14Z" level=warning msg="/home/ec2-user/DOCKin-spring/compose.yaml: the attribute `version` is obsolete, it will be ignored, please remove it to avoid potential confusion"
time="2026-08-13T12:33:14Z" level=warning msg="/home/ec2-user/DOCKin-spring/compose.yaml: the attribute `version` is obsolete, it will be ignored, please remove it to avoid potential confusion"
time="2026-08-13T12:34:14Z" level=warning msg="/home/ec2-user/DOCKin-spring/compose.yaml: the attribute `version` is obsolete, it will be ignored, please remove it to avoid potential confusion"
time="2026-08-13T12:35:15Z" level=warning msg="/home/ec2-user/DOCKin-spring/compose.yaml: the attribute `version` is obsolete, it will be ignored, please remove it to avoid potential confusion"
time="2026-08-13T12:36:15Z" level=warning msg="/home/ec2-user/DOCKin-spring/compose.yaml: the attribute `version` is obsolete, it will be ignored, please remove it to avoid potential confusion"
time="2026-08-13T12:37:15Z" level=warning msg="/home/ec2-user/DOCKin-spring/compose.yaml: the attribute `version` is obsolete, it will be ignored, please remove it to avoid potential confusion"
time="2026-08-13T12:38:15Z" level=warning msg="/home/ec2-user/DOCKin-spring/compose.yaml: the attribute `version` is obsolete, it will be ignored, please remove it to avoid potential confusion"
time="2026-08-13T12:39:16Z" level=warning msg="/home/ec2-user/DOCKin-spring/compose.yaml: the attribute `version` is obsolete, it will be ignored, please remove it to avoid potential confusion"
time="2026-08-13T12:40:16Z" level=warning msg="/home/ec2-user/DOCKin-spring/compose.yaml: the attribute `version` is obsolete, it will be ignored, please remove it to avoid potential confusion"
time="2026-08-13T12:41:16Z" level=warning msg="/home/ec2-user/DOCKin-spring/compose.yaml: the attribute `version` is obsolete, it will be ignored, please remove it to avoid potential confusion"
time="2026-08-13T12:42:16Z" level=warning msg="/home/ec2-user/DOCKin-spring/compose.yaml: the attribute `version` is obsolete, it will be ignored, please remove it to avoid potential confusion"
time="2026-08-13T12:43:17Z" level=warning msg="/home/ec2-user/DOCKin-spring/compose.yaml: the attribute `version` is obsolete, it will be ignored, please remove it to avoid potential confusion"
time="2026-08-13T12:44:17Z" level=warning msg="/home/ec2-user/DOCKin-spring/compose.yaml: the attribute `version` is obsolete, it will be ignored, please remove it to avoid potential confusion"
time="2026-08-13T12:45:17Z" level=warning msg="/home/ec2-user/DOCKin-spring/compose.yaml: the attribute `version` is obsolete, it will be ignored, please remove it to avoid potential confusion"
time="2026-08-13T12:46:17Z" level=warning msg="/home/ec2-user/DOCKin-spring/compose.yaml: the attribute `version` is obsolete, it will be ignored, please remove it to avoid potential confusion"
time="2026-08-13T12:47:17Z" level=warning msg="/home/ec2-user/DOCKin-spring/compose.yaml: the attribute `version` is obsolete, it will be ignored, please remove it to avoid potential confusion"
time="2026-08-13T12:48:18Z" level=warning msg="/home/ec2-user/DOCKin-spring/compose.yaml: the attribute `version` is obsolete, it will be ignored, please remove it to avoid potential confusion"
time="2026-08-13T12:49:18Z" level=warning msg="/home/ec2-user/DOCKin-spring/compose.yaml: the attribute `version` is obsolete, it will be ignored, please remove it to avoid potential confusion"
time="2026-08-13T12:50:18Z" level=warning msg="/home/ec2-user/DOCKin-spring/compose.yaml: the attribute `version` is obsolete, it will be ignored, please remove it to avoid potential confusion"
time="2026-08-13T12:51:18Z" level=warning msg="/home/ec2-user/DOCKin-spring/compose.yaml: the attribute `version` is obsolete, it will be ignored, please remove it to avoid potential confusion"
time="2026-08-13T12:52:18Z" level=warning msg="/home/ec2-user/DOCKin-spring/compose.yaml: the attribute `version` is obsolete, it will be ignored, please remove it to avoid potential confusion"
time="2026-08-13T12:53:19Z" level=warning msg="/home/ec2-user/DOCKin-spring/compose.yaml: the attribute `version` is obsolete, it will be ignored, please remove it to avoid potential confusion"
time="2026-08-13T12:54:19Z" level=warning msg="/home/ec2-user/DOCKin-spring/compose.yaml: the attribute `version` is obsolete, it will be ignored, please remove it to avoid potential confusion"
time="2026-08-13T12:55:19Z" level=warning msg="/home/ec2-user/DOCKin-spring/compose.yaml: the attribute `version` is obsolete, it will be ignored, please remove it to avoid potential confusion"
time="2026-08-13T12:56:19Z" level=warning msg="/home/ec2-user/DOCKin-spring/compose.yaml: the attribute `version` is obsolete, it will be ignored, please remove it to avoid potential confusion"
time="2026-08-13T12:57:20Z" level=warning msg="/home/ec2-user/DOCKin-spring/compose.yaml: the attribute `version` is obsolete, it will be ignored, please remove it to avoid potential confusion"
time="2026-08-13T12:58:20Z" level=warning msg="/home/ec2-user/DOCKin-spring/compose.yaml: the attribute `version` is obsolete, it will be ignored, please remove it to avoid potential confusion"
time="2026-08-13T12:59:20Z" level=warning msg="/home/ec2-user/DOCKin-spring/compose.yaml: the attribute `version` is obsolete, it will be ignored, please remove it to avoid potential confusion"
time="2026-08-13T13:00:20Z" level=warning msg="/home/ec2-user/DOCKin-spring/compose.yaml: the attribute `version` is obsolete, it will be ignored, please remove it to avoid potential confusion"
time="2026-08-13T13:01:21Z" level=warning msg="/home/ec2-user/DOCKin-spring/compose.yaml: the attribute `version` is obsolete, it will be ignored, please remove it to avoid potential confusion"
time="2026-08-13T13:02:21Z" level=warning msg="/home/ec2-user/DOCKin-spring/compose.yaml: the attribute `version` is obsolete, it will be ignored, please remove it to avoid potential confusion"
time="2026-08-13T13:03:21Z" level=warning msg="/home/ec2-user/DOCKin-spring/compose.yaml: the attribute `version` is obsolete, it will be ignored, please remove it to avoid potential confusion"
time="2026-08-13T13:04:21Z" level=warning msg="/home/ec2-user/DOCKin-spring/compose.yaml: the attribute `version` is obsolete, it will be ignored, please remove it to avoid potential confusion"
time="2026-08-13T13:05:22Z" level=warning msg="/home/ec2-user/DOCKin-spring/compose.yaml: the attribute `version` is obsolete, it will be ignored, please remove it to avoid potential confusion"
time="2026-08-13T13:06:22Z" level=warning msg="/home/ec2-user/DOCKin-spring/compose.yaml: the attribute `version` is obsolete, it will be ignored, please remove it to avoid potential confusion"
time="2026-08-13T13:07:23Z" level=warning msg="/home/ec2-user/DOCKin-spring/compose.yaml: the attribute `version` is obsolete, it will be ignored, please remove it to avoid potential confusion"
time="2026-08-13T13:08:23Z" level=warning msg="/home/ec2-user/DOCKin-spring/compose.yaml: the attribute `version` is obsolete, it will be ignored, please remove it to avoid potential confusion"
time="2026-08-13T13:09:23Z" level=warning msg="/home/ec2-user/DOCKin-spring/compose.yaml: the attribute `version` is obsolete, it will be ignored, please remove it to avoid potential confusion"
time="2026-08-13T13:10:24Z" level=warning msg="/home/ec2-user/DOCKin-spring/compose.yaml: the attribute `version` is obsolete, it will be ignored, please remove it to avoid potential confusion"
time="2026-08-13T13:11:24Z" level=warning msg="/home/ec2-user/DOCKin-spring/compose.yaml: the attribute `version` is obsolete, it will be ignored, please remove it to avoid potential confusion"
time="2026-08-13T13:12:24Z" level=warning msg="/home/ec2-user/DOCKin-spring/compose.yaml: the attribute `version` is obsolete, it will be ignored, please remove it to avoid potential confusion"
time="2026-08-13T13:13:25Z" level=warning msg="/home/ec2-user/DOCKin-spring/compose.yaml: the attribute `version` is obsolete, it will be ignored, please remove it to avoid potential confusion"
time="2026-08-13T13:14:25Z" level=warning msg="/home/ec2-user/DOCKin-spring/compose.yaml: the attribute `version` is obsolete, it will be ignored, please remove it to avoid potential confusion"
time="2026-08-13T13:15:26Z" level=warning msg="/home/ec2-user/DOCKin-spring/compose.yaml: the attribute `version` is obsolete, it will be ignored, please remove it to avoid potential confusion"
time="2026-08-13T13:16:26Z" level=warning msg="/home/ec2-user/DOCKin-spring/compose.yaml: the attribute `version` is obsolete, it will be ignored, please remove it to avoid potential confusion"
time="2026-08-13T13:17:26Z" level=warning msg="/home/ec2-user/DOCKin-spring/compose.yaml: the attribute `version` is obsolete, it will be ignored, please remove it to avoid potential confusion"
time="2026-08-13T13:18:26Z" level=warning msg="/home/ec2-user/DOCKin-spring/compose.yaml: the attribute `version` is obsolete, it will be ignored, please remove it to avoid potential confusion"
time="2026-08-13T13:19:27Z" level=warning msg="/home/ec2-user/DOCKin-spring/compose.yaml: the attribute `version` is obsolete, it will be ignored, please remove it to avoid potential confusion"
time="2026-08-13T13:20:27Z" level=warning msg="/home/ec2-user/DOCKin-spring/compose.yaml: the attribute `version` is obsolete, it will be ignored, please remove it to avoid potential confusion"
time="2026-08-13T13:21:27Z" level=warning msg="/home/ec2-user/DOCKin-spring/compose.yaml: the attribute `version` is obsolete, it will be ignored, please remove it to avoid potential confusion"
time="2026-08-13T13:22:28Z" level=warning msg="/home/ec2-user/DOCKin-spring/compose.yaml: the attribute `version` is obsolete, it will be ignored, please remove it to avoid potential confusion"
time="2026-08-13T13:23:28Z" level=warning msg="/home/ec2-user/DOCKin-spring/compose.yaml: the attribute `version` is obsolete, it will be ignored, please remove it to avoid potential confusion"
time="2026-08-13T13:24:28Z" level=warning msg="/home/ec2-user/DOCKin-spring/compose.yaml: the attribute `version` is obsolete, it will be ignored, please remove it to avoid potential confusion"
time="2026-08-13T13:25:28Z" level=warning msg="/home/ec2-user/DOCKin-spring/compose.yaml: the attribute `version` is obsolete, it will be ignored, please remove it to avoid potential confusion"
time="2026-08-13T13:26:29Z" level=warning msg="/home/ec2-user/DOCKin-spring/compose.yaml: the attribute `version` is obsolete, it will be ignored, please remove it to avoid potential confusion"
time="2026-08-13T13:27:29Z" level=warning msg="/home/ec2-user/DOCKin-spring/compose.yaml: the attribute `version` is obsolete, it will be ignored, please remove it to avoid potential confusion"
time="2026-08-13T13:28:30Z" level=warning msg="/home/ec2-user/DOCKin-spring/compose.yaml: the attribute `version` is obsolete, it will be ignored, please remove it to avoid potential confusion"
time="2026-08-13T13:29:30Z" level=warning msg="/home/ec2-user/DOCKin-spring/compose.yaml: the attribute `version` is obsolete, it will be ignored, please remove it to avoid potential confusion"
time="2026-08-13T13:30:30Z" level=warning msg="/home/ec2-user/DOCKin-spring/compose.yaml: the attribute `version` is obsolete, it will be ignored, please remove it to avoid potential confusion"
time="2026-08-13T13:31:31Z" level=warning msg="/home/ec2-user/DOCKin-spring/compose.yaml: the attribute `version` is obsolete, it will be ignored, please remove it to avoid potential confusion"
time="2026-08-13T13:32:31Z" level=warning msg="/home/ec2-user/DOCKin-spring/compose.yaml: the attribute `version` is obsolete, it will be ignored, please remove it to avoid potential confusion"
time="2026-08-13T13:33:31Z" level=warning msg="/home/ec2-user/DOCKin-spring/compose.yaml: the attribute `version` is obsolete, it will be ignored, please remove it to avoid potential confusion"
time="2026-08-13T13:34:32Z" level=warning msg="/home/ec2-user/DOCKin-spring/compose.yaml: the attribute `version` is obsolete, it will be ignored, please remove it to avoid potential confusion"
time="2026-08-13T13:35:32Z" level=warning msg="/home/ec2-user/DOCKin-spring/compose.yaml: the attribute `version` is obsolete, it will be ignored, please remove it to avoid potential confusion"
time="2026-08-13T13:36:32Z" level=warning msg="/home/ec2-user/DOCKin-spring/compose.yaml: the attribute `version` is obsolete, it will be ignored, please remove it to avoid potential confusion"
time="2026-08-13T13:37:33Z" level=warning msg="/home/ec2-user/DOCKin-spring/compose.yaml: the attribute `version` is obsolete, it will be ignored, please remove it to avoid potential confusion"
time="2026-08-13T13:38:33Z" level=warning msg="/home/ec2-user/DOCKin-spring/compose.yaml: the attribute `version` is obsolete, it will be ignored, please remove it to avoid potential confusion"
time="2026-08-13T13:39:33Z" level=warning msg="/home/ec2-user/DOCKin-spring/compose.yaml: the attribute `version` is obsolete, it will be ignored, please remove it to avoid potential confusion"
time="2026-08-13T13:40:34Z" level=warning msg="/home/ec2-user/DOCKin-spring/compose.yaml: the attribute `version` is obsolete, it will be ignored, please remove it to avoid potential confusion"
time="2026-08-13T13:41:34Z" level=warning msg="/home/ec2-user/DOCKin-spring/compose.yaml: the attribute `version` is obsolete, it will be ignored, please remove it to avoid potential confusion"
time="2026-08-13T13:42:34Z" level=warning msg="/home/ec2-user/DOCKin-spring/compose.yaml: the attribute `version` is obsolete, it will be ignored, please remove it to avoid potential confusion"
time="2026-08-13T13:43:35Z" level=warning msg="/home/ec2-user/DOCKin-spring/compose.yaml: the attribute `version` is obsolete, it will be ignored, please remove it to avoid potential confusion"
time="2026-08-13T13:44:35Z" level=warning msg="/home/ec2-user/DOCKin-spring/compose.yaml: the attribute `version` is obsolete, it will be ignored, please remove it to avoid potential confusion"
13:45:36  앱이 인덱싱 완주를 알렸다
time="2026-08-13T13:45:36Z" level=warning msg="/home/ec2-user/DOCKin-spring/compose.yaml: the attribute `version` is obsolete, it will be ignored, please remove it to avoid potential confusion"
time="2026-08-13T13:45:36Z" level=warning msg="/home/ec2-user/DOCKin-spring/compose.yaml: the attribute `version` is obsolete, it will be ignored, please remove it to avoid potential confusion"
13:45:36  최종 코퍼스: 198068 청크 / 원본 165021
13:45:36  샘플러 정지(TERM) — 요약을 찍게 둔다
13:45:51  밤 1 정상 종료 (완주 로그)
13:45:51  산출물: measure/night1-20260813T100306 · measure/e1-* · measure/e8-*
13:45:51  60초 뒤 인스턴스를 정지한다 (EBS는 남는다)
