17:17:04  E1 스윕 시작 — run=20260812T171704
17:17:04  호스트 8 vCPU / TEI 외 컨테이너 상한 합 3.00
17:17:04  → 포화 경계: TEI 5.0 이상은 스케줄러가 실효 상한을 정한다 (계획 2-1)
17:17:05  환경 기록 → measure/e1-20260812T171704/env.md
17:17:05  ───── 조건 1: TEI cpus=2.0
17:17:08    P = 25815 청크 (마커 2026-08-13 02:16:59.730818)
17:17:08    적용된 상한(cgroup): 2.00
17:17:09    건너뛰기 구간 대기 중 (임베딩 시작을 기다린다)
17:17:50    임베딩 시작 확인 (40초 소요) — 창을 연다
17:22:51    창 300s — 청크 +4790 / 원본 +4000 → 청크당 62.6ms / 원본당 75.0ms
17:22:51    스로틀: TEI 8.0% / app 0.0% / db 1.8%
17:24:12    슬라이스 4907행 삭제 → 코퍼스 25815 청크
17:24:12  ───── 조건 2: TEI cpus=3.0
17:24:13    P = 25815 청크 (마커 2026-08-13 02:16:59.730818)
17:24:13    적용된 상한(cgroup): 3.00
17:24:14    건너뛰기 구간 대기 중 (임베딩 시작을 기다린다)
17:24:55    임베딩 시작 확인 (40초 소요) — 창을 연다
17:29:55    창 300s — 청크 +4790 / 원본 +4000 → 청크당 62.6ms / 원본당 75.0ms
17:29:55    스로틀: TEI 0.0% / app 0.1% / db 1.3%
17:31:18    슬라이스 4907행 삭제 → 코퍼스 25815 청크
17:31:18  ───── 조건 3: TEI cpus=4.0
17:31:18    P = 25815 청크 (마커 2026-08-13 02:16:59.730818)
17:31:18    적용된 상한(cgroup): 4.00
17:31:19    건너뛰기 구간 대기 중 (임베딩 시작을 기다린다)
17:32:00    임베딩 시작 확인 (40초 소요) — 창을 연다
17:37:01    창 300s — 청크 +4790 / 원본 +4000 → 청크당 62.6ms / 원본당 75.0ms
17:37:01    스로틀: TEI 0.0% / app 0.1% / db 1.6%
17:38:22    슬라이스 4907행 삭제 → 코퍼스 25815 청크
17:38:22  ───── 조건 4: TEI cpus=5.0
17:38:23    P = 25815 청크 (마커 2026-08-13 02:16:59.730818)
17:38:23    적용된 상한(cgroup): 5.00
17:38:24    건너뛰기 구간 대기 중 (임베딩 시작을 기다린다)
17:39:05    임베딩 시작 확인 (40초 소요) — 창을 연다
17:44:05    창 300s — 청크 +4790 / 원본 +4000 → 청크당 62.6ms / 원본당 75.0ms
17:44:05    스로틀: TEI 0.0% / app 0.0% / db 1.6%
17:45:27    슬라이스 4907행 삭제 → 코퍼스 25815 청크
17:45:27  ───── 조건 5: TEI cpus=6.0
17:45:27    P = 25815 청크 (마커 2026-08-13 02:16:59.730818)
17:45:27    적용된 상한(cgroup): 6.00
17:45:27    ※ 합이 호스트를 넘는다 — 이 줄은 '상한 효과'가 아니라 '호스트 포화'로 읽는다
17:45:28    건너뛰기 구간 대기 중 (임베딩 시작을 기다린다)
17:46:09    임베딩 시작 확인 (40초 소요) — 창을 연다
17:51:10    창 300s — 청크 +4790 / 원본 +4000 → 청크당 62.6ms / 원본당 75.0ms
17:51:10    스로틀: TEI 0.0% / app 0.0% / db 1.7%
17:52:31    슬라이스 4907행 삭제 → 코퍼스 25815 청크
17:52:31  ───── 조건 6: TEI cpus=2.0
17:52:32    P = 25815 청크 (마커 2026-08-13 02:16:59.730818)
17:52:32    적용된 상한(cgroup): 2.00
17:52:33    건너뛰기 구간 대기 중 (임베딩 시작을 기다린다)
17:53:14    임베딩 시작 확인 (40초 소요) — 창을 연다
17:58:14    창 300s — 청크 +4790 / 원본 +4000 → 청크당 62.6ms / 원본당 75.0ms
17:58:14    스로틀: TEI 6.9% / app 0.1% / db 1.4%
17:59:36    슬라이스 4907행 삭제 → 코퍼스 25815 청크
17:59:36  TEI 상한을 2.0 로 복원 (cgroup: 2.00)

## E1 결과 — 20260812T171704

| # | 요청 | 적용 | 초과 | 청크 | 원본 | 청크당 ms | 원본당 ms | TEI 막힘 | app | db |
|---|---|---|---|---|---|---|---|---|---|---|
| 1 | 2.0 | 2.00 | no | 4790 | 4000 | 62.6 | 75.0 | 8.0% | 0.0% | 1.8% |
| 2 | 3.0 | 3.00 | no | 4790 | 4000 | 62.6 | 75.0 | 0.0% | 0.1% | 1.3% |
| 3 | 4.0 | 4.00 | no | 4790 | 4000 | 62.6 | 75.0 | 0.0% | 0.1% | 1.6% |
| 4 | 5.0 | 5.00 | no | 4790 | 4000 | 62.6 | 75.0 | 0.0% | 0.0% | 1.6% |
| 5 | 6.0 | 6.00 | yes | 4790 | 4000 | 62.6 | 75.0 | 0.0% | 0.0% | 1.7% |
| 6 | 2.0 | 2.00 | no | 4790 | 4000 | 62.6 | 75.0 | 6.9% | 0.1% | 1.4% |

통제군 — 첫 2.0과 마지막 2.0의 원본당 ms가 다르면 스윕이 드리프트한 것이다.
17:59:36  완료. CSV=measure/e1-20260812T171704/e1-sweep.csv  환경=measure/e1-20260812T171704/env.md
