
         /\      Grafana   /‾‾/  
    /\  /  \     |\  __   /  /   
   /  \/    \    | |/ /  /   ‾‾\ 
  /          \   |   (  |  (‾)  |
 / __________ \  |_|\_\  \_____/ 

     execution: local
        script: journey.js
        output: -

     scenarios: (100.00%) 1 scenario, 500 max VUs, 3m0s max duration (incl. graceful stop):
              * vus: Up to 500 looping VUs for 2m50s over 3 stages (gracefulRampDown: 10s, gracefulStop: 30s)


vus    [   1% ] 007/500 VUs  0m00.9s/2m50.0s

vus    [   1% ] 015/500 VUs  0m01.9s/2m50.0s

vus    [   2% ] 024/500 VUs  0m02.9s/2m50.0s

vus    [   2% ] 032/500 VUs  0m03.9s/2m50.0s

vus    [   3% ] 040/500 VUs  0m04.9s/2m50.0s

vus    [   3% ] 049/500 VUs  0m05.9s/2m50.0s

vus    [   4% ] 057/500 VUs  0m06.9s/2m50.0s

vus    [   5% ] 065/500 VUs  0m07.9s/2m50.0s

vus    [   5% ] 074/500 VUs  0m08.9s/2m50.0s

vus    [   6% ] 082/500 VUs  0m09.9s/2m50.0s

vus    [   6% ] 090/500 VUs  0m10.9s/2m50.0s

vus    [   7% ] 099/500 VUs  0m11.9s/2m50.0s

vus    [   8% ] 107/500 VUs  0m12.9s/2m50.0s

vus    [   8% ] 115/500 VUs  0m13.9s/2m50.0s

vus    [   9% ] 124/500 VUs  0m14.9s/2m50.0s

vus    [   9% ] 132/500 VUs  0m15.9s/2m50.0s

vus    [  10% ] 140/500 VUs  0m16.9s/2m50.0s

vus    [  11% ] 149/500 VUs  0m17.9s/2m50.0s

vus    [  11% ] 157/500 VUs  0m18.9s/2m50.0s

vus    [  12% ] 165/500 VUs  0m19.9s/2m50.0s

vus    [  12% ] 174/500 VUs  0m20.9s/2m50.0s

vus    [  13% ] 182/500 VUs  0m21.9s/2m50.0s

vus    [  13% ] 190/500 VUs  0m22.9s/2m50.0s

vus    [  14% ] 199/500 VUs  0m23.9s/2m50.0s

vus    [  15% ] 207/500 VUs  0m24.9s/2m50.0s

vus    [  15% ] 215/500 VUs  0m25.9s/2m50.0s

vus    [  16% ] 224/500 VUs  0m26.9s/2m50.0s

vus    [  16% ] 232/500 VUs  0m27.9s/2m50.0s

vus    [  17% ] 240/500 VUs  0m28.9s/2m50.0s

vus    [  18% ] 249/500 VUs  0m29.9s/2m50.0s

vus    [  18% ] 257/500 VUs  0m30.9s/2m50.0s

vus    [  19% ] 265/500 VUs  0m31.9s/2m50.0s

vus    [  19% ] 274/500 VUs  0m32.9s/2m50.0s

vus    [  20% ] 282/500 VUs  0m33.9s/2m50.0s

vus    [  21% ] 290/500 VUs  0m34.9s/2m50.0s

vus    [  21% ] 299/500 VUs  0m35.9s/2m50.0s

vus    [  22% ] 307/500 VUs  0m36.9s/2m50.0s

vus    [  22% ] 315/500 VUs  0m37.9s/2m50.0s

vus    [  23% ] 324/500 VUs  0m38.9s/2m50.0s

vus    [  23% ] 332/500 VUs  0m39.9s/2m50.0s

vus    [  24% ] 340/500 VUs  0m40.9s/2m50.0s

vus    [  25% ] 349/500 VUs  0m41.9s/2m50.0s

vus    [  25% ] 357/500 VUs  0m42.9s/2m50.0s

vus    [  26% ] 365/500 VUs  0m43.9s/2m50.0s

vus    [  26% ] 374/500 VUs  0m44.9s/2m50.0s

vus    [  27% ] 382/500 VUs  0m45.9s/2m50.0s

vus    [  28% ] 390/500 VUs  0m46.9s/2m50.0s

vus    [  28% ] 399/500 VUs  0m47.9s/2m50.0s

vus    [  29% ] 407/500 VUs  0m48.9s/2m50.0s

vus    [  29% ] 415/500 VUs  0m49.9s/2m50.0s

vus    [  30% ] 424/500 VUs  0m50.9s/2m50.0s

vus    [  31% ] 432/500 VUs  0m51.9s/2m50.0s

vus    [  31% ] 440/500 VUs  0m52.9s/2m50.0s

vus    [  32% ] 449/500 VUs  0m53.9s/2m50.0s

vus    [  32% ] 457/500 VUs  0m54.9s/2m50.0s

vus    [  33% ] 465/500 VUs  0m55.9s/2m50.0s

vus    [  33% ] 474/500 VUs  0m56.9s/2m50.0s

vus    [  34% ] 482/500 VUs  0m57.9s/2m50.0s

vus    [  35% ] 490/500 VUs  0m58.9s/2m50.0s

vus    [  35% ] 499/500 VUs  0m59.9s/2m50.0s

vus    [  36% ] 500/500 VUs  1m00.9s/2m50.0s

vus    [  36% ] 500/500 VUs  1m01.9s/2m50.0s

vus    [  37% ] 500/500 VUs  1m02.9s/2m50.0s

vus    [  38% ] 500/500 VUs  1m03.9s/2m50.0s

vus    [  38% ] 500/500 VUs  1m04.9s/2m50.0s

vus    [  39% ] 500/500 VUs  1m05.9s/2m50.0s

vus    [  39% ] 500/500 VUs  1m06.9s/2m50.0s

vus    [  40% ] 500/500 VUs  1m07.9s/2m50.0s

vus    [  41% ] 500/500 VUs  1m08.9s/2m50.0s

vus    [  41% ] 500/500 VUs  1m09.9s/2m50.0s

vus    [  42% ] 500/500 VUs  1m10.9s/2m50.0s

vus    [  42% ] 500/500 VUs  1m11.9s/2m50.0s

vus    [  43% ] 500/500 VUs  1m12.9s/2m50.0s

vus    [  43% ] 500/500 VUs  1m13.9s/2m50.0s

vus    [  44% ] 500/500 VUs  1m14.9s/2m50.0s

vus    [  45% ] 500/500 VUs  1m15.9s/2m50.0s

vus    [  45% ] 500/500 VUs  1m16.9s/2m50.0s

vus    [  46% ] 500/500 VUs  1m17.9s/2m50.0s

vus    [  46% ] 500/500 VUs  1m18.9s/2m50.0s

vus    [  47% ] 500/500 VUs  1m19.9s/2m50.0s

vus    [  48% ] 500/500 VUs  1m20.9s/2m50.0s

vus    [  48% ] 500/500 VUs  1m21.9s/2m50.0s

vus    [  49% ] 500/500 VUs  1m22.9s/2m50.0s

vus    [  49% ] 500/500 VUs  1m23.9s/2m50.0s

vus    [  50% ] 500/500 VUs  1m24.9s/2m50.0s

vus    [  51% ] 500/500 VUs  1m25.9s/2m50.0s

vus    [  51% ] 500/500 VUs  1m26.9s/2m50.0s

vus    [  52% ] 500/500 VUs  1m27.9s/2m50.0s

vus    [  52% ] 500/500 VUs  1m28.9s/2m50.0s

vus    [  53% ] 500/500 VUs  1m29.9s/2m50.0s

vus    [  53% ] 500/500 VUs  1m30.9s/2m50.0s

vus    [  54% ] 500/500 VUs  1m31.9s/2m50.0s

vus    [  55% ] 500/500 VUs  1m32.9s/2m50.0s

vus    [  55% ] 500/500 VUs  1m33.9s/2m50.0s

vus    [  56% ] 500/500 VUs  1m34.9s/2m50.0s

vus    [  56% ] 500/500 VUs  1m35.9s/2m50.0s

vus    [  57% ] 500/500 VUs  1m36.9s/2m50.0s

vus    [  58% ] 500/500 VUs  1m37.9s/2m50.0s

vus    [  58% ] 500/500 VUs  1m38.9s/2m50.0s

vus    [  59% ] 500/500 VUs  1m39.9s/2m50.0s

vus    [  59% ] 500/500 VUs  1m40.9s/2m50.0s

vus    [  60% ] 500/500 VUs  1m41.9s/2m50.0s

vus    [  61% ] 500/500 VUs  1m42.9s/2m50.0s

vus    [  61% ] 500/500 VUs  1m43.9s/2m50.0s

vus    [  62% ] 500/500 VUs  1m44.9s/2m50.0s

vus    [  62% ] 500/500 VUs  1m45.9s/2m50.0s

vus    [  63% ] 500/500 VUs  1m46.9s/2m50.0s

vus    [  63% ] 500/500 VUs  1m47.9s/2m50.0s

vus    [  64% ] 500/500 VUs  1m48.9s/2m50.0s

vus    [  65% ] 500/500 VUs  1m49.9s/2m50.0s

vus    [  65% ] 500/500 VUs  1m50.9s/2m50.0s

vus    [  66% ] 500/500 VUs  1m51.9s/2m50.0s

vus    [  66% ] 500/500 VUs  1m52.9s/2m50.0s

vus    [  67% ] 500/500 VUs  1m53.9s/2m50.0s

vus    [  68% ] 500/500 VUs  1m54.9s/2m50.0s

vus    [  68% ] 500/500 VUs  1m55.9s/2m50.0s

vus    [  69% ] 500/500 VUs  1m56.9s/2m50.0s

vus    [  69% ] 500/500 VUs  1m57.9s/2m50.0s

vus    [  70% ] 500/500 VUs  1m58.9s/2m50.0s

vus    [  71% ] 500/500 VUs  1m59.9s/2m50.0s

vus    [  71% ] 500/500 VUs  2m00.9s/2m50.0s

vus    [  72% ] 500/500 VUs  2m01.9s/2m50.0s

vus    [  72% ] 500/500 VUs  2m02.9s/2m50.0s

vus    [  73% ] 500/500 VUs  2m03.9s/2m50.0s

vus    [  73% ] 500/500 VUs  2m04.9s/2m50.0s

vus    [  74% ] 500/500 VUs  2m05.9s/2m50.0s

vus    [  75% ] 500/500 VUs  2m06.9s/2m50.0s

vus    [  75% ] 500/500 VUs  2m07.9s/2m50.0s

vus    [  76% ] 500/500 VUs  2m08.9s/2m50.0s

vus    [  76% ] 500/500 VUs  2m09.9s/2m50.0s

vus    [  77% ] 500/500 VUs  2m10.9s/2m50.0s

vus    [  78% ] 500/500 VUs  2m11.9s/2m50.0s

vus    [  78% ] 500/500 VUs  2m12.9s/2m50.0s

vus    [  79% ] 500/500 VUs  2m13.9s/2m50.0s

vus    [  79% ] 500/500 VUs  2m14.9s/2m50.0s

vus    [  80% ] 500/500 VUs  2m15.9s/2m50.0s

vus    [  81% ] 500/500 VUs  2m16.9s/2m50.0s

vus    [  81% ] 500/500 VUs  2m17.9s/2m50.0s

vus    [  82% ] 500/500 VUs  2m18.9s/2m50.0s

vus    [  82% ] 500/500 VUs  2m19.9s/2m50.0s

vus    [  83% ] 500/500 VUs  2m20.9s/2m50.0s

vus    [  83% ] 500/500 VUs  2m21.9s/2m50.0s

vus    [  84% ] 500/500 VUs  2m22.9s/2m50.0s

vus    [  85% ] 500/500 VUs  2m23.9s/2m50.0s

vus    [  85% ] 500/500 VUs  2m24.9s/2m50.0s

vus    [  86% ] 500/500 VUs  2m25.9s/2m50.0s

vus    [  86% ] 500/500 VUs  2m26.9s/2m50.0s
time="2026-09-19T05:59:13Z" level=warning msg="Request Failed" error="Get \"http://172.31.37.25/api/chat/rooms?size=20\": request timeout"

vus    [  87% ] 500/500 VUs  2m27.9s/2m50.0s

vus    [  88% ] 500/500 VUs  2m28.9s/2m50.0s

vus    [  88% ] 500/500 VUs  2m29.9s/2m50.0s

vus    [  89% ] 500/500 VUs  2m30.9s/2m50.0s

vus    [  89% ] 500/500 VUs  2m31.9s/2m50.0s

vus    [  90% ] 500/500 VUs  2m32.9s/2m50.0s

vus    [  91% ] 499/500 VUs  2m33.9s/2m50.0s

vus    [  91% ] 494/500 VUs  2m34.9s/2m50.0s
time="2026-09-19T05:59:21Z" level=warning msg="Request Failed" error="Get \"http://172.31.37.25/api/work-logs?size=20\": request timeout"

vus    [  92% ] 493/500 VUs  2m35.9s/2m50.0s

vus    [  92% ] 488/500 VUs  2m36.9s/2m50.0s

vus    [  93% ] 486/500 VUs  2m37.9s/2m50.0s

vus    [  93% ] 480/500 VUs  2m38.9s/2m50.0s

vus    [  94% ] 475/500 VUs  2m39.9s/2m50.0s

vus    [  95% ] 451/500 VUs  2m40.9s/2m50.0s

vus    [  95% ] 429/500 VUs  2m41.9s/2m50.0s
time="2026-09-19T05:59:28Z" level=warning msg="Request Failed" error="Get \"http://172.31.37.25/api/safety/user/courses\": request timeout"

vus    [  96% ] 408/500 VUs  2m42.9s/2m50.0s
time="2026-09-19T05:59:29Z" level=warning msg="Request Failed" error="Get \"http://172.31.37.25/api/work-logs?size=20\": request timeout"

vus    [  96% ] 382/500 VUs  2m43.9s/2m50.0s

vus    [  97% ] 357/500 VUs  2m44.9s/2m50.0s

vus    [  98% ] 328/500 VUs  2m45.9s/2m50.0s
time="2026-09-19T05:59:31Z" level=warning msg="Request Failed" error="Get \"http://172.31.37.25/api/attendance\": request timeout"

vus    [  98% ] 308/500 VUs  2m46.9s/2m50.0s
time="2026-09-19T05:59:33Z" level=warning msg="Request Failed" error="Get \"http://172.31.37.25/api/chat/rooms?size=20\": request timeout"

vus    [  99% ] 285/500 VUs  2m47.9s/2m50.0s
time="2026-09-19T05:59:34Z" level=warning msg="Request Failed" error="Get \"http://172.31.37.25/api/attendance\": request timeout"

vus    [  99% ] 261/500 VUs  2m48.9s/2m50.0s
time="2026-09-19T05:59:35Z" level=warning msg="Request Failed" error="Get \"http://172.31.37.25/api/work-logs?size=20\": request timeout"

vus    [ 100% ] 233/500 VUs  2m49.9s/2m50.0s
time="2026-09-19T05:59:36Z" level=warning msg="Request Failed" error="Get \"http://172.31.37.25/api/work-logs?size=20\": request timeout"
time="2026-09-19T05:59:36Z" level=warning msg="Request Failed" error="Get \"http://172.31.37.25/api/attendance\": request timeout"

vus  ↓ [ 100% ] 231/500 VUs  2m50s

vus  ↓ [ 100% ] 231/500 VUs  2m50s
time="2026-09-19T05:59:38Z" level=warning msg="Request Failed" error="Get \"http://172.31.37.25/api/work-logs?size=20\": request timeout"

vus  ↓ [ 100% ] 231/500 VUs  2m50s

vus  ↓ [ 100% ] 231/500 VUs  2m50s

vus  ↓ [ 100% ] 231/500 VUs  2m50s
time="2026-09-19T05:59:41Z" level=warning msg="Request Failed" error="Get \"http://172.31.37.25/api/work-logs?size=20\": request timeout"

vus  ↓ [ 100% ] 231/500 VUs  2m50s

vus  ↓ [ 100% ] 231/500 VUs  2m50s

vus  ↓ [ 100% ] 231/500 VUs  2m50s

vus  ↓ [ 100% ] 231/500 VUs  2m50s

vus  ↓ [ 100% ] 231/500 VUs  2m50s

== vus rate=1/s vus=500 reqs=7089 rps=39.4 fail=0.17% p95=49064.3ms dropped=0 maxVUs=500 login_fail=0 dup=0 journey_p95=99148ms
name             n      rps     p50     p95     p99     max   fail%
login              500     2.8  6914.1 20102.7 22505.1   27152       0
clockin            500     2.8 12869.6 35594.9 44364.1   52098       0
attendance_list   1523     8.5 20046.3 49170.6 53839.3   60000     0.2
worklogs          1519     8.4 20919.6 50842.7   55262   60001    0.39
chat_rooms        1524     8.5 20180.7 49300.1 54429.4   60001    0.13
safety_courses    1523     8.5 20460.6 49437.1 54284.6   60000    0.07

vus  ✓ [ 100% ] 000/500 VUs  2m50s
time="2026-09-19T05:59:46Z" level=error msg="thresholds on metrics 'http_req_duration{name:attendance_list}, http_req_duration{name:chat_rooms}, http_req_duration{name:clockin}, http_req_duration{name:login}, http_req_duration{name:safety_courses}, http_req_duration{name:worklogs}' have been crossed"
