16:49:54  E8 샘플러 시작 — 60초 간격, 출력 measure/e8-20260812T164954/e8-samples.csv
16:49:54  색인을 멈춘 뒤 Ctrl-C(또는 kill)로 종료하면 요약을 찍는다.
16:50:54  청크 474 / 구간 원본 +400 → 원본당 150.0ms (TEI 2.00)
16:51:55  청크 1445 / 구간 원본 +800 → 원본당 75.0ms (TEI 2.00)
16:52:55  청크 2398 / 구간 원본 +800 → 원본당 76.2ms (TEI 2.00)
16:53:56  청크 3386 / 구간 원본 +800 → 원본당 75.0ms (TEI 2.00)
16:54:56  청크 4355 / 구간 원본 +800 → 원본당 76.2ms (TEI 2.00)
16:55:56  청크 5413 / 구간 원본 +900 → 원본당 66.7ms (TEI 2.00)
16:56:57  청크 6371 / 구간 원본 +800 → 원본당 75.0ms (TEI 2.00)
16:57:57  청크 7327 / 구간 원본 +800 → 원본당 76.2ms (TEI 2.00)
16:58:58  청크 8391 / 구간 원본 +900 → 원본당 66.7ms (TEI 2.00)
16:59:58  청크 9346 / 구간 원본 +800 → 원본당 76.2ms (TEI 2.00)
17:00:59  청크 10317 / 구간 원본 +800 → 원본당 75.0ms (TEI 2.00)
17:01:59  청크 11272 / 구간 원본 +800 → 원본당 76.2ms (TEI 2.00)
17:02:59  청크 12334 / 구간 원본 +900 → 원본당 66.7ms (TEI 2.00)
17:04:00  청크 13293 / 구간 원본 +800 → 원본당 75.0ms (TEI 2.00)
17:05:00  청크 14252 / 구간 원본 +800 → 원본당 76.2ms (TEI 2.00)
17:06:01  청크 15207 / 구간 원본 +800 → 원본당 75.0ms (TEI 2.00)
17:07:01  청크 16167 / 구간 원본 +800 → 원본당 76.2ms (TEI 2.00)
17:08:02  청크 17117 / 구간 원본 +800 → 원본당 75.0ms (TEI 2.00)
17:09:02  청크 18174 / 구간 원본 +900 → 원본당 67.8ms (TEI 2.00)
17:10:03  청크 19141 / 구간 원본 +800 → 원본당 75.0ms (TEI 2.00)
17:11:03  청크 20113 / 구간 원본 +800 → 원본당 76.2ms (TEI 2.00)
17:12:04  청크 20950 / 구간 원본 +700 → 원본당 85.7ms (TEI 2.00)
17:13:04  청크 21906 / 구간 원본 +800 → 원본당 76.2ms (TEI 2.00)
17:14:04  청크 22965 / 구간 원본 +900 → 원본당 66.7ms (TEI 2.00)
17:15:05  청크 23917 / 구간 원본 +800 → 원본당 75.0ms (TEI 2.00)
17:16:05  청크 24857 / 구간 원본 +800 → 원본당 76.2ms (TEI 2.00)
17:17:06  청크 25815 / 구간 원본 +800 → 원본당 75.0ms (TEI 2.00)
17:18:06  청크 26166 / 구간 원본 +300 → 원본당 203.3ms (TEI 2.00)
17:19:07  청크 27134 / 구간 원본 +800 → 원본당 75.0ms (TEI 2.00)
17:20:07  청크 28085 / 구간 원본 +800 → 원본당 76.2ms (TEI 2.00)
17:21:08  청크 29046 / 구간 원본 +800 → 원본당 75.0ms (TEI 2.00)
17:22:08  청크 29999 / 구간 원본 +800 → 원본당 76.2ms (TEI 2.00)
17:25:09  청크 26166 / 구간 원본 +300 → 원본당 203.3ms (TEI 3.00)
17:26:10  청크 27134 / 구간 원본 +800 → 원본당 75.0ms (TEI 3.00)
17:27:10  청크 28085 / 구간 원본 +800 → 원본당 76.2ms (TEI 3.00)
17:28:11  청크 29046 / 구간 원본 +800 → 원본당 75.0ms (TEI 3.00)
17:29:11  청크 29999 / 구간 원본 +800 → 원본당 76.2ms (TEI 3.00)
17:32:12  청크 26166 / 구간 원본 +300 → 원본당 203.3ms (TEI 4.00)
17:33:13  청크 27008 / 구간 원본 +700 → 원본당 85.7ms (TEI 4.00)
17:34:13  청크 28085 / 구간 원본 +900 → 원본당 67.8ms (TEI 4.00)
17:35:14  청크 29046 / 구간 원본 +800 → 원본당 75.0ms (TEI 4.00)
17:36:14  청크 29999 / 구간 원본 +800 → 원본당 76.2ms (TEI 4.00)
17:39:15  청크 26049 / 구간 원본 +200 → 원본당 300.0ms (TEI 5.00)
17:40:16  청크 27008 / 구간 원본 +800 → 원본당 75.0ms (TEI 5.00)
17:41:16  청크 28085 / 구간 원본 +900 → 원본당 67.8ms (TEI 5.00)
17:42:17  청크 29046 / 구간 원본 +800 → 원본당 75.0ms (TEI 5.00)
17:43:17  청크 29999 / 구간 원본 +800 → 원본당 76.2ms (TEI 5.00)
17:46:18  청크 26049 / 구간 원본 +200 → 원본당 300.0ms (TEI 6.00)
17:47:19  청크 27008 / 구간 원본 +800 → 원본당 75.0ms (TEI 6.00)
17:48:19  청크 27963 / 구간 원본 +800 → 원본당 76.2ms (TEI 6.00)
17:49:20  청크 28930 / 구간 원본 +800 → 원본당 75.0ms (TEI 6.00)
17:50:20  청크 29999 / 구간 원본 +900 → 원본당 67.8ms (TEI 6.00)
17:53:21  청크 26049 / 구간 원본 +200 → 원본당 300.0ms (TEI 2.00)
17:54:22  청크 27008 / 구간 원본 +800 → 원본당 75.0ms (TEI 2.00)
17:55:22  청크 27963 / 구간 원본 +800 → 원본당 76.2ms (TEI 2.00)
17:56:23  청크 28930 / 구간 원본 +800 → 원본당 75.0ms (TEI 2.00)
17:57:23  청크 29889 / 구간 원본 +800 → 원본당 76.2ms (TEI 2.00)

18:01:24  샘플러 종료 — measure/e8-20260812T164954/e8-samples.csv

## E8 구간별 처리량 — 20260812T164954

| 코퍼스(청크) | 구간 원본 | 원본당 ms | TEI | 앱 |
|---|---|---|---|---|
| 474 | 400 | 150.0 | 2.00 | yes |
| 1445 | 800 | 75.0 | 2.00 | yes |
| 2398 | 800 | 76.2 | 2.00 | yes |
| 3386 | 800 | 75.0 | 2.00 | yes |
| 4355 | 800 | 76.2 | 2.00 | yes |
| 5413 | 900 | 66.7 | 2.00 | yes |
| 6371 | 800 | 75.0 | 2.00 | yes |
| 7327 | 800 | 76.2 | 2.00 | yes |
| 8391 | 900 | 66.7 | 2.00 | yes |
| 9346 | 800 | 76.2 | 2.00 | yes |
| 10317 | 800 | 75.0 | 2.00 | yes |
| 11272 | 800 | 76.2 | 2.00 | yes |
| 12334 | 900 | 66.7 | 2.00 | yes |
| 13293 | 800 | 75.0 | 2.00 | yes |
| 14252 | 800 | 76.2 | 2.00 | yes |
| 15207 | 800 | 75.0 | 2.00 | yes |
| 16167 | 800 | 76.2 | 2.00 | yes |
| 17117 | 800 | 75.0 | 2.00 | yes |
| 18174 | 900 | 67.8 | 2.00 | yes |
| 19141 | 800 | 75.0 | 2.00 | yes |
| 20113 | 800 | 76.2 | 2.00 | yes |
| 20950 | 700 | 85.7 | 2.00 | yes |
| 21906 | 800 | 76.2 | 2.00 | yes |
| 22965 | 900 | 66.7 | 2.00 | yes |
| 23917 | 800 | 75.0 | 2.00 | yes |
| 24857 | 800 | 76.2 | 2.00 | yes |
| 25815 | 800 | 75.0 | 2.00 | yes |
| 26166 | 300 | 203.3 | 2.00 | yes |
| 27134 | 800 | 75.0 | 2.00 | yes |
| 28085 | 800 | 76.2 | 2.00 | yes |
| 29046 | 800 | 75.0 | 2.00 | yes |
| 29999 | 800 | 76.2 | 2.00 | yes |
| 26166 | 300 | 203.3 | 3.00 | yes |
| 27134 | 800 | 75.0 | 3.00 | yes |
| 28085 | 800 | 76.2 | 3.00 | yes |
| 29046 | 800 | 75.0 | 3.00 | yes |
| 29999 | 800 | 76.2 | 3.00 | yes |
| 26166 | 300 | 203.3 | 4.00 | yes |
| 27008 | 700 | 85.7 | 4.00 | yes |
| 28085 | 900 | 67.8 | 4.00 | yes |
| 29046 | 800 | 75.0 | 4.00 | yes |
| 29999 | 800 | 76.2 | 4.00 | yes |
| 26049 | 200 | 300.0 | 5.00 | yes |
| 27008 | 800 | 75.0 | 5.00 | yes |
| 28085 | 900 | 67.8 | 5.00 | yes |
| 29046 | 800 | 75.0 | 5.00 | yes |
| 29999 | 800 | 76.2 | 5.00 | yes |
| 26049 | 200 | 300.0 | 6.00 | yes |
| 27008 | 800 | 75.0 | 6.00 | yes |
| 27963 | 800 | 76.2 | 6.00 | yes |
| 28930 | 800 | 75.0 | 6.00 | yes |
| 29999 | 900 | 67.8 | 6.00 | yes |
| 26049 | 200 | 300.0 | 2.00 | yes |
| 27008 | 800 | 75.0 | 2.00 | yes |
| 27963 | 800 | 76.2 | 2.00 | yes |
| 28930 | 800 | 75.0 | 2.00 | yes |
| 29889 | 800 | 76.2 | 2.00 | yes |

구간이 비어 있는(원본 0) 표본은 건너뛰기 구간이거나 앱이 내려가 있던 때다. CSV에는 남아 있다.
