05:13:42  시작 코퍼스 0 청크 / 원본 200016 / TEI 상한 2.0 고정
05:13:45  ◆ 앱 기동 — 연속 색인 시작(1회차)
05:14:48  [baseline] 청크 599 (+599) 원본당 120.0ms | INSERT 0.693ms/건 | ckpt 0/0 wal 3.5MB | dead 0 vac 4 run=0 | hnsw 1MB | cpu app 3.42% db 0.04% tei 200.32% | dbmem 58/512MB file 32 anon 20 evmax 0 | base —
05:15:51  [baseline] 청크 1572 (+973) 원본당 78.8ms | INSERT 0.830ms/건 | ckpt 0/0 wal 9.3MB | dead 0 vac 5 run=0 | hnsw 3MB | cpu app 26.48% db 72.69% tei 174.61% | dbmem 73/512MB file 49 anon 18 evmax 0 | base —
05:16:54  [baseline] 청크 2649 (+1077) 원본당 70.0ms | INSERT 0.935ms/건 | ckpt 0/0 wal 15.7MB | dead 0 vac 5 run=0 | hnsw 5MB | cpu app 0.29% db 0.02% tei 200.32% | dbmem 88/512MB file 64 anon 18 evmax 0 | base —
05:17:58  [baseline] 청크 3627 (+978) 원본당 80.0ms | INSERT 0.964ms/건 | ckpt 0/0 wal 21.4MB | dead 0 vac 6 run=0 | hnsw 7MB | cpu app 0.80% db 0.01% tei 198.62% | dbmem 103/512MB file 79 anon 18 evmax 0 | base —
05:19:01  [baseline] 청크 4709 (+1082) 원본당 70.0ms | INSERT 1.011ms/건 | ckpt 1/0 wal 34.3MB | dead 0 vac 6 run=0 | hnsw 9MB | cpu app 1.00% db 0.09% tei 199.57% | dbmem 127/512MB file 103 anon 18 evmax 0 | base —
05:20:04  [baseline] 청크 5781 (+1072) 원본당 70.0ms | INSERT 1.016ms/건 | ckpt 1/0 wal 40.4MB | dead 0 vac 7 run=0 | hnsw 11MB | cpu app 0.80% db 4.24% tei 199.50% | dbmem 143/512MB file 119 anon 18 evmax 0 | base —
05:21:07  [baseline] 청크 6729 (+948) 원본당 78.8ms | INSERT 1.052ms/건 | ckpt 1/0 wal 45.8MB | dead 0 vac 7 run=0 | hnsw 12MB | cpu app 0.22% db 0.08% tei 198.94% | dbmem 159/512MB file 135 anon 18 evmax 0 | base —
05:22:10  [baseline] 청크 7800 (+1071) 원본당 70.0ms | INSERT 1.056ms/건 | ckpt 1/0 wal 51.9MB | dead 0 vac 7 run=0 | hnsw 14MB | cpu app 0.68% db 0.01% tei 201.16% | dbmem 156/512MB file 132 anon 18 evmax 0 | base —
05:23:14  [baseline] 청크 8867 (+1067) 원본당 71.1ms | INSERT 1.057ms/건 | ckpt 2/0 wal 68.6MB | dead 0 vac 8 run=0 | hnsw 16MB | cpu app 0.42% db 4.22% tei 200.31% | dbmem 183/512MB file 159 anon 18 evmax 0 | base —
05:24:17  [baseline] 청크 9844 (+977) 원본당 78.8ms | INSERT 1.081ms/건 | ckpt 2/0 wal 78.0MB | dead 0 vac 8 run=0 | hnsw 18MB | cpu app 0.25% db 0.09% tei 200.51% | dbmem 203/512MB file 179 anon 18 evmax 0 | base —
05:25:20  [baseline] 청크 10915 (+1071) 원본당 70.0ms | INSERT 1.063ms/건 | ckpt 2/0 wal 84.0MB | dead 0 vac 8 run=0 | hnsw 20MB | cpu app 0.53% db 0.07% tei 199.77% | dbmem 217/512MB file 193 anon 18 evmax 0 | base —
05:26:23  [baseline] 청크 11966 (+1051) 원본당 70.0ms | INSERT 1.203ms/건 | ckpt 2/0 wal 89.9MB | dead 0 vac 9 run=0 | hnsw 22MB | cpu app 0.33% db 0.09% tei 198.93% | dbmem 233/512MB file 209 anon 18 evmax 0 | base —
05:27:26  [baseline] 청크 12927 (+961) 원본당 78.8ms | INSERT 1.069ms/건 | ckpt 2/0 wal 95.3MB | dead 0 vac 9 run=0 | hnsw 23MB | cpu app 0.23% db 14.24% tei 202.56% | dbmem 249/512MB file 225 anon 18 evmax 0 | base —
05:28:30  [baseline] 청크 14011 (+1084) 원본당 71.1ms | INSERT 1.146ms/건 | ckpt 3/0 wal 120.0MB | dead 0 vac 9 run=0 | hnsw 25MB | cpu app 1.90% db 0.10% tei 200.41% | dbmem 250/512MB file 226 anon 18 evmax 0 | base —
05:29:33  [baseline] 청크 15096 (+1085) 원본당 70.0ms | INSERT 1.087ms/건 | ckpt 3/0 wal 129.6MB | dead 0 vac 9 run=0 | hnsw 27MB | cpu app 0.65% db 4.36% tei 199.15% | dbmem 270/512MB file 245 anon 18 evmax 0 | base —
05:30:36  [baseline] 청크 16048 (+952) 원본당 78.8ms | INSERT 1.203ms/건 | ckpt 3/0 wal 134.9MB | dead 0 vac 10 run=0 | hnsw 28MB | cpu app 0.94% db 13.14% tei 176.47% | dbmem 286/512MB file 261 anon 18 evmax 0 | base —
05:31:39  [baseline] 청크 17117 (+1069) 원본당 70.0ms | INSERT 1.119ms/건 | ckpt 3/0 wal 140.9MB | dead 0 vac 10 run=0 | hnsw 30MB | cpu app 2.37% db 0.10% tei 201.69% | dbmem 300/512MB file 275 anon 18 evmax 0 | base —
05:32:42  [baseline] 청크 18174 (+1057) 원본당 70.0ms | INSERT 1.155ms/건 | ckpt 3/0 wal 146.7MB | dead 0 vac 10 run=0 | hnsw 32MB | cpu app 0.49% db 0.01% tei 200.30% | dbmem 267/512MB file 243 anon 18 evmax 0 | base —
05:32:43  ◆ 기준선 확정 70.0ms/원본 (유효 15표본 중앙값)
05:33:46  [watch] 청크 19141 (+967) 원본당 80.0ms | INSERT 1.342ms/건 | ckpt 4/0 wal 180.5MB | dead 0 vac 10 run=0 | hnsw 34MB | cpu app 0.63% db 0.09% tei 200.11% | dbmem 310/512MB file 285 anon 18 evmax 0 | base 70.0
05:34:49  [watch] 청크 20232 (+1091) 원본당 70.0ms | INSERT 1.136ms/건 | ckpt 4/0 wal 187.7MB | dead 0 vac 10 run=0 | hnsw 36MB | cpu app 0.58% db 6.20% tei 199.80% | dbmem 327/512MB file 303 anon 19 evmax 0 | base 70.0
05:35:52  [watch] 청크 21185 (+953) 원본당 78.8ms | INSERT 1.166ms/건 | ckpt 4/0 wal 193.0MB | dead 0 vac 11 run=0 | hnsw 37MB | cpu app 0.72% db 101.96% tei 169.09% | dbmem 370/512MB file 318 anon 45 evmax 0 | base 70.0
05:36:55  [watch] 청크 22253 (+1068) 원본당 70.0ms | INSERT 1.315ms/건 | ckpt 4/0 wal 198.9MB | dead 0 vac 11 run=0 | hnsw 39MB | cpu app 0.49% db 7.70% tei 201.14% | dbmem 357/512MB file 332 anon 19 evmax 0 | base 70.0
05:37:58  [watch] 청크 23208 (+955) 원본당 78.8ms | INSERT 1.160ms/건 | ckpt 4/0 wal 204.2MB | dead 0 vac 11 run=0 | hnsw 41MB | cpu app 0.21% db 15.34% tei 201.74% | dbmem 325/512MB file 300 anon 19 evmax 0 | base 70.0
05:39:02  [watch] 청크 24266 (+1058) 원본당 71.1ms | INSERT 1.201ms/건 | ckpt 5/0 wal 245.8MB | dead 0 vac 11 run=0 | hnsw 42MB | cpu app 4.09% db 15.44% tei 200.88% | dbmem 335/512MB file 310 anon 19 evmax 0 | base 70.0
05:40:05  [watch] 청크 25336 (+1070) 원본당 70.0ms | INSERT 1.250ms/건 | ckpt 5/0 wal 252.9MB | dead 0 vac 11 run=0 | hnsw 44MB | cpu app 1.76% db 100.43% tei 166.11% | dbmem 373/512MB file 316 anon 50 evmax 0 | base 70.0
05:41:08  [watch] 청크 26410 (+1074) 원본당 70.0ms | INSERT 1.384ms/건 | ckpt 5/0 wal 258.8MB | dead 0 vac 11 run=0 | hnsw 46MB | cpu app 0.31% db 0.09% tei 201.90% | dbmem 344/512MB file 320 anon 17 evmax 0 | base 70.0
05:42:11  [watch] 청크 27368 (+958) 원본당 78.8ms | INSERT 1.175ms/건 | ckpt 5/0 wal 264.1MB | dead 0 vac 12 run=0 | hnsw 47MB | cpu app 0.47% db 0.47% tei 199.97% | dbmem 349/512MB file 325 anon 17 evmax 0 | base 70.0
05:43:15  [watch] 청크 28449 (+1081) 원본당 70.0ms | INSERT 1.238ms/건 | ckpt 6/0 wal 286.0MB | dead 0 vac 12 run=0 | hnsw 49MB | cpu app 3.84% db 0.09% tei 200.02% | dbmem 321/512MB file 297 anon 17 evmax 0 | base 70.0
05:44:18  [watch] 청크 29412 (+963) 원본당 80.0ms | INSERT 1.348ms/건 | ckpt 6/0 wal 318.6MB | dead 0 vac 12 run=0 | hnsw 51MB | cpu app 0.46% db 100.36% tei 201.24% | dbmem 361/512MB file 301 anon 53 evmax 0 | base 70.0
05:45:21  [watch] 청크 30478 (+1066) 원본당 70.0ms | INSERT 1.349ms/건 | ckpt 6/0 wal 325.8MB | dead 0 vac 12 run=0 | hnsw 53MB | cpu app 0.21% db 0.12% tei 199.72% | dbmem 330/512MB file 306 anon 17 evmax 0 | base 70.0
05:46:24  [watch] 청크 31455 (+977) 원본당 78.8ms | INSERT 1.171ms/건 | ckpt 6/0 wal 331.1MB | dead 0 vac 12 run=0 | hnsw 54MB | cpu app 0.25% db 0.10% tei 199.65% | dbmem 334/512MB file 310 anon 17 evmax 0 | base 70.0
05:47:28  [watch] 청크 32405 (+950) 원본당 80.0ms | INSERT 1.209ms/건 | ckpt 6/0 wal 336.3MB | dead 0 vac 12 run=0 | hnsw 56MB | cpu app 0.24% db 0.09% tei 199.87% | dbmem 338/512MB file 314 anon 17 evmax 0 | base 70.0
05:48:31  [watch] 청크 33480 (+1075) 원본당 70.0ms | INSERT 1.232ms/건 | ckpt 7/0 wal 377.1MB | dead 0 vac 12 run=0 | hnsw 58MB | cpu app 0.45% db 0.40% tei 197.71% | dbmem 342/512MB file 318 anon 17 evmax 0 | base 70.0
05:49:34  [watch] 청크 34442 (+962) 원본당 78.8ms | INSERT 1.401ms/건 | ckpt 7/0 wal 397.9MB | dead 0 vac 13 run=0 | hnsw 59MB | cpu app 1.22% db 100.59% tei 157.93% | dbmem 384/512MB file 323 anon 54 evmax 0 | base 70.0
05:50:37  [watch] 청크 35522 (+1080) 원본당 70.0ms | INSERT 1.435ms/건 | ckpt 7/0 wal 404.9MB | dead 0 vac 13 run=0 | hnsw 61MB | cpu app 0.21% db 4.34% tei 200.99% | dbmem 351/512MB file 327 anon 17 evmax 0 | base 70.0
05:51:40  [watch] 청크 36477 (+955) 원본당 78.8ms | INSERT 1.214ms/건 | ckpt 7/0 wal 410.1MB | dead 0 vac 13 run=0 | hnsw 63MB | cpu app 0.30% db 0.10% tei 201.22% | dbmem 355/512MB file 331 anon 17 evmax 0 | base 70.0
05:52:44  [watch] 청크 37559 (+1082) 원본당 71.1ms | INSERT 1.233ms/건 | ckpt 7/0 wal 416.1MB | dead 0 vac 13 run=0 | hnsw 65MB | cpu app 0.53% db 4.36% tei 200.15% | dbmem 375/512MB file 351 anon 17 evmax 0 | base 70.0
05:53:47  [watch] 청크 38531 (+972) 원본당 78.8ms | INSERT 1.263ms/건 | ckpt 8/0 wal 468.6MB | dead 0 vac 13 run=0 | hnsw 66MB | cpu app 0.20% db 5.14% tei 198.50% | dbmem 380/512MB file 356 anon 17 evmax 0 | base 70.0
05:54:50  [watch] 청크 39501 (+970) 원본당 78.8ms | INSERT 1.541ms/건 | ckpt 8/0 wal 484.6MB | dead 0 vac 13 run=0 | hnsw 68MB | cpu app 0.27% db 100.18% tei 199.50% | dbmem 421/512MB file 359 anon 54 evmax 0 | base 70.0
05:55:53  [watch] 청크 40575 (+1074) 원본당 70.0ms | INSERT 1.380ms/건 | ckpt 8/0 wal 491.4MB | dead 0 vac 13 run=0 | hnsw 69MB | cpu app 0.28% db 4.43% tei 200.18% | dbmem 404/512MB file 380 anon 17 evmax 0 | base 70.0
05:56:56  [watch] 청크 41529 (+954) 원본당 78.8ms | INSERT 1.232ms/건 | ckpt 8/0 wal 496.7MB | dead 0 vac 13 run=0 | hnsw 71MB | cpu app 0.66% db 0.10% tei 171.29% | dbmem 408/512MB file 384 anon 17 evmax 0 | base 70.0
05:58:00  [watch] 청크 42611 (+1082) 원본당 71.1ms | INSERT 1.276ms/건 | ckpt 8/0 wal 502.6MB | dead 0 vac 13 run=0 | hnsw 73MB | cpu app 0.43% db 0.01% tei 199.07% | dbmem 412/512MB file 388 anon 17 evmax 0 | base 70.0
05:59:03  [watch] 청크 43566 (+955) 원본당 78.8ms | INSERT 1.318ms/건 | ckpt 9/0 wal 564.4MB | dead 0 vac 14 run=0 | hnsw 74MB | cpu app 0.79% db 18.56% tei 196.29% | dbmem 417/512MB file 393 anon 17 evmax 0 | base 70.0
06:00:06  [watch] 청크 44649 (+1083) 원본당 70.0ms | INSERT 1.373ms/건 | ckpt 9/0 wal 578.9MB | dead 0 vac 14 run=0 | hnsw 76MB | cpu app 0.49% db 110.79% tei 199.91% | dbmem 458/512MB file 397 anon 54 evmax 0 | base 70.0
06:01:09  [watch] 청크 45609 (+960) 원본당 78.8ms | INSERT 1.508ms/건 | ckpt 9/0 wal 584.9MB | dead 0 vac 14 run=0 | hnsw 78MB | cpu app 0.48% db 0.42% tei 199.70% | dbmem 425/512MB file 401 anon 17 evmax 0 | base 70.0
06:02:13  [watch] 청크 46567 (+958) 원본당 80.0ms | INSERT 1.264ms/건 | ckpt 9/0 wal 590.3MB | dead 0 vac 14 run=0 | hnsw 79MB | cpu app 0.50% db 16.04% tei 200.26% | dbmem 446/512MB file 421 anon 17 evmax 0 | base 70.0
06:03:16  [watch] 청크 47640 (+1073) 원본당 70.0ms | INSERT 1.268ms/건 | ckpt 10/0 wal 613.3MB | dead 0 vac 14 run=0 | hnsw 81MB | cpu app 3.95% db 0.08% tei 201.25% | dbmem 450/512MB file 425 anon 17 evmax 0 | base 70.0
06:04:19  [watch] 청크 48725 (+1085) 원본당 70.0ms | INSERT 1.304ms/건 | ckpt 10/0 wal 669.5MB | dead 0 vac 14 run=0 | hnsw 83MB | cpu app 0.44% db 0.12% tei 198.90% | dbmem 454/512MB file 430 anon 17 evmax 0 | base 70.0
06:05:22  [watch] 청크 49783 (+1058) 원본당 70.0ms | INSERT 1.290ms/건 | ckpt 10/0 wal 680.5MB | dead 0 vac 14 run=0 | hnsw 85MB | cpu app 0.19% db 0.21% tei 200.51% | dbmem 475/512MB file 450 anon 17 evmax 0 | base 70.0
06:06:26  [watch] 청크 50840 (+1057) 원본당 70.0ms | INSERT 1.426ms/건 | ckpt 10/0 wal 686.8MB | dead 0 vac 14 run=0 | hnsw 87MB | cpu app 1.49% db 100.12% tei 199.72% | dbmem 496/512MB file 435 anon 54 evmax 105 | base 70.0
06:07:29  [watch] 청크 51812 (+972) 원본당 80.0ms | INSERT 1.467ms/건 | ckpt 10/0 wal 692.2MB | dead 0 vac 14 run=0 | hnsw 88MB | cpu app 0.42% db 0.12% tei 201.69% | dbmem 463/512MB file 439 anon 18 evmax 105 | base 70.0
06:08:32  [watch] 청크 52884 (+1072) 원본당 70.0ms | INSERT 1.298ms/건 | ckpt 11/0 wal 739.8MB | dead 0 vac 14 run=0 | hnsw 90MB | cpu app 0.43% db 0.08% tei 198.89% | dbmem 468/512MB file 443 anon 17 evmax 105 | base 70.0
06:09:35  [watch] 청크 53844 (+960) 원본당 78.8ms | INSERT 1.327ms/건 | ckpt 11/0 wal 778.3MB | dead 0 vac 14 run=0 | hnsw 92MB | cpu app 0.66% db 0.09% tei 200.06% | dbmem 481/512MB file 457 anon 17 evmax 105 | base 70.0
06:10:38  [watch] 청크 54923 (+1079) 원본당 70.0ms | INSERT 1.330ms/건 | ckpt 11/0 wal 789.2MB | dead 0 vac 14 run=0 | hnsw 93MB | cpu app 0.41% db 0.12% tei 199.29% | dbmem 486/512MB file 461 anon 17 evmax 105 | base 70.0
06:11:42  [watch] 청크 55880 (+957) 원본당 80.0ms | INSERT 1.295ms/건 | ckpt 11/0 wal 795.1MB | dead 0 vac 15 run=0 | hnsw 95MB | cpu app 0.38% db 4.39% tei 200.24% | dbmem 495/512MB file 471 anon 17 evmax 159 | base 70.0
06:12:45  [watch] 청크 56976 (+1096) 원본당 70.0ms | INSERT 1.287ms/건 | ckpt 11/0 wal 801.2MB | dead 0 vac 15 run=0 | hnsw 97MB | cpu app 0.20% db 0.00% tei 199.95% | dbmem 495/512MB file 471 anon 17 evmax 182 | base 70.0
06:13:48  [watch] 청크 57934 (+958) 원본당 78.8ms | INSERT 1.587ms/건 | ckpt 12/0 wal 865.5MB | dead 0 vac 15 run=0 | hnsw 98MB | cpu app 0.21% db 99.98% tei 199.74% | dbmem 495/512MB file 433 anon 54 evmax 399 | base 70.0
06:14:51  [watch] 청크 58892 (+958) 원본당 78.8ms | INSERT 1.392ms/건 | ckpt 12/0 wal 894.8MB | dead 0 vac 15 run=0 | hnsw 100MB | cpu app 0.19% db 20.77% tei 199.74% | dbmem 486/512MB file 462 anon 17 evmax 399 | base 70.0
06:15:55  [watch] 청크 59978 (+1086) 원본당 71.1ms | INSERT 1.349ms/건 | ckpt 12/0 wal 905.0MB | dead 0 vac 15 run=0 | hnsw 102MB | cpu app 0.40% db 0.10% tei 201.58% | dbmem 494/512MB file 470 anon 17 evmax 425 | base 70.0
06:16:58  [watch] 청크 60948 (+970) 원본당 78.8ms | INSERT 1.295ms/건 | ckpt 12/0 wal 910.8MB | dead 0 vac 15 run=0 | hnsw 103MB | cpu app 0.63% db 14.10% tei 195.29% | dbmem 494/512MB file 470 anon 17 evmax 448 | base 70.0
06:18:01  [watch] 청크 62034 (+1086) 원본당 70.0ms | INSERT 1.269ms/건 | ckpt 12/0 wal 916.9MB | dead 0 vac 15 run=0 | hnsw 105MB | cpu app 0.40% db 0.00% tei 200.90% | dbmem 496/512MB file 471 anon 17 evmax 462 | base 70.0
06:19:04  [watch] 청크 63021 (+987) 원본당 78.8ms | INSERT 1.350ms/건 | ckpt 13/0 wal 994.0MB | dead 0 vac 15 run=0 | hnsw 107MB | cpu app 0.47% db 0.09% tei 200.51% | dbmem 496/512MB file 471 anon 17 evmax 515 | base 70.0
06:20:08  [watch] 청크 63980 (+959) 원본당 80.0ms | INSERT 1.325ms/건 | ckpt 13/0 wal 1017.7MB | dead 0 vac 15 run=0 | hnsw 108MB | cpu app 0.21% db 4.50% tei 200.58% | dbmem 497/512MB file 473 anon 17 evmax 631 | base 70.0
06:21:11  [watch] 청크 65059 (+1079) 원본당 70.0ms | INSERT 1.418ms/건 | ckpt 13/0 wal 1027.7MB | dead 0 vac 15 run=0 | hnsw 110MB | cpu app 0.20% db 99.84% tei 200.06% | dbmem 497/512MB file 434 anon 54 evmax 950 | base 70.0
06:22:14  [watch] 청크 66037 (+978) 원본당 78.8ms | INSERT 1.612ms/건 | ckpt 13/0 wal 1033.8MB | dead 0 vac 15 run=0 | hnsw 112MB | cpu app 0.41% db 0.13% tei 200.06% | dbmem 472/512MB file 447 anon 17 evmax 1007 | base 70.0
06:23:18  [watch] 청크 67008 (+971) 원본당 78.8ms | INSERT 1.369ms/건 | ckpt 14/0 wal 1057.6MB | dead 0 vac 15 run=0 | hnsw 113MB | cpu app 4.54% db 15.00% tei 162.67% | dbmem 478/512MB file 453 anon 17 evmax 1007 | base 70.0
06:24:21  [watch] 청크 68057 (+1049) 원본당 71.1ms | INSERT 1.423ms/건 | ckpt 14/0 wal 1131.6MB | dead 0 vac 15 run=0 | hnsw 115MB | cpu app 0.97% db 0.38% tei 164.33% | dbmem 498/512MB file 473 anon 17 evmax 1019 | base 70.0
06:25:24  [watch] 청크 69142 (+1085) 원본당 70.0ms | INSERT 1.360ms/건 | ckpt 14/0 wal 1150.4MB | dead 0 vac 15 run=0 | hnsw 117MB | cpu app 0.20% db 0.48% tei 199.82% | dbmem 497/512MB file 472 anon 17 evmax 1072 | base 70.0
06:26:27  [watch] 청크 70106 (+964) 원본당 78.8ms | INSERT 1.369ms/건 | ckpt 14/0 wal 1157.9MB | dead 0 vac 16 run=0 | hnsw 119MB | cpu app 0.40% db 0.05% tei 200.43% | dbmem 495/512MB file 471 anon 17 evmax 1253 | base 70.0
06:27:31  [watch] 청크 71170 (+1064) 원본당 70.0ms | INSERT 1.375ms/건 | ckpt 14/0 wal 1164.4MB | dead 0 vac 16 run=0 | hnsw 121MB | cpu app 4.18% db 0.19% tei 199.30% | dbmem 495/512MB file 470 anon 17 evmax 1280 | base 70.0
06:28:34  [watch] 청크 72155 (+985) 원본당 80.0ms | INSERT 1.379ms/건 | ckpt 15/0 wal 1215.4MB | dead 0 vac 16 run=0 | hnsw 122MB | cpu app 0.21% db 0.48% tei 199.55% | dbmem 496/512MB file 471 anon 18 evmax 1412 | base 70.0
06:29:37  [watch] 청크 73115 (+960) 원본당 78.8ms | INSERT 1.396ms/건 | ckpt 15/0 wal 1268.9MB | dead 0 vac 16 run=0 | hnsw 124MB | cpu app 0.21% db 4.89% tei 200.65% | dbmem 497/512MB file 472 anon 18 evmax 1478 | base 70.0
06:30:40  [watch] 청크 74100 (+985) 원본당 78.8ms | INSERT 1.662ms/건 | ckpt 15/0 wal 1285.9MB | dead 0 vac 16 run=0 | hnsw 125MB | cpu app 0.45% db 98.71% tei 200.85% | dbmem 499/512MB file 437 anon 54 evmax 1851 | base 70.0
06:31:44  [watch] 청크 75080 (+980) 원본당 80.0ms | INSERT 1.623ms/건 | ckpt 15/0 wal 1294.4MB | dead 0 vac 16 run=0 | hnsw 127MB | cpu app 0.22% db 0.47% tei 199.18% | dbmem 479/512MB file 454 anon 17 evmax 1851 | base 70.0
06:32:47  [watch] 청크 76144 (+1064) 원본당 70.0ms | INSERT 1.496ms/건 | ckpt 15/0 wal 1301.2MB | dead 0 vac 16 run=0 | hnsw 129MB | cpu app 0.37% db 0.38% tei 200.92% | dbmem 495/512MB file 470 anon 17 evmax 1907 | base 70.0
06:33:50  [watch] 청크 77106 (+962) 원본당 78.8ms | INSERT 1.647ms/건 | ckpt 16/0 wal 1373.0MB | dead 0 vac 16 run=0 | hnsw 130MB | cpu app 0.39% db 0.45% tei 200.46% | dbmem 496/512MB file 470 anon 18 evmax 2227 | base 70.0
06:34:53  [watch] 청크 78184 (+1078) 원본당 70.0ms | INSERT 1.669ms/건 | ckpt 16/0 wal 1417.1MB | dead 0 vac 16 run=0 | hnsw 132MB | cpu app 0.24% db 0.43% tei 200.90% | dbmem 495/512MB file 469 anon 17 evmax 2318 | base 70.0
06:35:57  [watch] 청크 79137 (+953) 원본당 80.0ms | INSERT 1.587ms/건 | ckpt 16/0 wal 1430.9MB | dead 0 vac 16 run=0 | hnsw 134MB | cpu app 1.01% db 0.13% tei 199.94% | dbmem 496/512MB file 471 anon 17 evmax 2361 | base 70.0
06:37:00  [watch] 청크 80227 (+1090) 원본당 70.0ms | INSERT 1.610ms/건 | ckpt 16/0 wal 1439.4MB | dead 0 vac 16 run=0 | hnsw 136MB | cpu app 0.23% db 0.44% tei 200.07% | dbmem 494/512MB file 468 anon 18 evmax 2410 | base 70.0
06:38:03  [watch] 청크 81185 (+958) 원본당 78.8ms | INSERT 1.655ms/건 | ckpt 16/0 wal 1445.3MB | dead 0 vac 16 run=0 | hnsw 137MB | cpu app 0.58% db 0.38% tei 161.95% | dbmem 495/512MB file 468 anon 18 evmax 2494 | base 70.0
06:39:07  [watch] 청크 82167 (+982) 원본당 78.8ms | INSERT 1.723ms/건 | ckpt 17/0 wal 1533.3MB | dead 0 vac 16 run=0 | hnsw 139MB | cpu app 2.76% db 20.73% tei 200.12% | dbmem 495/512MB file 468 anon 18 evmax 2817 | base 70.0
06:40:10  [watch] 청크 83255 (+1088) 원본당 71.1ms | INSERT 1.768ms/건 | ckpt 17/0 wal 1569.9MB | dead 0 vac 16 run=0 | hnsw 141MB | cpu app 0.39% db 100.85% tei 200.51% | dbmem 494/512MB file 430 anon 55 evmax 3053 | base 70.0
06:41:13  [watch] 청크 84225 (+970) 원본당 78.8ms | INSERT 2.040ms/건 | ckpt 17/0 wal 1582.7MB | dead 0 vac 16 run=0 | hnsw 142MB | cpu app 0.23% db 0.09% tei 199.95% | dbmem 461/512MB file 434 anon 18 evmax 3053 | base 70.0
06:42:16  [watch] 청크 85177 (+952) 원본당 78.8ms | INSERT 1.755ms/건 | ckpt 17/0 wal 1590.1MB | dead 0 vac 16 run=0 | hnsw 144MB | cpu app 0.24% db 21.47% tei 157.00% | dbmem 471/512MB file 445 anon 17 evmax 3053 | base 70.0
06:43:20  [watch] 청크 86257 (+1080) 원본당 71.1ms | INSERT 1.775ms/건 | ckpt 18/0 wal 1615.3MB | dead 0 vac 16 run=0 | hnsw 146MB | cpu app 3.01% db 1.16% tei 201.96% | dbmem 494/512MB file 468 anon 17 evmax 3084 | base 70.0
06:44:23  [watch] 청크 87324 (+1067) 원본당 70.0ms | INSERT 1.904ms/건 | ckpt 18/0 wal 1703.9MB | dead 0 vac 16 run=0 | hnsw 147MB | cpu app 0.40% db 0.04% tei 200.18% | dbmem 493/512MB file 468 anon 18 evmax 3477 | base 70.0
06:45:26  [watch] 청크 88270 (+946) 원본당 78.8ms | INSERT 1.878ms/건 | ckpt 18/0 wal 1730.3MB | dead 0 vac 17 run=0 | hnsw 149MB | cpu app 1.27% db 0.20% tei 153.30% | dbmem 496/512MB file 470 anon 18 evmax 3509 | base 70.0
06:46:30  [watch] 청크 89355 (+1085) 원본당 70.0ms | INSERT 1.833ms/건 | ckpt 18/0 wal 1742.9MB | dead 0 vac 17 run=0 | hnsw 151MB | cpu app 0.20% db 0.17% tei 199.94% | dbmem 493/512MB file 467 anon 18 evmax 3589 | base 70.0
06:47:33  [watch] 청크 90321 (+966) 원본당 80.0ms | INSERT 1.831ms/건 | ckpt 18/0 wal 1749.8MB | dead 0 vac 17 run=0 | hnsw 153MB | cpu app 2.72% db 0.04% tei 201.10% | dbmem 494/512MB file 468 anon 18 evmax 3678 | base 70.0
06:48:36  [watch] 청크 91415 (+1094) 원본당 70.0ms | INSERT 1.918ms/건 | ckpt 19/0 wal 1805.4MB | dead 0 vac 17 run=0 | hnsw 154MB | cpu app 0.47% db 20.50% tei 157.52% | dbmem 509/512MB file 479 anon 21 evmax 3921 | base 70.0
06:49:39  [watch] 청크 92487 (+1072) 원본당 70.0ms | INSERT 1.945ms/건 | ckpt 19/0 wal 1874.6MB | dead 0 vac 17 run=0 | hnsw 156MB | cpu app 0.37% db 4.37% tei 198.38% | dbmem 493/512MB file 466 anon 18 evmax 4085 | base 70.0
06:50:43  [watch] 청크 93446 (+959) 원본당 80.0ms | INSERT 1.919ms/건 | ckpt 19/0 wal 1897.0MB | dead 0 vac 17 run=0 | hnsw 158MB | cpu app 4.55% db 0.26% tei 155.35% | dbmem 493/512MB file 467 anon 18 evmax 4104 | base 70.0
06:51:46  [watch] 청크 94422 (+976) 원본당 78.8ms | INSERT 2.381ms/건 | ckpt 19/0 wal 1908.3MB | dead 0 vac 17 run=0 | hnsw 159MB | cpu app 0.38% db 100.56% tei 201.35% | dbmem 493/512MB file 429 anon 55 evmax 4690 | base 70.0
06:52:49  [watch] 청크 95384 (+962) 원본당 78.8ms | INSERT 2.156ms/건 | ckpt 19/0 wal 1915.6MB | dead 0 vac 17 run=0 | hnsw 161MB | cpu app 0.23% db 0.05% tei 200.41% | dbmem 459/512MB file 434 anon 18 evmax 4690 | base 70.0
06:53:53  [watch] 청크 96453 (+1069) 원본당 71.1ms | INSERT 2.055ms/건 | ckpt 20/0 wal 2002.9MB | dead 0 vac 17 run=0 | hnsw 163MB | cpu app 0.95% db 0.31% tei 148.35% | dbmem 502/512MB file 476 anon 17 evmax 4948 | base 70.0
06:54:56  [watch] 청크 97535 (+1082) 원본당 70.0ms | INSERT 2.021ms/건 | ckpt 20/0 wal 2053.7MB | dead 0 vac 17 run=0 | hnsw 165MB | cpu app 0.30% db 0.31% tei 200.52% | dbmem 493/512MB file 467 anon 18 evmax 5014 | base 70.0
06:55:59  [watch] 청크 98522 (+987) 원본당 78.8ms | INSERT 1.938ms/건 | ckpt 20/0 wal 2071.8MB | dead 0 vac 17 run=0 | hnsw 166MB | cpu app 0.39% db 0.04% tei 200.86% | dbmem 493/512MB file 467 anon 18 evmax 5075 | base 70.0
06:57:03  [watch] 청크 99498 (+976) 원본당 78.8ms | INSERT 2.030ms/건 | ckpt 20/0 wal 2081.7MB | dead 0 vac 17 run=0 | hnsw 168MB | cpu app 0.44% db 16.03% tei 167.71% | dbmem 493/512MB file 467 anon 18 evmax 5185 | base 70.0
06:58:06  [watch] 청크 100571 (+1073) 원본당 71.1ms | INSERT 2.034ms/건 | ckpt 20/0 wal 2089.3MB | dead 0 vac 17 run=0 | hnsw 170MB | cpu app 0.79% db 0.26% tei 200.28% | dbmem 493/512MB file 467 anon 18 evmax 5206 | base 70.0
06:59:09  [watch] 청크 101539 (+968) 원본당 78.8ms | INSERT 2.151ms/건 | ckpt 21/0 wal 2189.6MB | dead 0 vac 17 run=0 | hnsw 171MB | cpu app 0.38% db 0.05% tei 200.29% | dbmem 493/512MB file 467 anon 18 evmax 5764 | base 70.0
07:00:12  [watch] 청크 102494 (+955) 원본당 78.8ms | INSERT 2.163ms/건 | ckpt 21/0 wal 2231.2MB | dead 0 vac 17 run=0 | hnsw 173MB | cpu app 0.21% db 26.27% tei 198.94% | dbmem 494/512MB file 467 anon 19 evmax 5782 | base 70.0
07:01:16  [watch] 청크 103573 (+1079) 원본당 71.1ms | INSERT 2.110ms/건 | ckpt 21/0 wal 2251.5MB | dead 0 vac 17 run=0 | hnsw 175MB | cpu app 0.37% db 4.64% tei 199.60% | dbmem 493/512MB file 467 anon 17 evmax 5801 | base 70.0
07:02:19  [watch] 청크 104531 (+958) 원본당 78.8ms | INSERT 2.156ms/건 | ckpt 21/0 wal 2261.4MB | dead 0 vac 17 run=0 | hnsw 176MB | cpu app 0.17% db 0.33% tei 198.79% | dbmem 493/512MB file 467 anon 18 evmax 5890 | base 70.0
07:03:22  [watch] 청크 105492 (+961) 원본당 78.8ms | INSERT 2.321ms/건 | ckpt 22/0 wal 2287.7MB | dead 0 vac 17 run=0 | hnsw 178MB | cpu app 0.62% db 107.01% tei 145.89% | dbmem 507/512MB file 444 anon 55 evmax 6472 | base 70.0
07:04:26  [watch] 청크 106549 (+1057) 원본당 70.0ms | INSERT 2.751ms/건 | ckpt 22/0 wal 2386.4MB | dead 0 vac 17 run=0 | hnsw 180MB | cpu app 0.20% db 4.61% tei 199.37% | dbmem 475/512MB file 449 anon 18 evmax 7185 | base 70.0
07:05:29  [watch] 청크 107522 (+973) 원본당 80.0ms | INSERT 2.153ms/건 | ckpt 22/0 wal 2422.0MB | dead 0 vac 17 run=0 | hnsw 181MB | cpu app 1.12% db 0.42% tei 145.90% | dbmem 479/512MB file 453 anon 18 evmax 7185 | base 70.0
07:06:32  [watch] 청크 108490 (+968) 원본당 78.8ms | INSERT 2.149ms/건 | ckpt 22/0 wal 2438.4MB | dead 0 vac 17 run=0 | hnsw 183MB | cpu app 0.47% db 10.23% tei 189.49% | dbmem 493/512MB file 467 anon 18 evmax 7203 | base 70.0
07:07:36  [watch] 청크 109575 (+1085) 원본당 70.0ms | INSERT 2.135ms/건 | ckpt 22/0 wal 2449.1MB | dead 0 vac 17 run=0 | hnsw 185MB | cpu app 0.36% db 0.02% tei 199.19% | dbmem 492/512MB file 466 anon 17 evmax 7313 | base 70.0
07:08:39  [watch] 청크 110540 (+965) 원본당 80.0ms | INSERT 2.181ms/건 | ckpt 23/0 wal 2505.7MB | dead 0 vac 17 run=0 | hnsw 187MB | cpu app 0.20% db 0.34% tei 200.34% | dbmem 492/512MB file 466 anon 18 evmax 7566 | base 70.0
07:09:42  [watch] 청크 111489 (+949) 원본당 78.8ms | INSERT 2.309ms/건 | ckpt 23/0 wal 2582.5MB | dead 0 vac 18 run=0 | hnsw 188MB | cpu app 0.94% db 0.08% tei 142.29% | dbmem 492/512MB file 466 anon 18 evmax 7882 | base 70.0
07:10:46  [watch] 청크 112469 (+980) 원본당 78.8ms | INSERT 2.184ms/건 | ckpt 23/0 wal 2615.6MB | dead 0 vac 18 run=0 | hnsw 190MB | cpu app 1.32% db 0.13% tei 145.43% | dbmem 493/512MB file 467 anon 18 evmax 7902 | base 70.0
07:11:49  [watch] 청크 113435 (+966) 원본당 80.0ms | INSERT 2.210ms/건 | ckpt 23/0 wal 2631.9MB | dead 0 vac 18 run=0 | hnsw 191MB | cpu app 0.62% db 9.93% tei 179.14% | dbmem 493/512MB file 467 anon 18 evmax 7923 | base 70.0
07:12:52  [watch] 청크 114532 (+1097) 원본당 70.0ms | INSERT 2.220ms/건 | ckpt 23/0 wal 2642.4MB | dead 0 vac 18 run=0 | hnsw 193MB | cpu app 1.09% db 4.33% tei 200.85% | dbmem 491/512MB file 464 anon 18 evmax 8024 | base 70.0
07:13:55  [watch] 청크 115486 (+954) 원본당 78.8ms | INSERT 2.373ms/건 | ckpt 24/0 wal 2734.7MB | dead 0 vac 18 run=0 | hnsw 195MB | cpu app 0.97% db 0.16% tei 140.91% | dbmem 503/512MB file 477 anon 18 evmax 8412 | base 70.0
07:14:59  [watch] 청크 116580 (+1094) 원본당 71.1ms | INSERT 2.240ms/건 | ckpt 24/0 wal 2796.2MB | dead 0 vac 18 run=0 | hnsw 197MB | cpu app 0.36% db 0.10% tei 200.98% | dbmem 492/512MB file 466 anon 18 evmax 8631 | base 70.0
07:16:02  [watch] 청크 117522 (+942) 원본당 78.8ms | INSERT 2.257ms/건 | ckpt 24/0 wal 2820.3MB | dead 0 vac 18 run=0 | hnsw 198MB | cpu app 1.79% db 4.51% tei 144.00% | dbmem 492/512MB file 466 anon 18 evmax 8651 | base 70.0
07:17:05  [watch] 청크 118584 (+1062) 원본당 70.0ms | INSERT 2.442ms/건 | ckpt 24/0 wal 2834.8MB | dead 0 vac 18 run=0 | hnsw 200MB | cpu app 0.86% db 99.82% tei 135.11% | dbmem 493/512MB file 430 anon 54 evmax 9298 | base 70.0
07:18:09  [watch] 청크 119557 (+973) 원본당 78.8ms | INSERT 2.856ms/건 | ckpt 24/0 wal 2843.0MB | dead 0 vac 18 run=0 | hnsw 202MB | cpu app 2.45% db 32.30% tei 201.54% | dbmem 454/512MB file 428 anon 17 evmax 9385 | base 70.0
07:19:12  [watch] 청크 120632 (+1075) 원본당 71.1ms | INSERT 2.477ms/건 | ckpt 25/0 wal 2959.1MB | dead 0 vac 18 run=0 | hnsw 204MB | cpu app 0.19% db 0.06% tei 200.49% | dbmem 491/512MB file 465 anon 18 evmax 9819 | base 70.0
07:20:15  [watch] 청크 121692 (+1060) 원본당 70.0ms | INSERT 2.372ms/건 | ckpt 25/0 wal 3009.1MB | dead 0 vac 18 run=0 | hnsw 205MB | cpu app 0.32% db 0.18% tei 199.83% | dbmem 491/512MB file 465 anon 18 evmax 10038 | base 70.0
07:21:19  [watch] 청크 122659 (+967) 원본당 80.0ms | INSERT 2.362ms/건 | ckpt 25/0 wal 3030.2MB | dead 0 vac 18 run=0 | hnsw 207MB | cpu app 0.89% db 0.12% tei 137.26% | dbmem 507/512MB file 481 anon 18 evmax 10061 | base 70.0
07:22:22  [watch] 청크 123728 (+1069) 원본당 70.0ms | INSERT 2.364ms/건 | ckpt 25/0 wal 3043.3MB | dead 0 vac 18 run=0 | hnsw 209MB | cpu app 0.24% db 0.01% tei 199.98% | dbmem 491/512MB file 465 anon 18 evmax 10164 | base 70.0
07:23:25  [watch] 청크 124685 (+957) 원본당 78.8ms | INSERT 2.381ms/건 | ckpt 26/0 wal 3087.5MB | dead 0 vac 18 run=0 | hnsw 210MB | cpu app 0.21% db 0.25% tei 200.96% | dbmem 492/512MB file 464 anon 19 evmax 10369 | base 70.0
07:24:29  [watch] 청크 125741 (+1056) 원본당 71.1ms | INSERT 2.475ms/건 | ckpt 26/0 wal 3185.8MB | dead 0 vac 18 run=0 | hnsw 212MB | cpu app 0.26% db 0.04% tei 200.47% | dbmem 491/512MB file 465 anon 17 evmax 10818 | base 70.0
07:25:32  [watch] 청크 126713 (+972) 원본당 78.8ms | INSERT 2.352ms/건 | ckpt 26/0 wal 3224.0MB | dead 0 vac 18 run=0 | hnsw 214MB | cpu app 0.22% db 0.54% tei 200.50% | dbmem 491/512MB file 464 anon 18 evmax 10851 | base 70.0
07:26:35  [watch] 청크 127673 (+960) 원본당 78.8ms | INSERT 2.372ms/건 | ckpt 26/0 wal 3243.9MB | dead 0 vac 18 run=0 | hnsw 215MB | cpu app 0.34% db 5.30% tei 201.27% | dbmem 491/512MB file 465 anon 17 evmax 10972 | base 70.0
07:27:39  [watch] 청크 128746 (+1073) 원본당 71.1ms | INSERT 2.374ms/건 | ckpt 26/0 wal 3257.4MB | dead 0 vac 18 run=0 | hnsw 217MB | cpu app 0.19% db 2.90% tei 199.62% | dbmem 491/512MB file 464 anon 18 evmax 11056 | base 70.0
07:28:42  [watch] 청크 129725 (+979) 원본당 78.8ms | INSERT 2.438ms/건 | ckpt 27/0 wal 3330.2MB | dead 0 vac 18 run=0 | hnsw 219MB | cpu app 0.20% db 0.25% tei 200.74% | dbmem 491/512MB file 464 anon 18 evmax 11454 | base 70.0
07:29:45  [watch] 청크 130687 (+962) 원본당 78.8ms | INSERT 2.489ms/건 | ckpt 27/0 wal 3406.7MB | dead 0 vac 18 run=0 | hnsw 220MB | cpu app 3.37% db 0.36% tei 141.39% | dbmem 497/512MB file 471 anon 18 evmax 11957 | base 70.0
07:30:49  [watch] 청크 131755 (+1068) 원본당 71.1ms | INSERT 2.424ms/건 | ckpt 27/0 wal 3446.4MB | dead 0 vac 18 run=0 | hnsw 222MB | cpu app 0.19% db 0.27% tei 197.92% | dbmem 491/512MB file 463 anon 18 evmax 12037 | base 70.0
07:31:52  [watch] 청크 132713 (+958) 원본당 78.8ms | INSERT 4.736ms/건 | ckpt 27/0 wal 3465.6MB | dead 0 vac 18 run=0 | hnsw 224MB | cpu app 0.16% db 99.15% tei 202.61% | dbmem 490/512MB file 426 anon 55 evmax 13046 | base 70.0
07:32:56  [watch] 청크 133677 (+964) 원본당 78.8ms | INSERT 2.741ms/건 | ckpt 27/0 wal 3477.2MB | dead 0 vac 18 run=0 | hnsw 225MB | cpu app 0.86% db 4.29% tei 140.61% | dbmem 471/512MB file 444 anon 18 evmax 13046 | base 70.0
07:33:59  [watch] 청크 134642 (+965) 원본당 80.0ms | INSERT 2.480ms/건 | ckpt 28/0 wal 3571.7MB | dead 0 vac 18 run=0 | hnsw 227MB | cpu app 3.75% db 23.64% tei 186.20% | dbmem 502/512MB file 475 anon 18 evmax 13443 | base 70.0
07:35:02  [watch] 청크 135616 (+974) 원본당 78.8ms | INSERT 2.430ms/건 | ckpt 28/0 wal 3637.6MB | dead 0 vac 18 run=0 | hnsw 229MB | cpu app 0.20% db 28.14% tei 202.51% | dbmem 491/512MB file 463 anon 18 evmax 13770 | base 70.0
07:36:06  [watch] 청크 136587 (+971) 원본당 78.8ms | INSERT 2.432ms/건 | ckpt 28/0 wal 3673.9MB | dead 0 vac 18 run=0 | hnsw 231MB | cpu app 0.35% db 4.55% tei 200.51% | dbmem 490/512MB file 463 anon 17 evmax 13993 | base 70.0
07:37:09  [watch] 청크 137666 (+1079) 원본당 71.1ms | INSERT 2.449ms/건 | ckpt 28/0 wal 3691.7MB | dead 0 vac 18 run=0 | hnsw 232MB | cpu app 0.35% db 0.36% tei 200.48% | dbmem 490/512MB file 463 anon 18 evmax 14023 | base 70.0
07:38:12  [watch] 청크 138707 (+1041) 원본당 70.0ms | INSERT 2.454ms/건 | ckpt 29/0 wal 3704.2MB | dead 0 vac 18 run=0 | hnsw 234MB | cpu app 0.39% db 3.07% tei 199.85% | dbmem 490/512MB file 463 anon 18 evmax 14050 | base 70.0
07:39:16  [watch] 청크 139664 (+957) 원본당 78.8ms | INSERT 2.566ms/건 | ckpt 29/0 wal 3819.8MB | dead 0 vac 19 run=0 | hnsw 236MB | cpu app 0.50% db 0.13% tei 195.54% | dbmem 496/512MB file 469 anon 18 evmax 14622 | base 70.0
07:40:19  [watch] 청크 140647 (+983) 원본당 80.0ms | INSERT 2.445ms/건 | ckpt 29/0 wal 3877.7MB | dead 0 vac 19 run=0 | hnsw 237MB | cpu app 0.89% db 28.54% tei 140.31% | dbmem 490/512MB file 464 anon 18 evmax 14931 | base 70.0
07:41:22  [watch] 청크 141600 (+953) 원본당 78.8ms | INSERT 2.524ms/건 | ckpt 29/0 wal 3908.0MB | dead 0 vac 19 run=0 | hnsw 239MB | cpu app 0.67% db 6.62% tei 200.73% | dbmem 492/512MB file 465 anon 18 evmax 15073 | base 70.0
07:42:26  [watch] 청크 142682 (+1082) 원본당 70.0ms | INSERT 2.438ms/건 | ckpt 29/0 wal 3926.5MB | dead 0 vac 19 run=0 | hnsw 241MB | cpu app 0.36% db 0.05% tei 200.49% | dbmem 490/512MB file 463 anon 17 evmax 15207 | base 70.0
07:43:29  [watch] 청크 143644 (+962) 원본당 80.0ms | INSERT 2.475ms/건 | ckpt 30/0 wal 3971.9MB | dead 0 vac 19 run=0 | hnsw 242MB | cpu app 0.36% db 0.15% tei 199.08% | dbmem 492/512MB file 463 anon 20 evmax 15395 | base 70.0
07:44:32  [watch] 청크 144604 (+960) 원본당 78.8ms | INSERT 2.576ms/건 | ckpt 30/0 wal 4069.2MB | dead 0 vac 19 run=0 | hnsw 244MB | cpu app 0.86% db 35.83% tei 200.26% | dbmem 499/512MB file 472 anon 18 evmax 15722 | base 70.0
07:45:36  [watch] 청크 145667 (+1063) 원본당 70.0ms | INSERT 2.560ms/건 | ckpt 30/0 wal 4123.7MB | dead 0 vac 19 run=0 | hnsw 246MB | cpu app 2.67% db 0.14% tei 199.67% | dbmem 490/512MB file 463 anon 18 evmax 16071 | base 70.0
07:46:39  [watch] 청크 146630 (+963) 원본당 80.0ms | INSERT 2.471ms/건 | ckpt 30/0 wal 4149.4MB | dead 0 vac 19 run=0 | hnsw 247MB | cpu app 0.18% db 0.08% tei 199.75% | dbmem 489/512MB file 463 anon 17 evmax 16164 | base 70.0
07:47:42  [watch] 청크 147585 (+955) 원본당 78.8ms | INSERT 2.516ms/건 | ckpt 30/0 wal 4165.6MB | dead 0 vac 19 run=0 | hnsw 249MB | cpu app 0.18% db 27.00% tei 200.95% | dbmem 491/512MB file 464 anon 18 evmax 16304 | base 70.0
07:48:46  [watch] 청크 148661 (+1076) 원본당 71.1ms | INSERT 6.414ms/건 | ckpt 31/0 wal 4254.5MB | dead 0 vac 19 run=0 | hnsw 251MB | cpu app 0.33% db 99.69% tei 198.86% | dbmem 489/512MB file 425 anon 55 evmax 18109 | base 70.0
07:49:49  [watch] 청크 149614 (+953) 원본당 78.8ms | INSERT 3.161ms/건 | ckpt 31/0 wal 4331.2MB | dead 0 vac 19 run=0 | hnsw 252MB | cpu app 0.19% db 4.29% tei 202.05% | dbmem 479/512MB file 452 anon 17 evmax 18343 | base 70.0
07:50:53  [watch] 청크 150594 (+980) 원본당 78.8ms | INSERT 2.481ms/건 | ckpt 31/0 wal 4373.0MB | dead 0 vac 19 run=0 | hnsw 254MB | cpu app 0.33% db 0.02% tei 198.97% | dbmem 489/512MB file 463 anon 17 evmax 18537 | base 70.0
07:51:56  [watch] 청크 151550 (+956) 원본당 80.0ms | INSERT 2.501ms/건 | ckpt 31/0 wal 4396.4MB | dead 0 vac 19 run=0 | hnsw 255MB | cpu app 0.34% db 4.03% tei 191.80% | dbmem 492/512MB file 465 anon 18 evmax 18693 | base 70.0
07:52:59  [watch] 청크 152505 (+955) 원본당 78.8ms | INSERT 2.521ms/건 | ckpt 31/0 wal 4410.7MB | dead 0 vac 19 run=0 | hnsw 257MB | cpu app 1.57% db 35.80% tei 201.29% | dbmem 491/512MB file 464 anon 17 evmax 18798 | base 70.0
07:54:03  [watch] 청크 153486 (+981) 원본당 80.0ms | INSERT 2.621ms/건 | ckpt 32/0 wal 4508.7MB | dead 0 vac 19 run=0 | hnsw 259MB | cpu app 0.20% db 31.51% tei 201.05% | dbmem 499/512MB file 472 anon 18 evmax 19184 | base 70.0
07:55:06  [watch] 청크 154538 (+1052) 원본당 70.0ms | INSERT 2.629ms/건 | ckpt 32/0 wal 4588.6MB | dead 0 vac 19 run=0 | hnsw 261MB | cpu app 1.05% db 28.53% tei 203.14% | dbmem 491/512MB file 464 anon 18 evmax 19470 | base 70.0
07:56:09  [watch] 청크 155532 (+994) 원본당 78.8ms | INSERT 2.508ms/건 | ckpt 32/0 wal 4625.4MB | dead 0 vac 19 run=0 | hnsw 262MB | cpu app 0.44% db 0.02% tei 175.27% | dbmem 493/512MB file 466 anon 18 evmax 19686 | base 70.0
07:57:13  [watch] 청크 156605 (+1073) 원본당 71.1ms | INSERT 2.538ms/건 | ckpt 32/0 wal 4649.7MB | dead 0 vac 19 run=1 | hnsw 264MB | cpu app 3.86% db 4.45% tei 201.13% | dbmem 509/512MB file 482 anon 18 evmax 19959 | base 70.0
07:58:16  [watch] 청크 157568 (+963) 원본당 78.8ms | INSERT 2.588ms/건 | ckpt 33/0 wal 4663.2MB | dead 0 vac 19 run=0 | hnsw 266MB | cpu app 0.20% db 30.83% tei 199.42% | dbmem 502/512MB file 475 anon 18 evmax 20152 | base 70.0
07:59:19  [watch] 청크 158639 (+1071) 원본당 70.0ms | INSERT 2.750ms/건 | ckpt 33/0 wal 4792.2MB | dead 0 vac 19 run=0 | hnsw 267MB | cpu app 0.18% db 0.19% tei 199.86% | dbmem 488/512MB file 461 anon 18 evmax 20964 | base 70.0
08:00:23  [watch] 청크 159612 (+973) 원본당 80.0ms | INSERT 2.575ms/건 | ckpt 33/0 wal 4852.2MB | dead 0 vac 19 run=0 | hnsw 269MB | cpu app 0.36% db 0.14% tei 200.96% | dbmem 488/512MB file 462 anon 17 evmax 21296 | base 70.0
08:01:26  [watch] 청크 160579 (+967) 원본당 78.8ms | INSERT 2.584ms/건 | ckpt 33/0 wal 4886.1MB | dead 0 vac 19 run=0 | hnsw 271MB | cpu app 0.39% db 4.45% tei 199.70% | dbmem 488/512MB file 461 anon 17 evmax 21413 | base 70.0
08:02:30  [watch] 청크 161539 (+960) 원본당 78.8ms | INSERT 2.534ms/건 | ckpt 33/0 wal 4906.7MB | dead 0 vac 19 run=0 | hnsw 272MB | cpu app 0.19% db 28.77% tei 202.09% | dbmem 491/512MB file 464 anon 18 evmax 21549 | base 70.0
08:03:33  [watch] 청크 162636 (+1097) 원본당 71.1ms | INSERT 2.619ms/건 | ckpt 34/0 wal 4972.5MB | dead 0 vac 19 run=0 | hnsw 274MB | cpu app 0.21% db 0.17% tei 200.69% | dbmem 488/512MB file 461 anon 17 evmax 21853 | base 70.0
08:04:37  [watch] 청크 163594 (+958) 원본당 78.8ms | INSERT 2.807ms/건 | ckpt 34/0 wal 5067.4MB | dead 0 vac 19 run=0 | hnsw 276MB | cpu app 2.95% db 0.22% tei 199.30% | dbmem 488/512MB file 462 anon 17 evmax 22289 | base 70.0
08:05:40  [watch] 청크 164561 (+967) 원본당 80.0ms | INSERT 2.710ms/건 | ckpt 34/0 wal 5121.2MB | dead 0 vac 19 run=0 | hnsw 277MB | cpu app 0.69% db 30.15% tei 200.61% | dbmem 489/512MB file 462 anon 18 evmax 22500 | base 70.0
08:06:44  [watch] 청크 165535 (+974) 원본당 78.8ms | INSERT 8.286ms/건 | ckpt 34/0 wal 5152.6MB | dead 0 vac 19 run=0 | hnsw 279MB | cpu app 0.35% db 105.38% tei 200.12% | dbmem 488/512MB file 424 anon 54 evmax 24434 | base 70.0
08:07:47  [watch] 청크 166471 (+936) 원본당 80.0ms | INSERT 9.433ms/건 | ckpt 34/0 wal 5171.1MB | dead 0 vac 19 run=0 | hnsw 281MB | cpu app 0.36% db 0.22% tei 198.86% | dbmem 488/512MB file 461 anon 18 evmax 25184 | base 70.0
08:08:50  [watch] 청크 167437 (+966) 원본당 78.8ms | INSERT 2.991ms/건 | ckpt 35/0 wal 5261.0MB | dead 0 vac 19 run=0 | hnsw 282MB | cpu app 0.52% db 0.13% tei 200.30% | dbmem 488/512MB file 461 anon 18 evmax 25671 | base 70.0
08:09:54  [watch] 청크 168395 (+958) 원본당 80.0ms | INSERT 3.108ms/건 | ckpt 35/0 wal 5344.4MB | dead 0 vac 19 run=0 | hnsw 284MB | cpu app 0.37% db 3.99% tei 201.40% | dbmem 488/512MB file 461 anon 18 evmax 26076 | base 70.0
08:10:57  [watch] 청크 169361 (+966) 원본당 78.8ms | INSERT 2.844ms/건 | ckpt 35/0 wal 5392.2MB | dead 0 vac 19 run=0 | hnsw 285MB | cpu app 0.58% db 10.74% tei 129.74% | dbmem 496/512MB file 469 anon 18 evmax 26506 | base 70.0
08:12:01  [watch] 청크 170433 (+1072) 원본당 71.1ms | INSERT 2.899ms/건 | ckpt 35/0 wal 5422.8MB | dead 0 vac 19 run=0 | hnsw 287MB | cpu app 2.63% db 0.19% tei 201.03% | dbmem 487/512MB file 460 anon 18 evmax 26755 | base 70.0
08:13:04  [watch] 청크 171409 (+976) 원본당 78.8ms | INSERT 2.669ms/건 | ckpt 35/0 wal 5439.6MB | dead 0 vac 19 run=0 | hnsw 289MB | cpu app 0.34% db 0.01% tei 200.29% | dbmem 487/512MB file 460 anon 18 evmax 26902 | base 70.0
08:14:08  [watch] 청크 172372 (+963) 원본당 78.8ms | INSERT 3.289ms/건 | ckpt 36/0 wal 5551.6MB | dead 0 vac 19 run=0 | hnsw 290MB | cpu app 0.36% db 0.18% tei 201.14% | dbmem 487/512MB file 460 anon 18 evmax 27429 | base 70.0
08:15:11  [watch] 청크 173336 (+964) 원본당 80.0ms | INSERT 4.525ms/건 | ckpt 36/0 wal 5626.5MB | dead 0 vac 19 run=0 | hnsw 292MB | cpu app 0.19% db 4.48% tei 201.24% | dbmem 496/512MB file 468 anon 18 evmax 28241 | base 70.0
08:16:14  [watch] 청크 174303 (+967) 원본당 78.8ms | INSERT 3.842ms/건 | ckpt 36/0 wal 5669.8MB | dead 0 vac 20 run=0 | hnsw 294MB | cpu app 0.23% db 0.05% tei 199.51% | dbmem 493/512MB file 465 anon 18 evmax 28549 | base 70.0
08:17:18  [watch] 청크 175382 (+1079) 원본당 71.1ms | INSERT 2.742ms/건 | ckpt 36/0 wal 5698.2MB | dead 0 vac 20 run=0 | hnsw 296MB | cpu app 0.35% db 0.12% tei 201.84% | dbmem 487/512MB file 460 anon 18 evmax 28715 | base 70.0
08:18:21  [watch] 청크 176334 (+952) 원본당 78.8ms | INSERT 2.678ms/건 | ckpt 37/0 wal 5732.5MB | dead 0 vac 20 run=0 | hnsw 297MB | cpu app 0.91% db 21.99% tei 130.34% | dbmem 502/512MB file 475 anon 18 evmax 28833 | base 70.0
08:19:25  [watch] 청크 177301 (+967) 원본당 78.8ms | INSERT 3.041ms/건 | ckpt 37/0 wal 5847.5MB | dead 0 vac 20 run=0 | hnsw 299MB | cpu app 1.01% db 0.05% tei 75.03% | dbmem 502/512MB file 475 anon 18 evmax 29466 | base 70.0
08:20:28  [watch] 청크 178291 (+990) 원본당 80.0ms | INSERT 3.076ms/건 | ckpt 37/0 wal 5913.4MB | dead 0 vac 20 run=0 | hnsw 300MB | cpu app 0.83% db 5.13% tei 131.68% | dbmem 487/512MB file 460 anon 18 evmax 29787 | base 70.0
08:21:31  [watch] 청크 179351 (+1060) 원본당 70.0ms | INSERT 2.698ms/건 | ckpt 37/0 wal 5956.3MB | dead 0 vac 20 run=0 | hnsw 302MB | cpu app 0.36% db 0.04% tei 201.39% | dbmem 487/512MB file 460 anon 18 evmax 29884 | base 70.0
08:22:35  [watch] 청크 180289 (+938) 원본당 80.0ms | INSERT 2.954ms/건 | ckpt 37/0 wal 5979.5MB | dead 0 vac 20 run=0 | hnsw 304MB | cpu app 0.21% db 32.58% tei 198.18% | dbmem 493/512MB file 466 anon 18 evmax 30059 | base 70.0
08:23:38  [watch] 청크 181371 (+1082) 원본당 70.0ms | INSERT 3.475ms/건 | ckpt 38/0 wal 6060.0MB | dead 0 vac 20 run=0 | hnsw 306MB | cpu app 0.72% db 0.05% tei 198.69% | dbmem 487/512MB file 460 anon 17 evmax 30512 | base 70.0
08:24:42  [watch] 청크 182338 (+967) 원본당 78.8ms | INSERT 3.822ms/건 | ckpt 38/0 wal 6154.0MB | dead 0 vac 20 run=0 | hnsw 307MB | cpu app 0.20% db 0.04% tei 201.31% | dbmem 487/512MB file 460 anon 18 evmax 31048 | base 70.0
08:25:45  [watch] 청크 183274 (+936) 원본당 80.0ms | INSERT 4.333ms/건 | ckpt 38/0 wal 6209.2MB | dead 0 vac 20 run=0 | hnsw 309MB | cpu app 0.69% db 6.48% tei 75.37% | dbmem 501/512MB file 473 anon 18 evmax 31541 | base 70.0
08:26:48  [watch] 청크 184116 (+842) 원본당 90.0ms | INSERT 19.163ms/건 | ckpt 38/0 wal 6240.1MB | dead 0 vac 20 run=0 | hnsw 310MB | cpu app 0.18% db 99.51% tei 199.80% | dbmem 487/512MB file 422 anon 55 evmax 34964 | base 70.0
08:27:52  [watch] 청크 184835 (+719) 원본당 106.7ms | INSERT 20.884ms/건 | ckpt 38/0 wal 6258.2MB | dead 0 vac 20 run=0 | hnsw 312MB | cpu app 0.37% db 0.39% tei 199.74% | dbmem 496/512MB file 469 anon 17 evmax 36696 | base 70.0
08:28:55  [watch] 청크 185787 (+952) 원본당 78.8ms | INSERT 5.196ms/건 | ckpt 39/0 wal 6352.0MB | dead 0 vac 20 run=0 | hnsw 313MB | cpu app 0.19% db 4.41% tei 201.30% | dbmem 500/512MB file 472 anon 18 evmax 37369 | base 70.0
08:29:59  [watch] 청크 186750 (+963) 원본당 80.0ms | INSERT 6.853ms/건 | ckpt 39/0 wal 6441.3MB | dead 0 vac 20 run=0 | hnsw 315MB | cpu app 0.34% db 0.09% tei 200.03% | dbmem 497/512MB file 469 anon 18 evmax 38142 | base 70.0
08:31:02  [watch] 청크 187699 (+949) 원본당 78.8ms | INSERT 6.437ms/건 | ckpt 39/0 wal 6493.7MB | dead 0 vac 20 run=0 | hnsw 316MB | cpu app 2.45% db 4.33% tei 199.96% | dbmem 486/512MB file 459 anon 18 evmax 38867 | base 70.0
08:32:06  [watch] 청크 188659 (+960) 원본당 78.8ms | INSERT 5.817ms/건 | ckpt 39/0 wal 6526.6MB | dead 0 vac 20 run=0 | hnsw 318MB | cpu app 0.47% db 0.08% tei 199.59% | dbmem 498/512MB file 470 anon 18 evmax 39432 | base 70.0
08:33:09  [watch] 청크 189637 (+978) 원본당 80.0ms | INSERT 6.213ms/건 | ckpt 39/0 wal 6547.9MB | dead 0 vac 20 run=0 | hnsw 320MB | cpu app 0.34% db 0.12% tei 199.90% | dbmem 486/512MB file 458 anon 18 evmax 39992 | base 70.0
08:34:13  [watch] 청크 190466 (+829) 원본당 90.0ms | INSERT 17.344ms/건 | ckpt 40/0 wal 6660.6MB | dead 0 vac 20 run=0 | hnsw 321MB | cpu app 0.37% db 0.05% tei 200.94% | dbmem 486/512MB file 459 anon 18 evmax 42358 | base 70.0
08:35:16  [watch] 청크 191293 (+827) 원본당 91.4ms | INSERT 13.271ms/건 | ckpt 40/0 wal 6731.4MB | dead 0 vac 20 run=0 | hnsw 322MB | cpu app 0.22% db 20.25% tei 0.20% | dbmem 509/512MB file 481 anon 18 evmax 43791 | base 70.0
08:36:20  [watch] 청크 192252 (+959) 원본당 78.8ms | INSERT 11.483ms/건 | ckpt 40/0 wal 6783.4MB | dead 0 vac 20 run=0 | hnsw 324MB | cpu app 0.20% db 4.32% tei 199.49% | dbmem 486/512MB file 457 anon 18 evmax 44889 | base 70.0
08:37:23  [watch] 청크 193090 (+838) 원본당 91.4ms | INSERT 9.912ms/건 | ckpt 40/0 wal 6812.9MB | dead 0 vac 20 run=0 | hnsw 325MB | cpu app 0.18% db 9.32% tei 0.19% | dbmem 509/512MB file 481 anon 18 evmax 45879 | base 70.0
08:38:27  [watch] 청크 194041 (+951) 원본당 78.8ms | INSERT 11.991ms/건 | ckpt 41/0 wal 6868.9MB | dead 0 vac 20 run=0 | hnsw 327MB | cpu app 4.00% db 0.13% tei 199.96% | dbmem 488/512MB file 457 anon 21 evmax 47008 | base 70.0
08:39:30  [watch] 청크 194763 (+722) 원본당 106.7ms | INSERT 15.038ms/건 | ckpt 41/0 wal 6967.7MB | dead 0 vac 20 run=0 | hnsw 329MB | cpu app 0.35% db 5.60% tei 199.45% | dbmem 485/512MB file 457 anon 18 evmax 48800 | base 70.0
08:40:34  [watch] 청크 195742 (+979) 원본당 78.8ms | INSERT 6.772ms/건 | ckpt 41/0 wal 7032.0MB | dead 0 vac 20 run=0 | hnsw 330MB | cpu app 0.23% db 0.01% tei 200.23% | dbmem 494/512MB file 465 anon 18 evmax 49463 | base 70.0
08:41:37  [watch] 청크 196595 (+853) 원본당 91.4ms | INSERT 12.127ms/건 | ckpt 41/0 wal 7075.0MB | dead 0 vac 20 run=0 | hnsw 331MB | cpu app 0.44% db 27.23% tei 76.86% | dbmem 509/512MB file 481 anon 18 evmax 50664 | base 70.0
08:42:41  [watch] 청크 197555 (+960) 원본당 78.8ms | INSERT 7.118ms/건 | ckpt 41/0 wal 7106.4MB | dead 0 vac 20 run=0 | hnsw 333MB | cpu app 0.16% db 0.02% tei 201.27% | dbmem 485/512MB file 457 anon 18 evmax 51445 | base 70.0
08:43:44  [watch] 청크 198406 (+851) 원본당 91.4ms | INSERT 16.743ms/건 | ckpt 42/0 wal 7186.2MB | dead 0 vac 20 run=0 | hnsw 334MB | cpu app 0.37% db 0.16% tei 200.78% | dbmem 485/512MB file 457 anon 18 evmax 53342 | base 70.0
08:44:48  [watch] 청크 199135 (+729) 원본당 105.0ms | INSERT 22.845ms/건 | ckpt 42/0 wal 7261.9MB | dead 0 vac 20 run=0 | hnsw 336MB | cpu app 0.35% db 5.00% tei 199.58% | dbmem 485/512MB file 457 anon 18 evmax 55818 | base 70.0
08:45:51  [watch] 청크 199953 (+818) 원본당 91.4ms | INSERT 19.372ms/건 | ckpt 42/0 wal 7322.9MB | dead 0 vac 20 run=0 | hnsw 337MB | cpu app 0.18% db 0.14% tei 201.05% | dbmem 485/512MB file 458 anon 17 evmax 58022 | base 70.0
08:46:55  [watch] 청크 200790 (+837) 원본당 90.0ms | INSERT 18.768ms/건 | ckpt 42/0 wal 7365.0MB | dead 0 vac 20 run=0 | hnsw 339MB | cpu app 0.38% db 0.17% tei 199.88% | dbmem 485/512MB file 457 anon 18 evmax 60223 | base 70.0
08:47:58  [watch] 청크 201510 (+720) 원본당 106.7ms | INSERT 20.550ms/건 | ckpt 42/0 wal 7389.4MB | dead 0 vac 20 run=0 | hnsw 340MB | cpu app 0.83% db 0.13% tei 147.53% | dbmem 507/512MB file 479 anon 18 evmax 62296 | base 70.0
08:49:02  [watch] 청크 202221 (+711) 원본당 105.0ms | INSERT 26.747ms/건 | ckpt 43/0 wal 7479.3MB | dead 0 vac 20 run=0 | hnsw 341MB | cpu app 1.25% db 10.82% tei 0.20% | dbmem 509/512MB file 481 anon 18 evmax 65498 | base 70.0
08:50:05  [watch] 청크 202960 (+739) 원본당 106.7ms | INSERT 26.108ms/건 | ckpt 43/0 wal 7554.2MB | dead 0 vac 20 run=0 | hnsw 342MB | cpu app 0.17% db 6.67% tei 0.19% | dbmem 510/512MB file 481 anon 18 evmax 68058 | base 70.0
08:50:06  ◆ 열화 감지 — 3표본 연속 ≥ 70.0×1.4 (마지막 106.7ms)
08:50:07  ◆ 개입 1: DB 컨테이너 상한 → 1g (재시작 없이) 직전 [509|512|481|18|142|68258]
08:50:08  ◆ 개입 1: 상한 변경 완료 [514|1024|486|18|142|68356] — 앱은 그대로
08:51:11  [observe-1] 청크 203945 (+985) 원본당 82.5ms | INSERT 8.766ms/건 | ckpt 43/0 wal 7618.3MB | dead 0 vac 20 run=0 | hnsw 344MB | cpu app 0.31% db 102.45% tei 199.99% | dbmem 771/1024MB file 705 anon 55 evmax 68356 | base 70.0
08:52:14  [observe-1] 청크 204926 (+981) 원본당 78.8ms | INSERT 2.817ms/건 | ckpt 43/0 wal 7660.6MB | dead 0 vac 20 run=0 | hnsw 345MB | cpu app 3.50% db 0.18% tei 201.98% | dbmem 780/1024MB file 752 anon 18 evmax 68356 | base 70.0
08:53:18  [observe-1] 청크 205886 (+960) 원본당 80.0ms | INSERT 2.769ms/건 | ckpt 44/0 wal 7687.7MB | dead 0 vac 20 run=0 | hnsw 347MB | cpu app 0.98% db 0.04% tei 200.95% | dbmem 802/1024MB file 775 anon 18 evmax 68356 | base 70.0
08:54:21  [observe-1] 청크 206870 (+984) 원본당 78.8ms | INSERT 2.847ms/건 | ckpt 44/0 wal 7816.7MB | dead 0 vac 20 run=0 | hnsw 349MB | cpu app 0.50% db 4.59% tei 156.01% | dbmem 926/1024MB file 898 anon 18 evmax 68356 | base 70.0
08:55:25  [observe-1] 청크 207937 (+1067) 원본당 70.0ms | INSERT 2.799ms/건 | ckpt 44/0 wal 7902.4MB | dead 0 vac 20 run=0 | hnsw 351MB | cpu app 0.18% db 0.20% tei 200.15% | dbmem 996/1024MB file 969 anon 18 evmax 68412 | base 70.0
08:56:28  [observe-1] 청크 208906 (+969) 원본당 80.0ms | INSERT 2.765ms/건 | ckpt 44/0 wal 7949.8MB | dead 0 vac 20 run=0 | hnsw 352MB | cpu app 0.95% db 5.36% tei 135.23% | dbmem 1002/1024MB file 974 anon 18 evmax 68566 | base 70.0
08:57:32  [observe-1] 청크 209988 (+1082) 원본당 70.0ms | INSERT 2.699ms/건 | ckpt 44/0 wal 7983.4MB | dead 0 vac 20 run=0 | hnsw 354MB | cpu app 0.34% db 0.10% tei 200.47% | dbmem 995/1024MB file 967 anon 18 evmax 68765 | base 70.0
08:58:35  [observe-1] 청크 210939 (+951) 원본당 80.0ms | INSERT 2.799ms/건 | ckpt 45/0 wal 8052.5MB | dead 0 vac 20 run=0 | hnsw 356MB | cpu app 0.84% db 0.15% tei 129.75% | dbmem 1003/1024MB file 975 anon 18 evmax 69099 | base 70.0
08:59:38  [observe-1] 청크 212008 (+1069) 원본당 70.0ms | INSERT 2.869ms/건 | ckpt 45/0 wal 8168.9MB | dead 0 vac 20 run=0 | hnsw 357MB | cpu app 2.52% db 0.22% tei 199.44% | dbmem 991/1024MB file 963 anon 18 evmax 69231 | base 70.0
09:00:42  [observe-1] 청크 212977 (+969) 원본당 80.0ms | INSERT 2.807ms/건 | ckpt 45/0 wal 8232.9MB | dead 0 vac 20 run=0 | hnsw 359MB | cpu app 0.38% db 0.16% tei 199.83% | dbmem 994/1024MB file 966 anon 18 evmax 69517 | base 70.0
09:01:45  [observe-1] 청크 213945 (+968) 원본당 78.8ms | INSERT 2.703ms/건 | ckpt 45/0 wal 8273.7MB | dead 0 vac 20 run=0 | hnsw 361MB | cpu app 0.34% db 2.16% tei 199.50% | dbmem 994/1024MB file 966 anon 18 evmax 69535 | base 70.0
09:01:46  ◆ 회복 — 개입 1 뒤 중앙값 78.8ms (기준선 70.0) → 원인은 컨테이너 메모리 상한(페이지 캐시가 상한을 나눠 쓰는 것)
09:02:49  [settled] 청크 214913 (+968) 원본당 80.0ms | INSERT 2.741ms/건 | ckpt 45/0 wal 8301.9MB | dead 0 vac 20 run=0 | hnsw 362MB | cpu app 0.19% db 32.16% tei 199.75% | dbmem 995/1024MB file 966 anon 18 evmax 69553 | base 70.0
09:03:53  [settled] 청크 215994 (+1081) 원본당 71.1ms | INSERT 2.852ms/건 | ckpt 46/0 wal 8413.7MB | dead 0 vac 21 run=0 | hnsw 364MB | cpu app 0.44% db 0.47% tei 201.65% | dbmem 971/1024MB file 942 anon 18 evmax 69682 | base 70.0
09:04:56  [settled] 청크 216947 (+953) 원본당 78.8ms | INSERT 2.829ms/건 | ckpt 46/0 wal 8504.4MB | dead 0 vac 21 run=0 | hnsw 366MB | cpu app 0.19% db 0.04% tei 199.51% | dbmem 975/1024MB file 946 anon 18 evmax 69682 | base 70.0
09:06:00  [settled] 청크 217928 (+981) 원본당 78.8ms | INSERT 2.759ms/건 | ckpt 46/0 wal 8563.0MB | dead 0 vac 21 run=0 | hnsw 367MB | cpu app 0.20% db 0.04% tei 199.69% | dbmem 980/1024MB file 951 anon 18 evmax 69682 | base 70.0
09:07:03  [settled] 청크 218994 (+1066) 원본당 71.1ms | INSERT 2.801ms/건 | ckpt 46/0 wal 8604.3MB | dead 0 vac 21 run=0 | hnsw 369MB | cpu app 0.37% db 0.01% tei 199.74% | dbmem 994/1024MB file 966 anon 18 evmax 69784 | base 70.0
09:08:07  [settled] 청크 219969 (+975) 원본당 78.8ms | INSERT 2.718ms/건 | ckpt 46/0 wal 8628.9MB | dead 0 vac 21 run=0 | hnsw 371MB | cpu app 0.36% db 0.01% tei 199.50% | dbmem 997/1024MB file 969 anon 18 evmax 69892 | base 70.0
09:09:10  [settled] 청크 220938 (+969) 원본당 80.0ms | INSERT 2.882ms/건 | ckpt 47/0 wal 8746.7MB | dead 0 vac 21 run=0 | hnsw 373MB | cpu app 0.43% db 0.05% tei 151.91% | dbmem 995/1024MB file 966 anon 18 evmax 70074 | base 70.0
09:10:13  [settled] 청크 222007 (+1069) 원본당 70.0ms | INSERT 2.866ms/건 | ckpt 47/0 wal 8842.3MB | dead 0 vac 21 run=0 | hnsw 374MB | cpu app 0.36% db 0.38% tei 200.89% | dbmem 994/1024MB file 966 anon 18 evmax 70235 | base 70.0
09:11:17  [settled] 청크 222959 (+952) 원본당 80.0ms | INSERT 2.823ms/건 | ckpt 47/0 wal 8895.6MB | dead 0 vac 21 run=0 | hnsw 376MB | cpu app 0.65% db 7.78% tei 148.00% | dbmem 997/1024MB file 966 anon 21 evmax 70254 | base 70.0
09:12:20  [settled] 청크 224026 (+1067) 원본당 70.0ms | INSERT 2.860ms/건 | ckpt 47/0 wal 8935.0MB | dead 0 vac 21 run=0 | hnsw 378MB | cpu app 0.21% db 5.33% tei 200.64% | dbmem 994/1024MB file 966 anon 17 evmax 70271 | base 70.0
09:13:24  [settled] 청크 224993 (+967) 원본당 78.8ms | INSERT 2.776ms/건 | ckpt 48/0 wal 8992.4MB | dead 0 vac 21 run=0 | hnsw 379MB | cpu app 0.34% db 0.05% tei 200.27% | dbmem 997/1024MB file 969 anon 17 evmax 70358 | base 70.0
09:14:27  [settled] 청크 226071 (+1078) 원본당 71.1ms | INSERT 3.125ms/건 | ckpt 48/0 wal 9117.6MB | dead 0 vac 21 run=0 | hnsw 381MB | cpu app 3.10% db 100.05% tei 200.05% | dbmem 993/1024MB file 928 anon 55 evmax 71232 | base 70.0
09:15:31  [settled] 청크 227011 (+940) 원본당 78.8ms | INSERT 3.613ms/건 | ckpt 48/0 wal 9188.8MB | dead 0 vac 21 run=0 | hnsw 383MB | cpu app 2.09% db 100.26% tei 103.38% | dbmem 961/1024MB file 933 anon 18 evmax 71404 | base 70.0
09:16:34  [settled] 청크 228068 (+1057) 원본당 71.1ms | INSERT 3.029ms/건 | ckpt 48/0 wal 9241.3MB | dead 0 vac 21 run=0 | hnsw 385MB | cpu app 0.21% db 0.01% tei 201.39% | dbmem 979/1024MB file 950 anon 18 evmax 71404 | base 70.0
09:17:38  [settled] 청크 229029 (+961) 원본당 78.8ms | INSERT 2.776ms/건 | ckpt 48/0 wal 9272.6MB | dead 0 vac 21 run=0 | hnsw 386MB | cpu app 1.82% db 4.39% tei 200.42% | dbmem 993/1024MB file 965 anon 18 evmax 71699 | base 70.0
09:18:41  [settled] 청크 230098 (+1069) 원본당 71.1ms | INSERT 2.909ms/건 | ckpt 49/0 wal 9372.4MB | dead 0 vac 21 run=0 | hnsw 388MB | cpu app 0.21% db 0.05% tei 201.40% | dbmem 993/1024MB file 965 anon 18 evmax 72098 | base 70.0
09:19:45  [settled] 청크 231055 (+957) 원본당 78.8ms | INSERT 2.926ms/건 | ckpt 49/0 wal 9470.8MB | dead 0 vac 21 run=0 | hnsw 390MB | cpu app 0.60% db 10.07% tei 145.28% | dbmem 1001/1024MB file 974 anon 18 evmax 72611 | base 70.0
09:20:48  [settled] 청크 232139 (+1084) 원본당 71.1ms | INSERT 2.923ms/건 | ckpt 49/0 wal 9543.2MB | dead 0 vac 21 run=0 | hnsw 392MB | cpu app 0.33% db 0.02% tei 200.67% | dbmem 993/1024MB file 965 anon 18 evmax 73090 | base 70.0
09:21:51  [settled] 청크 233096 (+957) 원본당 78.8ms | INSERT 2.842ms/건 | ckpt 49/0 wal 9585.6MB | dead 0 vac 21 run=0 | hnsw 393MB | cpu app 2.86% db 0.11% tei 201.12% | dbmem 993/1024MB file 965 anon 18 evmax 73235 | base 70.0
09:22:55  [settled] 청크 234073 (+977) 원본당 80.0ms | INSERT 2.841ms/건 | ckpt 49/0 wal 9614.4MB | dead 0 vac 21 run=0 | hnsw 395MB | cpu app 0.19% db 4.31% tei 198.84% | dbmem 993/1024MB file 965 anon 17 evmax 73272 | base 70.0
09:23:58  [settled] 청크 235028 (+955) 원본당 78.8ms | INSERT 2.931ms/건 | ckpt 50/0 wal 9723.2MB | dead 0 vac 21 run=0 | hnsw 396MB | cpu app 0.90% db 0.07% tei 128.24% | dbmem 1007/1024MB file 979 anon 18 evmax 73617 | base 70.0
09:25:02  [settled] 청크 236114 (+1086) 원본당 70.0ms | INSERT 2.888ms/건 | ckpt 50/0 wal 9827.0MB | dead 0 vac 21 run=0 | hnsw 398MB | cpu app 0.36% db 2.15% tei 200.56% | dbmem 993/1024MB file 966 anon 17 evmax 74042 | base 70.0
09:26:05  [settled] 청크 237081 (+967) 원본당 80.0ms | INSERT 2.896ms/건 | ckpt 50/0 wal 9887.6MB | dead 0 vac 21 run=0 | hnsw 400MB | cpu app 3.26% db 29.34% tei 199.54% | dbmem 999/1024MB file 970 anon 18 evmax 74339 | base 70.0
09:27:09  [settled] 청크 238048 (+967) 원본당 80.0ms | INSERT 2.877ms/건 | ckpt 50/0 wal 9928.6MB | dead 0 vac 21 run=0 | hnsw 402MB | cpu app 0.18% db 4.45% tei 201.04% | dbmem 992/1024MB file 964 anon 18 evmax 74521 | base 70.0
09:28:12  [settled] 청크 239109 (+1061) 원본당 70.0ms | INSERT 2.844ms/건 | ckpt 51/0 wal 9960.7MB | dead 0 vac 21 run=0 | hnsw 403MB | cpu app 0.30% db 4.48% tei 199.52% | dbmem 993/1024MB file 964 anon 18 evmax 74609 | base 70.0
09:29:16  [settled] 청크 240099 (+990) 원본당 78.0ms | INSERT 2.980ms/건 | ckpt 51/0 wal 10094.9MB | dead 0 vac 21 run=0 | hnsw 405MB | cpu app 2.61% db 0.11% tei 0.18% | dbmem 992/1024MB file 964 anon 18 evmax 75638 | base 70.0
09:29:16  ◆ 색인 완주 (앱 로그) — 남은 원본 없음
09:29:17  최종 코퍼스 240099 청크 (시작 0) / 개입 1단계까지 / 재기동 0회
09:30:08  완료. 사건 표=measure/e8cause-20260919T051340/marks.csv  본체=measure/e8cause-20260919T051340/rate.csv
t_epoch     t_iso                 event                                                                                                          chunks
1789794824  2026-09-19T05:13:44Z  앱 기동 — 연속 색인 시작(1회차)                                                                                0
1789795963  2026-09-19T05:32:43Z  기준선 확정 70.0ms/원본 (유효 15표본 중앙값)                                                                   18174
1789807805  2026-09-19T08:50:05Z  열화 감지 — 3표본 연속 ≥ 70.0×1.4 (마지막 106.7ms)                                                             202960
1789807807  2026-09-19T08:50:07Z  개입 1: DB 컨테이너 상한 → 1g (재시작 없이) 직전 [509|512|481|18|142|68258]                                    202960
1789807807  2026-09-19T08:50:07Z  개입 1: 상한 변경 완료 [514|1024|486|18|142|68356] — 앱은 그대로                                               202960
1789808505  2026-09-19T09:01:45Z  회복 — 개입 1 뒤 중앙값 78.8ms (기준선 70.0) → 원인은 컨테이너 메모리 상한(페이지 캐시가 상한을 나눠 쓰는 것)  213945
1789810156  2026-09-19T09:29:16Z  색인 완주 (앱 로그) — 남은 원본 없음                                                                           240099
