16:32:44  E1 스윕 시작 — run=20260813T163244
16:32:45  호스트 8 vCPU / TEI 외 컨테이너 상한 합 3.00
16:32:45  → 포화 경계: TEI 5.0 이상은 스케줄러가 실효 상한을 정한다 (계획 2-1)
16:32:46  환경 기록 → measure/e1-20260813T163244/env.md
16:32:46  ───── 조건 1: TEI cpus=1.5
16:32:48    P = 190860 청크 (마커 2026-08-13 22:44:43.949639)
16:32:48    적용된 상한(cgroup): 1.50
16:32:49    건너뛰기 구간 대기 중 (임베딩 시작을 기다린다)
16:33:51    임베딩 시작 확인 (60초 소요) — 창을 연다
16:38:52    창 300s — 청크 +1685 / 원본 +1400 → 청크당 178.0ms / 원본당 214.3ms
16:38:52    스로틀: TEI 69.2% / app 0.2% / db 0.0%
16:38:52    TEI 내부: 큐 60.9% / 추론 38.9% / 토큰화 0.2% / 추론배치 평균 3.48
16:40:07    슬라이스 1801행 삭제 → 코퍼스 190860 청크
16:40:07  ───── 조건 2: TEI cpus=2.0
16:40:07    P = 190860 청크 (마커 2026-08-13 22:44:43.949639)
16:40:07    적용된 상한(cgroup): 2.00
16:40:08    건너뛰기 구간 대기 중 (임베딩 시작을 기다린다)
16:41:01    임베딩 시작 확인 (50초 소요) — 창을 연다
16:46:03    창 300s — 청크 +1928 / 원본 +1600 → 청크당 155.6ms / 원본당 187.5ms
16:46:03    스로틀: TEI 11.1% / app 0.4% / db 0.0%
16:46:03    TEI 내부: 큐 61.0% / 추론 38.8% / 토큰화 0.2% / 추론배치 평균 3.49
16:47:25    슬라이스 2044행 삭제 → 코퍼스 190860 청크
16:47:25  ───── 조건 3: TEI cpus=3.0
16:47:25    P = 190860 청크 (마커 2026-08-13 22:44:43.949639)
16:47:25    적용된 상한(cgroup): 3.00
16:47:26    건너뛰기 구간 대기 중 (임베딩 시작을 기다린다)
16:48:20    임베딩 시작 확인 (50초 소요) — 창을 연다
16:53:21    창 300s — 청크 +1928 / 원본 +1600 → 청크당 155.6ms / 원본당 187.5ms
16:53:21    스로틀: TEI 0.0% / app 0.2% / db 0.0%
16:53:21    TEI 내부: 큐 61.2% / 추론 38.6% / 토큰화 0.2% / 추론배치 평균 3.51
16:54:41    슬라이스 2044행 삭제 → 코퍼스 190860 청크
16:54:41  ───── 조건 4: TEI cpus=1.5
16:54:41    P = 190860 청크 (마커 2026-08-13 22:44:43.949639)
16:54:41    적용된 상한(cgroup): 1.50
16:54:42    건너뛰기 구간 대기 중 (임베딩 시작을 기다린다)
16:55:48    임베딩 시작 확인 (60초 소요) — 창을 연다
17:00:49    창 300s — 청크 +1685 / 원본 +1400 → 청크당 178.0ms / 원본당 214.3ms
17:00:49    스로틀: TEI 67.5% / app 0.2% / db 0.0%
17:00:49    TEI 내부: 큐 60.6% / 추론 39.2% / 토큰화 0.2% / 추론배치 평균 3.51
17:02:08    슬라이스 1922행 삭제 → 코퍼스 190860 청크
17:02:08  TEI 상한을 2.0 로 복원 (cgroup: 2.00)

## E1 결과 — 20260813T163244

| # | 요청 | 적용 | 초과 | 청크 | 원본 | 청크당 ms | 원본당 ms | TEI 막힘 | app | db |
|---|---|---|---|---|---|---|---|---|---|---|
| 1 | 1.5 | 1.50 | no | 1685 | 1400 | 178.0 | 214.3 | 69.2% | 0.2% | 0.0% |
| 2 | 2.0 | 2.00 | no | 1928 | 1600 | 155.6 | 187.5 | 11.1% | 0.4% | 0.0% |
| 3 | 3.0 | 3.00 | no | 1928 | 1600 | 155.6 | 187.5 | 0.0% | 0.2% | 0.0% |
| 4 | 1.5 | 1.50 | no | 1685 | 1400 | 178.0 | 214.3 | 67.5% | 0.2% | 0.0% |

통제군 — 첫 2.0과 마지막 2.0의 원본당 ms가 다르면 스윕이 드리프트한 것이다.
17:02:08  완료. CSV=measure/e1-20260813T163244/e1-sweep.csv  환경=measure/e1-20260813T163244/env.md
