
         /\      Grafana   /‾‾/  
    /\  /  \     |\  __   /  /   
   /  \/    \    | |/ /  /   ‾‾\ 
  /          \   |   (  |  (‾)  |
 / __________ \  |_|\_\  \_____/ 


     execution: local
        script: journey.js
        output: -

     scenarios: (100.00%) 1 scenario, 800 max VUs, 2m0s max duration (incl. graceful stop):
              * rate: 80.00 iterations/s for 1m30s (maxVUs: 160-800, gracefulStop: 30s)


running (0m01.0s), 010/160 VUs, 67 complete and 0 interrupted iterations
rate   [   1% ] 010/160 VUs  0m01.0s/1m30s  80.00 iters/s

running (0m02.0s), 009/160 VUs, 148 complete and 0 interrupted iterations
rate   [   2% ] 009/160 VUs  0m02.0s/1m30s  80.00 iters/s

running (0m03.0s), 007/160 VUs, 230 complete and 0 interrupted iterations
rate   [   3% ] 007/160 VUs  0m03.0s/1m30s  80.00 iters/s

running (0m04.0s), 007/160 VUs, 310 complete and 0 interrupted iterations
rate   [   4% ] 007/160 VUs  0m04.0s/1m30s  80.00 iters/s

running (0m05.0s), 007/160 VUs, 390 complete and 0 interrupted iterations
rate   [   6% ] 007/160 VUs  0m05.0s/1m30s  80.00 iters/s

running (0m06.0s), 007/160 VUs, 470 complete and 0 interrupted iterations
rate   [   7% ] 007/160 VUs  0m06.0s/1m30s  80.00 iters/s

running (0m07.0s), 007/160 VUs, 550 complete and 0 interrupted iterations
rate   [   8% ] 007/160 VUs  0m07.0s/1m30s  80.00 iters/s

running (0m08.0s), 007/160 VUs, 630 complete and 0 interrupted iterations
rate   [   9% ] 007/160 VUs  0m08.0s/1m30s  80.00 iters/s

running (0m09.0s), 009/160 VUs, 708 complete and 0 interrupted iterations
rate   [  10% ] 009/160 VUs  0m09.0s/1m30s  80.00 iters/s

running (0m10.0s), 008/160 VUs, 789 complete and 0 interrupted iterations
rate   [  11% ] 008/160 VUs  0m10.0s/1m30s  80.00 iters/s

running (0m11.0s), 006/160 VUs, 871 complete and 0 interrupted iterations
rate   [  12% ] 006/160 VUs  0m11.0s/1m30s  80.00 iters/s

running (0m12.0s), 007/160 VUs, 950 complete and 0 interrupted iterations
rate   [  13% ] 007/160 VUs  0m12.0s/1m30s  80.00 iters/s

running (0m13.0s), 007/160 VUs, 1030 complete and 0 interrupted iterations
rate   [  14% ] 007/160 VUs  0m13.0s/1m30s  80.00 iters/s

running (0m14.0s), 008/160 VUs, 1109 complete and 0 interrupted iterations
rate   [  16% ] 008/160 VUs  0m14.0s/1m30s  80.00 iters/s

running (0m15.0s), 007/160 VUs, 1190 complete and 0 interrupted iterations
rate   [  17% ] 007/160 VUs  0m15.0s/1m30s  80.00 iters/s

running (0m16.0s), 008/160 VUs, 1269 complete and 0 interrupted iterations
rate   [  18% ] 008/160 VUs  0m16.0s/1m30s  80.00 iters/s

running (0m17.0s), 007/160 VUs, 1350 complete and 0 interrupted iterations
rate   [  19% ] 007/160 VUs  0m17.0s/1m30s  80.00 iters/s

running (0m18.0s), 007/160 VUs, 1430 complete and 0 interrupted iterations
rate   [  20% ] 007/160 VUs  0m18.0s/1m30s  80.00 iters/s

running (0m19.0s), 007/160 VUs, 1510 complete and 0 interrupted iterations
rate   [  21% ] 007/160 VUs  0m19.0s/1m30s  80.00 iters/s

running (0m20.0s), 007/160 VUs, 1590 complete and 0 interrupted iterations
rate   [  22% ] 007/160 VUs  0m20.0s/1m30s  80.00 iters/s

running (0m21.0s), 007/160 VUs, 1670 complete and 0 interrupted iterations
rate   [  23% ] 007/160 VUs  0m21.0s/1m30s  80.00 iters/s

running (0m22.0s), 008/160 VUs, 1749 complete and 0 interrupted iterations
rate   [  24% ] 008/160 VUs  0m22.0s/1m30s  80.00 iters/s

running (0m23.0s), 007/160 VUs, 1830 complete and 0 interrupted iterations
rate   [  26% ] 007/160 VUs  0m23.0s/1m30s  80.00 iters/s

running (0m24.0s), 007/160 VUs, 1910 complete and 0 interrupted iterations
rate   [  27% ] 007/160 VUs  0m24.0s/1m30s  80.00 iters/s

running (0m25.0s), 007/160 VUs, 1990 complete and 0 interrupted iterations
rate   [  28% ] 007/160 VUs  0m25.0s/1m30s  80.00 iters/s

running (0m26.0s), 007/160 VUs, 2070 complete and 0 interrupted iterations
rate   [  29% ] 007/160 VUs  0m26.0s/1m30s  80.00 iters/s

running (0m27.0s), 007/160 VUs, 2150 complete and 0 interrupted iterations
rate   [  30% ] 007/160 VUs  0m27.0s/1m30s  80.00 iters/s

running (0m28.0s), 007/160 VUs, 2230 complete and 0 interrupted iterations
rate   [  31% ] 007/160 VUs  0m28.0s/1m30s  80.00 iters/s

running (0m29.0s), 007/160 VUs, 2310 complete and 0 interrupted iterations
rate   [  32% ] 007/160 VUs  0m29.0s/1m30s  80.00 iters/s

running (0m30.0s), 007/160 VUs, 2390 complete and 0 interrupted iterations
rate   [  33% ] 007/160 VUs  0m30.0s/1m30s  80.00 iters/s

running (0m31.0s), 007/160 VUs, 2470 complete and 0 interrupted iterations
rate   [  34% ] 007/160 VUs  0m31.0s/1m30s  80.00 iters/s

running (0m32.0s), 007/160 VUs, 2550 complete and 0 interrupted iterations
rate   [  36% ] 007/160 VUs  0m32.0s/1m30s  80.00 iters/s

running (0m33.0s), 007/160 VUs, 2630 complete and 0 interrupted iterations
rate   [  37% ] 007/160 VUs  0m33.0s/1m30s  80.00 iters/s

running (0m34.0s), 007/160 VUs, 2710 complete and 0 interrupted iterations
rate   [  38% ] 007/160 VUs  0m34.0s/1m30s  80.00 iters/s

running (0m35.0s), 007/160 VUs, 2790 complete and 0 interrupted iterations
rate   [  39% ] 007/160 VUs  0m35.0s/1m30s  80.00 iters/s

running (0m36.0s), 008/160 VUs, 2869 complete and 0 interrupted iterations
rate   [  40% ] 008/160 VUs  0m36.0s/1m30s  80.00 iters/s

running (0m37.0s), 007/160 VUs, 2950 complete and 0 interrupted iterations
rate   [  41% ] 007/160 VUs  0m37.0s/1m30s  80.00 iters/s

running (0m38.0s), 007/160 VUs, 3030 complete and 0 interrupted iterations
rate   [  42% ] 007/160 VUs  0m38.0s/1m30s  80.00 iters/s

running (0m39.0s), 007/160 VUs, 3110 complete and 0 interrupted iterations
rate   [  43% ] 007/160 VUs  0m39.0s/1m30s  80.00 iters/s

running (0m40.0s), 007/160 VUs, 3190 complete and 0 interrupted iterations
rate   [  44% ] 007/160 VUs  0m40.0s/1m30s  80.00 iters/s

running (0m41.0s), 007/160 VUs, 3270 complete and 0 interrupted iterations
rate   [  46% ] 007/160 VUs  0m41.0s/1m30s  80.00 iters/s

running (0m42.0s), 007/160 VUs, 3350 complete and 0 interrupted iterations
rate   [  47% ] 007/160 VUs  0m42.0s/1m30s  80.00 iters/s

running (0m43.0s), 007/160 VUs, 3430 complete and 0 interrupted iterations
rate   [  48% ] 007/160 VUs  0m43.0s/1m30s  80.00 iters/s

running (0m44.0s), 007/160 VUs, 3510 complete and 0 interrupted iterations
rate   [  49% ] 007/160 VUs  0m44.0s/1m30s  80.00 iters/s

running (0m45.0s), 007/160 VUs, 3590 complete and 0 interrupted iterations
rate   [  50% ] 007/160 VUs  0m45.0s/1m30s  80.00 iters/s

running (0m46.0s), 007/160 VUs, 3670 complete and 0 interrupted iterations
rate   [  51% ] 007/160 VUs  0m46.0s/1m30s  80.00 iters/s

running (0m47.0s), 007/160 VUs, 3750 complete and 0 interrupted iterations
rate   [  52% ] 007/160 VUs  0m47.0s/1m30s  80.00 iters/s

running (0m48.0s), 008/160 VUs, 3829 complete and 0 interrupted iterations
rate   [  53% ] 008/160 VUs  0m48.0s/1m30s  80.00 iters/s

running (0m49.0s), 007/160 VUs, 3910 complete and 0 interrupted iterations
rate   [  54% ] 007/160 VUs  0m49.0s/1m30s  80.00 iters/s

running (0m50.0s), 007/160 VUs, 3990 complete and 0 interrupted iterations
rate   [  56% ] 007/160 VUs  0m50.0s/1m30s  80.00 iters/s

running (0m51.0s), 008/160 VUs, 4069 complete and 0 interrupted iterations
rate   [  57% ] 008/160 VUs  0m51.0s/1m30s  80.00 iters/s

running (0m52.0s), 006/160 VUs, 4151 complete and 0 interrupted iterations
rate   [  58% ] 006/160 VUs  0m52.0s/1m30s  80.00 iters/s

running (0m53.0s), 007/160 VUs, 4230 complete and 0 interrupted iterations
rate   [  59% ] 007/160 VUs  0m53.0s/1m30s  80.00 iters/s

running (0m54.0s), 007/160 VUs, 4310 complete and 0 interrupted iterations
rate   [  60% ] 007/160 VUs  0m54.0s/1m30s  80.00 iters/s

running (0m55.0s), 006/160 VUs, 4391 complete and 0 interrupted iterations
rate   [  61% ] 006/160 VUs  0m55.0s/1m30s  80.00 iters/s

running (0m56.0s), 008/160 VUs, 4469 complete and 0 interrupted iterations
rate   [  62% ] 008/160 VUs  0m56.0s/1m30s  80.00 iters/s

running (0m57.0s), 007/160 VUs, 4550 complete and 0 interrupted iterations
rate   [  63% ] 007/160 VUs  0m57.0s/1m30s  80.00 iters/s

running (0m58.0s), 007/160 VUs, 4630 complete and 0 interrupted iterations
rate   [  64% ] 007/160 VUs  0m58.0s/1m30s  80.00 iters/s

running (0m59.0s), 007/160 VUs, 4710 complete and 0 interrupted iterations
rate   [  66% ] 007/160 VUs  0m59.0s/1m30s  80.00 iters/s

running (1m00.0s), 007/160 VUs, 4790 complete and 0 interrupted iterations
rate   [  67% ] 007/160 VUs  1m00.0s/1m30s  80.00 iters/s

running (1m01.0s), 007/160 VUs, 4870 complete and 0 interrupted iterations
rate   [  68% ] 007/160 VUs  1m01.0s/1m30s  80.00 iters/s

running (1m02.0s), 007/160 VUs, 4950 complete and 0 interrupted iterations
rate   [  69% ] 007/160 VUs  1m02.0s/1m30s  80.00 iters/s

running (1m03.0s), 007/160 VUs, 5030 complete and 0 interrupted iterations
rate   [  70% ] 007/160 VUs  1m03.0s/1m30s  80.00 iters/s

running (1m04.0s), 007/160 VUs, 5110 complete and 0 interrupted iterations
rate   [  71% ] 007/160 VUs  1m04.0s/1m30s  80.00 iters/s

running (1m05.0s), 007/160 VUs, 5190 complete and 0 interrupted iterations
rate   [  72% ] 007/160 VUs  1m05.0s/1m30s  80.00 iters/s

running (1m06.0s), 006/160 VUs, 5271 complete and 0 interrupted iterations
rate   [  73% ] 006/160 VUs  1m06.0s/1m30s  80.00 iters/s

running (1m07.0s), 006/160 VUs, 5351 complete and 0 interrupted iterations
rate   [  74% ] 006/160 VUs  1m07.0s/1m30s  80.00 iters/s

running (1m08.0s), 007/160 VUs, 5430 complete and 0 interrupted iterations
rate   [  76% ] 007/160 VUs  1m08.0s/1m30s  80.00 iters/s

running (1m09.0s), 007/160 VUs, 5510 complete and 0 interrupted iterations
rate   [  77% ] 007/160 VUs  1m09.0s/1m30s  80.00 iters/s

running (1m10.0s), 007/160 VUs, 5590 complete and 0 interrupted iterations
rate   [  78% ] 007/160 VUs  1m10.0s/1m30s  80.00 iters/s

running (1m11.0s), 007/160 VUs, 5670 complete and 0 interrupted iterations
rate   [  79% ] 007/160 VUs  1m11.0s/1m30s  80.00 iters/s

running (1m12.0s), 007/160 VUs, 5750 complete and 0 interrupted iterations
rate   [  80% ] 007/160 VUs  1m12.0s/1m30s  80.00 iters/s

running (1m13.0s), 007/160 VUs, 5830 complete and 0 interrupted iterations
rate   [  81% ] 007/160 VUs  1m13.0s/1m30s  80.00 iters/s

running (1m14.0s), 008/160 VUs, 5909 complete and 0 interrupted iterations
rate   [  82% ] 008/160 VUs  1m14.0s/1m30s  80.00 iters/s

running (1m15.0s), 007/160 VUs, 5990 complete and 0 interrupted iterations
rate   [  83% ] 007/160 VUs  1m15.0s/1m30s  80.00 iters/s

running (1m16.0s), 007/160 VUs, 6070 complete and 0 interrupted iterations
rate   [  84% ] 007/160 VUs  1m16.0s/1m30s  80.00 iters/s

running (1m17.0s), 007/160 VUs, 6150 complete and 0 interrupted iterations
rate   [  86% ] 007/160 VUs  1m17.0s/1m30s  80.00 iters/s

running (1m18.0s), 007/160 VUs, 6230 complete and 0 interrupted iterations
rate   [  87% ] 007/160 VUs  1m18.0s/1m30s  80.00 iters/s

running (1m19.0s), 007/160 VUs, 6310 complete and 0 interrupted iterations
rate   [  88% ] 007/160 VUs  1m19.0s/1m30s  80.00 iters/s

running (1m20.0s), 007/160 VUs, 6390 complete and 0 interrupted iterations
rate   [  89% ] 007/160 VUs  1m20.0s/1m30s  80.00 iters/s

running (1m21.0s), 008/160 VUs, 6469 complete and 0 interrupted iterations
rate   [  90% ] 008/160 VUs  1m21.0s/1m30s  80.00 iters/s

running (1m22.0s), 007/160 VUs, 6550 complete and 0 interrupted iterations
rate   [  91% ] 007/160 VUs  1m22.0s/1m30s  80.00 iters/s

running (1m23.0s), 007/160 VUs, 6630 complete and 0 interrupted iterations
rate   [  92% ] 007/160 VUs  1m23.0s/1m30s  80.00 iters/s

running (1m24.0s), 007/160 VUs, 6710 complete and 0 interrupted iterations
rate   [  93% ] 007/160 VUs  1m24.0s/1m30s  80.00 iters/s

running (1m25.0s), 008/160 VUs, 6789 complete and 0 interrupted iterations
rate   [  94% ] 008/160 VUs  1m25.0s/1m30s  80.00 iters/s

running (1m26.0s), 008/160 VUs, 6869 complete and 0 interrupted iterations
rate   [  96% ] 008/160 VUs  1m26.0s/1m30s  80.00 iters/s

running (1m27.0s), 007/160 VUs, 6950 complete and 0 interrupted iterations
rate   [  97% ] 007/160 VUs  1m27.0s/1m30s  80.00 iters/s

running (1m28.0s), 007/160 VUs, 7030 complete and 0 interrupted iterations
rate   [  98% ] 007/160 VUs  1m28.0s/1m30s  80.00 iters/s

running (1m29.0s), 007/160 VUs, 7110 complete and 0 interrupted iterations
rate   [  99% ] 007/160 VUs  1m29.0s/1m30s  80.00 iters/s

running (1m30.0s), 008/160 VUs, 7189 complete and 0 interrupted iterations
rate   [ 100% ] 008/160 VUs  1m30.0s/1m30s  80.00 iters/s

== rate rate=80/s vus=1000 reqs=43200 rps=479.6 fail=0% p95=77.1ms dropped=0 maxVUs=160 login_fail=0 dup=0 journey_p95=102ms
name             n      rps     p50     p95     p99     max   fail%
login             7200    79.9    74.8    84.1    92.7     140       0
clockin           7200    79.9     4.1    10.8      18      46       0
attendance_list   7200    79.9       4     8.9    15.5      77       0
worklogs          7200    79.9     6.2    11.3    17.5      45       0
chat_rooms        7200    79.9     4.1       9      15      53       0
safety_courses    7200    79.9     4.3     9.2    15.4      46       0

running (1m30.1s), 000/160 VUs, 7200 complete and 0 interrupted iterations
rate ✓ [ 100% ] 000/160 VUs  1m30s  80.00 iters/s
