05:06:18  E8 샘플러 시작 — 60초 간격, 출력 measure/e8-20260813T050618/e8-samples.csv
05:06:18  색인을 멈춘 뒤 Ctrl-C(또는 kill)로 종료하면 요약을 찍는다.
05:07:19  청크 718 / 구간 원본 +600 → 원본당 100.0ms (TEI 2.00)
05:08:19  청크 1801 / 구간 원본 +900 → 원본당 67.8ms (TEI 2.00)
05:09:19  청크 3027 / 구간 원본 +1000 → 원본당 60.0ms (TEI 2.00)
05:10:20  청크 4234 / 구간 원본 +1000 → 원본당 60.0ms (TEI 2.00)
05:11:20  청크 5413 / 구간 원본 +1000 → 원본당 61.0ms (TEI 2.00)
05:12:21  청크 6611 / 구간 원본 +1000 → 원본당 60.0ms (TEI 2.00)
05:13:21  청크 7800 / 구간 원본 +1000 → 원본당 61.0ms (TEI 2.00)
05:14:21  청크 8991 / 구간 원본 +1000 → 원본당 60.0ms (TEI 2.00)
05:15:22  청크 10193 / 구간 원본 +1000 → 원본당 60.0ms (TEI 2.00)
05:16:22  청크 11388 / 구간 원본 +1000 → 원본당 61.0ms (TEI 2.00)
05:17:23  청크 12568 / 구간 원본 +1000 → 원본당 60.0ms (TEI 2.00)
05:18:23  청크 13761 / 구간 원본 +1000 → 원본당 61.0ms (TEI 2.00)
05:19:23  청크 14862 / 구간 원본 +900 → 원본당 66.7ms (TEI 2.00)
05:20:24  청크 16048 / 구간 원본 +1000 → 원본당 60.0ms (TEI 2.00)
05:21:24  청크 17234 / 구간 원본 +1000 → 원본당 61.0ms (TEI 2.00)
05:22:24  청크 18410 / 구간 원본 +1000 → 원본당 60.0ms (TEI 2.00)
05:23:25  청크 19617 / 구간 원본 +1000 → 원본당 61.0ms (TEI 2.00)
05:24:25  청크 20829 / 구간 원본 +1000 → 원본당 60.0ms (TEI 2.00)
05:25:26  청크 21906 / 구간 원본 +900 → 원본당 66.7ms (TEI 2.00)
05:26:26  청크 23208 / 구간 원본 +1100 → 원본당 55.5ms (TEI 2.00)
05:27:27  청크 24385 / 구간 원본 +1000 → 원본당 60.0ms (TEI 2.00)
05:28:27  청크 25567 / 구간 원본 +1000 → 원본당 61.0ms (TEI 2.00)

05:29:27  샘플러 종료 — measure/e8-20260813T050618/e8-samples.csv

## E8 구간별 처리량 — 20260813T050618

| 코퍼스(청크) | 구간 원본 | 원본당 ms | TEI | 앱 |
|---|---|---|---|---|
| 718 | 600 | 100.0 | 2.00 | yes |
| 1801 | 900 | 67.8 | 2.00 | yes |
| 3027 | 1000 | 60.0 | 2.00 | yes |
| 4234 | 1000 | 60.0 | 2.00 | yes |
| 5413 | 1000 | 61.0 | 2.00 | yes |
| 6611 | 1000 | 60.0 | 2.00 | yes |
| 7800 | 1000 | 61.0 | 2.00 | yes |
| 8991 | 1000 | 60.0 | 2.00 | yes |
| 10193 | 1000 | 60.0 | 2.00 | yes |
| 11388 | 1000 | 61.0 | 2.00 | yes |
| 12568 | 1000 | 60.0 | 2.00 | yes |
| 13761 | 1000 | 61.0 | 2.00 | yes |
| 14862 | 900 | 66.7 | 2.00 | yes |
| 16048 | 1000 | 60.0 | 2.00 | yes |
| 17234 | 1000 | 61.0 | 2.00 | yes |
| 18410 | 1000 | 60.0 | 2.00 | yes |
| 19617 | 1000 | 61.0 | 2.00 | yes |
| 20829 | 1000 | 60.0 | 2.00 | yes |
| 21906 | 900 | 66.7 | 2.00 | yes |
| 23208 | 1100 | 55.5 | 2.00 | yes |
| 24385 | 1000 | 60.0 | 2.00 | yes |
| 25567 | 1000 | 61.0 | 2.00 | yes |

구간이 비어 있는(원본 0) 표본은 건너뛰기 구간이거나 앱이 내려가 있던 때다. CSV에는 남아 있다.
