2026-09-19 13:57:06.028 KST [49] LOG:  checkpoint starting: shutdown immediate
2026-09-19 13:57:06.049 KST [49] LOG:  checkpoint complete: wrote 921 buffers (5.6%); 0 WAL file(s) added, 0 removed, 0 recycled; write=0.012 s, sync=0.006 s, total=0.022 s; sync files=301, longest=0.003 s, average=0.001 s; distance=4238 kB, estimate=4238 kB; lsn=0/190A9C0, redo lsn=0/190A9C0
2026-09-19 14:02:06.374 KST [68] LOG:  checkpoint starting: time
2026-09-19 14:06:36.108 KST [68] LOG:  checkpoint complete: wrote 7186 buffers (43.9%); 0 WAL file(s) added, 0 removed, 18 recycled; write=269.715 s, sync=0.008 s, total=269.735 s; sync files=252, longest=0.002 s, average=0.001 s; distance=299521 kB, estimate=299521 kB; lsn=0/15AFC0A8, redo lsn=0/13D8AF98
2026-09-19 14:07:06.134 KST [68] LOG:  checkpoint starting: time
2026-09-19 14:11:36.099 KST [68] LOG:  checkpoint complete: wrote 3412 buffers (20.8%); 0 WAL file(s) added, 0 removed, 2 recycled; write=269.934 s, sync=0.023 s, total=269.966 s; sync files=24, longest=0.005 s, average=0.001 s; distance=33106 kB, estimate=272879 kB; lsn=0/18333BF8, redo lsn=0/15DDF8C0
2026-09-19 14:12:06.124 KST [68] LOG:  checkpoint starting: time
2026-09-19 14:13:07.026 KST [68] LOG:  checkpoint complete: wrote 1004 buffers (6.1%); 0 WAL file(s) added, 0 removed, 3 recycled; write=60.888 s, sync=0.007 s, total=60.903 s; sync files=28, longest=0.002 s, average=0.001 s; distance=41724 kB, estimate=249764 kB; lsn=0/19EFA508, redo lsn=0/1869EA58
2026-09-19 14:13:07.028 KST [68] LOG:  checkpoint starting: shutdown immediate
2026-09-19 14:13:07.034 KST [68] LOG:  checkpoint complete: wrote 12 buffers (0.1%); 0 WAL file(s) added, 0 removed, 1 recycled; write=0.001 s, sync=0.002 s, total=0.008 s; sync files=7, longest=0.002 s, average=0.001 s; distance=24942 kB, estimate=227282 kB; lsn=0/19EFA580, redo lsn=0/19EFA580
2026-09-19 14:18:08.244 KST [27] LOG:  checkpoint starting: time
2026-09-19 14:21:53.361 KST [27] LOG:  checkpoint complete: wrote 2251 buffers (13.7%); 0 WAL file(s) added, 2 removed, 0 recycled; write=225.085 s, sync=0.021 s, total=225.117 s; sync files=28, longest=0.004 s, average=0.001 s; distance=24028 kB, estimate=24028 kB; lsn=0/1D2BD458, redo lsn=0/1B671950
2026-09-19 14:23:08.434 KST [27] LOG:  checkpoint starting: time
2026-09-19 14:27:38.060 KST [27] LOG:  checkpoint complete: wrote 3694 buffers (22.5%); 0 WAL file(s) added, 2 removed, 0 recycled; write=269.593 s, sync=0.020 s, total=269.627 s; sync files=23, longest=0.006 s, average=0.001 s; distance=36111 kB, estimate=36111 kB; lsn=0/201BCAD8, redo lsn=0/1D9B55E8
2026-09-19 14:28:08.091 KST [27] LOG:  checkpoint starting: time
2026-09-19 14:32:38.105 KST [27] LOG:  checkpoint complete: wrote 4909 buffers (30.0%); 0 WAL file(s) added, 3 removed, 0 recycled; write=269.970 s, sync=0.028 s, total=270.015 s; sync files=20, longest=0.006 s, average=0.002 s; distance=44388 kB, estimate=44388 kB; lsn=0/2349E3A0, redo lsn=0/2050E770
2026-09-19 14:33:08.134 KST [27] LOG:  checkpoint starting: time
2026-09-19 14:37:38.067 KST [27] LOG:  checkpoint complete: wrote 5974 buffers (36.5%); 0 WAL file(s) added, 3 removed, 0 recycled; write=269.896 s, sync=0.024 s, total=269.934 s; sync files=21, longest=0.005 s, average=0.002 s; distance=50764 kB, estimate=50764 kB; lsn=0/26D7F8D0, redo lsn=0/236A19E8
2026-09-19 14:38:08.094 KST [27] LOG:  checkpoint starting: time
2026-09-19 14:42:38.129 KST [27] LOG:  checkpoint complete: wrote 7176 buffers (43.8%); 0 WAL file(s) added, 2 removed, 2 recycled; write=270.002 s, sync=0.019 s, total=270.036 s; sync files=20, longest=0.005 s, average=0.001 s; distance=58953 kB, estimate=58953 kB; lsn=0/2AE257D8, redo lsn=0/27033FA0
2026-09-19 14:43:08.159 KST [27] LOG:  checkpoint starting: time
2026-09-19 14:47:38.095 KST [27] LOG:  checkpoint complete: wrote 8282 buffers (50.5%); 0 WAL file(s) added, 0 removed, 4 recycled; write=269.902 s, sync=0.021 s, total=269.936 s; sync files=21, longest=0.006 s, average=0.001 s; distance=66282 kB, estimate=66282 kB; lsn=0/2F5E31D8, redo lsn=0/2B0EEA70
2026-09-19 14:48:08.124 KST [27] LOG:  checkpoint starting: time
2026-09-19 14:52:38.054 KST [27] LOG:  checkpoint complete: wrote 9607 buffers (58.6%); 0 WAL file(s) added, 0 removed, 4 recycled; write=269.913 s, sync=0.010 s, total=269.931 s; sync files=21, longest=0.004 s, average=0.001 s; distance=73405 kB, estimate=73405 kB; lsn=0/3448AFA8, redo lsn=0/2F89DFE8
2026-09-19 14:53:08.084 KST [27] LOG:  checkpoint starting: time
2026-09-19 14:57:38.094 KST [27] LOG:  checkpoint complete: wrote 11135 buffers (68.0%); 0 WAL file(s) added, 0 removed, 5 recycled; write=269.973 s, sync=0.024 s, total=270.011 s; sync files=21, longest=0.006 s, average=0.002 s; distance=80643 kB, estimate=80643 kB; lsn=0/39AB43F0, redo lsn=0/3475ED10
2026-09-19 14:58:08.124 KST [27] LOG:  checkpoint starting: time
2026-09-19 15:02:38.068 KST [27] LOG:  checkpoint complete: wrote 10669 buffers (65.1%); 0 WAL file(s) added, 0 removed, 5 recycled; write=269.911 s, sync=0.018 s, total=269.945 s; sync files=20, longest=0.005 s, average=0.001 s; distance=88084 kB, estimate=88084 kB; lsn=0/3F7CB1C0, redo lsn=0/39D63DF8
2026-09-19 15:03:08.094 KST [27] LOG:  checkpoint starting: time
2026-09-19 15:07:38.084 KST [27] LOG:  checkpoint complete: wrote 13485 buffers (82.3%); 0 WAL file(s) added, 0 removed, 6 recycled; write=269.944 s, sync=0.031 s, total=269.991 s; sync files=21, longest=0.005 s, average=0.002 s; distance=95445 kB, estimate=95445 kB; lsn=0/45D695D0, redo lsn=0/3FA99368
2026-09-19 15:08:08.114 KST [27] LOG:  checkpoint starting: time
2026-09-19 15:12:38.104 KST [27] LOG:  checkpoint complete: wrote 12564 buffers (76.7%); 0 WAL file(s) added, 0 removed, 7 recycled; write=269.949 s, sync=0.024 s, total=269.991 s; sync files=19, longest=0.006 s, average=0.002 s; distance=103905 kB, estimate=103905 kB; lsn=0/4C94D1D8, redo lsn=0/46011AE0
2026-09-19 15:13:08.134 KST [27] LOG:  checkpoint starting: time
2026-09-19 15:17:38.127 KST [27] LOG:  checkpoint complete: wrote 13844 buffers (84.5%); 0 WAL file(s) added, 0 removed, 6 recycled; write=269.951 s, sync=0.027 s, total=269.993 s; sync files=17, longest=0.006 s, average=0.002 s; distance=110544 kB, estimate=110544 kB; lsn=0/53CB1958, redo lsn=0/4CC05E28
2026-09-19 15:18:08.154 KST [27] LOG:  checkpoint starting: time
2026-09-19 15:22:38.085 KST [27] LOG:  checkpoint complete: wrote 14320 buffers (87.4%); 0 WAL file(s) added, 0 removed, 7 recycled; write=269.903 s, sync=0.012 s, total=269.932 s; sync files=20, longest=0.004 s, average=0.001 s; distance=118141 kB, estimate=118141 kB; lsn=0/5B69CCC8, redo lsn=0/53F65548
2026-09-19 15:23:08.114 KST [27] LOG:  checkpoint starting: time
2026-09-19 15:27:38.058 KST [27] LOG:  checkpoint complete: wrote 9978 buffers (60.9%); 0 WAL file(s) added, 0 removed, 8 recycled; write=269.905 s, sync=0.022 s, total=269.945 s; sync files=21, longest=0.005 s, average=0.002 s; distance=124920 kB, estimate=124920 kB; lsn=0/638D53F8, redo lsn=0/5B9636E0
2026-09-19 15:28:08.084 KST [27] LOG:  checkpoint starting: time
2026-09-19 15:32:38.086 KST [27] LOG:  checkpoint complete: wrote 7378 buffers (45.0%); 0 WAL file(s) added, 0 removed, 8 recycled; write=269.916 s, sync=0.071 s, total=270.002 s; sync files=21, longest=0.060 s, average=0.004 s; distance=133539 kB, estimate=133539 kB; lsn=0/6C13F878, redo lsn=0/63BCC3C0
2026-09-19 15:33:08.114 KST [27] LOG:  checkpoint starting: time
2026-09-19 15:37:38.214 KST [27] LOG:  checkpoint complete: wrote 2750 buffers (16.8%); 0 WAL file(s) added, 0 removed, 9 recycled; write=269.928 s, sync=0.157 s, total=270.101 s; sync files=14, longest=0.154 s, average=0.012 s; distance=139545 kB, estimate=139545 kB; lsn=0/750EF8B0, redo lsn=0/6C412978
2026-09-19 15:38:08.514 KST [27] LOG:  checkpoint starting: time
2026-09-19 15:42:38.110 KST [27] LOG:  checkpoint complete: wrote 976 buffers (6.0%); 0 WAL file(s) added, 0 removed, 9 recycled; write=269.513 s, sync=0.068 s, total=269.597 s; sync files=20, longest=0.054 s, average=0.004 s; distance=147287 kB, estimate=147287 kB; lsn=0/7E816F68, redo lsn=0/753E8810
2026-09-19 15:43:08.778 KST [27] LOG:  checkpoint starting: time
2026-09-19 15:47:38.074 KST [27] LOG:  checkpoint complete: wrote 522 buffers (3.2%); 0 WAL file(s) added, 0 removed, 9 recycled; write=269.245 s, sync=0.034 s, total=269.296 s; sync files=16, longest=0.020 s, average=0.003 s; distance=154823 kB, estimate=154823 kB; lsn=0/886A08B8, redo lsn=0/7EB1A530
2026-09-19 15:48:08.654 KST [27] LOG:  checkpoint starting: time
2026-09-19 15:52:38.102 KST [27] LOG:  checkpoint complete: wrote 415 buffers (2.5%); 0 WAL file(s) added, 0 removed, 10 recycled; write=269.348 s, sync=0.085 s, total=269.449 s; sync files=22, longest=0.063 s, average=0.004 s; distance=163100 kB, estimate=163100 kB; lsn=0/92C02F30, redo lsn=0/88A61918
2026-09-19 15:53:08.200 KST [27] LOG:  checkpoint starting: time
2026-09-19 15:57:38.340 KST [27] LOG:  checkpoint complete: wrote 333 buffers (2.0%); 0 WAL file(s) added, 0 removed, 10 recycled; write=269.845 s, sync=0.276 s, total=270.140 s; sync files=13, longest=0.275 s, average=0.022 s; distance=168812 kB, estimate=168812 kB; lsn=0/9D87DC28, redo lsn=0/92F3C928
2026-09-19 15:58:08.474 KST [27] LOG:  checkpoint starting: time
2026-09-19 16:02:31.426 KST [27] LOG:  checkpoint complete: wrote 255 buffers (1.6%); 0 WAL file(s) added, 0 removed, 11 recycled; write=262.638 s, sync=0.296 s, total=262.953 s; sync files=13, longest=0.281 s, average=0.023 s; distance=176880 kB, estimate=176880 kB; lsn=0/A8AB81A0, redo lsn=0/9DBF8A00
2026-09-19 16:03:08.434 KST [27] LOG:  checkpoint starting: time
2026-09-19 16:07:24.378 KST [27] LOG:  checkpoint complete: wrote 243 buffers (1.5%); 0 WAL file(s) added, 0 removed, 11 recycled; write=255.848 s, sync=0.078 s, total=255.945 s; sync files=20, longest=0.065 s, average=0.004 s; distance=183579 kB, estimate=183579 kB; lsn=0/B44CBFC0, redo lsn=0/A8F3F948
2026-09-19 16:08:08.594 KST [27] LOG:  checkpoint starting: time
2026-09-19 16:12:25.178 KST [27] LOG:  checkpoint complete: wrote 236 buffers (1.4%); 0 WAL file(s) added, 0 removed, 12 recycled; write=256.421 s, sync=0.153 s, total=256.585 s; sync files=15, longest=0.140 s, average=0.011 s; distance=191508 kB, estimate=191508 kB; lsn=0/C053A648, redo lsn=0/B4A44A20
2026-09-19 16:13:08.084 KST [27] LOG:  checkpoint starting: time
2026-09-19 16:16:46.448 KST [27] LOG:  checkpoint complete: wrote 183 buffers (1.1%); 0 WAL file(s) added, 0 removed, 12 recycled; write=218.249 s, sync=0.105 s, total=218.364 s; sync files=14, longest=0.099 s, average=0.008 s; distance=196601 kB, estimate=196601 kB; lsn=0/CC73FF20, redo lsn=0/C0A42E70
2026-09-19 16:18:08.504 KST [27] LOG:  checkpoint starting: time
2026-09-19 16:21:28.799 KST [27] LOG:  checkpoint complete: wrote 136 buffers (0.8%); 0 WAL file(s) added, 0 removed, 13 recycled; write=200.134 s, sync=0.142 s, total=200.296 s; sync files=19, longest=0.128 s, average=0.008 s; distance=205093 kB, estimate=205093 kB; lsn=0/D91DFD98, redo lsn=0/CD28C2F8
2026-09-19 16:23:08.299 KST [27] LOG:  checkpoint starting: time
2026-09-19 16:26:19.788 KST [27] LOG:  checkpoint complete: wrote 139 buffers (0.8%); 0 WAL file(s) added, 0 removed, 13 recycled; write=191.308 s, sync=0.160 s, total=191.490 s; sync files=13, longest=0.140 s, average=0.013 s; distance=212379 kB, estimate=212379 kB; lsn=0/E619FA78, redo lsn=0/DA1F3078
2026-09-19 16:28:08.370 KST [27] LOG:  checkpoint starting: time
2026-09-19 16:31:13.081 KST [27] LOG:  checkpoint complete: wrote 145 buffers (0.9%); 0 WAL file(s) added, 0 removed, 13 recycled; write=184.689 s, sync=0.001 s, total=184.712 s; sync files=15, longest=0.001 s, average=0.001 s; distance=218521 kB, estimate=218521 kB; lsn=0/F39AEE98, redo lsn=0/E77595F8
2026-09-19 16:33:08.694 KST [27] LOG:  checkpoint starting: time
2026-09-19 16:35:55.911 KST [27] LOG:  checkpoint complete: wrote 117 buffers (0.7%); 0 WAL file(s) added, 0 removed, 14 recycled; write=166.877 s, sync=0.316 s, total=167.218 s; sync files=19, longest=0.303 s, average=0.017 s; distance=224503 kB, estimate=224503 kB; lsn=1/12C97C8, redo lsn=0/F5297490
2026-09-19 16:38:08.493 KST [27] LOG:  checkpoint starting: time
2026-09-19 16:40:51.064 KST [27] LOG:  checkpoint complete: wrote 114 buffers (0.7%); 0 WAL file(s) added, 0 removed, 14 recycled; write=162.457 s, sync=0.091 s, total=162.572 s; sync files=15, longest=0.076 s, average=0.007 s; distance=231352 kB, estimate=231352 kB; lsn=1/F803CE0, redo lsn=1/3485858
2026-09-19 16:43:08.069 KST [27] LOG:  checkpoint starting: time
2026-09-19 16:45:37.133 KST [27] LOG:  checkpoint complete: wrote 134 buffers (0.8%); 0 WAL file(s) added, 0 removed, 14 recycled; write=148.940 s, sync=0.103 s, total=149.064 s; sync files=13, longest=0.100 s, average=0.008 s; distance=237487 kB, estimate=237487 kB; lsn=1/1DA30A58, redo lsn=1/11C71560
2026-09-19 16:48:08.194 KST [27] LOG:  checkpoint starting: time
2026-09-19 16:50:29.939 KST [27] LOG:  checkpoint complete: wrote 95 buffers (0.6%); 0 WAL file(s) added, 0 removed, 15 recycled; write=141.543 s, sync=0.179 s, total=141.746 s; sync files=19, longest=0.166 s, average=0.010 s; distance=243156 kB, estimate=243156 kB; lsn=1/2C83D728, redo lsn=1/209E66E0
2026-09-19 16:53:08.035 KST [27] LOG:  checkpoint starting: time
2026-09-19 16:55:31.826 KST [27] LOG:  checkpoint complete: wrote 122 buffers (0.7%); 0 WAL file(s) added, 0 removed, 15 recycled; write=143.735 s, sync=0.032 s, total=143.791 s; sync files=13, longest=0.021 s, average=0.003 s; distance=249884 kB, estimate=249884 kB; lsn=1/3C2DFB78, redo lsn=1/2FDED878
2026-09-19 16:58:08.844 KST [27] LOG:  checkpoint starting: time
2026-09-19 17:00:29.399 KST [27] LOG:  checkpoint complete: wrote 113 buffers (0.7%); 0 WAL file(s) added, 0 removed, 16 recycled; write=140.426 s, sync=0.104 s, total=140.556 s; sync files=15, longest=0.089 s, average=0.007 s; distance=257036 kB, estimate=257036 kB; lsn=1/4BC263D8, redo lsn=1/3F8F0900
2026-09-19 17:03:08.094 KST [27] LOG:  checkpoint starting: time
2026-09-19 17:05:31.811 KST [27] LOG:  checkpoint complete: wrote 105 buffers (0.6%); 0 WAL file(s) added, 0 removed, 16 recycled; write=143.528 s, sync=0.164 s, total=143.718 s; sync files=13, longest=0.145 s, average=0.013 s; distance=261710 kB, estimate=261710 kB; lsn=1/5C3AED40, redo lsn=1/4F884290
2026-09-19 17:08:08.664 KST [27] LOG:  checkpoint starting: time
2026-09-19 17:10:36.264 KST [27] LOG:  checkpoint complete: wrote 128 buffers (0.8%); 0 WAL file(s) added, 0 removed, 16 recycled; write=147.436 s, sync=0.141 s, total=147.601 s; sync files=19, longest=0.129 s, average=0.008 s; distance=266674 kB, estimate=266674 kB; lsn=1/6CC5B188, redo lsn=1/5FCF0CC8
2026-09-19 17:13:08.228 KST [27] LOG:  checkpoint starting: time
2026-09-19 17:15:24.110 KST [27] LOG:  checkpoint complete: wrote 120 buffers (0.7%); 0 WAL file(s) added, 0 removed, 17 recycled; write=135.721 s, sync=0.137 s, total=135.882 s; sync files=15, longest=0.119 s, average=0.010 s; distance=272884 kB, estimate=272884 kB; lsn=1/7CDDEDE0, redo lsn=1/7076DE68
2026-09-19 17:18:08.074 KST [27] LOG:  checkpoint starting: time
2026-09-19 17:20:18.467 KST [27] LOG:  checkpoint complete: wrote 95 buffers (0.6%); 0 WAL file(s) added, 0 removed, 17 recycled; write=130.206 s, sync=0.158 s, total=130.394 s; sync files=14, longest=0.138 s, average=0.012 s; distance=279235 kB, estimate=279235 kB; lsn=1/8DB1A7D8, redo lsn=1/8181ED00
2026-09-19 17:23:08.454 KST [27] LOG:  checkpoint starting: time
2026-09-19 17:25:17.431 KST [27] LOG:  checkpoint complete: wrote 77 buffers (0.5%); 0 WAL file(s) added, 0 removed, 17 recycled; write=128.810 s, sync=0.142 s, total=128.978 s; sync files=14, longest=0.127 s, average=0.011 s; distance=285077 kB, estimate=285077 kB; lsn=1/9F94F0D8, redo lsn=1/92E843C8
2026-09-19 17:28:08.116 KST [27] LOG:  checkpoint starting: time
2026-09-19 17:30:20.234 KST [27] LOG:  checkpoint complete: wrote 121 buffers (0.7%); 0 WAL file(s) added, 0 removed, 18 recycled; write=131.920 s, sync=0.169 s, total=132.119 s; sync files=19, longest=0.146 s, average=0.009 s; distance=283603 kB, estimate=284930 kB; lsn=1/B0B2AE78, redo lsn=1/A4379108
2026-09-19 17:33:08.254 KST [27] LOG:  checkpoint starting: time
2026-09-19 17:35:08.953 KST [27] LOG:  checkpoint complete: wrote 79 buffers (0.5%); 0 WAL file(s) added, 0 removed, 17 recycled; write=120.594 s, sync=0.079 s, total=120.700 s; sync files=15, longest=0.063 s, average=0.006 s; distance=291044 kB, estimate=291044 kB; lsn=1/C17F2178, redo lsn=1/B5FB2468
2026-09-19 17:38:08.544 KST [27] LOG:  checkpoint starting: time
2026-09-19 17:40:18.516 KST [27] LOG:  checkpoint complete: wrote 102 buffers (0.6%); 0 WAL file(s) added, 0 removed, 18 recycled; write=129.611 s, sync=0.336 s, total=129.972 s; sync files=13, longest=0.318 s, average=0.026 s; distance=290969 kB, estimate=291037 kB; lsn=1/D3EA92F0, redo lsn=1/C7BD8AB8
2026-09-19 17:43:08.154 KST [27] LOG:  checkpoint starting: time
2026-09-19 17:45:09.855 KST [27] LOG:  checkpoint complete: wrote 70 buffers (0.4%); 0 WAL file(s) added, 0 removed, 18 recycled; write=121.543 s, sync=0.130 s, total=121.702 s; sync files=13, longest=0.111 s, average=0.010 s; distance=292485 kB, estimate=292485 kB; lsn=1/E410BF10, redo lsn=1/D997A0C8
2026-09-19 17:48:08.694 KST [27] LOG:  checkpoint starting: time
2026-09-19 17:50:05.914 KST [27] LOG:  checkpoint complete: wrote 62 buffers (0.4%); 0 WAL file(s) added, 0 removed, 18 recycled; write=117.190 s, sync=0.010 s, total=117.221 s; sync files=13, longest=0.003 s, average=0.001 s; distance=286007 kB, estimate=291837 kB; lsn=1/F55F1790, redo lsn=1/EB0C7EF8
2026-09-19 17:53:08.394 KST [27] LOG:  checkpoint starting: time
2026-09-19 17:55:04.885 KST [27] LOG:  checkpoint complete: wrote 116 buffers (0.7%); 0 WAL file(s) added, 0 removed, 18 recycled; write=116.290 s, sync=0.177 s, total=116.492 s; sync files=19, longest=0.157 s, average=0.010 s; distance=303496 kB, estimate=303496 kB; lsn=2/9922ED8, redo lsn=1/FD92A208
2026-09-19 17:58:08.814 KST [27] LOG:  checkpoint starting: time
2026-09-19 18:00:13.529 KST [27] LOG:  checkpoint complete: wrote 74 buffers (0.5%); 0 WAL file(s) added, 0 removed, 19 recycled; write=123.904 s, sync=0.782 s, total=124.715 s; sync files=13, longest=0.762 s, average=0.061 s; distance=317804 kB, estimate=317804 kB; lsn=2/1E7DC598, redo lsn=2/10F85568
2026-09-19 18:03:08.524 KST [27] LOG:  checkpoint starting: time
2026-09-19 18:05:03.629 KST [27] LOG:  checkpoint complete: wrote 73 buffers (0.4%); 0 WAL file(s) added, 0 removed, 20 recycled; write=114.991 s, sync=0.085 s, total=115.106 s; sync files=15, longest=0.064 s, average=0.006 s; distance=322504 kB, estimate=322504 kB; lsn=2/31636FE8, redo lsn=2/24A77818
2026-09-19 18:08:08.274 KST [27] LOG:  checkpoint starting: time
2026-09-19 18:09:53.647 KST [27] LOG:  checkpoint complete: wrote 109 buffers (0.7%); 0 WAL file(s) added, 0 removed, 20 recycled; write=104.775 s, sync=0.567 s, total=105.373 s; sync files=14, longest=0.543 s, average=0.041 s; distance=331009 kB, estimate=331009 kB; lsn=2/446D3958, redo lsn=2/38DB7C48
2026-09-19 18:13:08.384 KST [27] LOG:  checkpoint starting: time
2026-09-19 18:15:00.593 KST [27] LOG:  checkpoint complete: wrote 62 buffers (0.4%); 0 WAL file(s) added, 0 removed, 21 recycled; write=112.099 s, sync=0.082 s, total=112.210 s; sync files=14, longest=0.059 s, average=0.006 s; distance=331364 kB, estimate=331364 kB; lsn=2/5A667E40, redo lsn=2/4D150E78
2026-09-19 18:18:08.634 KST [27] LOG:  checkpoint starting: time
2026-09-19 18:19:58.887 KST [27] LOG:  checkpoint complete: wrote 70 buffers (0.4%); 0 WAL file(s) added, 0 removed, 20 recycled; write=109.382 s, sync=0.840 s, total=110.254 s; sync files=21, longest=0.816 s, average=0.040 s; distance=341029 kB, estimate=341029 kB; lsn=2/6F4B7030, redo lsn=2/61E5A2E0
2026-09-19 18:23:08.794 KST [27] LOG:  checkpoint starting: time
2026-09-19 18:25:03.879 KST [27] LOG:  checkpoint complete: wrote 96 buffers (0.6%); 0 WAL file(s) added, 0 removed, 21 recycled; write=114.678 s, sync=0.375 s, total=115.086 s; sync files=13, longest=0.353 s, average=0.029 s; distance=345345 kB, estimate=345345 kB; lsn=2/83F08E08, redo lsn=2/76F9AAA0
2026-09-19 18:28:08.314 KST [27] LOG:  checkpoint starting: time
2026-09-19 18:29:59.837 KST [27] LOG:  checkpoint complete: wrote 91 buffers (0.6%); 0 WAL file(s) added, 0 removed, 22 recycled; write=111.484 s, sync=0.003 s, total=111.524 s; sync files=13, longest=0.003 s, average=0.001 s; distance=350079 kB, estimate=350079 kB; lsn=2/94CBC798, redo lsn=2/8C57A968
2026-09-19 18:33:08.498 KST [27] LOG:  checkpoint starting: time
2026-09-19 18:33:19.359 KST [27] LOG:  checkpoint complete: wrote 45 buffers (0.3%); 0 WAL file(s) added, 0 removed, 11 recycled; write=10.823 s, sync=0.020 s, total=10.862 s; sync files=22, longest=0.005 s, average=0.001 s; distance=182608 kB, estimate=333332 kB; lsn=2/97B26E60, redo lsn=2/977CEC58
2026-09-19 18:38:08.984 KST [27] LOG:  checkpoint starting: time
2026-09-19 18:38:21.235 KST [27] LOG:  checkpoint complete: wrote 32 buffers (0.2%); 0 WAL file(s) added, 0 removed, 2 recycled; write=12.222 s, sync=0.021 s, total=12.251 s; sync files=13, longest=0.009 s, average=0.002 s; distance=36891 kB, estimate=303688 kB; lsn=2/99F01098, redo lsn=2/99BD58D8
2026-09-19 18:43:08.609 KST [27] LOG:  checkpoint starting: time
2026-09-19 18:43:22.570 KST [27] LOG:  checkpoint complete: wrote 67 buffers (0.4%); 0 WAL file(s) added, 0 removed, 3 recycled; write=13.925 s, sync=0.026 s, total=13.962 s; sync files=13, longest=0.006 s, average=0.002 s; distance=39063 kB, estimate=277225 kB; lsn=2/9C455F00, redo lsn=2/9C1FB6F0
