04:59:26  E8 샘플러 시작 — 60초 간격, 출력 measure/practice-night15/e8cause-20260919T045922/e8-20260919T045926/e8-samples.csv
04:59:26  색인을 멈춘 뒤 Ctrl-C(또는 kill)로 종료하면 요약을 찍는다.
05:00:27  청크 599 / 구간 원본 +500 → 원본당 120.0ms (TEI 2.00)
05:01:27  청크 1572 / 구간 원본 +800 → 원본당 76.2ms (TEI 2.00)
05:02:28  청크 2525 / 구간 원본 +800 → 원본당 75.0ms (TEI 2.00)
05:03:28  청크 3505 / 구간 원본 +800 → 원본당 76.2ms (TEI 2.00)
05:04:29  청크 4472 / 구간 원본 +800 → 원본당 75.0ms (TEI 2.00)
05:05:29  청크 5413 / 구간 원본 +800 → 원본당 76.2ms (TEI 2.00)
05:06:29  청크 6371 / 구간 원본 +800 → 원본당 75.0ms (TEI 2.00)
05:07:30  청크 7446 / 구간 원본 +900 → 원본당 66.7ms (TEI 2.00)
05:08:30  청크 8391 / 구간 원본 +800 → 원본당 76.2ms (TEI 2.00)
05:09:31  청크 9346 / 구간 원본 +800 → 원본당 75.0ms (TEI 2.00)
05:10:31  청크 10317 / 구간 원본 +800 → 원본당 76.2ms (TEI 2.00)
05:11:32  청크 11388 / 구간 원본 +900 → 원본당 66.7ms (TEI 2.00)

05:12:32  샘플러 종료 — measure/practice-night15/e8cause-20260919T045922/e8-20260919T045926/e8-samples.csv

## E8 구간별 처리량 — 20260919T045926

| 코퍼스(청크) | 구간 원본 | 원본당 ms | TEI | 앱 |
|---|---|---|---|---|
| 599 | 500 | 120.0 | 2.00 | yes |
| 1572 | 800 | 76.2 | 2.00 | yes |
| 2525 | 800 | 75.0 | 2.00 | yes |
| 3505 | 800 | 76.2 | 2.00 | yes |
| 4472 | 800 | 75.0 | 2.00 | yes |
| 5413 | 800 | 76.2 | 2.00 | yes |
| 6371 | 800 | 75.0 | 2.00 | yes |
| 7446 | 900 | 66.7 | 2.00 | yes |
| 8391 | 800 | 76.2 | 2.00 | yes |
| 9346 | 800 | 75.0 | 2.00 | yes |
| 10317 | 800 | 76.2 | 2.00 | yes |
| 11388 | 900 | 66.7 | 2.00 | yes |

구간이 비어 있는(원본 0) 표본은 건너뛰기 구간이거나 앱이 내려가 있던 때다. CSV에는 남아 있다.
