
         /\      Grafana   /‾‾/  
    /\  /  \     |\  __   /  /   
   /  \/    \    | |/ /  /   ‾‾\ 
  /          \   |   (  |  (‾)  |
 / __________ \  |_|\_\  \_____/ 


     execution: local
        script: journey.js
        output: -

     scenarios: (100.00%) 1 scenario, 200 max VUs, 2m0s max duration (incl. graceful stop):
              * rate: 12.00 iterations/s for 1m30s (maxVUs: 24-200, gracefulStop: 30s)


running (0m01.0s), 001/024 VUs, 11 complete and 0 interrupted iterations
rate   [   1% ] 001/024 VUs  0m01.0s/1m30s  12.00 iters/s

running (0m02.0s), 001/024 VUs, 23 complete and 0 interrupted iterations
rate   [   2% ] 001/024 VUs  0m02.0s/1m30s  12.00 iters/s

running (0m03.0s), 001/024 VUs, 35 complete and 0 interrupted iterations
rate   [   3% ] 001/024 VUs  0m03.0s/1m30s  12.00 iters/s

running (0m04.0s), 001/024 VUs, 47 complete and 0 interrupted iterations
rate   [   4% ] 001/024 VUs  0m04.0s/1m30s  12.00 iters/s

running (0m05.0s), 001/024 VUs, 59 complete and 0 interrupted iterations
rate   [   6% ] 001/024 VUs  0m05.0s/1m30s  12.00 iters/s

running (0m06.0s), 001/024 VUs, 71 complete and 0 interrupted iterations
rate   [   7% ] 001/024 VUs  0m06.0s/1m30s  12.00 iters/s

running (0m07.0s), 001/024 VUs, 83 complete and 0 interrupted iterations
rate   [   8% ] 001/024 VUs  0m07.0s/1m30s  12.00 iters/s

running (0m08.0s), 001/024 VUs, 95 complete and 0 interrupted iterations
rate   [   9% ] 001/024 VUs  0m08.0s/1m30s  12.00 iters/s

running (0m09.0s), 001/024 VUs, 107 complete and 0 interrupted iterations
rate   [  10% ] 001/024 VUs  0m09.0s/1m30s  12.00 iters/s

running (0m10.0s), 001/024 VUs, 119 complete and 0 interrupted iterations
rate   [  11% ] 001/024 VUs  0m10.0s/1m30s  12.00 iters/s

running (0m11.0s), 001/024 VUs, 131 complete and 0 interrupted iterations
rate   [  12% ] 001/024 VUs  0m11.0s/1m30s  12.00 iters/s

running (0m12.0s), 001/024 VUs, 143 complete and 0 interrupted iterations
rate   [  13% ] 001/024 VUs  0m12.0s/1m30s  12.00 iters/s

running (0m13.0s), 001/024 VUs, 155 complete and 0 interrupted iterations
rate   [  14% ] 001/024 VUs  0m13.0s/1m30s  12.00 iters/s

running (0m14.0s), 001/024 VUs, 167 complete and 0 interrupted iterations
rate   [  16% ] 001/024 VUs  0m14.0s/1m30s  12.00 iters/s

running (0m15.0s), 001/024 VUs, 179 complete and 0 interrupted iterations
rate   [  17% ] 001/024 VUs  0m15.0s/1m30s  12.00 iters/s

running (0m16.0s), 001/024 VUs, 191 complete and 0 interrupted iterations
rate   [  18% ] 001/024 VUs  0m16.0s/1m30s  12.00 iters/s

running (0m17.0s), 001/024 VUs, 203 complete and 0 interrupted iterations
rate   [  19% ] 001/024 VUs  0m17.0s/1m30s  12.00 iters/s

running (0m18.0s), 001/024 VUs, 215 complete and 0 interrupted iterations
rate   [  20% ] 001/024 VUs  0m18.0s/1m30s  12.00 iters/s

running (0m19.0s), 001/024 VUs, 227 complete and 0 interrupted iterations
rate   [  21% ] 001/024 VUs  0m19.0s/1m30s  12.00 iters/s

running (0m20.0s), 001/024 VUs, 239 complete and 0 interrupted iterations
rate   [  22% ] 001/024 VUs  0m20.0s/1m30s  12.00 iters/s

running (0m21.0s), 001/024 VUs, 251 complete and 0 interrupted iterations
rate   [  23% ] 001/024 VUs  0m21.0s/1m30s  12.00 iters/s

running (0m22.0s), 001/024 VUs, 263 complete and 0 interrupted iterations
rate   [  24% ] 001/024 VUs  0m22.0s/1m30s  12.00 iters/s

running (0m23.0s), 001/024 VUs, 275 complete and 0 interrupted iterations
rate   [  26% ] 001/024 VUs  0m23.0s/1m30s  12.00 iters/s

running (0m24.0s), 001/024 VUs, 287 complete and 0 interrupted iterations
rate   [  27% ] 001/024 VUs  0m24.0s/1m30s  12.00 iters/s

running (0m25.0s), 001/024 VUs, 299 complete and 0 interrupted iterations
rate   [  28% ] 001/024 VUs  0m25.0s/1m30s  12.00 iters/s

running (0m26.0s), 001/024 VUs, 311 complete and 0 interrupted iterations
rate   [  29% ] 001/024 VUs  0m26.0s/1m30s  12.00 iters/s

running (0m27.0s), 001/024 VUs, 323 complete and 0 interrupted iterations
rate   [  30% ] 001/024 VUs  0m27.0s/1m30s  12.00 iters/s

running (0m28.0s), 001/024 VUs, 335 complete and 0 interrupted iterations
rate   [  31% ] 001/024 VUs  0m28.0s/1m30s  12.00 iters/s

running (0m29.0s), 001/024 VUs, 347 complete and 0 interrupted iterations
rate   [  32% ] 001/024 VUs  0m29.0s/1m30s  12.00 iters/s

running (0m30.0s), 001/024 VUs, 359 complete and 0 interrupted iterations
rate   [  33% ] 001/024 VUs  0m30.0s/1m30s  12.00 iters/s

running (0m31.0s), 001/024 VUs, 371 complete and 0 interrupted iterations
rate   [  34% ] 001/024 VUs  0m31.0s/1m30s  12.00 iters/s

running (0m32.0s), 001/024 VUs, 383 complete and 0 interrupted iterations
rate   [  36% ] 001/024 VUs  0m32.0s/1m30s  12.00 iters/s

running (0m33.0s), 001/024 VUs, 395 complete and 0 interrupted iterations
rate   [  37% ] 001/024 VUs  0m33.0s/1m30s  12.00 iters/s

running (0m34.0s), 001/024 VUs, 407 complete and 0 interrupted iterations
rate   [  38% ] 001/024 VUs  0m34.0s/1m30s  12.00 iters/s

running (0m35.0s), 001/024 VUs, 419 complete and 0 interrupted iterations
rate   [  39% ] 001/024 VUs  0m35.0s/1m30s  12.00 iters/s

running (0m36.0s), 002/024 VUs, 430 complete and 0 interrupted iterations
rate   [  40% ] 002/024 VUs  0m36.0s/1m30s  12.00 iters/s

running (0m37.0s), 006/024 VUs, 438 complete and 0 interrupted iterations
rate   [  41% ] 006/024 VUs  0m37.0s/1m30s  12.00 iters/s

running (0m38.0s), 007/024 VUs, 449 complete and 0 interrupted iterations
rate   [  42% ] 007/024 VUs  0m38.0s/1m30s  12.00 iters/s

running (0m39.0s), 006/024 VUs, 462 complete and 0 interrupted iterations
rate   [  43% ] 006/024 VUs  0m39.0s/1m30s  12.00 iters/s

running (0m40.0s), 007/024 VUs, 473 complete and 0 interrupted iterations
rate   [  44% ] 007/024 VUs  0m40.0s/1m30s  12.00 iters/s

running (0m41.0s), 006/024 VUs, 486 complete and 0 interrupted iterations
rate   [  46% ] 006/024 VUs  0m41.0s/1m30s  12.00 iters/s

running (0m42.0s), 006/024 VUs, 498 complete and 0 interrupted iterations
rate   [  47% ] 006/024 VUs  0m42.0s/1m30s  12.00 iters/s

running (0m43.0s), 005/024 VUs, 511 complete and 0 interrupted iterations
rate   [  48% ] 005/024 VUs  0m43.0s/1m30s  12.00 iters/s

running (0m44.0s), 005/024 VUs, 523 complete and 0 interrupted iterations
rate   [  49% ] 005/024 VUs  0m44.0s/1m30s  12.00 iters/s

running (0m45.0s), 005/024 VUs, 535 complete and 0 interrupted iterations
rate   [  50% ] 005/024 VUs  0m45.0s/1m30s  12.00 iters/s

running (0m46.0s), 005/024 VUs, 547 complete and 0 interrupted iterations
rate   [  51% ] 005/024 VUs  0m46.0s/1m30s  12.00 iters/s

running (0m47.0s), 004/024 VUs, 560 complete and 0 interrupted iterations
rate   [  52% ] 004/024 VUs  0m47.0s/1m30s  12.00 iters/s

running (0m48.0s), 005/024 VUs, 571 complete and 0 interrupted iterations
rate   [  53% ] 005/024 VUs  0m48.0s/1m30s  12.00 iters/s

running (0m49.0s), 004/024 VUs, 584 complete and 0 interrupted iterations
rate   [  54% ] 004/024 VUs  0m49.0s/1m30s  12.00 iters/s

running (0m50.0s), 003/024 VUs, 597 complete and 0 interrupted iterations
rate   [  56% ] 003/024 VUs  0m50.0s/1m30s  12.00 iters/s

running (0m51.0s), 002/024 VUs, 610 complete and 0 interrupted iterations
rate   [  57% ] 002/024 VUs  0m51.0s/1m30s  12.00 iters/s

running (0m52.0s), 001/024 VUs, 623 complete and 0 interrupted iterations
rate   [  58% ] 001/024 VUs  0m52.0s/1m30s  12.00 iters/s

running (0m53.0s), 001/024 VUs, 635 complete and 0 interrupted iterations
rate   [  59% ] 001/024 VUs  0m53.0s/1m30s  12.00 iters/s

running (0m54.0s), 001/024 VUs, 647 complete and 0 interrupted iterations
rate   [  60% ] 001/024 VUs  0m54.0s/1m30s  12.00 iters/s

running (0m55.0s), 001/024 VUs, 659 complete and 0 interrupted iterations
rate   [  61% ] 001/024 VUs  0m55.0s/1m30s  12.00 iters/s

running (0m56.0s), 001/024 VUs, 671 complete and 0 interrupted iterations
rate   [  62% ] 001/024 VUs  0m56.0s/1m30s  12.00 iters/s

running (0m57.0s), 001/024 VUs, 683 complete and 0 interrupted iterations
rate   [  63% ] 001/024 VUs  0m57.0s/1m30s  12.00 iters/s

running (0m58.0s), 001/024 VUs, 695 complete and 0 interrupted iterations
rate   [  64% ] 001/024 VUs  0m58.0s/1m30s  12.00 iters/s

running (0m59.0s), 001/024 VUs, 707 complete and 0 interrupted iterations
rate   [  66% ] 001/024 VUs  0m59.0s/1m30s  12.00 iters/s

running (1m00.0s), 001/024 VUs, 719 complete and 0 interrupted iterations
rate   [  67% ] 001/024 VUs  1m00.0s/1m30s  12.00 iters/s

running (1m01.0s), 001/024 VUs, 731 complete and 0 interrupted iterations
rate   [  68% ] 001/024 VUs  1m01.0s/1m30s  12.00 iters/s

running (1m02.0s), 001/024 VUs, 743 complete and 0 interrupted iterations
rate   [  69% ] 001/024 VUs  1m02.0s/1m30s  12.00 iters/s

running (1m03.0s), 001/024 VUs, 755 complete and 0 interrupted iterations
rate   [  70% ] 001/024 VUs  1m03.0s/1m30s  12.00 iters/s

running (1m04.0s), 001/024 VUs, 767 complete and 0 interrupted iterations
rate   [  71% ] 001/024 VUs  1m04.0s/1m30s  12.00 iters/s

running (1m05.0s), 001/024 VUs, 779 complete and 0 interrupted iterations
rate   [  72% ] 001/024 VUs  1m05.0s/1m30s  12.00 iters/s

running (1m06.0s), 001/024 VUs, 791 complete and 0 interrupted iterations
rate   [  73% ] 001/024 VUs  1m06.0s/1m30s  12.00 iters/s

running (1m07.0s), 001/024 VUs, 803 complete and 0 interrupted iterations
rate   [  74% ] 001/024 VUs  1m07.0s/1m30s  12.00 iters/s

running (1m08.0s), 001/024 VUs, 815 complete and 0 interrupted iterations
rate   [  76% ] 001/024 VUs  1m08.0s/1m30s  12.00 iters/s

running (1m09.0s), 001/024 VUs, 827 complete and 0 interrupted iterations
rate   [  77% ] 001/024 VUs  1m09.0s/1m30s  12.00 iters/s

running (1m10.0s), 001/024 VUs, 839 complete and 0 interrupted iterations
rate   [  78% ] 001/024 VUs  1m10.0s/1m30s  12.00 iters/s

running (1m11.0s), 001/024 VUs, 851 complete and 0 interrupted iterations
rate   [  79% ] 001/024 VUs  1m11.0s/1m30s  12.00 iters/s

running (1m12.0s), 001/024 VUs, 863 complete and 0 interrupted iterations
rate   [  80% ] 001/024 VUs  1m12.0s/1m30s  12.00 iters/s

running (1m13.0s), 001/024 VUs, 875 complete and 0 interrupted iterations
rate   [  81% ] 001/024 VUs  1m13.0s/1m30s  12.00 iters/s

running (1m14.0s), 001/024 VUs, 887 complete and 0 interrupted iterations
rate   [  82% ] 001/024 VUs  1m14.0s/1m30s  12.00 iters/s

running (1m15.0s), 001/024 VUs, 899 complete and 0 interrupted iterations
rate   [  83% ] 001/024 VUs  1m15.0s/1m30s  12.00 iters/s

running (1m16.0s), 001/024 VUs, 911 complete and 0 interrupted iterations
rate   [  84% ] 001/024 VUs  1m16.0s/1m30s  12.00 iters/s

running (1m17.0s), 001/024 VUs, 923 complete and 0 interrupted iterations
rate   [  86% ] 001/024 VUs  1m17.0s/1m30s  12.00 iters/s

running (1m18.0s), 001/024 VUs, 935 complete and 0 interrupted iterations
rate   [  87% ] 001/024 VUs  1m18.0s/1m30s  12.00 iters/s

running (1m19.0s), 001/024 VUs, 947 complete and 0 interrupted iterations
rate   [  88% ] 001/024 VUs  1m19.0s/1m30s  12.00 iters/s

running (1m20.0s), 001/024 VUs, 959 complete and 0 interrupted iterations
rate   [  89% ] 001/024 VUs  1m20.0s/1m30s  12.00 iters/s

running (1m21.0s), 001/024 VUs, 971 complete and 0 interrupted iterations
rate   [  90% ] 001/024 VUs  1m21.0s/1m30s  12.00 iters/s

running (1m22.0s), 001/024 VUs, 983 complete and 0 interrupted iterations
rate   [  91% ] 001/024 VUs  1m22.0s/1m30s  12.00 iters/s

running (1m23.0s), 001/024 VUs, 995 complete and 0 interrupted iterations
rate   [  92% ] 001/024 VUs  1m23.0s/1m30s  12.00 iters/s

running (1m24.0s), 001/024 VUs, 1007 complete and 0 interrupted iterations
rate   [  93% ] 001/024 VUs  1m24.0s/1m30s  12.00 iters/s

running (1m25.0s), 001/024 VUs, 1019 complete and 0 interrupted iterations
rate   [  94% ] 001/024 VUs  1m25.0s/1m30s  12.00 iters/s

running (1m26.0s), 001/024 VUs, 1031 complete and 0 interrupted iterations
rate   [  96% ] 001/024 VUs  1m26.0s/1m30s  12.00 iters/s

running (1m27.0s), 001/024 VUs, 1043 complete and 0 interrupted iterations
rate   [  97% ] 001/024 VUs  1m27.0s/1m30s  12.00 iters/s

running (1m28.0s), 001/024 VUs, 1055 complete and 0 interrupted iterations
rate   [  98% ] 001/024 VUs  1m28.0s/1m30s  12.00 iters/s

running (1m29.0s), 001/024 VUs, 1067 complete and 0 interrupted iterations
rate   [  99% ] 001/024 VUs  1m29.0s/1m30s  12.00 iters/s

running (1m30.0s), 001/024 VUs, 1079 complete and 0 interrupted iterations
rate   [ 100% ] 001/024 VUs  1m30.0s/1m30s  12.00 iters/s

== rate rate=12/s vus=1000 reqs=6486 rps=72 fail=0% p95=96ms dropped=0 maxVUs=24 login_fail=0 dup=0 journey_p95=534ms
name             n      rps     p50     p95     p99     max   fail%
login             1081      12    67.1   413.1   519.6     599       0
clockin           1081      12     7.5    84.1    96.2     100       0
attendance_list   1081      12     4.2    85.7    98.3     104       0
worklogs          1081      12     6.5    94.7   100.9     196       0
chat_rooms        1081      12     4.1    88.6    98.8     195       0
safety_courses    1081      12     4.3    89.4    98.5     196       0

running (1m30.1s), 000/024 VUs, 1081 complete and 0 interrupted iterations
rate ✓ [ 100% ] 000/024 VUs  1m30s  12.00 iters/s
