13:51:41  E8 샘플러 시작 — 60초 간격, 출력 measure/e8cause-20260917T135138/e8-20260917T135141/e8-samples.csv
13:51:41  색인을 멈춘 뒤 Ctrl-C(또는 kill)로 종료하면 요약을 찍는다.
13:52:41  청크 718 / 구간 원본 +600 → 원본당 100.0ms (TEI 2.00)
13:53:42  청크 1922 / 구간 원본 +1000 → 원본당 60.0ms (TEI 2.00)
13:54:42  청크 3027 / 구간 원본 +900 → 원본당 67.8ms (TEI 2.00)
13:55:43  청크 4234 / 구간 원본 +1000 → 원본당 60.0ms (TEI 2.00)
13:56:43  청크 5413 / 구간 원본 +1000 → 원본당 61.0ms (TEI 2.00)
13:57:43  청크 6611 / 구간 원본 +1000 → 원본당 60.0ms (TEI 2.00)
13:58:44  청크 7800 / 구간 원본 +1000 → 원본당 60.0ms (TEI 2.00)
13:59:44  청크 8991 / 구간 원본 +1000 → 원본당 61.0ms (TEI 2.00)
14:00:45  청크 10317 / 구간 원본 +1100 → 원본당 54.5ms (TEI 2.00)
14:01:45  청크 11503 / 구간 원본 +1000 → 원본당 61.0ms (TEI 2.00)
14:02:45  청크 12690 / 구간 원본 +1000 → 원본당 60.0ms (TEI 2.00)
14:03:46  청크 13890 / 구간 원본 +1000 → 원본당 60.0ms (TEI 2.00)
14:04:46  청크 15096 / 구간 원본 +1000 → 원본당 61.0ms (TEI 2.00)
14:05:47  청크 16285 / 구간 원본 +1000 → 원본당 60.0ms (TEI 2.00)
14:06:47  청크 17461 / 구간 원본 +1000 → 원본당 61.0ms (TEI 2.00)
14:07:48  청크 18651 / 구간 원본 +1000 → 원본당 60.0ms (TEI 2.00)
14:08:48  청크 19864 / 구간 원본 +1000 → 원본당 61.0ms (TEI 2.00)
14:09:48  청크 21066 / 구간 원본 +1000 → 원본당 60.0ms (TEI 2.00)
14:10:49  청크 22253 / 구간 원본 +1000 → 원본당 60.0ms (TEI 2.00)
14:11:49  청크 23442 / 구간 원본 +1000 → 원본당 61.0ms (TEI 2.00)
14:12:50  청크 24622 / 구간 원본 +1000 → 원본당 60.0ms (TEI 2.00)
14:13:50  청크 25815 / 구간 원본 +1000 → 원본당 61.0ms (TEI 2.00)
14:14:50  청크 27008 / 구간 원본 +1000 → 원본당 60.0ms (TEI 2.00)
14:15:51  청크 28202 / 구간 원본 +1000 → 원본당 60.0ms (TEI 2.00)
14:16:51  청크 29288 / 구간 원본 +900 → 원본당 67.8ms (TEI 2.00)
14:17:52  청크 30601 / 구간 원본 +1100 → 원본당 54.5ms (TEI 2.00)
14:18:52  청크 31696 / 구간 원본 +900 → 원본당 67.8ms (TEI 2.00)
14:19:53  청크 32891 / 구간 원본 +1000 → 원본당 60.0ms (TEI 2.00)
14:20:53  청크 34082 / 구간 원본 +1000 → 원본당 61.0ms (TEI 2.00)
14:21:53  청크 35276 / 구간 원본 +1000 → 원본당 60.0ms (TEI 2.00)
14:22:54  청크 36363 / 구간 원본 +900 → 원본당 66.7ms (TEI 2.00)
14:23:54  청크 37559 / 구간 원본 +1000 → 원본당 61.0ms (TEI 2.00)
14:24:55  청크 38767 / 구간 원본 +1000 → 원본당 60.0ms (TEI 2.00)
14:25:55  청크 39982 / 구간 원본 +1000 → 원본당 61.0ms (TEI 2.00)
14:26:56  청크 41164 / 구간 원본 +1000 → 원본당 60.0ms (TEI 2.00)
14:27:56  청크 42373 / 구간 원본 +1000 → 원본당 61.0ms (TEI 2.00)
14:28:56  청크 43566 / 구간 원본 +1000 → 원본당 60.0ms (TEI 2.00)
14:29:57  청크 44649 / 구간 원본 +900 → 원본당 66.7ms (TEI 2.00)
14:30:57  청크 45849 / 구간 원본 +1000 → 원본당 61.0ms (TEI 2.00)
14:31:58  청크 47045 / 구간 원본 +1000 → 원본당 60.0ms (TEI 2.00)
14:32:58  청크 48242 / 구간 원본 +1000 → 원본당 61.0ms (TEI 2.00)
14:33:59  청크 49547 / 구간 원본 +1100 → 원본당 54.5ms (TEI 2.00)
14:34:59  청크 50840 / 구간 원본 +1100 → 원본당 55.5ms (TEI 2.00)
14:36:00  청크 51934 / 구간 원본 +900 → 원본당 66.7ms (TEI 2.00)
14:37:00  청크 53237 / 구간 원본 +1100 → 원본당 55.5ms (TEI 2.00)
14:38:00  청크 54330 / 구간 원본 +900 → 원본당 66.7ms (TEI 2.00)
14:39:01  청크 55513 / 구간 원본 +1000 → 원본당 60.0ms (TEI 2.00)
14:40:01  청크 56731 / 구간 원본 +1000 → 원본당 61.0ms (TEI 2.00)
14:41:02  청크 57934 / 구간 원본 +1000 → 원본당 60.0ms (TEI 2.00)
14:42:02  청크 59131 / 구간 원본 +1000 → 원본당 61.0ms (TEI 2.00)
14:43:03  청크 60214 / 구간 원본 +900 → 원본당 66.7ms (TEI 2.00)
14:44:03  청크 61439 / 구간 원본 +1000 → 원본당 61.0ms (TEI 2.00)
14:45:04  청크 62651 / 구간 원본 +1000 → 원본당 60.0ms (TEI 2.00)
14:46:04  청크 63735 / 구간 원본 +900 → 원본당 67.8ms (TEI 2.00)
14:47:05  청크 64938 / 구간 원본 +1000 → 원본당 60.0ms (TEI 2.00)
14:48:05  청크 66155 / 구간 원본 +1000 → 원본당 61.0ms (TEI 2.00)
14:49:06  청크 67240 / 구간 원본 +900 → 원본당 66.7ms (TEI 2.00)
14:50:06  청크 68539 / 구간 원본 +1100 → 원본당 55.5ms (TEI 2.00)
14:51:07  청크 69619 / 구간 원본 +900 → 원본당 66.7ms (TEI 2.00)
14:52:07  청크 70809 / 구간 원본 +1000 → 원본당 61.0ms (TEI 2.00)
14:53:08  청크 72037 / 구간 원본 +1000 → 원본당 60.0ms (TEI 2.00)
14:54:08  청크 73236 / 구간 원본 +1000 → 원본당 61.0ms (TEI 2.00)
14:55:08  청크 74347 / 구간 원본 +900 → 원본당 66.7ms (TEI 2.00)
14:56:09  청크 75437 / 구간 원본 +900 → 원본당 66.7ms (TEI 2.00)
14:57:09  청크 76629 / 구간 원본 +1000 → 원본당 61.0ms (TEI 2.00)
14:58:10  청크 77716 / 구간 원본 +900 → 원본당 66.7ms (TEI 2.00)
14:59:10  청크 78901 / 구간 원본 +1000 → 원본당 61.0ms (TEI 2.00)
15:00:11  청크 80103 / 구간 원본 +1000 → 원본당 60.0ms (TEI 2.00)
15:01:11  청크 81313 / 구간 원본 +1000 → 원본당 61.0ms (TEI 2.00)
15:02:12  청크 82521 / 구간 원본 +1000 → 원본당 60.0ms (TEI 2.00)
15:03:12  청크 83621 / 구간 원본 +900 → 원본당 67.8ms (TEI 2.00)
15:04:13  청크 84821 / 구간 원본 +1000 → 원본당 60.0ms (TEI 2.00)
15:05:13  청크 86019 / 구간 원본 +1000 → 원본당 61.0ms (TEI 2.00)
15:06:14  청크 87202 / 구간 원본 +1000 → 원본당 60.0ms (TEI 2.00)
15:07:14  청크 88270 / 구간 원본 +900 → 원본당 67.8ms (TEI 2.00)
15:08:15  청크 89474 / 구간 원본 +1000 → 원본당 60.0ms (TEI 2.00)
15:09:15  청크 90690 / 구간 원본 +1000 → 원본당 61.0ms (TEI 2.00)
15:10:16  청크 91880 / 구간 원본 +1000 → 원본당 60.0ms (TEI 2.00)
15:11:16  청크 92970 / 구간 원본 +900 → 원본당 67.8ms (TEI 2.00)
15:12:17  청크 94173 / 구간 원본 +1000 → 원본당 60.0ms (TEI 2.00)
15:13:17  청크 95265 / 구간 원본 +900 → 원본당 67.8ms (TEI 2.00)
15:14:18  청크 96453 / 구간 원본 +1000 → 원본당 60.0ms (TEI 2.00)
15:15:18  청크 97661 / 구간 원본 +1000 → 원본당 61.0ms (TEI 2.00)
15:16:19  청크 98763 / 구간 원본 +900 → 원본당 66.7ms (TEI 2.00)
15:17:19  청크 99858 / 구간 원본 +900 → 원본당 67.8ms (TEI 2.00)
15:18:20  청크 101054 / 구간 원본 +1000 → 원본당 60.0ms (TEI 2.00)
15:19:20  청크 102137 / 구간 원본 +900 → 원본당 67.8ms (TEI 2.00)
15:20:21  청크 103324 / 구간 원본 +1000 → 원본당 60.0ms (TEI 2.00)
15:21:21  청크 104531 / 구간 원본 +1000 → 원본당 61.0ms (TEI 2.00)
15:22:22  청크 105732 / 구간 원본 +1000 → 원본당 60.0ms (TEI 2.00)
15:23:22  청크 106901 / 구간 원본 +1000 → 원본당 61.0ms (TEI 2.00)
15:24:23  청크 108126 / 구간 원본 +1000 → 원본당 60.0ms (TEI 2.00)
15:25:23  청크 109212 / 구간 원본 +900 → 원본당 67.8ms (TEI 2.00)
15:26:24  청크 110417 / 구간 원본 +1000 → 원본당 60.0ms (TEI 2.00)
15:27:24  청크 111489 / 구간 원본 +900 → 원본당 67.8ms (TEI 2.00)
15:28:25  청크 112593 / 구간 원본 +900 → 원본당 66.7ms (TEI 2.00)
15:29:25  청크 113801 / 구간 원본 +1000 → 원본당 61.0ms (TEI 2.00)
15:30:26  청크 114893 / 구간 원본 +900 → 원본당 66.7ms (TEI 2.00)
15:31:26  청크 116088 / 구간 원본 +1000 → 원본당 61.0ms (TEI 2.00)
15:32:27  청크 117285 / 구간 원본 +1000 → 원본당 60.0ms (TEI 2.00)
15:33:27  청크 118468 / 구간 원본 +1000 → 원본당 61.0ms (TEI 2.00)
15:34:28  청크 119557 / 구간 원본 +900 → 원본당 66.7ms (TEI 2.00)
15:35:28  청크 120752 / 구간 원본 +1000 → 원본당 61.0ms (TEI 2.00)
15:36:29  청크 121930 / 구간 원본 +1000 → 원본당 60.0ms (TEI 2.00)
15:37:29  청크 123133 / 구간 원본 +1000 → 원본당 61.0ms (TEI 2.00)
15:38:30  청크 124320 / 구간 원본 +1000 → 원본당 60.0ms (TEI 2.00)
15:39:30  청크 125508 / 구간 원본 +1000 → 원본당 61.0ms (TEI 2.00)
15:40:31  청크 126590 / 구간 원본 +900 → 원본당 66.7ms (TEI 2.00)
15:41:32  청크 127797 / 구간 원본 +1000 → 원본당 61.0ms (TEI 2.00)
15:42:32  청크 128989 / 구간 원본 +1000 → 원본당 61.0ms (TEI 2.00)
15:43:33  청크 130087 / 구간 원본 +900 → 원본당 66.7ms (TEI 2.00)
15:44:33  청크 131275 / 구간 원본 +1000 → 원본당 61.0ms (TEI 2.00)
15:45:34  청크 132477 / 구간 원본 +1000 → 원본당 60.0ms (TEI 2.00)
15:46:34  청크 133558 / 구간 원본 +900 → 원본당 67.8ms (TEI 2.00)
15:47:35  청크 134761 / 구간 원본 +1000 → 원본당 60.0ms (TEI 2.00)
15:48:35  청크 135869 / 구간 원본 +900 → 원본당 67.8ms (TEI 2.00)
15:49:36  청크 137071 / 구간 원본 +1000 → 원본당 60.0ms (TEI 2.00)
15:50:36  청크 138246 / 구간 원본 +1000 → 원본당 61.0ms (TEI 2.00)
15:51:37  청크 139430 / 구간 원본 +1000 → 원본당 60.0ms (TEI 2.00)
15:52:37  청크 140519 / 구간 원본 +900 → 원본당 67.8ms (TEI 2.00)
15:53:38  청크 141719 / 구간 원본 +1000 → 원본당 60.0ms (TEI 2.00)
15:54:38  청크 142929 / 구간 원본 +1000 → 원본당 61.0ms (TEI 2.00)
15:55:39  청크 144015 / 구간 원본 +900 → 원본당 66.7ms (TEI 2.00)
15:56:39  청크 145191 / 구간 원본 +1000 → 원본당 61.0ms (TEI 2.00)
15:57:40  청크 146391 / 구간 원본 +1000 → 원본당 60.0ms (TEI 2.00)
15:58:40  청크 147585 / 구간 원본 +1000 → 원본당 61.0ms (TEI 2.00)
15:59:41  청크 148783 / 구간 원본 +1000 → 원본당 60.0ms (TEI 2.00)
16:00:42  청크 149985 / 구간 원본 +1000 → 원본당 61.0ms (TEI 2.00)
16:01:42  청크 150957 / 구간 원본 +800 → 원본당 76.2ms (TEI 2.00)
16:02:43  청크 152152 / 구간 원본 +1000 → 원본당 60.0ms (TEI 2.00)
16:03:43  청크 153361 / 구간 원본 +1000 → 원본당 61.0ms (TEI 2.00)
16:04:44  청크 154538 / 구간 원본 +1000 → 원본당 60.0ms (TEI 2.00)
16:05:44  청크 155653 / 구간 원본 +900 → 원본당 67.8ms (TEI 2.00)
16:06:45  청크 156720 / 구간 원본 +900 → 원본당 66.7ms (TEI 2.00)
16:07:46  청크 157925 / 구간 원본 +1000 → 원본당 61.0ms (TEI 2.00)
16:08:46  청크 159130 / 구간 원본 +1000 → 원본당 61.0ms (TEI 2.00)
16:09:47  청크 160219 / 구간 원본 +900 → 원본당 66.7ms (TEI 2.00)
16:10:47  청크 161420 / 구간 원본 +1000 → 원본당 61.0ms (TEI 2.00)
16:11:48  청크 162636 / 구간 원본 +1000 → 원본당 60.0ms (TEI 2.00)
16:12:49  청크 163839 / 구간 원본 +1000 → 원본당 61.0ms (TEI 2.00)
16:13:49  청크 165044 / 구간 원본 +1000 → 원본당 61.0ms (TEI 2.00)
16:14:50  청크 166125 / 구간 원본 +900 → 원본당 66.7ms (TEI 2.00)
16:15:50  청크 167317 / 구간 원본 +1000 → 원본당 61.0ms (TEI 2.00)
16:16:51  청크 168395 / 구간 원본 +900 → 원본당 66.7ms (TEI 2.00)
16:17:51  청크 169710 / 구간 원본 +1100 → 원본당 55.5ms (TEI 2.00)
16:18:52  청크 170800 / 구간 원본 +900 → 원본당 66.7ms (TEI 2.00)
16:19:52  청크 172015 / 구간 원본 +1000 → 원본당 61.0ms (TEI 2.00)
16:20:53  청크 173217 / 구간 원본 +1000 → 원본당 60.0ms (TEI 2.00)
16:21:54  청크 174177 / 구간 원본 +800 → 원본당 76.2ms (TEI 2.00)
16:22:54  청크 175252 / 구간 원본 +900 → 원본당 67.8ms (TEI 2.00)
16:23:55  청크 176452 / 구간 원본 +1000 → 원본당 60.0ms (TEI 2.00)
16:24:55  청크 177547 / 구간 원본 +900 → 원본당 67.8ms (TEI 2.00)
16:25:56  청크 178760 / 구간 원본 +1000 → 원본당 60.0ms (TEI 2.00)
16:26:57  청크 179935 / 구간 원본 +1000 → 원본당 61.0ms (TEI 2.00)
16:27:57  청크 181135 / 구간 원본 +1000 → 원본당 61.0ms (TEI 2.00)
16:28:58  청크 182338 / 구간 원본 +1000 → 원본당 60.0ms (TEI 2.00)
16:29:58  청크 183396 / 구간 원본 +900 → 원본당 67.8ms (TEI 2.00)
16:30:59  청크 184597 / 구간 원본 +1000 → 원본당 60.0ms (TEI 2.00)
16:32:00  청크 185670 / 구간 원본 +900 → 원본당 67.8ms (TEI 2.00)
16:33:00  청크 186750 / 구간 원본 +900 → 원본당 67.8ms (TEI 2.00)
16:34:01  청크 187826 / 구간 원본 +900 → 원본당 66.7ms (TEI 2.00)
16:35:02  청크 188904 / 구간 원본 +900 → 원본당 67.8ms (TEI 2.00)
16:36:02  청크 190002 / 구간 원본 +900 → 원본당 67.8ms (TEI 2.00)
16:37:03  청크 191057 / 구간 원본 +900 → 원본당 66.7ms (TEI 2.00)
16:38:04  청크 192131 / 구간 원본 +900 → 원본당 67.8ms (TEI 2.00)
16:39:05  청크 192851 / 구간 원본 +600 → 원본당 101.7ms (TEI 2.00)
16:40:05  청크 193562 / 구간 원본 +600 → 원본당 101.7ms (TEI 2.00)
16:41:06  청크 194522 / 구간 원본 +800 → 원본당 75.0ms (TEI 2.00)
16:42:07  청크 195505 / 구간 원본 +800 → 원본당 76.2ms (TEI 2.00)
16:43:07  청크 196479 / 구간 원본 +800 → 원본당 76.2ms (TEI 2.00)
16:44:08  청크 197438 / 구간 원본 +800 → 원본당 75.0ms (TEI 2.00)
16:45:09  청크 198285 / 구간 원본 +700 → 원본당 87.1ms (TEI 2.00)
16:46:10  청크 199369 / 구간 원본 +900 → 원본당 67.8ms (TEI 2.00)
16:47:10  청크 200309 / 구간 원본 +800 → 원본당 76.2ms (TEI 2.00)
16:48:11  청크 201149 / 구간 원본 +700 → 원본당 85.7ms (TEI 2.00)
16:49:12  청크 201985 / 구간 원본 +700 → 원본당 87.1ms (TEI 2.00)
16:50:12  청크 202717 / 구간 원본 +600 → 원본당 101.7ms (TEI 2.00)
16:51:13  청크 203572 / 구간 원본 +700 → 원본당 85.7ms (TEI 2.00)
16:52:14  청크 204322 / 구간 원본 +600 → 원본당 101.7ms (TEI 2.00)
16:53:14  청크 205288 / 구간 원본 +800 → 원본당 76.2ms (TEI 2.00)
16:54:15  청크 206135 / 구간 원본 +700 → 원본당 85.7ms (TEI 2.00)
16:55:16  청크 206870 / 구간 원본 +600 → 원본당 101.7ms (TEI 2.00)
16:56:16  청크 207710 / 구간 원본 +700 → 원본당 87.1ms (TEI 2.00)
16:57:17  청크 208188 / 구간 원본 +400 → 원본당 150.0ms (TEI 2.00)
16:58:17  청크 208426 / 구간 원본 +200 → 원본당 305.0ms (TEI 2.00)
16:59:18  청크 209272 / 구간 원본 +700 → 원본당 85.7ms (TEI 2.00)
17:00:19  청크 209988 / 구간 원본 +600 → 원본당 101.7ms (TEI 2.00)
17:01:19  청크 210700 / 구간 원본 +600 → 원본당 101.7ms (TEI 2.00)
17:02:20  청크 211421 / 구간 원본 +600 → 원본당 100.0ms (TEI 2.00)
17:03:21  청크 212127 / 구간 원본 +600 → 원본당 101.7ms (TEI 2.00)
17:04:21  청크 212859 / 구간 원본 +600 → 원본당 101.7ms (TEI 2.00)
17:05:22  청크 213458 / 구간 원본 +500 → 원본당 120.0ms (TEI 2.00)
17:06:22  청크 214190 / 구간 원본 +600 → 원본당 101.7ms (TEI 2.00)
17:07:23  청크 214678 / 구간 원본 +400 → 원본당 150.0ms (TEI 2.00)
17:08:24  청크 215280 / 구간 원본 +500 → 원본당 122.0ms (TEI 2.00)
17:10:25  청크 216239 / 구간 원본 +800 → 원본당 75.0ms (TEI 2.00)
17:11:25  청크 217447 / 구간 원본 +1000 → 원본당 61.0ms (TEI 2.00)
17:12:26  청크 218645 / 구간 원본 +1000 → 원본당 60.0ms (TEI 2.00)
17:13:27  청크 219843 / 구간 원본 +1000 → 원본당 61.0ms (TEI 2.00)
17:14:27  청크 220938 / 구간 원본 +900 → 원본당 67.8ms (TEI 2.00)
17:15:28  청크 222123 / 구간 원본 +1000 → 원본당 60.0ms (TEI 2.00)
17:16:28  청크 223315 / 구간 원본 +1000 → 원본당 61.0ms (TEI 2.00)
17:17:29  청크 224507 / 구간 원본 +1000 → 원본당 60.0ms (TEI 2.00)
17:18:30  청크 225705 / 구간 원본 +1000 → 원본당 61.0ms (TEI 2.00)
17:19:30  청크 227011 / 구간 원본 +1100 → 원본당 55.5ms (TEI 2.00)
17:20:31  청크 228190 / 구간 원본 +1000 → 원본당 60.0ms (TEI 2.00)
17:21:31  청크 229273 / 구간 원본 +900 → 원본당 67.8ms (TEI 2.00)
17:22:32  청크 230465 / 구간 원본 +1000 → 원본당 60.0ms (TEI 2.00)
17:23:33  청크 231775 / 구간 원본 +1100 → 원본당 55.5ms (TEI 2.00)
17:24:33  청크 232856 / 구간 원본 +900 → 원본당 67.8ms (TEI 2.00)
17:25:34  청크 234073 / 구간 원본 +1000 → 원본당 60.0ms (TEI 2.00)
17:26:35  청크 235271 / 구간 원본 +1000 → 원본당 61.0ms (TEI 2.00)
17:27:35  청크 236482 / 구간 원본 +1000 → 원본당 61.0ms (TEI 2.00)
17:28:36  청크 237690 / 구간 원본 +1000 → 원본당 60.0ms (TEI 2.00)
17:29:36  청크 238870 / 구간 원본 +1000 → 원본당 61.0ms (TEI 2.00)
17:30:37  청크 240073 / 구간 원본 +1000 → 원본당 60.0ms (TEI 2.00)

17:31:37  샘플러 종료 — measure/e8cause-20260917T135138/e8-20260917T135141/e8-samples.csv

## E8 구간별 처리량 — 20260917T135141

| 코퍼스(청크) | 구간 원본 | 원본당 ms | TEI | 앱 |
|---|---|---|---|---|
| 718 | 600 | 100.0 | 2.00 | yes |
| 1922 | 1000 | 60.0 | 2.00 | yes |
| 3027 | 900 | 67.8 | 2.00 | yes |
| 4234 | 1000 | 60.0 | 2.00 | yes |
| 5413 | 1000 | 61.0 | 2.00 | yes |
| 6611 | 1000 | 60.0 | 2.00 | yes |
| 7800 | 1000 | 60.0 | 2.00 | yes |
| 8991 | 1000 | 61.0 | 2.00 | yes |
| 10317 | 1100 | 54.5 | 2.00 | yes |
| 11503 | 1000 | 61.0 | 2.00 | yes |
| 12690 | 1000 | 60.0 | 2.00 | yes |
| 13890 | 1000 | 60.0 | 2.00 | yes |
| 15096 | 1000 | 61.0 | 2.00 | yes |
| 16285 | 1000 | 60.0 | 2.00 | yes |
| 17461 | 1000 | 61.0 | 2.00 | yes |
| 18651 | 1000 | 60.0 | 2.00 | yes |
| 19864 | 1000 | 61.0 | 2.00 | yes |
| 21066 | 1000 | 60.0 | 2.00 | yes |
| 22253 | 1000 | 60.0 | 2.00 | yes |
| 23442 | 1000 | 61.0 | 2.00 | yes |
| 24622 | 1000 | 60.0 | 2.00 | yes |
| 25815 | 1000 | 61.0 | 2.00 | yes |
| 27008 | 1000 | 60.0 | 2.00 | yes |
| 28202 | 1000 | 60.0 | 2.00 | yes |
| 29288 | 900 | 67.8 | 2.00 | yes |
| 30601 | 1100 | 54.5 | 2.00 | yes |
| 31696 | 900 | 67.8 | 2.00 | yes |
| 32891 | 1000 | 60.0 | 2.00 | yes |
| 34082 | 1000 | 61.0 | 2.00 | yes |
| 35276 | 1000 | 60.0 | 2.00 | yes |
| 36363 | 900 | 66.7 | 2.00 | yes |
| 37559 | 1000 | 61.0 | 2.00 | yes |
| 38767 | 1000 | 60.0 | 2.00 | yes |
| 39982 | 1000 | 61.0 | 2.00 | yes |
| 41164 | 1000 | 60.0 | 2.00 | yes |
| 42373 | 1000 | 61.0 | 2.00 | yes |
| 43566 | 1000 | 60.0 | 2.00 | yes |
| 44649 | 900 | 66.7 | 2.00 | yes |
| 45849 | 1000 | 61.0 | 2.00 | yes |
| 47045 | 1000 | 60.0 | 2.00 | yes |
| 48242 | 1000 | 61.0 | 2.00 | yes |
| 49547 | 1100 | 54.5 | 2.00 | yes |
| 50840 | 1100 | 55.5 | 2.00 | yes |
| 51934 | 900 | 66.7 | 2.00 | yes |
| 53237 | 1100 | 55.5 | 2.00 | yes |
| 54330 | 900 | 66.7 | 2.00 | yes |
| 55513 | 1000 | 60.0 | 2.00 | yes |
| 56731 | 1000 | 61.0 | 2.00 | yes |
| 57934 | 1000 | 60.0 | 2.00 | yes |
| 59131 | 1000 | 61.0 | 2.00 | yes |
| 60214 | 900 | 66.7 | 2.00 | yes |
| 61439 | 1000 | 61.0 | 2.00 | yes |
| 62651 | 1000 | 60.0 | 2.00 | yes |
| 63735 | 900 | 67.8 | 2.00 | yes |
| 64938 | 1000 | 60.0 | 2.00 | yes |
| 66155 | 1000 | 61.0 | 2.00 | yes |
| 67240 | 900 | 66.7 | 2.00 | yes |
| 68539 | 1100 | 55.5 | 2.00 | yes |
| 69619 | 900 | 66.7 | 2.00 | yes |
| 70809 | 1000 | 61.0 | 2.00 | yes |
| 72037 | 1000 | 60.0 | 2.00 | yes |
| 73236 | 1000 | 61.0 | 2.00 | yes |
| 74347 | 900 | 66.7 | 2.00 | yes |
| 75437 | 900 | 66.7 | 2.00 | yes |
| 76629 | 1000 | 61.0 | 2.00 | yes |
| 77716 | 900 | 66.7 | 2.00 | yes |
| 78901 | 1000 | 61.0 | 2.00 | yes |
| 80103 | 1000 | 60.0 | 2.00 | yes |
| 81313 | 1000 | 61.0 | 2.00 | yes |
| 82521 | 1000 | 60.0 | 2.00 | yes |
| 83621 | 900 | 67.8 | 2.00 | yes |
| 84821 | 1000 | 60.0 | 2.00 | yes |
| 86019 | 1000 | 61.0 | 2.00 | yes |
| 87202 | 1000 | 60.0 | 2.00 | yes |
| 88270 | 900 | 67.8 | 2.00 | yes |
| 89474 | 1000 | 60.0 | 2.00 | yes |
| 90690 | 1000 | 61.0 | 2.00 | yes |
| 91880 | 1000 | 60.0 | 2.00 | yes |
| 92970 | 900 | 67.8 | 2.00 | yes |
| 94173 | 1000 | 60.0 | 2.00 | yes |
| 95265 | 900 | 67.8 | 2.00 | yes |
| 96453 | 1000 | 60.0 | 2.00 | yes |
| 97661 | 1000 | 61.0 | 2.00 | yes |
| 98763 | 900 | 66.7 | 2.00 | yes |
| 99858 | 900 | 67.8 | 2.00 | yes |
| 101054 | 1000 | 60.0 | 2.00 | yes |
| 102137 | 900 | 67.8 | 2.00 | yes |
| 103324 | 1000 | 60.0 | 2.00 | yes |
| 104531 | 1000 | 61.0 | 2.00 | yes |
| 105732 | 1000 | 60.0 | 2.00 | yes |
| 106901 | 1000 | 61.0 | 2.00 | yes |
| 108126 | 1000 | 60.0 | 2.00 | yes |
| 109212 | 900 | 67.8 | 2.00 | yes |
| 110417 | 1000 | 60.0 | 2.00 | yes |
| 111489 | 900 | 67.8 | 2.00 | yes |
| 112593 | 900 | 66.7 | 2.00 | yes |
| 113801 | 1000 | 61.0 | 2.00 | yes |
| 114893 | 900 | 66.7 | 2.00 | yes |
| 116088 | 1000 | 61.0 | 2.00 | yes |
| 117285 | 1000 | 60.0 | 2.00 | yes |
| 118468 | 1000 | 61.0 | 2.00 | yes |
| 119557 | 900 | 66.7 | 2.00 | yes |
| 120752 | 1000 | 61.0 | 2.00 | yes |
| 121930 | 1000 | 60.0 | 2.00 | yes |
| 123133 | 1000 | 61.0 | 2.00 | yes |
| 124320 | 1000 | 60.0 | 2.00 | yes |
| 125508 | 1000 | 61.0 | 2.00 | yes |
| 126590 | 900 | 66.7 | 2.00 | yes |
| 127797 | 1000 | 61.0 | 2.00 | yes |
| 128989 | 1000 | 61.0 | 2.00 | yes |
| 130087 | 900 | 66.7 | 2.00 | yes |
| 131275 | 1000 | 61.0 | 2.00 | yes |
| 132477 | 1000 | 60.0 | 2.00 | yes |
| 133558 | 900 | 67.8 | 2.00 | yes |
| 134761 | 1000 | 60.0 | 2.00 | yes |
| 135869 | 900 | 67.8 | 2.00 | yes |
| 137071 | 1000 | 60.0 | 2.00 | yes |
| 138246 | 1000 | 61.0 | 2.00 | yes |
| 139430 | 1000 | 60.0 | 2.00 | yes |
| 140519 | 900 | 67.8 | 2.00 | yes |
| 141719 | 1000 | 60.0 | 2.00 | yes |
| 142929 | 1000 | 61.0 | 2.00 | yes |
| 144015 | 900 | 66.7 | 2.00 | yes |
| 145191 | 1000 | 61.0 | 2.00 | yes |
| 146391 | 1000 | 60.0 | 2.00 | yes |
| 147585 | 1000 | 61.0 | 2.00 | yes |
| 148783 | 1000 | 60.0 | 2.00 | yes |
| 149985 | 1000 | 61.0 | 2.00 | yes |
| 150957 | 800 | 76.2 | 2.00 | yes |
| 152152 | 1000 | 60.0 | 2.00 | yes |
| 153361 | 1000 | 61.0 | 2.00 | yes |
| 154538 | 1000 | 60.0 | 2.00 | yes |
| 155653 | 900 | 67.8 | 2.00 | yes |
| 156720 | 900 | 66.7 | 2.00 | yes |
| 157925 | 1000 | 61.0 | 2.00 | yes |
| 159130 | 1000 | 61.0 | 2.00 | yes |
| 160219 | 900 | 66.7 | 2.00 | yes |
| 161420 | 1000 | 61.0 | 2.00 | yes |
| 162636 | 1000 | 60.0 | 2.00 | yes |
| 163839 | 1000 | 61.0 | 2.00 | yes |
| 165044 | 1000 | 61.0 | 2.00 | yes |
| 166125 | 900 | 66.7 | 2.00 | yes |
| 167317 | 1000 | 61.0 | 2.00 | yes |
| 168395 | 900 | 66.7 | 2.00 | yes |
| 169710 | 1100 | 55.5 | 2.00 | yes |
| 170800 | 900 | 66.7 | 2.00 | yes |
| 172015 | 1000 | 61.0 | 2.00 | yes |
| 173217 | 1000 | 60.0 | 2.00 | yes |
| 174177 | 800 | 76.2 | 2.00 | yes |
| 175252 | 900 | 67.8 | 2.00 | yes |
| 176452 | 1000 | 60.0 | 2.00 | yes |
| 177547 | 900 | 67.8 | 2.00 | yes |
| 178760 | 1000 | 60.0 | 2.00 | yes |
| 179935 | 1000 | 61.0 | 2.00 | yes |
| 181135 | 1000 | 61.0 | 2.00 | yes |
| 182338 | 1000 | 60.0 | 2.00 | yes |
| 183396 | 900 | 67.8 | 2.00 | yes |
| 184597 | 1000 | 60.0 | 2.00 | yes |
| 185670 | 900 | 67.8 | 2.00 | yes |
| 186750 | 900 | 67.8 | 2.00 | yes |
| 187826 | 900 | 66.7 | 2.00 | yes |
| 188904 | 900 | 67.8 | 2.00 | yes |
| 190002 | 900 | 67.8 | 2.00 | yes |
| 191057 | 900 | 66.7 | 2.00 | yes |
| 192131 | 900 | 67.8 | 2.00 | yes |
| 192851 | 600 | 101.7 | 2.00 | yes |
| 193562 | 600 | 101.7 | 2.00 | yes |
| 194522 | 800 | 75.0 | 2.00 | yes |
| 195505 | 800 | 76.2 | 2.00 | yes |
| 196479 | 800 | 76.2 | 2.00 | yes |
| 197438 | 800 | 75.0 | 2.00 | yes |
| 198285 | 700 | 87.1 | 2.00 | yes |
| 199369 | 900 | 67.8 | 2.00 | yes |
| 200309 | 800 | 76.2 | 2.00 | yes |
| 201149 | 700 | 85.7 | 2.00 | yes |
| 201985 | 700 | 87.1 | 2.00 | yes |
| 202717 | 600 | 101.7 | 2.00 | yes |
| 203572 | 700 | 85.7 | 2.00 | yes |
| 204322 | 600 | 101.7 | 2.00 | yes |
| 205288 | 800 | 76.2 | 2.00 | yes |
| 206135 | 700 | 85.7 | 2.00 | yes |
| 206870 | 600 | 101.7 | 2.00 | yes |
| 207710 | 700 | 87.1 | 2.00 | yes |
| 208188 | 400 | 150.0 | 2.00 | yes |
| 208426 | 200 | 305.0 | 2.00 | yes |
| 209272 | 700 | 85.7 | 2.00 | yes |
| 209988 | 600 | 101.7 | 2.00 | yes |
| 210700 | 600 | 101.7 | 2.00 | yes |
| 211421 | 600 | 100.0 | 2.00 | yes |
| 212127 | 600 | 101.7 | 2.00 | yes |
| 212859 | 600 | 101.7 | 2.00 | yes |
| 213458 | 500 | 120.0 | 2.00 | yes |
| 214190 | 600 | 101.7 | 2.00 | yes |
| 214678 | 400 | 150.0 | 2.00 | yes |
| 215280 | 500 | 122.0 | 2.00 | yes |
| 216239 | 800 | 75.0 | 2.00 | yes |
| 217447 | 1000 | 61.0 | 2.00 | yes |
| 218645 | 1000 | 60.0 | 2.00 | yes |
| 219843 | 1000 | 61.0 | 2.00 | yes |
| 220938 | 900 | 67.8 | 2.00 | yes |
| 222123 | 1000 | 60.0 | 2.00 | yes |
| 223315 | 1000 | 61.0 | 2.00 | yes |
| 224507 | 1000 | 60.0 | 2.00 | yes |
| 225705 | 1000 | 61.0 | 2.00 | yes |
| 227011 | 1100 | 55.5 | 2.00 | yes |
| 228190 | 1000 | 60.0 | 2.00 | yes |
| 229273 | 900 | 67.8 | 2.00 | yes |
| 230465 | 1000 | 60.0 | 2.00 | yes |
| 231775 | 1100 | 55.5 | 2.00 | yes |
| 232856 | 900 | 67.8 | 2.00 | yes |
| 234073 | 1000 | 60.0 | 2.00 | yes |
| 235271 | 1000 | 61.0 | 2.00 | yes |
| 236482 | 1000 | 61.0 | 2.00 | yes |
| 237690 | 1000 | 60.0 | 2.00 | yes |
| 238870 | 1000 | 61.0 | 2.00 | yes |
| 240073 | 1000 | 60.0 | 2.00 | yes |

구간이 비어 있는(원본 0) 표본은 건너뛰기 구간이거나 앱이 내려가 있던 때다. CSV에는 남아 있다.
