dockin-app-1  | 2026-09-19T14:32:08.996+09:00  WARN [] 1 --- [DOCKin-spring] [           main] JpaBaseConfiguration$JpaWebConfiguration : spring.jpa.open-in-view is enabled by default. Therefore, database queries may be performed during view rendering. Explicitly configure spring.jpa.open-in-view to disable this warning
dockin-app-1  | 2026-09-19T14:32:09.860+09:00  WARN [] 1 --- [DOCKin-spring] [           main] o.s.core.events.SpringDocAppInitializer  : SpringDoc /v3/api-docs endpoint is enabled by default. To disable it in production, set the property 'springdoc.api-docs.enabled=false'
dockin-app-1  | 2026-09-19T14:32:09.861+09:00  WARN [] 1 --- [DOCKin-spring] [           main] o.s.core.events.SpringDocAppInitializer  : SpringDoc /swagger-ui.html endpoint is enabled by default. To disable it in production, set the property 'springdoc.swagger-ui.enabled=false'
dockin-app-1  | 2026-09-19T14:32:10.295+09:00  WARN [24e655b9ee8b4e50] 1 --- [DOCKin-spring] [nio-8080-exec-2] o.s.w.s.h.HandlerMappingIntrospector     : Cache miss for REQUEST dispatch to '/actuator/health' (previous null). Performing CorsConfiguration lookup. This is logged once only at WARN level, and every time at TRACE.
dockin-app-1  | 2026-09-19T14:32:14.387+09:00  WARN [939b3bdc5edc45b8] 1 --- [DOCKin-spring] [nio-8080-exec-7] ration$PageModule$WarningLoggingModifier : Serializing PageImpl instances as-is is not supported, meaning that there is no guarantee about the stability of the resulting JSON structure!
dockin-app-1  | 2026-09-19T14:32:19.861+09:00  WARN [] 1 --- [DOCKin-spring] [MessageBroker-4] c.DOCKin.global.config.HikariPoolWatch   : HikariPool 대기 pending=58 active=10 idle=0 total=10 max=10 — 풀 고갈이면 '누가 잡고 있나'부터 (ADR-0008 7-1)
dockin-app-1  | 2026-09-19T14:32:29.862+09:00  WARN [] 1 --- [DOCKin-spring] [MessageBroker-3] c.DOCKin.global.config.HikariPoolWatch   : HikariPool 대기 pending=122 active=10 idle=0 total=10 max=10 — 풀 고갈이면 '누가 잡고 있나'부터 (ADR-0008 7-1)
dockin-app-1  | 2026-09-19T14:32:39.965+09:00  WARN [] 1 --- [DOCKin-spring] [MessageBroker-1] c.DOCKin.global.config.HikariPoolWatch   : HikariPool 대기 pending=159 active=9 idle=1 total=10 max=10 — 풀 고갈이면 '누가 잡고 있나'부터 (ADR-0008 7-1)
dockin-app-1  | 2026-09-19T14:32:49.965+09:00  WARN [] 1 --- [DOCKin-spring] [MessageBroker-1] c.DOCKin.global.config.HikariPoolWatch   : HikariPool 대기 pending=183 active=10 idle=0 total=10 max=10 — 풀 고갈이면 '누가 잡고 있나'부터 (ADR-0008 7-1)
dockin-app-1  | 2026-09-19T14:33:00.157+09:00  WARN [] 1 --- [DOCKin-spring] [MessageBroker-8] c.DOCKin.global.config.HikariPoolWatch   : HikariPool 대기 pending=190 active=10 idle=0 total=10 max=10 — 풀 고갈이면 '누가 잡고 있나'부터 (ADR-0008 7-1)
dockin-app-1  | 2026-09-19T14:33:10.408+09:00  WARN [] 1 --- [DOCKin-spring] [MessageBroker-6] c.DOCKin.global.config.HikariPoolWatch   : HikariPool 대기 pending=189 active=10 idle=0 total=10 max=10 — 풀 고갈이면 '누가 잡고 있나'부터 (ADR-0008 7-1)
dockin-app-1  | 2026-09-19T14:33:20.597+09:00  WARN [] 1 --- [DOCKin-spring] [MessageBroker-6] c.DOCKin.global.config.HikariPoolWatch   : HikariPool 대기 pending=188 active=10 idle=0 total=10 max=10 — 풀 고갈이면 '누가 잡고 있나'부터 (ADR-0008 7-1)
dockin-app-1  | 2026-09-19T14:33:30.841+09:00  WARN [] 1 --- [DOCKin-spring] [MessageBroker-6] c.DOCKin.global.config.HikariPoolWatch   : HikariPool 대기 pending=27 active=8 idle=2 total=10 max=10 — 풀 고갈이면 '누가 잡고 있나'부터 (ADR-0008 7-1)
dockin-app-1  | 2026-09-19T14:39:11.085+09:00  WARN [] 1 --- [DOCKin-spring] [MessageBroker-6] c.DOCKin.global.config.HikariPoolWatch   : HikariPool 대기 pending=46 active=10 idle=0 total=10 max=10 — 풀 고갈이면 '누가 잡고 있나'부터 (ADR-0008 7-1)
dockin-app-1  | 2026-09-19T14:39:21.131+09:00  WARN [] 1 --- [DOCKin-spring] [MessageBroker-4] c.DOCKin.global.config.HikariPoolWatch   : HikariPool 대기 pending=100 active=9 idle=1 total=10 max=10 — 풀 고갈이면 '누가 잡고 있나'부터 (ADR-0008 7-1)
dockin-app-1  | 2026-09-19T14:39:31.331+09:00  WARN [] 1 --- [DOCKin-spring] [MessageBroker-3] c.DOCKin.global.config.HikariPoolWatch   : HikariPool 대기 pending=128 active=10 idle=0 total=10 max=10 — 풀 고갈이면 '누가 잡고 있나'부터 (ADR-0008 7-1)
dockin-app-1  | 2026-09-19T14:39:41.406+09:00  WARN [] 1 --- [DOCKin-spring] [MessageBroker-2] c.DOCKin.global.config.HikariPoolWatch   : HikariPool 대기 pending=190 active=10 idle=0 total=10 max=10 — 풀 고갈이면 '누가 잡고 있나'부터 (ADR-0008 7-1)
dockin-app-1  | 2026-09-19T14:39:51.457+09:00  WARN [] 1 --- [DOCKin-spring] [MessageBroker-8] c.DOCKin.global.config.HikariPoolWatch   : HikariPool 대기 pending=186 active=10 idle=0 total=10 max=10 — 풀 고갈이면 '누가 잡고 있나'부터 (ADR-0008 7-1)
dockin-app-1  | 2026-09-19T14:40:01.458+09:00  WARN [] 1 --- [DOCKin-spring] [MessageBroker-7] c.DOCKin.global.config.HikariPoolWatch   : HikariPool 대기 pending=190 active=10 idle=0 total=10 max=10 — 풀 고갈이면 '누가 잡고 있나'부터 (ADR-0008 7-1)
dockin-app-1  | 2026-09-19T14:40:11.458+09:00  WARN [] 1 --- [DOCKin-spring] [MessageBroker-4] c.DOCKin.global.config.HikariPoolWatch   : HikariPool 대기 pending=190 active=10 idle=0 total=10 max=10 — 풀 고갈이면 '누가 잡고 있나'부터 (ADR-0008 7-1)
dockin-app-1  | 2026-09-19T14:40:21.532+09:00  WARN [] 1 --- [DOCKin-spring] [MessageBroker-5] c.DOCKin.global.config.HikariPoolWatch   : HikariPool 대기 pending=190 active=10 idle=0 total=10 max=10 — 풀 고갈이면 '누가 잡고 있나'부터 (ADR-0008 7-1)
dockin-app-1  | 2026-09-19T14:40:31.751+09:00  WARN [] 1 --- [DOCKin-spring] [MessageBroker-7] c.DOCKin.global.config.HikariPoolWatch   : HikariPool 대기 pending=190 active=10 idle=0 total=10 max=10 — 풀 고갈이면 '누가 잡고 있나'부터 (ADR-0008 7-1)
dockin-app-1  | 2026-09-19T14:40:41.798+09:00  WARN [] 1 --- [DOCKin-spring] [MessageBroker-4] c.DOCKin.global.config.HikariPoolWatch   : HikariPool 대기 pending=189 active=10 idle=0 total=10 max=10 — 풀 고갈이면 '누가 잡고 있나'부터 (ADR-0008 7-1)
