09:31:35  E8 샘플러 시작 — 60초 간격, 출력 measure/e8reopen-20260919T093008/A/e8cause-20260919T093008/e8-20260919T093135/e8-samples.csv
09:31:35  색인을 멈춘 뒤 Ctrl-C(또는 kill)로 종료하면 요약을 찍는다.
09:32:37  청크 226327 / 구간 원본 +500 → 원본당 122.0ms (TEI 2.00)
09:33:37  청크 227300 / 구간 원본 +800 → 원본당 76.2ms (TEI 2.00)
09:34:38  청크 228253 / 구간 원본 +800 → 원본당 75.0ms (TEI 2.00)
09:35:39  청크 229233 / 구간 원본 +800 → 원본당 76.2ms (TEI 2.00)
09:36:39  청크 230200 / 구간 원본 +800 → 원본당 76.2ms (TEI 2.00)
09:37:40  청크 231262 / 구간 원본 +900 → 원본당 66.7ms (TEI 2.00)
09:38:41  청크 232221 / 구간 원본 +800 → 원본당 76.2ms (TEI 2.00)
09:39:41  청크 233174 / 구간 원본 +800 → 원본당 76.2ms (TEI 2.00)
09:40:42  청크 234119 / 구간 원본 +800 → 원본당 75.0ms (TEI 2.00)
09:41:43  청크 235074 / 구간 원본 +800 → 원본당 76.2ms (TEI 2.00)
09:42:43  청크 236045 / 구간 원본 +800 → 원본당 76.2ms (TEI 2.00)
09:43:44  청크 237116 / 구간 원본 +900 → 원본당 66.7ms (TEI 2.00)
09:44:44  청크 238062 / 구간 원본 +800 → 원본당 76.2ms (TEI 2.00)
09:45:45  청크 239021 / 구간 원본 +800 → 원본당 75.0ms (TEI 2.00)
09:46:46  청크 239980 / 구간 원본 +800 → 원본당 76.2ms (TEI 2.00)

09:47:46  샘플러 종료 — measure/e8reopen-20260919T093008/A/e8cause-20260919T093008/e8-20260919T093135/e8-samples.csv

## E8 구간별 처리량 — 20260919T093135

| 코퍼스(청크) | 구간 원본 | 원본당 ms | TEI | 앱 |
|---|---|---|---|---|
| 226327 | 500 | 122.0 | 2.00 | yes |
| 227300 | 800 | 76.2 | 2.00 | yes |
| 228253 | 800 | 75.0 | 2.00 | yes |
| 229233 | 800 | 76.2 | 2.00 | yes |
| 230200 | 800 | 76.2 | 2.00 | yes |
| 231262 | 900 | 66.7 | 2.00 | yes |
| 232221 | 800 | 76.2 | 2.00 | yes |
| 233174 | 800 | 76.2 | 2.00 | yes |
| 234119 | 800 | 75.0 | 2.00 | yes |
| 235074 | 800 | 76.2 | 2.00 | yes |
| 236045 | 800 | 76.2 | 2.00 | yes |
| 237116 | 900 | 66.7 | 2.00 | yes |
| 238062 | 800 | 76.2 | 2.00 | yes |
| 239021 | 800 | 75.0 | 2.00 | yes |
| 239980 | 800 | 76.2 | 2.00 | yes |

구간이 비어 있는(원본 0) 표본은 건너뛰기 구간이거나 앱이 내려가 있던 때다. CSV에는 남아 있다.
