10:03:10  E8 샘플러 시작 — 60초 간격, 출력 measure/e8-20260813T100310/e8-samples.csv
10:03:10  색인을 멈춘 뒤 Ctrl-C(또는 kill)로 종료하면 요약을 찍는다.
10:04:11  청크 599 / 구간 원본 +500 → 원본당 120.0ms (TEI 2.00)
10:05:11  청크 1801 / 구간 원본 +1000 → 원본당 61.0ms (TEI 2.00)
10:06:11  청크 2895 / 구간 원본 +900 → 원본당 66.7ms (TEI 2.00)
10:07:12  청크 4117 / 구간 원본 +1000 → 원본당 60.0ms (TEI 2.00)
10:08:12  청크 5296 / 구간 원본 +1000 → 원본당 61.0ms (TEI 2.00)
10:09:13  청크 6371 / 구간 원본 +900 → 원본당 66.7ms (TEI 2.00)
10:10:13  청크 7566 / 구간 원본 +1000 → 원본당 61.0ms (TEI 2.00)
10:11:14  청크 8753 / 구간 원본 +1000 → 원본당 60.0ms (TEI 2.00)
10:12:14  청크 9844 / 구간 원본 +900 → 원본당 67.8ms (TEI 2.00)
10:13:14  청크 11034 / 구간 원본 +1000 → 원본당 60.0ms (TEI 2.00)
10:14:15  청크 12217 / 구간 원본 +1000 → 원본당 60.0ms (TEI 2.00)
10:15:15  청크 13408 / 구간 원본 +1000 → 원본당 61.0ms (TEI 2.00)
10:16:15  청크 14498 / 구간 원본 +900 → 원본당 66.7ms (TEI 2.00)
10:17:16  청크 15687 / 구간 원본 +1000 → 원본당 60.0ms (TEI 2.00)
10:18:16  청크 16870 / 구간 원본 +1000 → 원본당 61.0ms (TEI 2.00)
10:19:17  청크 18052 / 구간 원본 +1000 → 원본당 60.0ms (TEI 2.00)
10:20:17  청크 19141 / 구간 원본 +900 → 원본당 67.8ms (TEI 2.00)
10:21:18  청크 20232 / 구간 원본 +900 → 원본당 66.7ms (TEI 2.00)
10:22:18  청크 21422 / 구간 원본 +1000 → 원본당 61.0ms (TEI 2.00)
10:23:18  청크 22487 / 구간 원본 +900 → 원본당 66.7ms (TEI 2.00)
10:24:19  청크 23682 / 구간 원본 +1000 → 원본당 60.0ms (TEI 2.00)
10:25:19  청크 24857 / 구간 원본 +1000 → 원본당 61.0ms (TEI 2.00)
10:26:20  청크 26049 / 구간 원본 +1000 → 원본당 60.0ms (TEI 2.00)
10:28:20  청크 26285 / 구간 원본 +200 → 원본당 300.0ms (TEI 0.50)
10:29:21  청크 26532 / 구간 원본 +200 → 원본당 300.0ms (TEI 0.50)
10:30:21  청크 26767 / 구간 원본 +200 → 원본당 305.0ms (TEI 0.50)
10:31:21  청크 27008 / 구간 원본 +200 → 원본당 300.0ms (TEI 0.50)
10:32:22  청크 27251 / 구간 원본 +200 → 원본당 300.0ms (TEI 0.50)
10:34:23  청크 26166 / 구간 원본 +100 → 원본당 600.0ms (TEI 1.00)
10:35:23  청크 26649 / 구간 원본 +400 → 원본당 152.5ms (TEI 1.00)
10:36:23  청크 27251 / 구간 원본 +500 → 원본당 120.0ms (TEI 1.00)
10:37:24  청크 27842 / 구간 원본 +500 → 원본당 120.0ms (TEI 1.00)
10:38:24  청크 28323 / 구간 원본 +400 → 원본당 152.5ms (TEI 1.00)
10:39:25  청크 28930 / 구간 원본 +500 → 원본당 120.0ms (TEI 1.00)
10:41:25  청크 26166 / 구간 원본 +100 → 원본당 600.0ms (TEI 1.50)
10:42:26  청크 27008 / 구간 원본 +700 → 원본당 85.7ms (TEI 1.50)
10:43:26  청크 27842 / 구간 원본 +700 → 원본당 87.1ms (TEI 1.50)
10:44:27  청크 28686 / 구간 원본 +700 → 원본당 85.7ms (TEI 1.50)
10:45:27  청크 29412 / 구간 원본 +600 → 원본당 101.7ms (TEI 1.50)
10:46:27  청크 30358 / 구간 원본 +800 → 원본당 75.0ms (TEI 1.50)
10:48:28  청크 26166 / 구간 원본 +100 → 원본당 610.0ms (TEI 2.00)
10:49:29  청크 27368 / 구간 원본 +1000 → 원본당 60.0ms (TEI 2.00)
10:50:29  청크 28571 / 구간 원본 +1000 → 원본당 61.0ms (TEI 2.00)
10:51:29  청크 29650 / 구간 원본 +900 → 원본당 66.7ms (TEI 2.00)
10:52:30  청크 30841 / 구간 원본 +1000 → 원본당 60.0ms (TEI 2.00)
10:53:30  청크 31931 / 구간 원본 +900 → 원본당 67.8ms (TEI 2.00)
10:55:31  청크 26166 / 구간 원본 +100 → 원본당 610.0ms (TEI 1.00)
10:56:31  청크 26649 / 구간 원본 +400 → 원본당 150.0ms (TEI 1.00)
10:57:32  청크 27251 / 구간 원본 +500 → 원본당 120.0ms (TEI 1.00)
10:58:32  청크 27842 / 구간 원본 +500 → 원본당 122.0ms (TEI 1.00)
10:59:33  청크 28323 / 구간 원본 +400 → 원본당 150.0ms (TEI 1.00)
11:00:33  청크 28930 / 구간 원본 +500 → 원본당 122.0ms (TEI 1.00)
11:02:34  청크 26166 / 구간 원본 +100 → 원본당 600.0ms (TEI 2.00)
11:03:34  청크 27251 / 구간 원본 +900 → 원본당 67.8ms (TEI 2.00)
11:04:34  청크 28449 / 구간 원본 +1000 → 원본당 60.0ms (TEI 2.00)
11:05:35  청크 29531 / 구간 원본 +900 → 원본당 66.7ms (TEI 2.00)
11:06:35  청크 30601 / 구간 원본 +900 → 원본당 67.8ms (TEI 2.00)
11:07:36  청크 31818 / 구간 원본 +1000 → 원본당 60.0ms (TEI 2.00)
11:08:36  청크 32891 / 구간 원본 +900 → 원본당 67.8ms (TEI 2.00)
11:09:36  청크 34082 / 구간 원본 +1000 → 원본당 60.0ms (TEI 2.00)
11:10:37  청크 35276 / 구간 원본 +1000 → 원본당 60.0ms (TEI 2.00)
11:11:37  청크 36363 / 구간 원본 +900 → 원본당 67.8ms (TEI 2.00)
11:12:38  청크 37559 / 구간 원본 +1000 → 원본당 60.0ms (TEI 2.00)
11:13:38  청크 38646 / 구간 원본 +900 → 원본당 67.8ms (TEI 2.00)
11:14:39  청크 39863 / 구간 원본 +1000 → 원본당 60.0ms (TEI 2.00)
11:15:39  청크 41051 / 구간 원본 +1000 → 원본당 61.0ms (TEI 2.00)
11:16:39  청크 42130 / 구간 원본 +900 → 원본당 66.7ms (TEI 2.00)
11:17:40  청크 43332 / 구간 원본 +1000 → 원본당 60.0ms (TEI 2.00)
11:18:40  청크 44525 / 구간 원본 +1000 → 원본당 61.0ms (TEI 2.00)
11:19:41  청크 45609 / 구간 원본 +900 → 원본당 66.7ms (TEI 2.00)
11:20:41  청크 46797 / 구간 원본 +1000 → 원본당 61.0ms (TEI 2.00)
11:21:42  청크 47889 / 구간 원본 +900 → 원본당 66.7ms (TEI 2.00)
11:22:42  청크 49083 / 구간 원본 +1000 → 원본당 61.0ms (TEI 2.00)
11:23:42  청크 50245 / 구간 원본 +1000 → 원본당 60.0ms (TEI 2.00)
11:24:43  청크 51564 / 구간 원본 +1100 → 원본당 54.5ms (TEI 2.00)
11:25:43  청크 52646 / 구간 원본 +900 → 원본당 67.8ms (TEI 2.00)
11:26:44  청크 53844 / 구간 원본 +1000 → 원본당 60.0ms (TEI 2.00)
11:27:44  청크 55046 / 구간 원본 +1000 → 원본당 61.0ms (TEI 2.00)
11:28:45  청크 56244 / 구간 원본 +1000 → 원본당 60.0ms (TEI 2.00)
11:29:45  청크 57330 / 구간 원본 +900 → 원본당 67.8ms (TEI 2.00)
11:30:45  청크 58530 / 구간 원본 +1000 → 원본당 60.0ms (TEI 2.00)
11:31:46  청크 59618 / 구간 원본 +900 → 원본당 66.7ms (TEI 2.00)
11:32:46  청크 60717 / 구간 원본 +900 → 원본당 67.8ms (TEI 2.00)
11:33:47  청크 61916 / 구간 원본 +1000 → 원본당 60.0ms (TEI 2.00)
11:34:47  청크 63021 / 구간 원본 +900 → 원본당 67.8ms (TEI 2.00)
11:35:48  청크 64218 / 구간 원본 +1000 → 원본당 60.0ms (TEI 2.00)
11:36:48  청크 65305 / 구간 원본 +900 → 원본당 67.8ms (TEI 2.00)
11:37:49  청크 66401 / 구간 원본 +900 → 원본당 66.7ms (TEI 2.00)
11:38:49  청크 67590 / 구간 원본 +1000 → 원본당 61.0ms (TEI 2.00)
11:39:50  청크 68780 / 구간 원본 +1000 → 원본당 60.0ms (TEI 2.00)
11:40:50  청크 69865 / 구간 원본 +900 → 원본당 67.8ms (TEI 2.00)
11:41:50  청크 71053 / 구간 원본 +1000 → 원본당 60.0ms (TEI 2.00)
11:42:51  청크 72155 / 구간 원본 +900 → 원본당 66.7ms (TEI 2.00)
11:43:51  청크 73357 / 구간 원본 +1000 → 원본당 61.0ms (TEI 2.00)
11:44:52  청크 74474 / 구간 원본 +900 → 원본당 66.7ms (TEI 2.00)
11:45:52  청크 75560 / 구간 원본 +900 → 원본당 67.8ms (TEI 2.00)
11:46:53  청크 76748 / 구간 원본 +1000 → 원본당 60.0ms (TEI 2.00)
11:47:53  청크 77835 / 구간 원본 +900 → 원본당 67.8ms (TEI 2.00)
11:48:54  청크 79020 / 구간 원본 +1000 → 원본당 60.0ms (TEI 2.00)
11:49:54  청크 80227 / 구간 원본 +1000 → 원본당 61.0ms (TEI 2.00)
11:50:55  청크 81313 / 구간 원본 +900 → 원본당 66.7ms (TEI 2.00)
11:51:55  청크 82521 / 구간 원본 +1000 → 원본당 61.0ms (TEI 2.00)
11:52:56  청크 83621 / 구간 원본 +900 → 원본당 66.7ms (TEI 2.00)
11:53:56  청크 84821 / 구간 원본 +1000 → 원본당 61.0ms (TEI 2.00)
11:54:57  청크 86019 / 구간 원본 +1000 → 원본당 60.0ms (TEI 2.00)
11:55:57  청크 87088 / 구간 원본 +900 → 원본당 67.8ms (TEI 2.00)
11:56:58  청크 88270 / 구간 원본 +1000 → 원본당 60.0ms (TEI 2.00)
11:57:58  청크 89355 / 구간 원본 +900 → 원본당 67.8ms (TEI 2.00)
11:58:59  청크 90570 / 구간 원본 +1000 → 원본당 60.0ms (TEI 2.00)
11:59:59  청크 91757 / 구간 원본 +1000 → 원본당 61.0ms (TEI 2.00)
12:00:59  청크 92851 / 구간 원본 +900 → 원본당 66.7ms (TEI 2.00)
12:02:00  청크 94051 / 구간 원본 +1000 → 원본당 60.0ms (TEI 2.00)
12:03:00  청크 95149 / 구간 원본 +900 → 원본당 67.8ms (TEI 2.00)
12:04:01  청크 96329 / 구간 원본 +1000 → 원본당 60.0ms (TEI 2.00)
12:05:01  청크 97421 / 구간 원본 +900 → 원본당 67.8ms (TEI 2.00)
12:06:02  청크 98522 / 구간 원본 +900 → 원본당 66.7ms (TEI 2.00)
12:07:03  청크 99616 / 구간 원본 +900 → 원본당 67.8ms (TEI 2.00)
12:08:03  청크 100816 / 구간 원본 +1000 → 원본당 61.0ms (TEI 2.00)
12:09:04  청크 101897 / 구간 원본 +900 → 원본당 66.7ms (TEI 2.00)
12:10:04  청크 102975 / 구간 원본 +900 → 원본당 67.8ms (TEI 2.00)
12:11:05  청크 104168 / 구간 원본 +1000 → 원본당 60.0ms (TEI 2.00)
12:12:05  청크 105255 / 구간 원본 +900 → 원본당 67.8ms (TEI 2.00)
12:13:06  청크 106430 / 구간 원본 +1000 → 원본당 60.0ms (TEI 2.00)
12:14:06  청크 107522 / 구간 원본 +900 → 원본당 67.8ms (TEI 2.00)
12:15:07  청크 108612 / 구간 원본 +900 → 원본당 66.7ms (TEI 2.00)
12:16:07  청크 109692 / 구간 원본 +900 → 원본당 67.8ms (TEI 2.00)
12:17:08  청크 110779 / 구간 원본 +900 → 원본당 66.7ms (TEI 2.00)
12:18:08  청크 111862 / 구간 원본 +900 → 원본당 67.8ms (TEI 2.00)
12:19:09  청크 112954 / 구간 원본 +900 → 원본당 66.7ms (TEI 2.00)
12:20:09  청크 114042 / 구간 원본 +900 → 원본당 67.8ms (TEI 2.00)
12:21:10  청크 115133 / 구간 원본 +900 → 원본당 66.7ms (TEI 2.00)
12:22:10  청크 116209 / 구간 원본 +900 → 원본당 67.8ms (TEI 2.00)
12:23:11  청크 117403 / 구간 원본 +1000 → 원본당 60.0ms (TEI 2.00)
12:24:11  청크 118584 / 구간 원본 +1000 → 원본당 61.0ms (TEI 2.00)
12:25:12  청크 119678 / 구간 원본 +900 → 원본당 66.7ms (TEI 2.00)
12:26:12  청크 120872 / 구간 원본 +1000 → 원본당 61.0ms (TEI 2.00)
12:27:13  청크 121930 / 구간 원본 +900 → 원본당 66.7ms (TEI 2.00)
12:28:14  청크 123133 / 구간 원본 +1000 → 원본당 61.0ms (TEI 2.00)
12:29:14  청크 124320 / 구간 원본 +1000 → 원본당 61.0ms (TEI 2.00)
12:30:15  청크 125508 / 구간 원본 +1000 → 원본당 60.0ms (TEI 2.00)
12:31:15  청크 126590 / 구간 원본 +900 → 원본당 67.8ms (TEI 2.00)
12:32:16  청크 127673 / 구간 원본 +900 → 원본당 66.7ms (TEI 2.00)
12:33:16  청크 128746 / 구간 원본 +900 → 원본당 67.8ms (TEI 2.00)
12:34:17  청크 129847 / 구간 원본 +900 → 원본당 66.7ms (TEI 2.00)
12:35:17  청크 131040 / 구간 원본 +1000 → 원본당 61.0ms (TEI 2.00)
12:36:18  청크 132239 / 구간 원본 +1000 → 원본당 60.0ms (TEI 2.00)
12:37:18  청크 133319 / 구간 원본 +900 → 원본당 67.8ms (TEI 2.00)
12:38:19  청크 134401 / 구간 원본 +900 → 원본당 66.7ms (TEI 2.00)
12:39:19  청크 135501 / 구간 원본 +900 → 원본당 67.8ms (TEI 2.00)
12:40:20  청크 136587 / 구간 원본 +900 → 원본당 66.7ms (TEI 2.00)
12:41:20  청크 137666 / 구간 원본 +900 → 원본당 67.8ms (TEI 2.00)
12:42:21  청크 138950 / 구간 원본 +1100 → 원본당 54.5ms (TEI 2.00)
12:43:21  청크 140021 / 구간 원본 +900 → 원본당 67.8ms (TEI 2.00)
12:44:22  청크 141124 / 구간 원본 +900 → 원본당 66.7ms (TEI 2.00)
12:45:23  청크 142319 / 구간 원본 +1000 → 원본당 61.0ms (TEI 2.00)
12:46:23  청크 143410 / 구간 원본 +900 → 원본당 67.8ms (TEI 2.00)
12:47:24  청크 144604 / 구간 원본 +1000 → 원본당 60.0ms (TEI 2.00)
12:48:24  청크 145783 / 구간 원본 +1000 → 원본당 61.0ms (TEI 2.00)
12:49:25  청크 146859 / 구간 원본 +900 → 원본당 66.7ms (TEI 2.00)
12:50:25  청크 147941 / 구간 원본 +900 → 원본당 67.8ms (TEI 2.00)
12:51:26  청크 149144 / 구간 원본 +1000 → 원본당 60.0ms (TEI 2.00)
12:52:27  청크 150104 / 구간 원본 +800 → 원본당 76.2ms (TEI 2.00)
12:53:27  청크 151197 / 구간 원본 +900 → 원본당 67.8ms (TEI 2.00)
12:54:28  청크 152391 / 구간 원본 +1000 → 원본당 60.0ms (TEI 2.00)
12:55:28  청크 153486 / 구간 원본 +900 → 원본당 67.8ms (TEI 2.00)
12:56:29  청크 154653 / 구간 원본 +1000 → 원본당 60.0ms (TEI 2.00)
12:57:29  청크 155771 / 구간 원본 +900 → 원본당 67.8ms (TEI 2.00)
12:58:30  청크 156955 / 구간 원본 +1000 → 원본당 60.0ms (TEI 2.00)
12:59:31  청크 158042 / 구간 원본 +900 → 원본당 67.8ms (TEI 2.00)
13:00:31  청크 159130 / 구간 원본 +900 → 원본당 67.8ms (TEI 2.00)
13:01:32  청크 160219 / 구간 원본 +900 → 원본당 66.7ms (TEI 2.00)
13:02:32  청크 161300 / 구간 원본 +900 → 원본당 67.8ms (TEI 2.00)
13:03:33  청크 162389 / 구간 원본 +900 → 원본당 66.7ms (TEI 2.00)
13:04:34  청크 163475 / 구간 원본 +900 → 원본당 67.8ms (TEI 2.00)
13:05:34  청크 164561 / 구간 원본 +900 → 원본당 67.8ms (TEI 2.00)
13:06:35  청크 165535 / 구간 원본 +800 → 원본당 75.0ms (TEI 2.00)
13:07:36  청크 166471 / 구간 원본 +800 → 원본당 76.2ms (TEI 2.00)
13:08:36  청크 167437 / 구간 원본 +800 → 원본당 76.2ms (TEI 2.00)
13:09:37  청크 168524 / 구간 원본 +900 → 원본당 66.7ms (TEI 2.00)
13:10:38  청크 169593 / 구간 원본 +900 → 원본당 67.8ms (TEI 2.00)
13:11:38  청크 170676 / 구간 원본 +900 → 원본당 67.8ms (TEI 2.00)
13:12:39  청크 171656 / 구간 원본 +800 → 원본당 75.0ms (TEI 2.00)
13:13:40  청크 172617 / 구간 원본 +800 → 원본당 76.2ms (TEI 2.00)
13:14:40  청크 173567 / 구간 원본 +800 → 원본당 76.2ms (TEI 2.00)
13:15:41  청크 174538 / 구간 원본 +800 → 원본당 75.0ms (TEI 2.00)
13:16:41  청크 175742 / 구간 원본 +1000 → 원본당 61.0ms (TEI 2.00)
13:17:42  청크 176807 / 구간 원본 +900 → 원본당 66.7ms (TEI 2.00)
13:18:43  청크 177925 / 구간 원본 +900 → 원본당 67.8ms (TEI 2.00)
13:19:43  청크 178872 / 구간 원본 +800 → 원본당 76.2ms (TEI 2.00)
13:20:44  청크 179818 / 구간 원본 +800 → 원본당 75.0ms (TEI 2.00)
13:21:45  청크 180896 / 구간 원본 +900 → 원본당 67.8ms (TEI 2.00)
13:22:45  청크 181849 / 구간 원본 +800 → 원본당 76.2ms (TEI 2.00)
13:23:46  청크 182797 / 구간 원본 +800 → 원본당 75.0ms (TEI 2.00)
13:24:47  청크 183642 / 구간 원본 +700 → 원본당 87.1ms (TEI 2.00)
13:25:47  청크 184356 / 구간 원본 +600 → 원본당 101.7ms (TEI 2.00)
13:26:48  청크 185068 / 구간 원본 +600 → 원본당 100.0ms (TEI 2.00)
13:27:49  청크 185909 / 구간 원본 +700 → 원본당 87.1ms (TEI 2.00)
13:28:50  청크 186750 / 구간 원본 +700 → 원본당 87.1ms (TEI 2.00)
13:29:50  청크 187469 / 구간 원본 +600 → 원본당 101.7ms (TEI 2.00)
13:30:51  청크 188302 / 구간 원본 +700 → 원본당 85.7ms (TEI 2.00)
13:31:52  청크 189147 / 구간 원본 +700 → 원본당 87.1ms (TEI 2.00)
13:32:53  청크 189880 / 구간 원본 +600 → 원본당 101.7ms (TEI 2.00)
13:33:53  청크 190703 / 구간 원본 +700 → 원본당 87.1ms (TEI 2.00)
13:34:54  청크 191410 / 구간 원본 +600 → 원본당 100.0ms (TEI 2.00)
13:35:55  청크 192131 / 구간 원본 +600 → 원본당 101.7ms (TEI 2.00)
13:36:55  청크 192851 / 구간 원본 +600 → 원본당 101.7ms (TEI 2.00)
13:37:56  청크 193562 / 구간 원본 +600 → 원본당 100.0ms (TEI 2.00)
13:38:57  청크 194288 / 구간 원본 +600 → 원본당 101.7ms (TEI 2.00)
13:39:58  청크 195009 / 구간 원본 +600 → 원본당 101.7ms (TEI 2.00)
13:40:58  청크 195621 / 구간 원본 +500 → 원본당 122.0ms (TEI 2.00)
13:41:59  청크 196234 / 구간 원본 +500 → 원본당 120.0ms (TEI 2.00)
13:43:00  청크 196952 / 구간 원본 +600 → 원본당 101.7ms (TEI 2.00)
13:44:01  청크 197555 / 구간 원본 +500 → 원본당 122.0ms (TEI 2.00)
13:45:02  청크 198068 / 구간 원본 +421 → 원본당 144.9ms (TEI 2.00)

13:46:02  샘플러 종료 — measure/e8-20260813T100310/e8-samples.csv

## E8 구간별 처리량 — 20260813T100310

| 코퍼스(청크) | 구간 원본 | 원본당 ms | TEI | 앱 |
|---|---|---|---|---|
| 599 | 500 | 120.0 | 2.00 | yes |
| 1801 | 1000 | 61.0 | 2.00 | yes |
| 2895 | 900 | 66.7 | 2.00 | yes |
| 4117 | 1000 | 60.0 | 2.00 | yes |
| 5296 | 1000 | 61.0 | 2.00 | yes |
| 6371 | 900 | 66.7 | 2.00 | yes |
| 7566 | 1000 | 61.0 | 2.00 | yes |
| 8753 | 1000 | 60.0 | 2.00 | yes |
| 9844 | 900 | 67.8 | 2.00 | yes |
| 11034 | 1000 | 60.0 | 2.00 | yes |
| 12217 | 1000 | 60.0 | 2.00 | yes |
| 13408 | 1000 | 61.0 | 2.00 | yes |
| 14498 | 900 | 66.7 | 2.00 | yes |
| 15687 | 1000 | 60.0 | 2.00 | yes |
| 16870 | 1000 | 61.0 | 2.00 | yes |
| 18052 | 1000 | 60.0 | 2.00 | yes |
| 19141 | 900 | 67.8 | 2.00 | yes |
| 20232 | 900 | 66.7 | 2.00 | yes |
| 21422 | 1000 | 61.0 | 2.00 | yes |
| 22487 | 900 | 66.7 | 2.00 | yes |
| 23682 | 1000 | 60.0 | 2.00 | yes |
| 24857 | 1000 | 61.0 | 2.00 | yes |
| 26049 | 1000 | 60.0 | 2.00 | yes |
| 26285 | 200 | 300.0 | 0.50 | yes |
| 26532 | 200 | 300.0 | 0.50 | yes |
| 26767 | 200 | 305.0 | 0.50 | yes |
| 27008 | 200 | 300.0 | 0.50 | yes |
| 27251 | 200 | 300.0 | 0.50 | yes |
| 26166 | 100 | 600.0 | 1.00 | yes |
| 26649 | 400 | 152.5 | 1.00 | yes |
| 27251 | 500 | 120.0 | 1.00 | yes |
| 27842 | 500 | 120.0 | 1.00 | yes |
| 28323 | 400 | 152.5 | 1.00 | yes |
| 28930 | 500 | 120.0 | 1.00 | yes |
| 26166 | 100 | 600.0 | 1.50 | yes |
| 27008 | 700 | 85.7 | 1.50 | yes |
| 27842 | 700 | 87.1 | 1.50 | yes |
| 28686 | 700 | 85.7 | 1.50 | yes |
| 29412 | 600 | 101.7 | 1.50 | yes |
| 30358 | 800 | 75.0 | 1.50 | yes |
| 26166 | 100 | 610.0 | 2.00 | yes |
| 27368 | 1000 | 60.0 | 2.00 | yes |
| 28571 | 1000 | 61.0 | 2.00 | yes |
| 29650 | 900 | 66.7 | 2.00 | yes |
| 30841 | 1000 | 60.0 | 2.00 | yes |
| 31931 | 900 | 67.8 | 2.00 | no |
| 26166 | 100 | 610.0 | 1.00 | yes |
| 26649 | 400 | 150.0 | 1.00 | yes |
| 27251 | 500 | 120.0 | 1.00 | yes |
| 27842 | 500 | 122.0 | 1.00 | yes |
| 28323 | 400 | 150.0 | 1.00 | yes |
| 28930 | 500 | 122.0 | 1.00 | yes |
| 26166 | 100 | 600.0 | 2.00 | yes |
| 27251 | 900 | 67.8 | 2.00 | yes |
| 28449 | 1000 | 60.0 | 2.00 | yes |
| 29531 | 900 | 66.7 | 2.00 | yes |
| 30601 | 900 | 67.8 | 2.00 | yes |
| 31818 | 1000 | 60.0 | 2.00 | yes |
| 32891 | 900 | 67.8 | 2.00 | yes |
| 34082 | 1000 | 60.0 | 2.00 | yes |
| 35276 | 1000 | 60.0 | 2.00 | yes |
| 36363 | 900 | 67.8 | 2.00 | yes |
| 37559 | 1000 | 60.0 | 2.00 | yes |
| 38646 | 900 | 67.8 | 2.00 | yes |
| 39863 | 1000 | 60.0 | 2.00 | yes |
| 41051 | 1000 | 61.0 | 2.00 | yes |
| 42130 | 900 | 66.7 | 2.00 | yes |
| 43332 | 1000 | 60.0 | 2.00 | yes |
| 44525 | 1000 | 61.0 | 2.00 | yes |
| 45609 | 900 | 66.7 | 2.00 | yes |
| 46797 | 1000 | 61.0 | 2.00 | yes |
| 47889 | 900 | 66.7 | 2.00 | yes |
| 49083 | 1000 | 61.0 | 2.00 | yes |
| 50245 | 1000 | 60.0 | 2.00 | yes |
| 51564 | 1100 | 54.5 | 2.00 | yes |
| 52646 | 900 | 67.8 | 2.00 | yes |
| 53844 | 1000 | 60.0 | 2.00 | yes |
| 55046 | 1000 | 61.0 | 2.00 | yes |
| 56244 | 1000 | 60.0 | 2.00 | yes |
| 57330 | 900 | 67.8 | 2.00 | yes |
| 58530 | 1000 | 60.0 | 2.00 | yes |
| 59618 | 900 | 66.7 | 2.00 | yes |
| 60717 | 900 | 67.8 | 2.00 | yes |
| 61916 | 1000 | 60.0 | 2.00 | yes |
| 63021 | 900 | 67.8 | 2.00 | yes |
| 64218 | 1000 | 60.0 | 2.00 | yes |
| 65305 | 900 | 67.8 | 2.00 | yes |
| 66401 | 900 | 66.7 | 2.00 | yes |
| 67590 | 1000 | 61.0 | 2.00 | yes |
| 68780 | 1000 | 60.0 | 2.00 | yes |
| 69865 | 900 | 67.8 | 2.00 | yes |
| 71053 | 1000 | 60.0 | 2.00 | yes |
| 72155 | 900 | 66.7 | 2.00 | yes |
| 73357 | 1000 | 61.0 | 2.00 | yes |
| 74474 | 900 | 66.7 | 2.00 | yes |
| 75560 | 900 | 67.8 | 2.00 | yes |
| 76748 | 1000 | 60.0 | 2.00 | yes |
| 77835 | 900 | 67.8 | 2.00 | yes |
| 79020 | 1000 | 60.0 | 2.00 | yes |
| 80227 | 1000 | 61.0 | 2.00 | yes |
| 81313 | 900 | 66.7 | 2.00 | yes |
| 82521 | 1000 | 61.0 | 2.00 | yes |
| 83621 | 900 | 66.7 | 2.00 | yes |
| 84821 | 1000 | 61.0 | 2.00 | yes |
| 86019 | 1000 | 60.0 | 2.00 | yes |
| 87088 | 900 | 67.8 | 2.00 | yes |
| 88270 | 1000 | 60.0 | 2.00 | yes |
| 89355 | 900 | 67.8 | 2.00 | yes |
| 90570 | 1000 | 60.0 | 2.00 | yes |
| 91757 | 1000 | 61.0 | 2.00 | yes |
| 92851 | 900 | 66.7 | 2.00 | yes |
| 94051 | 1000 | 60.0 | 2.00 | yes |
| 95149 | 900 | 67.8 | 2.00 | yes |
| 96329 | 1000 | 60.0 | 2.00 | yes |
| 97421 | 900 | 67.8 | 2.00 | yes |
| 98522 | 900 | 66.7 | 2.00 | yes |
| 99616 | 900 | 67.8 | 2.00 | yes |
| 100816 | 1000 | 61.0 | 2.00 | yes |
| 101897 | 900 | 66.7 | 2.00 | yes |
| 102975 | 900 | 67.8 | 2.00 | yes |
| 104168 | 1000 | 60.0 | 2.00 | yes |
| 105255 | 900 | 67.8 | 2.00 | yes |
| 106430 | 1000 | 60.0 | 2.00 | yes |
| 107522 | 900 | 67.8 | 2.00 | yes |
| 108612 | 900 | 66.7 | 2.00 | yes |
| 109692 | 900 | 67.8 | 2.00 | yes |
| 110779 | 900 | 66.7 | 2.00 | yes |
| 111862 | 900 | 67.8 | 2.00 | yes |
| 112954 | 900 | 66.7 | 2.00 | yes |
| 114042 | 900 | 67.8 | 2.00 | yes |
| 115133 | 900 | 66.7 | 2.00 | yes |
| 116209 | 900 | 67.8 | 2.00 | yes |
| 117403 | 1000 | 60.0 | 2.00 | yes |
| 118584 | 1000 | 61.0 | 2.00 | yes |
| 119678 | 900 | 66.7 | 2.00 | yes |
| 120872 | 1000 | 61.0 | 2.00 | yes |
| 121930 | 900 | 66.7 | 2.00 | yes |
| 123133 | 1000 | 61.0 | 2.00 | yes |
| 124320 | 1000 | 61.0 | 2.00 | yes |
| 125508 | 1000 | 60.0 | 2.00 | yes |
| 126590 | 900 | 67.8 | 2.00 | yes |
| 127673 | 900 | 66.7 | 2.00 | yes |
| 128746 | 900 | 67.8 | 2.00 | yes |
| 129847 | 900 | 66.7 | 2.00 | yes |
| 131040 | 1000 | 61.0 | 2.00 | yes |
| 132239 | 1000 | 60.0 | 2.00 | yes |
| 133319 | 900 | 67.8 | 2.00 | yes |
| 134401 | 900 | 66.7 | 2.00 | yes |
| 135501 | 900 | 67.8 | 2.00 | yes |
| 136587 | 900 | 66.7 | 2.00 | yes |
| 137666 | 900 | 67.8 | 2.00 | yes |
| 138950 | 1100 | 54.5 | 2.00 | yes |
| 140021 | 900 | 67.8 | 2.00 | yes |
| 141124 | 900 | 66.7 | 2.00 | yes |
| 142319 | 1000 | 61.0 | 2.00 | yes |
| 143410 | 900 | 67.8 | 2.00 | yes |
| 144604 | 1000 | 60.0 | 2.00 | yes |
| 145783 | 1000 | 61.0 | 2.00 | yes |
| 146859 | 900 | 66.7 | 2.00 | yes |
| 147941 | 900 | 67.8 | 2.00 | yes |
| 149144 | 1000 | 60.0 | 2.00 | yes |
| 150104 | 800 | 76.2 | 2.00 | yes |
| 151197 | 900 | 67.8 | 2.00 | yes |
| 152391 | 1000 | 60.0 | 2.00 | yes |
| 153486 | 900 | 67.8 | 2.00 | yes |
| 154653 | 1000 | 60.0 | 2.00 | yes |
| 155771 | 900 | 67.8 | 2.00 | yes |
| 156955 | 1000 | 60.0 | 2.00 | yes |
| 158042 | 900 | 67.8 | 2.00 | yes |
| 159130 | 900 | 67.8 | 2.00 | yes |
| 160219 | 900 | 66.7 | 2.00 | yes |
| 161300 | 900 | 67.8 | 2.00 | yes |
| 162389 | 900 | 66.7 | 2.00 | yes |
| 163475 | 900 | 67.8 | 2.00 | yes |
| 164561 | 900 | 67.8 | 2.00 | yes |
| 165535 | 800 | 75.0 | 2.00 | yes |
| 166471 | 800 | 76.2 | 2.00 | yes |
| 167437 | 800 | 76.2 | 2.00 | yes |
| 168524 | 900 | 66.7 | 2.00 | yes |
| 169593 | 900 | 67.8 | 2.00 | yes |
| 170676 | 900 | 67.8 | 2.00 | yes |
| 171656 | 800 | 75.0 | 2.00 | yes |
| 172617 | 800 | 76.2 | 2.00 | yes |
| 173567 | 800 | 76.2 | 2.00 | yes |
| 174538 | 800 | 75.0 | 2.00 | yes |
| 175742 | 1000 | 61.0 | 2.00 | yes |
| 176807 | 900 | 66.7 | 2.00 | yes |
| 177925 | 900 | 67.8 | 2.00 | yes |
| 178872 | 800 | 76.2 | 2.00 | yes |
| 179818 | 800 | 75.0 | 2.00 | yes |
| 180896 | 900 | 67.8 | 2.00 | yes |
| 181849 | 800 | 76.2 | 2.00 | yes |
| 182797 | 800 | 75.0 | 2.00 | yes |
| 183642 | 700 | 87.1 | 2.00 | yes |
| 184356 | 600 | 101.7 | 2.00 | yes |
| 185068 | 600 | 100.0 | 2.00 | yes |
| 185909 | 700 | 87.1 | 2.00 | yes |
| 186750 | 700 | 87.1 | 2.00 | yes |
| 187469 | 600 | 101.7 | 2.00 | yes |
| 188302 | 700 | 85.7 | 2.00 | yes |
| 189147 | 700 | 87.1 | 2.00 | yes |
| 189880 | 600 | 101.7 | 2.00 | yes |
| 190703 | 700 | 87.1 | 2.00 | yes |
| 191410 | 600 | 100.0 | 2.00 | yes |
| 192131 | 600 | 101.7 | 2.00 | yes |
| 192851 | 600 | 101.7 | 2.00 | yes |
| 193562 | 600 | 100.0 | 2.00 | yes |
| 194288 | 600 | 101.7 | 2.00 | yes |
| 195009 | 600 | 101.7 | 2.00 | yes |
| 195621 | 500 | 122.0 | 2.00 | yes |
| 196234 | 500 | 120.0 | 2.00 | yes |
| 196952 | 600 | 101.7 | 2.00 | yes |
| 197555 | 500 | 122.0 | 2.00 | yes |
| 198068 | 421 | 144.9 | 2.00 | yes |

구간이 비어 있는(원본 0) 표본은 건너뛰기 구간이거나 앱이 내려가 있던 때다. CSV에는 남아 있다.
