
         /\      Grafana   /‾‾/  
    /\  /  \     |\  __   /  /   
   /  \/    \    | |/ /  /   ‾‾\ 
  /          \   |   (  |  (‾)  |
 / __________ \  |_|\_\  \_____/ 

     execution: local
        script: journey.js
        output: -

     scenarios: (100.00%) 1 scenario, 200 max VUs, 2m0s max duration (incl. graceful stop):
              * rate: 8.00 iterations/s for 1m30s (maxVUs: 20-200, gracefulStop: 30s)


rate   [   1% ] 001/020 VUs  0m01.0s/1m30s  8.00 iters/s

rate   [   2% ] 001/020 VUs  0m02.0s/1m30s  8.00 iters/s

rate   [   3% ] 003/020 VUs  0m03.0s/1m30s  8.00 iters/s

rate   [   4% ] 001/020 VUs  0m04.0s/1m30s  8.00 iters/s

rate   [   6% ] 001/020 VUs  0m05.0s/1m30s  8.00 iters/s

rate   [   7% ] 001/020 VUs  0m06.0s/1m30s  8.00 iters/s

rate   [   8% ] 001/020 VUs  0m07.0s/1m30s  8.00 iters/s

rate   [   9% ] 001/020 VUs  0m08.0s/1m30s  8.00 iters/s

rate   [  10% ] 001/020 VUs  0m09.0s/1m30s  8.00 iters/s

rate   [  11% ] 001/020 VUs  0m10.0s/1m30s  8.00 iters/s

rate   [  12% ] 001/020 VUs  0m11.0s/1m30s  8.00 iters/s

rate   [  13% ] 001/020 VUs  0m12.0s/1m30s  8.00 iters/s

rate   [  14% ] 001/020 VUs  0m13.0s/1m30s  8.00 iters/s

rate   [  16% ] 002/020 VUs  0m14.0s/1m30s  8.00 iters/s

rate   [  17% ] 001/020 VUs  0m15.0s/1m30s  8.00 iters/s

rate   [  18% ] 001/020 VUs  0m16.0s/1m30s  8.00 iters/s

rate   [  19% ] 001/020 VUs  0m17.0s/1m30s  8.00 iters/s

rate   [  20% ] 001/020 VUs  0m18.0s/1m30s  8.00 iters/s

rate   [  21% ] 001/020 VUs  0m19.0s/1m30s  8.00 iters/s

rate   [  22% ] 003/020 VUs  0m20.0s/1m30s  8.00 iters/s

rate   [  23% ] 001/020 VUs  0m21.0s/1m30s  8.00 iters/s

rate   [  24% ] 001/020 VUs  0m22.0s/1m30s  8.00 iters/s

rate   [  26% ] 001/020 VUs  0m23.0s/1m30s  8.00 iters/s

rate   [  27% ] 001/020 VUs  0m24.0s/1m30s  8.00 iters/s

rate   [  28% ] 001/020 VUs  0m25.0s/1m30s  8.00 iters/s

rate   [  29% ] 001/020 VUs  0m26.0s/1m30s  8.00 iters/s

rate   [  30% ] 001/020 VUs  0m27.0s/1m30s  8.00 iters/s

rate   [  31% ] 001/020 VUs  0m28.0s/1m30s  8.00 iters/s

rate   [  32% ] 001/020 VUs  0m29.0s/1m30s  8.00 iters/s

rate   [  33% ] 001/020 VUs  0m30.0s/1m30s  8.00 iters/s

rate   [  34% ] 001/020 VUs  0m31.0s/1m30s  8.00 iters/s

rate   [  36% ] 001/020 VUs  0m32.0s/1m30s  8.00 iters/s

rate   [  37% ] 002/020 VUs  0m33.0s/1m30s  8.00 iters/s

rate   [  38% ] 001/020 VUs  0m34.0s/1m30s  8.00 iters/s

rate   [  39% ] 001/020 VUs  0m35.0s/1m30s  8.00 iters/s

rate   [  40% ] 001/020 VUs  0m36.0s/1m30s  8.00 iters/s

rate   [  41% ] 001/020 VUs  0m37.0s/1m30s  8.00 iters/s

rate   [  42% ] 001/020 VUs  0m38.0s/1m30s  8.00 iters/s

rate   [  43% ] 001/020 VUs  0m39.0s/1m30s  8.00 iters/s

rate   [  44% ] 001/020 VUs  0m40.0s/1m30s  8.00 iters/s

rate   [  46% ] 001/020 VUs  0m41.0s/1m30s  8.00 iters/s

rate   [  47% ] 001/020 VUs  0m42.0s/1m30s  8.00 iters/s

rate   [  48% ] 001/020 VUs  0m43.0s/1m30s  8.00 iters/s

rate   [  49% ] 001/020 VUs  0m44.0s/1m30s  8.00 iters/s

rate   [  50% ] 001/020 VUs  0m45.0s/1m30s  8.00 iters/s

rate   [  51% ] 001/020 VUs  0m46.0s/1m30s  8.00 iters/s

rate   [  52% ] 001/020 VUs  0m47.0s/1m30s  8.00 iters/s

rate   [  53% ] 001/020 VUs  0m48.0s/1m30s  8.00 iters/s

rate   [  54% ] 001/020 VUs  0m49.0s/1m30s  8.00 iters/s

rate   [  56% ] 001/020 VUs  0m50.0s/1m30s  8.00 iters/s

rate   [  57% ] 001/020 VUs  0m51.0s/1m30s  8.00 iters/s

rate   [  58% ] 001/020 VUs  0m52.0s/1m30s  8.00 iters/s

rate   [  59% ] 001/020 VUs  0m53.0s/1m30s  8.00 iters/s

rate   [  60% ] 001/020 VUs  0m54.0s/1m30s  8.00 iters/s

rate   [  61% ] 001/020 VUs  0m55.0s/1m30s  8.00 iters/s

rate   [  62% ] 002/020 VUs  0m56.0s/1m30s  8.00 iters/s

rate   [  63% ] 001/020 VUs  0m57.0s/1m30s  8.00 iters/s

rate   [  64% ] 002/020 VUs  0m58.0s/1m30s  8.00 iters/s

rate   [  66% ] 001/020 VUs  0m59.0s/1m30s  8.00 iters/s

rate   [  67% ] 001/020 VUs  1m00.0s/1m30s  8.00 iters/s

rate   [  68% ] 001/020 VUs  1m01.0s/1m30s  8.00 iters/s

rate   [  69% ] 001/020 VUs  1m02.0s/1m30s  8.00 iters/s

rate   [  70% ] 001/020 VUs  1m03.0s/1m30s  8.00 iters/s

rate   [  71% ] 001/020 VUs  1m04.0s/1m30s  8.00 iters/s

rate   [  72% ] 001/020 VUs  1m05.0s/1m30s  8.00 iters/s

rate   [  73% ] 001/020 VUs  1m06.0s/1m30s  8.00 iters/s

rate   [  74% ] 001/020 VUs  1m07.0s/1m30s  8.00 iters/s

rate   [  76% ] 001/020 VUs  1m08.0s/1m30s  8.00 iters/s

rate   [  77% ] 001/020 VUs  1m09.0s/1m30s  8.00 iters/s

rate   [  78% ] 001/020 VUs  1m10.0s/1m30s  8.00 iters/s

rate   [  79% ] 001/020 VUs  1m11.0s/1m30s  8.00 iters/s

rate   [  80% ] 001/020 VUs  1m12.0s/1m30s  8.00 iters/s

rate   [  81% ] 001/020 VUs  1m13.0s/1m30s  8.00 iters/s

rate   [  82% ] 001/020 VUs  1m14.0s/1m30s  8.00 iters/s

rate   [  83% ] 001/020 VUs  1m15.0s/1m30s  8.00 iters/s

rate   [  84% ] 001/020 VUs  1m16.0s/1m30s  8.00 iters/s

rate   [  86% ] 001/020 VUs  1m17.0s/1m30s  8.00 iters/s

rate   [  87% ] 001/020 VUs  1m18.0s/1m30s  8.00 iters/s

rate   [  88% ] 001/020 VUs  1m19.0s/1m30s  8.00 iters/s

rate   [  89% ] 001/020 VUs  1m20.0s/1m30s  8.00 iters/s

rate   [  90% ] 001/020 VUs  1m21.0s/1m30s  8.00 iters/s

rate   [  91% ] 001/020 VUs  1m22.0s/1m30s  8.00 iters/s

rate   [  92% ] 001/020 VUs  1m23.0s/1m30s  8.00 iters/s

rate   [  93% ] 001/020 VUs  1m24.0s/1m30s  8.00 iters/s

rate   [  94% ] 001/020 VUs  1m25.0s/1m30s  8.00 iters/s

rate   [  96% ] 001/020 VUs  1m26.0s/1m30s  8.00 iters/s

rate   [  97% ] 001/020 VUs  1m27.0s/1m30s  8.00 iters/s

rate   [  98% ] 001/020 VUs  1m28.0s/1m30s  8.00 iters/s

rate   [  99% ] 001/020 VUs  1m29.0s/1m30s  8.00 iters/s

rate   [ 100% ] 001/020 VUs  1m30.0s/1m30s  8.00 iters/s

== rate rate=8/s vus=1000 reqs=4320 rps=48 fail=0% p95=108.4ms dropped=0 maxVUs=20 login_fail=0 dup=0 journey_p95=358ms
name             n      rps     p50     p95     p99     max   fail%
login              720       8    78.9   132.4   281.3     312       0
clockin            720       8     9.4    13.1    15.8      60       0
attendance_list    720       8     4.8       8     9.5      13       0
worklogs           720       8    88.2   150.4   296.9     328       0
chat_rooms         720       8     4.8     7.6     9.4      18       0
safety_courses     720       8     5.2     8.4    10.3      59       0

rate ✓ [ 100% ] 000/020 VUs  1m30s  8.00 iters/s
