The files belonging to this database system will be owned by user "postgres".
This user must also own the server process.

The database cluster will be initialized with locale "en_US.utf8".
The default database encoding has accordingly been set to "UTF8".
The default text search configuration will be set to "english".

Data page checksums are disabled.

fixing permissions on existing directory /var/lib/postgresql/data ... ok
creating subdirectories ... ok
selecting dynamic shared memory implementation ... posix
selecting default "max_connections" ... 100
selecting default "shared_buffers" ... 128MB
selecting default time zone ... Etc/UTC
creating configuration files ... ok
running bootstrap script ... ok
performing post-bootstrap initialization ... ok
initdb: warning: enabling "trust" authentication for local connections
initdb: hint: You can change this by editing pg_hba.conf or using the option -A, or --auth-local and --auth-host, the next time you run initdb.
syncing data to disk ... ok


Success. You can now start the database server using:

    pg_ctl -D /var/lib/postgresql/data -l logfile start

waiting for server to start....2026-09-19 14:43:14.214 UTC [49] LOG:  starting PostgreSQL 17.11 (Debian 17.11-1.pgdg12+2) on x86_64-pc-linux-gnu, compiled by gcc (Debian 12.2.0-14+deb12u1) 12.2.0, 64-bit
2026-09-19 14:43:14.225 UTC [49] LOG:  listening on Unix socket "/var/run/postgresql/.s.PGSQL.5432"
2026-09-19 14:43:14.288 UTC [52] LOG:  database system was shut down at 2026-09-19 14:43:07 UTC
2026-09-19 14:43:14.307 UTC [49] LOG:  database system is ready to accept connections
 done
server started
CREATE DATABASE


/usr/local/bin/docker-entrypoint.sh: ignoring /docker-entrypoint-initdb.d/*

2026-09-19 14:43:14.744 UTC [49] LOG:  received fast shutdown request
waiting for server to shut down....2026-09-19 14:43:14.766 UTC [49] LOG:  aborting any active transactions
2026-09-19 14:43:14.773 UTC [49] LOG:  background worker "logical replication launcher" (PID 55) exited with exit code 1
2026-09-19 14:43:14.773 UTC [50] LOG:  shutting down
2026-09-19 14:43:14.842 UTC [50] LOG:  checkpoint starting: shutdown immediate
.2026-09-19 14:43:15.897 UTC [50] LOG:  checkpoint complete: wrote 921 buffers (5.6%); 0 WAL file(s) added, 0 removed, 0 recycled; write=0.093 s, sync=0.900 s, total=1.124 s; sync files=301, longest=0.204 s, average=0.003 s; distance=4238 kB, estimate=4238 kB; lsn=0/190A9C0, redo lsn=0/190A9C0
2026-09-19 14:43:16.007 UTC [49] LOG:  database system is shut down
 done
server stopped

PostgreSQL init process complete; ready for start up.

2026-09-19 14:43:16.149 UTC [1] LOG:  starting PostgreSQL 17.11 (Debian 17.11-1.pgdg12+2) on x86_64-pc-linux-gnu, compiled by gcc (Debian 12.2.0-14+deb12u1) 12.2.0, 64-bit
2026-09-19 14:43:16.150 UTC [1] LOG:  listening on IPv4 address "0.0.0.0", port 5432
2026-09-19 14:43:16.150 UTC [1] LOG:  listening on IPv6 address "::", port 5432
2026-09-19 14:43:16.194 UTC [1] LOG:  listening on Unix socket "/var/run/postgresql/.s.PGSQL.5432"
2026-09-19 14:43:16.233 UTC [65] LOG:  database system was shut down at 2026-09-19 14:43:15 UTC
2026-09-19 14:43:16.264 UTC [1] LOG:  database system is ready to accept connections
2026-09-19 14:44:27.185 UTC [63] LOG:  checkpoint starting: wal
2026-09-19 14:45:46.309 UTC [118] LOG:  skipping analyze of "work_logs" --- lock not available
2026-09-19 14:48:58.501 UTC [63] LOG:  checkpoint complete: wrote 41 buffers (0.3%); 0 WAL file(s) added, 0 removed, 33 recycled; write=269.106 s, sync=0.383 s, total=271.304 s; sync files=104, longest=0.042 s, average=0.004 s; distance=534697 kB, estimate=534697 kB; lsn=0/2D3B2908, redo lsn=0/22334E88
2026-09-19 14:53:29.017 UTC [63] LOG:  checkpoint starting: wal
2026-09-19 14:54:15.118 UTC [63] LOG:  checkpoint complete: wrote 5270 buffers (32.2%); 0 WAL file(s) added, 0 removed, 33 recycled; write=37.357 s, sync=1.619 s, total=46.130 s; sync files=22, longest=0.866 s, average=0.074 s; distance=539325 kB, estimate=539325 kB; lsn=0/6147A9E0, redo lsn=0/431E4480
2026-09-19 14:54:15.119 UTC [63] LOG:  checkpoint starting: wal
2026-09-19 14:54:58.300 UTC [63] LOG:  checkpoint complete: wrote 9569 buffers (58.4%); 0 WAL file(s) added, 2 removed, 33 recycled; write=33.872 s, sync=1.579 s, total=43.181 s; sync files=6, longest=0.983 s, average=0.264 s; distance=582254 kB, estimate=582254 kB; lsn=0/84D2AF88, redo lsn=0/66A7FE00
2026-09-19 14:54:58.301 UTC [63] LOG:  checkpoint starting: wal
2026-09-19 14:55:02.872 UTC [849] LOG:  process 849 still waiting for AccessExclusiveLock on relation 16397 of database 16384 after 1000.161 ms
2026-09-19 14:55:02.872 UTC [849] DETAIL:  Process holding the lock: 838. Wait queue: 849.
2026-09-19 14:55:02.872 UTC [849] STATEMENT:  ALTER TABLE work_logs ALTER COLUMN ship_yard_area SET NOT NULL
2026-09-19 14:55:02.873 UTC [838] ERROR:  canceling autovacuum task
2026-09-19 14:55:02.873 UTC [838] CONTEXT:  automatic analyze of table "dockindb.public.work_logs"
2026-09-19 14:55:02.874 UTC [849] LOG:  process 849 acquired AccessExclusiveLock on relation 16397 of database 16384 after 1003.589 ms
2026-09-19 14:55:02.874 UTC [849] STATEMENT:  ALTER TABLE work_logs ALTER COLUMN ship_yard_area SET NOT NULL
2026-09-19 14:55:46.596 UTC [865] LOG:  skipping vacuum of "work_logs" --- lock not available
2026-09-19 14:56:35.604 UTC [63] LOG:  checkpoint complete: wrote 14406 buffers (87.9%); 0 WAL file(s) added, 2 removed, 33 recycled; write=84.115 s, sync=1.698 s, total=97.303 s; sync files=10, longest=1.160 s, average=0.170 s; distance=564441 kB, estimate=580473 kB; lsn=0/A7450B60, redo lsn=0/891B63E8
2026-09-19 14:56:35.604 UTC [63] LOG:  checkpoint starting: wal
2026-09-19 14:56:46.600 UTC [888] LOG:  skipping vacuum of "work_logs" --- lock not available
2026-09-19 14:58:10.303 UTC [63] LOG:  checkpoint complete: wrote 74 buffers (0.5%); 0 WAL file(s) added, 0 removed, 33 recycled; write=91.379 s, sync=0.544 s, total=94.659 s; sync files=28, longest=0.058 s, average=0.020 s; distance=547127 kB, estimate=577138 kB; lsn=0/AEC34718, redo lsn=0/AA804110
2026-09-19 15:01:35.891 UTC [63] LOG:  checkpoint starting: time
2026-09-19 15:01:37.238 UTC [63] LOG:  checkpoint complete: wrote 1 buffers (0.0%); 0 WAL file(s) added, 0 removed, 4 recycled; write=0.019 s, sync=0.055 s, total=1.510 s; sync files=6, longest=0.020 s, average=0.010 s; distance=69853 kB, estimate=526410 kB; lsn=0/AEC3B948, redo lsn=0/AEC3B8B8
2026-09-19 15:06:36.307 UTC [63] LOG:  checkpoint starting: time
2026-09-19 15:06:37.281 UTC [63] LOG:  checkpoint complete: wrote 1 buffers (0.0%); 0 WAL file(s) added, 0 removed, 9 recycled; write=0.124 s, sync=0.157 s, total=0.986 s; sync files=24, longest=0.091 s, average=0.007 s; distance=148918 kB, estimate=488660 kB; lsn=0/B7DA92A8, redo lsn=0/B7DA9218
2026-09-19 15:10:54.060 UTC [1350] LOG:  process 1350 still waiting for ShareUpdateExclusiveLock on relation 16397 of database 16384 after 1000.152 ms
2026-09-19 15:10:54.060 UTC [1350] DETAIL:  Process holding the lock: 1336. Wait queue: 1350.
2026-09-19 15:10:54.060 UTC [1350] STATEMENT:  VACUUM work_logs
2026-09-19 15:10:54.060 UTC [1336] ERROR:  canceling autovacuum task
2026-09-19 15:10:54.060 UTC [1336] CONTEXT:  automatic analyze of table "dockindb.public.work_logs"
2026-09-19 15:10:54.068 UTC [1350] LOG:  process 1350 acquired ShareUpdateExclusiveLock on relation 16397 of database 16384 after 1008.159 ms
2026-09-19 15:10:54.068 UTC [1350] STATEMENT:  VACUUM work_logs
2026-09-19 15:11:25.691 UTC [63] LOG:  checkpoint starting: wal
2026-09-19 15:12:04.946 UTC [63] LOG:  checkpoint complete: wrote 9669 buffers (59.0%); 0 WAL file(s) added, 0 removed, 33 recycled; write=31.173 s, sync=1.265 s, total=39.306 s; sync files=23, longest=0.482 s, average=0.055 s; distance=530930 kB, estimate=530930 kB; lsn=0/F6B2BB88, redo lsn=0/D8425AC8
2026-09-19 15:12:05.012 UTC [63] LOG:  checkpoint starting: wal
2026-09-19 15:12:51.694 UTC [1404] LOG:  process 1404 still waiting for AccessExclusiveLock on relation 16397 of database 16384 after 1000.151 ms
2026-09-19 15:12:51.694 UTC [1404] DETAIL:  Process holding the lock: 1394. Wait queue: 1404.
2026-09-19 15:12:51.694 UTC [1404] STATEMENT:  ALTER TABLE work_logs ALTER COLUMN ship_yard_area SET NOT NULL
2026-09-19 15:12:51.696 UTC [1394] ERROR:  canceling autovacuum task
2026-09-19 15:12:51.696 UTC [1394] CONTEXT:  automatic analyze of table "dockindb.public.work_logs"
2026-09-19 15:12:51.697 UTC [1404] LOG:  process 1404 acquired AccessExclusiveLock on relation 16397 of database 16384 after 1004.135 ms
2026-09-19 15:12:51.697 UTC [1404] STATEMENT:  ALTER TABLE work_logs ALTER COLUMN ship_yard_area SET NOT NULL
2026-09-19 15:13:47.251 UTC [1421] LOG:  skipping vacuum of "work_logs" --- lock not available
2026-09-19 15:13:52.634 UTC [63] LOG:  checkpoint complete: wrote 9612 buffers (58.7%); 0 WAL file(s) added, 4 removed, 31 recycled; write=77.215 s, sync=1.798 s, total=107.614 s; sync files=9, longest=1.645 s, average=0.200 s; distance=578807 kB, estimate=578807 kB; lsn=1/1A42D9A8, redo lsn=0/FB963A70
2026-09-19 15:13:52.634 UTC [63] LOG:  checkpoint starting: wal
2026-09-19 15:18:23.596 UTC [63] LOG:  checkpoint complete: wrote 933 buffers (5.7%); 0 WAL file(s) added, 1 removed, 58 recycled; write=268.712 s, sync=0.073 s, total=270.947 s; sync files=31, longest=0.010 s, average=0.003 s; distance=961225 kB, estimate=961225 kB; lsn=1/3BBAC1B8, redo lsn=1/36416208
