
         /\      Grafana   /‾‾/  
    /\  /  \     |\  __   /  /   
   /  \/    \    | |/ /  /   ‾‾\ 
  /          \   |   (  |  (‾)  |
 / __________ \  |_|\_\  \_____/ 


     execution: local
        script: journey.js
        output: -

     scenarios: (100.00%) 1 scenario, 200 max VUs, 2m0s max duration (incl. graceful stop):
              * rate: 10.00 iterations/s for 1m30s (maxVUs: 20-200, gracefulStop: 30s)


running (0m01.0s), 003/020 VUs, 7 complete and 0 interrupted iterations
rate   [   1% ] 003/020 VUs  0m01.0s/1m30s  10.00 iters/s

running (0m02.0s), 004/020 VUs, 16 complete and 0 interrupted iterations
rate   [   2% ] 004/020 VUs  0m02.0s/1m30s  10.00 iters/s

running (0m03.0s), 006/020 VUs, 24 complete and 0 interrupted iterations
rate   [   3% ] 006/020 VUs  0m03.0s/1m30s  10.00 iters/s

running (0m04.0s), 005/020 VUs, 35 complete and 0 interrupted iterations
rate   [   4% ] 005/020 VUs  0m04.0s/1m30s  10.00 iters/s

running (0m05.0s), 006/020 VUs, 44 complete and 0 interrupted iterations
rate   [   6% ] 006/020 VUs  0m05.0s/1m30s  10.00 iters/s

running (0m06.0s), 007/020 VUs, 53 complete and 0 interrupted iterations
rate   [   7% ] 007/020 VUs  0m06.0s/1m30s  10.00 iters/s

running (0m07.0s), 007/020 VUs, 63 complete and 0 interrupted iterations
rate   [   8% ] 007/020 VUs  0m07.0s/1m30s  10.00 iters/s

running (0m08.0s), 006/020 VUs, 74 complete and 0 interrupted iterations
rate   [   9% ] 006/020 VUs  0m08.0s/1m30s  10.00 iters/s

running (0m09.0s), 007/020 VUs, 83 complete and 0 interrupted iterations
rate   [  10% ] 007/020 VUs  0m09.0s/1m30s  10.00 iters/s

running (0m10.0s), 006/020 VUs, 94 complete and 0 interrupted iterations
rate   [  11% ] 006/020 VUs  0m10.0s/1m30s  10.00 iters/s

running (0m11.0s), 006/020 VUs, 104 complete and 0 interrupted iterations
rate   [  12% ] 006/020 VUs  0m11.0s/1m30s  10.00 iters/s

running (0m12.0s), 006/020 VUs, 114 complete and 0 interrupted iterations
rate   [  13% ] 006/020 VUs  0m12.0s/1m30s  10.00 iters/s

running (0m13.0s), 005/020 VUs, 125 complete and 0 interrupted iterations
rate   [  14% ] 005/020 VUs  0m13.0s/1m30s  10.00 iters/s

running (0m14.0s), 005/020 VUs, 135 complete and 0 interrupted iterations
rate   [  16% ] 005/020 VUs  0m14.0s/1m30s  10.00 iters/s

running (0m15.0s), 007/020 VUs, 143 complete and 0 interrupted iterations
rate   [  17% ] 007/020 VUs  0m15.0s/1m30s  10.00 iters/s

running (0m16.0s), 005/020 VUs, 155 complete and 0 interrupted iterations
rate   [  18% ] 005/020 VUs  0m16.0s/1m30s  10.00 iters/s

running (0m17.0s), 004/020 VUs, 166 complete and 0 interrupted iterations
rate   [  19% ] 004/020 VUs  0m17.0s/1m30s  10.00 iters/s

running (0m18.0s), 004/020 VUs, 176 complete and 0 interrupted iterations
rate   [  20% ] 004/020 VUs  0m18.0s/1m30s  10.00 iters/s

running (0m19.0s), 003/020 VUs, 187 complete and 0 interrupted iterations
rate   [  21% ] 003/020 VUs  0m19.0s/1m30s  10.00 iters/s

running (0m20.0s), 004/020 VUs, 196 complete and 0 interrupted iterations
rate   [  22% ] 004/020 VUs  0m20.0s/1m30s  10.00 iters/s

running (0m21.0s), 004/020 VUs, 206 complete and 0 interrupted iterations
rate   [  23% ] 004/020 VUs  0m21.0s/1m30s  10.00 iters/s

running (0m22.0s), 002/020 VUs, 218 complete and 0 interrupted iterations
rate   [  24% ] 002/020 VUs  0m22.0s/1m30s  10.00 iters/s

running (0m23.0s), 000/020 VUs, 230 complete and 0 interrupted iterations
rate   [  26% ] 000/020 VUs  0m23.0s/1m30s  10.00 iters/s

running (0m24.0s), 001/020 VUs, 239 complete and 0 interrupted iterations
rate   [  27% ] 001/020 VUs  0m24.0s/1m30s  10.00 iters/s

running (0m25.0s), 001/020 VUs, 249 complete and 0 interrupted iterations
rate   [  28% ] 001/020 VUs  0m25.0s/1m30s  10.00 iters/s

running (0m26.0s), 000/020 VUs, 260 complete and 0 interrupted iterations
rate   [  29% ] 000/020 VUs  0m26.0s/1m30s  10.00 iters/s

running (0m27.0s), 001/020 VUs, 269 complete and 0 interrupted iterations
rate   [  30% ] 001/020 VUs  0m27.0s/1m30s  10.00 iters/s

running (0m28.0s), 001/020 VUs, 279 complete and 0 interrupted iterations
rate   [  31% ] 001/020 VUs  0m28.0s/1m30s  10.00 iters/s

running (0m29.0s), 001/020 VUs, 289 complete and 0 interrupted iterations
rate   [  32% ] 001/020 VUs  0m29.0s/1m30s  10.00 iters/s

running (0m30.0s), 001/020 VUs, 299 complete and 0 interrupted iterations
rate   [  33% ] 001/020 VUs  0m30.0s/1m30s  10.00 iters/s

running (0m31.0s), 001/020 VUs, 309 complete and 0 interrupted iterations
rate   [  34% ] 001/020 VUs  0m31.0s/1m30s  10.00 iters/s

running (0m32.0s), 000/020 VUs, 320 complete and 0 interrupted iterations
rate   [  36% ] 000/020 VUs  0m32.0s/1m30s  10.00 iters/s

running (0m33.0s), 001/020 VUs, 329 complete and 0 interrupted iterations
rate   [  37% ] 001/020 VUs  0m33.0s/1m30s  10.00 iters/s

running (0m34.0s), 001/020 VUs, 339 complete and 0 interrupted iterations
rate   [  38% ] 001/020 VUs  0m34.0s/1m30s  10.00 iters/s

running (0m35.0s), 000/020 VUs, 350 complete and 0 interrupted iterations
rate   [  39% ] 000/020 VUs  0m35.0s/1m30s  10.00 iters/s

running (0m36.0s), 003/020 VUs, 357 complete and 0 interrupted iterations
rate   [  40% ] 003/020 VUs  0m36.0s/1m30s  10.00 iters/s

running (0m37.0s), 003/020 VUs, 367 complete and 0 interrupted iterations
rate   [  41% ] 003/020 VUs  0m37.0s/1m30s  10.00 iters/s

running (0m38.0s), 003/020 VUs, 377 complete and 0 interrupted iterations
rate   [  42% ] 003/020 VUs  0m38.0s/1m30s  10.00 iters/s

running (0m39.0s), 004/020 VUs, 386 complete and 0 interrupted iterations
rate   [  43% ] 004/020 VUs  0m39.0s/1m30s  10.00 iters/s

running (0m40.0s), 005/020 VUs, 395 complete and 0 interrupted iterations
rate   [  44% ] 005/020 VUs  0m40.0s/1m30s  10.00 iters/s

running (0m41.0s), 003/020 VUs, 407 complete and 0 interrupted iterations
rate   [  46% ] 003/020 VUs  0m41.0s/1m30s  10.00 iters/s

running (0m42.0s), 004/020 VUs, 416 complete and 0 interrupted iterations
rate   [  47% ] 004/020 VUs  0m42.0s/1m30s  10.00 iters/s

running (0m43.0s), 001/020 VUs, 429 complete and 0 interrupted iterations
rate   [  48% ] 001/020 VUs  0m43.0s/1m30s  10.00 iters/s

running (0m44.0s), 000/020 VUs, 440 complete and 0 interrupted iterations
rate   [  49% ] 000/020 VUs  0m44.0s/1m30s  10.00 iters/s

running (0m45.0s), 001/020 VUs, 449 complete and 0 interrupted iterations
rate   [  50% ] 001/020 VUs  0m45.0s/1m30s  10.00 iters/s

running (0m46.0s), 001/020 VUs, 459 complete and 0 interrupted iterations
rate   [  51% ] 001/020 VUs  0m46.0s/1m30s  10.00 iters/s

running (0m47.0s), 000/020 VUs, 470 complete and 0 interrupted iterations
rate   [  52% ] 000/020 VUs  0m47.0s/1m30s  10.00 iters/s

running (0m48.0s), 001/020 VUs, 479 complete and 0 interrupted iterations
rate   [  53% ] 001/020 VUs  0m48.0s/1m30s  10.00 iters/s

running (0m49.0s), 001/020 VUs, 489 complete and 0 interrupted iterations
rate   [  54% ] 001/020 VUs  0m49.0s/1m30s  10.00 iters/s

running (0m50.0s), 000/020 VUs, 500 complete and 0 interrupted iterations
rate   [  56% ] 000/020 VUs  0m50.0s/1m30s  10.00 iters/s

running (0m51.0s), 001/020 VUs, 509 complete and 0 interrupted iterations
rate   [  57% ] 001/020 VUs  0m51.0s/1m30s  10.00 iters/s

running (0m52.0s), 001/020 VUs, 519 complete and 0 interrupted iterations
rate   [  58% ] 001/020 VUs  0m52.0s/1m30s  10.00 iters/s

running (0m53.0s), 000/020 VUs, 530 complete and 0 interrupted iterations
rate   [  59% ] 000/020 VUs  0m53.0s/1m30s  10.00 iters/s

running (0m54.0s), 001/020 VUs, 539 complete and 0 interrupted iterations
rate   [  60% ] 001/020 VUs  0m54.0s/1m30s  10.00 iters/s

running (0m55.0s), 001/020 VUs, 549 complete and 0 interrupted iterations
rate   [  61% ] 001/020 VUs  0m55.0s/1m30s  10.00 iters/s

running (0m56.0s), 000/020 VUs, 560 complete and 0 interrupted iterations
rate   [  62% ] 000/020 VUs  0m56.0s/1m30s  10.00 iters/s

running (0m57.0s), 001/020 VUs, 569 complete and 0 interrupted iterations
rate   [  63% ] 001/020 VUs  0m57.0s/1m30s  10.00 iters/s

running (0m58.0s), 002/020 VUs, 578 complete and 0 interrupted iterations
rate   [  64% ] 002/020 VUs  0m58.0s/1m30s  10.00 iters/s

running (0m59.0s), 000/020 VUs, 590 complete and 0 interrupted iterations
rate   [  66% ] 000/020 VUs  0m59.0s/1m30s  10.00 iters/s

running (1m00.0s), 001/020 VUs, 599 complete and 0 interrupted iterations
rate   [  67% ] 001/020 VUs  1m00.0s/1m30s  10.00 iters/s

running (1m01.0s), 001/020 VUs, 609 complete and 0 interrupted iterations
rate   [  68% ] 001/020 VUs  1m01.0s/1m30s  10.00 iters/s

running (1m02.0s), 001/020 VUs, 619 complete and 0 interrupted iterations
rate   [  69% ] 001/020 VUs  1m02.0s/1m30s  10.00 iters/s

running (1m03.0s), 001/020 VUs, 629 complete and 0 interrupted iterations
rate   [  70% ] 001/020 VUs  1m03.0s/1m30s  10.00 iters/s

running (1m04.0s), 001/020 VUs, 639 complete and 0 interrupted iterations
rate   [  71% ] 001/020 VUs  1m04.0s/1m30s  10.00 iters/s

running (1m05.0s), 000/020 VUs, 650 complete and 0 interrupted iterations
rate   [  72% ] 000/020 VUs  1m05.0s/1m30s  10.00 iters/s

running (1m06.0s), 001/020 VUs, 659 complete and 0 interrupted iterations
rate   [  73% ] 001/020 VUs  1m06.0s/1m30s  10.00 iters/s

running (1m07.0s), 001/020 VUs, 669 complete and 0 interrupted iterations
rate   [  74% ] 001/020 VUs  1m07.0s/1m30s  10.00 iters/s

running (1m08.0s), 000/020 VUs, 680 complete and 0 interrupted iterations
rate   [  76% ] 000/020 VUs  1m08.0s/1m30s  10.00 iters/s

running (1m09.0s), 001/020 VUs, 689 complete and 0 interrupted iterations
rate   [  77% ] 001/020 VUs  1m09.0s/1m30s  10.00 iters/s

running (1m10.0s), 001/020 VUs, 699 complete and 0 interrupted iterations
rate   [  78% ] 001/020 VUs  1m10.0s/1m30s  10.00 iters/s

running (1m11.0s), 000/020 VUs, 710 complete and 0 interrupted iterations
rate   [  79% ] 000/020 VUs  1m11.0s/1m30s  10.00 iters/s

running (1m12.0s), 001/020 VUs, 719 complete and 0 interrupted iterations
rate   [  80% ] 001/020 VUs  1m12.0s/1m30s  10.00 iters/s

running (1m13.0s), 001/020 VUs, 729 complete and 0 interrupted iterations
rate   [  81% ] 001/020 VUs  1m13.0s/1m30s  10.00 iters/s

running (1m14.0s), 000/020 VUs, 740 complete and 0 interrupted iterations
rate   [  82% ] 000/020 VUs  1m14.0s/1m30s  10.00 iters/s

running (1m15.0s), 001/020 VUs, 749 complete and 0 interrupted iterations
rate   [  83% ] 001/020 VUs  1m15.0s/1m30s  10.00 iters/s

running (1m16.0s), 001/020 VUs, 759 complete and 0 interrupted iterations
rate   [  84% ] 001/020 VUs  1m16.0s/1m30s  10.00 iters/s

running (1m17.0s), 000/020 VUs, 770 complete and 0 interrupted iterations
rate   [  86% ] 000/020 VUs  1m17.0s/1m30s  10.00 iters/s

running (1m18.0s), 001/020 VUs, 779 complete and 0 interrupted iterations
rate   [  87% ] 001/020 VUs  1m18.0s/1m30s  10.00 iters/s

running (1m19.0s), 001/020 VUs, 789 complete and 0 interrupted iterations
rate   [  88% ] 001/020 VUs  1m19.0s/1m30s  10.00 iters/s

running (1m20.0s), 000/020 VUs, 800 complete and 0 interrupted iterations
rate   [  89% ] 000/020 VUs  1m20.0s/1m30s  10.00 iters/s

running (1m21.0s), 001/020 VUs, 809 complete and 0 interrupted iterations
rate   [  90% ] 001/020 VUs  1m21.0s/1m30s  10.00 iters/s

running (1m22.0s), 001/020 VUs, 819 complete and 0 interrupted iterations
rate   [  91% ] 001/020 VUs  1m22.0s/1m30s  10.00 iters/s

running (1m23.0s), 001/020 VUs, 829 complete and 0 interrupted iterations
rate   [  92% ] 001/020 VUs  1m23.0s/1m30s  10.00 iters/s

running (1m24.0s), 001/020 VUs, 839 complete and 0 interrupted iterations
rate   [  93% ] 001/020 VUs  1m24.0s/1m30s  10.00 iters/s

running (1m25.0s), 001/020 VUs, 849 complete and 0 interrupted iterations
rate   [  94% ] 001/020 VUs  1m25.0s/1m30s  10.00 iters/s

running (1m26.0s), 000/020 VUs, 860 complete and 0 interrupted iterations
rate   [  96% ] 000/020 VUs  1m26.0s/1m30s  10.00 iters/s

running (1m27.0s), 001/020 VUs, 869 complete and 0 interrupted iterations
rate   [  97% ] 001/020 VUs  1m27.0s/1m30s  10.00 iters/s

running (1m28.0s), 001/020 VUs, 879 complete and 0 interrupted iterations
rate   [  98% ] 001/020 VUs  1m28.0s/1m30s  10.00 iters/s

running (1m29.0s), 000/020 VUs, 890 complete and 0 interrupted iterations
rate   [  99% ] 000/020 VUs  1m29.0s/1m30s  10.00 iters/s

running (1m30.0s), 001/020 VUs, 899 complete and 0 interrupted iterations
rate   [ 100% ] 001/020 VUs  1m30.0s/1m30s  10.00 iters/s

== rate rate=10/s vus=1000 reqs=5400 rps=60 fail=0% p95=237.1ms dropped=0 maxVUs=20 login_fail=0 dup=0 journey_p95=640ms
name             n      rps     p50     p95     p99     max   fail%
login              900      10    69.2   441.3   536.8     633       0
clockin            900      10     8.5    96.4   100.6     194       0
attendance_list    900      10     4.3    95.6   101.7     105       0
worklogs           900      10    27.2   187.4   195.4     207       0
chat_rooms         900      10     4.3    95.3   101.5     194       0
safety_courses     900      10     4.6    97.3   101.9     110       0

running (1m30.0s), 000/020 VUs, 900 complete and 0 interrupted iterations
rate ✓ [ 100% ] 000/020 VUs  1m30s  10.00 iters/s
